.\.venv312\Scripts\python.exe : test_history_entry_shape_allows_session_audit_only 
(test_ad_promise_memory.TestAdPromiseMemoryIdentity.test_history_entry_shape_allows_session_audit_only) ... ok
At C:\Users\user\AppData\Local\Temp\ps-script-9fdfe136-e5a6-4104-acc0-dd4b81c9d21b.ps1:84 char:183
+ ... w pydantic; .\.venv312\Scripts\python.exe -m unittest discover -s tes ...
+                 ~~~~~~~~~~~~~~~~~~~~~~~~~~~~~~~~~~~~~~~~~~~~~~~~~~~~~~~~~
    + CategoryInfo          : NotSpecified: (test_history_en...it_only) ... ok:String) [], RemoteException
    + FullyQualifiedErrorId : NativeCommandError
 
test_history_entry_shape_rejects_user_scoping_fields 
(test_ad_promise_memory.TestAdPromiseMemoryIdentity.test_history_entry_shape_rejects_user_scoping_fields) ... ok
test_normalize_stable_for_whitespace 
(test_ad_promise_memory.TestAdPromiseMemoryIdentity.test_normalize_stable_for_whitespace) ... ok
test_roundtrip_invariants_helper (test_ad_promise_memory.TestAdPromiseMemoryIdentity.test_roundtrip_invariants_helper) 
... ok
test_same_product_same_hash_regardless_of_notional_user 
(test_ad_promise_memory.TestAdPromiseMemoryIdentity.test_same_product_same_hash_regardless_of_notional_user)
B: identity is product text only ק same hash for identical product fields. ... ok
test_assembly_injects_fixed_slogan_into_ad_internals_for_all_ads (test_builder1_authoritative_slogan.TestAuthoritativeS
loganInjection.test_assembly_injects_fixed_slogan_into_ad_internals_for_all_ads) ... ok
test_model_modified_slogan_value_is_discarded 
(test_builder1_authoritative_slogan.TestAuthoritativeSloganInjection.test_model_modified_slogan_value_is_discarded) 
... ok
test_model_returned_per_ad_slogan_is_stripped_from_assembled_ads (test_builder1_authoritative_slogan.TestAuthoritativeS
loganInjection.test_model_returned_per_ad_slogan_is_stripped_from_assembled_ads) ... ok
test_parse_strips_deprecated_model_slogan_fields 
(test_builder1_authoritative_slogan.TestAuthoritativeSloganInjection.test_parse_strips_deprecated_model_slogan_fields) 
... ok
test_campaign_store_round_trip_preserves_fixed_slogan_in_internals (test_builder1_authoritative_slogan.TestGenerateAgai
nUsesStoredSlogan.test_campaign_store_round_trip_preserves_fixed_slogan_in_internals) ... ok
test_stored_plan_keeps_single_campaign_slogan_for_later_ads (test_builder1_authoritative_slogan.TestGenerateAgainUsesSt
oredSlogan.test_stored_plan_keeps_single_campaign_slogan_for_later_ads) ... ok
test_headline_seven_word_rule_unchanged 
(test_builder1_authoritative_slogan.TestImagePromptAndHeadlineRegression.test_headline_seven_word_rule_unchanged) ... 
ok
test_image_prompt_uses_campaign_level_fixed_slogan (test_builder1_authoritative_slogan.TestImagePromptAndHeadlineRegres
sion.test_image_prompt_uses_campaign_level_fixed_slogan) ... ok
test_integrity_passes_when_slogan_connection_does_not_echo_exact_slogan (test_builder1_authoritative_slogan.TestIntegri
tyValidation.test_integrity_passes_when_slogan_connection_does_not_echo_exact_slogan) ... ok
test_integrity_still_detects_corrupted_assembled_ad_slogan (test_builder1_authoritative_slogan.TestIntegrityValidation.
test_integrity_still_detects_corrupted_assembled_ad_slogan) ... ok
test_integrity_still_detects_upstream_brand_slogan_mutation (test_builder1_authoritative_slogan.TestIntegrityValidation
.test_integrity_still_detects_upstream_brand_slogan_mutation) ... ok
test_observed_failure_sequence_now_passes_integrity (test_builder1_authoritative_slogan.TestProductionShapedRegression.
test_observed_failure_sequence_now_passes_integrity) ... ok
test_schema_without_per_ad_slogan_field_still_assembles (test_builder1_authoritative_slogan.TestProductionShapedRegress
ion.test_schema_without_per_ad_slogan_field_still_assembles) ... ok
test_series_ads_system_prompt_forbids_slogan_generation (test_builder1_authoritative_slogan.TestSeriesAdsPromptContract
.test_series_ads_system_prompt_forbids_slogan_generation) ... ok
test_builder2_has_no_client_boundary_module 
(test_builder1_client_boundary.TestBuilder2Unchanged.test_builder2_has_no_client_boundary_module) ... ok
test_brand_physical_rejects_business_transformation 
(test_builder1_client_boundary.TestLaterStageBoundary.test_brand_physical_rejects_business_transformation) ... 
BUILDER1_STAGE_FAILED stage=brand_physical 
reasons=['brand_physical_campaignRationale_business_transformation_required'] top_level_keys=['campaignRationale', 
'clearerThanConventionalProductShot', 'mediumParticipates', 'mediumRole', 'physicalCandidates', 'physicalEvaluations', 
'physicalGenerator', 'physicalGeneratorCampaignRole', 'physicalGeneratorIsPackaging', 'physicalGeneratorIsProduct', 
'physicalGeneratorNaturalPurpose', 'productEvidenceReason', 'productEvidenceRequired', 'productNameResolved', 
'selectedPhysicalCandidateId', 'survivesProductRemoval', 'transferredObject', 'transferredObjectAction', 
'whyClearerThanShowingProduct', 'worksWithoutProductVisible'] field_types={'physicalCandidates': 'list', 
'physicalEvaluations': 'list', 'selectedPhysicalCandidateId': 'str', 'productNameResolved': 'str', 
'physicalGenerator': 'str', 'physicalGeneratorNaturalPurpose': 'str', 'physicalGeneratorCampaignRole': 'str', 
'physicalGeneratorIsProduct': 'bool', 'physicalGeneratorIsPackaging': 'bool', 'worksWithoutProductVisible': 'bool', 
'transferredObject': 'str', 'transferredObjectAction': 'str', 'whyClearerThanShowingProduct': 'str', 
'clearerThanConventionalProductShot': 'bool', 'survivesProductRemoval': 'bool', 'productEvidenceRequired': 'bool', 
'productEvidenceReason': 'str', 'mediumParticipates': 'bool', 'mediumRole': 'str', 'campaignRationale': 'str'}
ok
test_series_ads_rejects_future_capability_as_current 
(test_builder1_client_boundary.TestLaterStageBoundary.test_series_ads_rejects_future_capability_as_current) ... 
BUILDER1_STAGE_FAILED stage=series_ads reasons=['series_ads_ad1_marketingText_unsupported_future_capability'] 
top_level_keys=['ads', 'seriesGenerator'] field_types={'seriesGenerator': 'dict', 'ads': 'list'}
ok
test_simple_optional_action_not_consumer_promise 
(test_builder1_client_boundary.TestLaterStageBoundary.test_simple_optional_action_not_consumer_promise) ... ok
test_incremental_ads_do_not_rerun_planning 
(test_builder1_client_boundary.TestPlannerBoundaryIntegration.test_incremental_ads_do_not_rerun_planning) ... ok
test_staged_planning_reaches_image_generation 
(test_builder1_client_boundary.TestPlannerBoundaryIntegration.test_staged_planning_reaches_image_generation) ... ok
test_public_campaign_identity_has_no_internal_boundary_fields 
(test_builder1_client_boundary.TestPublicApiUnchanged.test_public_campaign_identity_has_no_internal_boundary_fields) 
... ok
test_complex_candidate_cannot_win_selection 
(test_builder1_client_boundary.TestStrategyBoundaryFields.test_complex_candidate_cannot_win_selection) ... ok
test_consultation_required_rejected 
(test_builder1_client_boundary.TestStrategyBoundaryFields.test_consultation_required_rejected) ... ok
test_discount_not_in_brief_rejected 
(test_builder1_client_boundary.TestStrategyBoundaryFields.test_discount_not_in_brief_rejected) ... ok
test_existing_brief_supported_advantage_passes 
(test_builder1_client_boundary.TestStrategyBoundaryFields.test_existing_brief_supported_advantage_passes) ... ok
test_guarantee_not_in_brief_rejected 
(test_builder1_client_boundary.TestStrategyBoundaryFields.test_guarantee_not_in_brief_rejected) ... ok
test_material_implementation_cost_rejected 
(test_builder1_client_boundary.TestStrategyBoundaryFields.test_material_implementation_cost_rejected) ... ok
test_new_dashboard_rejected (test_builder1_client_boundary.TestStrategyBoundaryFields.test_new_dashboard_rejected) ... 
ok
test_new_paid_technical_system_rejected 
(test_builder1_client_boundary.TestStrategyBoundaryFields.test_new_paid_technical_system_rejected) ... ok
test_new_service_rejected (test_builder1_client_boundary.TestStrategyBoundaryFields.test_new_service_rejected) ... ok
test_optional_zero_cost_action_passes 
(test_builder1_client_boundary.TestStrategyBoundaryFields.test_optional_zero_cost_action_passes) ... ok
test_packaging_redesign_rejected 
(test_builder1_client_boundary.TestStrategyBoundaryFields.test_packaging_redesign_rejected) ... ok
test_perceptual_reframing_passes 
(test_builder1_client_boundary.TestStrategyBoundaryFields.test_perceptual_reframing_passes) ... ok
test_pricing_change_rejected (test_builder1_client_boundary.TestStrategyBoundaryFields.test_pricing_change_rejected) 
... ok
test_staff_training_rejected (test_builder1_client_boundary.TestStrategyBoundaryFields.test_staff_training_rejected) 
... ok
test_advisory_only_image_passes 
(test_builder1_compliance_adjudication.TestComplianceContract.test_advisory_only_image_passes) ... ok
test_objective_no_logo_still_fails 
(test_builder1_compliance_adjudication.TestComplianceContract.test_objective_no_logo_still_fails) ... ok
test_result_separates_hard_and_advisories 
(test_builder1_compliance_adjudication.TestComplianceContract.test_result_separates_hard_and_advisories) ... ok
test_badge_or_seal_hard_fails 
(test_builder1_compliance_adjudication.TestLogoEvidenceAdjudication.test_badge_or_seal_hard_fails) ... ok
test_large_central_object_is_advisory 
(test_builder1_compliance_adjudication.TestLogoEvidenceAdjudication.test_large_central_object_is_advisory) ... ok
test_low_confidence_logo_is_advisory 
(test_builder1_compliance_adjudication.TestLogoEvidenceAdjudication.test_low_confidence_logo_is_advisory) ... ok
test_missing_evidence_prevents_hard_logo_rejection (test_builder1_compliance_adjudication.TestLogoEvidenceAdjudication.
test_missing_evidence_prevents_hard_logo_rejection) ... ok
test_small_symbol_beside_product_name_hard_fails 
(test_builder1_compliance_adjudication.TestLogoEvidenceAdjudication.test_small_symbol_beside_product_name_hard_fails) 
... ok
test_digital_agent_modality (test_builder1_compliance_adjudication.TestModalityDerivation.test_digital_agent_modality) 
... ok
test_digital_product_requires_concrete_evidence 
(test_builder1_compliance_adjudication.TestProductRoleAdjudication.test_digital_product_requires_concrete_evidence) 
... ok
test_physical_product_visible_hard_fails 
(test_builder1_compliance_adjudication.TestProductRoleAdjudication.test_physical_product_visible_hard_fails) ... ok
test_pixel_only_product_as_generator_is_advisory 
(test_builder1_compliance_adjudication.TestProductRoleAdjudication.test_pixel_only_product_as_generator_is_advisory) 
... ok
test_service_not_inferred_from_advertising_imagery 
(test_builder1_compliance_adjudication.TestProductRoleAdjudication.test_service_not_inferred_from_advertising_imagery) 
... ok
test_structured_generator_conflict_stays_hard 
(test_builder1_compliance_adjudication.TestProductRoleAdjudication.test_structured_generator_conflict_stays_hard) ... 
ok
test_builder2_unchanged (test_builder1_compliance_adjudication.TestRegression.test_builder2_unchanged) ... ok
test_generated_name_planning_remains_seven_calls 
(test_builder1_compliance_adjudication.TestRegression.test_generated_name_planning_remains_seven_calls) ... ok
test_quality_planning_on_o3_pro (test_builder1_compliance_adjudication.TestRegression.test_quality_planning_on_o3_pro) 
... ok
test_supplied_name_planning_remains_six_calls 
(test_builder1_compliance_adjudication.TestRegression.test_supplied_name_planning_remains_six_calls) ... ok
test_advisory_only_does_not_consume_extra_attempt 
(test_builder1_compliance_adjudication.TestThreeLevelAttempts.test_advisory_only_does_not_consume_extra_attempt) ... ok
test_minimal_safe_block_preserves_core_elements 
(test_builder1_compliance_adjudication.TestThreeLevelAttempts.test_minimal_safe_block_preserves_core_elements) ... ok
test_three_internal_attempts_before_failure 
(test_builder1_compliance_adjudication.TestThreeLevelAttempts.test_three_internal_attempts_before_failure) ... 
BUILDER1_IMAGE_COMPLIANCE_REVIEW_FAIL campaignId= jobId= adIndex=1 hardViolations=['invented_product_logo'] 
advisories=[]
BUILDER1_IMAGE_COMPLIANCE_REVIEW_FAIL campaignId= jobId= adIndex=1 hardViolations=['invented_product_logo'] 
advisories=[]
BUILDER1_IMAGE_COMPLIANCE_REVIEW_FAIL campaignId= jobId= adIndex=1 hardViolations=['invented_product_logo'] 
advisories=[]
ok
test_advisory_only_passes (test_builder1_compliance_review_only.TestComplianceContract.test_advisory_only_passes) ... 
ok
test_canonical_new_response_parses 
(test_builder1_compliance_review_only.TestComplianceContract.test_canonical_new_response_parses) ... ok
test_evidence_array_parses (test_builder1_compliance_review_only.TestComplianceContract.test_evidence_array_parses) 
... ok
test_hard_violation_fails (test_builder1_compliance_review_only.TestComplianceContract.test_hard_violation_fails) ... 
ok
test_legacy_normalization_logged 
(test_builder1_compliance_review_only.TestComplianceContract.test_legacy_normalization_logged) ... ok
test_malformed_structure_fails_safely 
(test_builder1_compliance_review_only.TestComplianceContract.test_malformed_structure_fails_safely) ... ok
test_new_shape_without_pass_not_malformed 
(test_builder1_compliance_review_only.TestComplianceContract.test_new_shape_without_pass_not_malformed) ... ok
test_old_contract_normalizes 
(test_builder1_compliance_review_only.TestComplianceContract.test_old_contract_normalizes) ... ok
test_prompt_and_schema_share_fields 
(test_builder1_compliance_review_only.TestComplianceContract.test_prompt_and_schema_share_fields) ... ok
test_contract_repair_reuses_same_image 
(test_builder1_compliance_review_only.TestMalformedResponseRepair.test_contract_repair_reuses_same_image) ... 
BUILDER1_IMAGE_COMPLIANCE_RESPONSE_REJECTED campaignId= jobId= adIndex=1 reasonCode=compliance_output_not_object 
responseType=str topLevelKeys=[] fieldTypes={} missingFields=['reviewStatus', 'hardViolations', 'advisories', 
'evidence', 'overallConfidence'] unexpectedFields=[] parseError=compliance_output_not_object outputTextPreview=bad
ok
test_invalid_json_triggers_contract_repair 
(test_builder1_compliance_review_only.TestMalformedResponseRepair.test_invalid_json_triggers_contract_repair) ... 
BUILDER1_IMAGE_COMPLIANCE_RESPONSE_REJECTED campaignId= jobId= adIndex=1 reasonCode=compliance_output_not_object 
responseType=str topLevelKeys=[] fieldTypes={} missingFields=['reviewStatus', 'hardViolations', 'advisories', 
'evidence', 'overallConfidence'] unexpectedFields=[] parseError=compliance_output_not_object outputTextPreview=not-json
ok
test_malformed_never_passes_open 
(test_builder1_compliance_review_only.TestMalformedResponseRepair.test_malformed_never_passes_open) ... ok
test_missing_field_triggers_contract_repair 
(test_builder1_compliance_review_only.TestMalformedResponseRepair.test_missing_field_triggers_contract_repair) ... 
BUILDER1_IMAGE_COMPLIANCE_RESPONSE_REJECTED campaignId= jobId= adIndex=1 reasonCode=missing_required_field 
responseType=dict topLevelKeys=['advisories', 'hardViolations', 'overallConfidence'] fieldTypes={'hardViolations': 
'list', 'advisories': 'list', 'overallConfidence': 'str'} missingFields=['evidence', 'reviewStatus'] 
unexpectedFields=[] parseError=missing_required_field:reviewStatus outputTextPreview={"hardViolations": [], 
"advisories": [], "overallConfidence": "high"}
ok
test_second_malformed_enters_unavailable 
(test_builder1_compliance_review_only.TestMalformedResponseRepair.test_second_malformed_enters_unavailable) ... 
BUILDER1_IMAGE_COMPLIANCE_RESPONSE_REJECTED campaignId= jobId= adIndex=1 reasonCode=compliance_output_not_object 
responseType=str topLevelKeys=[] fieldTypes={} missingFields=['reviewStatus', 'hardViolations', 'advisories', 
'evidence', 'overallConfidence'] unexpectedFields=[] parseError=compliance_output_not_object outputTextPreview=bad
BUILDER1_IMAGE_COMPLIANCE_RESPONSE_REJECTED campaignId= jobId= adIndex=1 reasonCode=compliance_output_not_object 
responseType=str topLevelKeys=[] fieldTypes={} missingFields=['reviewStatus', 'hardViolations', 'advisories', 
'evidence', 'overallConfidence'] unexpectedFields=[] parseError=compliance_output_not_object 
outputTextPreview=still-bad
BUILDER1_IMAGE_COMPLIANCE_UNAVAILABLE campaignId= jobId= adIndex=1 reasonCode=malformed_response
ok
test_compliance_unavailable_payload 
(test_builder1_compliance_review_only.TestPublicContract.test_compliance_unavailable_payload) ... 
INFO:engine.video_headline_postprocess:ACE_PUBLIC_BASE_URL_RUNTIME service=web value=
INFO:engine.video_headline_postprocess:VIDEO_HEADLINE_UPLOAD_CONFIG service=web secret_present=False secret_len=0 
public_base_env_present=False public_base_len=0
WARNING:engine.builder1_planning_profile:BUILDER1_EXECUTION_MODEL_MISSING profile=BALANCED qualityModel=o3-pro 
executionOptimizationActive=false allStagesFallbackToQualityModel=true
INFO:engine.builder1_planning_profile:BUILDER1_PLANNING_PROFILE_CONFIG profile=BALANCED qualityModel=o3-pro 
executionModel=(unset) productNameModel=o3-pro strategyModel=o3-pro sloganModel=o3-pro conceptualModel=o3-pro 
physicalModel=o3-pro graphicModel=o3-pro seriesModel=o3-pro executionOptimizationActive=false
INFO:app:VIDEO_HEADLINE_UPLOAD_ROUTE_REGISTERED rule=/internal/video-headline-artifact 
endpoint=internal_video_headline_artifact methods=['POST']
INFO:app:VIDEO_HEADLINE_UPLOAD_ROUTE_REGISTERED rule=/api/internal/video-headline-artifact 
endpoint=internal_video_headline_artifact methods=['POST']
INFO:app:VIDEO_HEADLINE_UPLOAD_ROUTE_REGISTERED rule=/video-headline-artifact 
endpoint=internal_video_headline_artifact methods=['POST']
INFO:app:VIDEO_HEADLINE_UPLOAD_ROUTE_REGISTERED rule=/api/video-headline-artifact 
endpoint=internal_video_headline_artifact methods=['POST']
INFO:app:VIDEO_HEADLINE_UPLOAD_ROUTE_REGISTERED rule=/video-headline/<token> endpoint=serve_video_headline 
methods=['GET']
INFO:app:VIDEO_HEADLINE_UPLOAD_ROUTE_REGISTERED rule=/api/video-headline/<token> endpoint=serve_video_headline 
methods=['GET']
INFO:app:VIDEO_HEADLINE_UPLOAD_INCOMING method=POST path=/api/video-headline-artifact 
url_rule=/api/video-headline-artifact
INFO:app:VIDEO_HEADLINE_UPLOAD_ENDPOINT_HIT
INFO:app:VIDEO_HEADLINE_UPLOAD_ENDPOINT_HIT path=/api/video-headline-artifact content_length=None 
remote_addr=127.0.0.1 user_agent=Werkzeug/3.1.8
INFO:app:VIDEO_HEADLINE_UPLOAD_ROUTE_READY path=/api/video-headline-artifact self_test_http_status=503 (404 means 
route missing; 401/503/400 means route exists)
INFO:app:VIDEO_HEADLINE_ROUTE_BOOT upload_routes_registered=1 serve_routes_registered=1 public_base_url=(unset)
INFO:engine.builder1_campaign_store:BUILDER1_CAMPAIGN_CREATED campaignId=cmp-pub targetAdCount=3 backend=memory 
planRevision=1
INFO:engine.builder1_campaign_store:BUILDER1_CAMPAIGN_SESSION_CREATED campaignId=cmp-pub targetAdCount=3
INFO:engine.builder1_campaign_store:BUILDER1_NEXT_AD_RESERVED campaignId=cmp-pub adIndex=1 targetAdCount=3 
generatedCount=0 jobId=job-pub planRevision=1
INFO:engine.builder1_jobs_store:BUILDER1_JOB_CREATED jobId=job-pub campaignId=cmp-pub targetAdCount=3 backend=memory
INFO:app:BUILDER1_GENERATION_LOCK_CONTINUED campaignId=cmp-pub jobId=job-pub reservedAdIndex=1
INFO:app:BUILDER1_NEXT_AD_INDEX jobId=job-pub campaignId=cmp-pub adIndex=1 targetAdCount=3
INFO:engine.builder1_pending_image_store:BUILDER1_PENDING_IMAGE_SAVED campaignId=cmp-pub adIndex=1 planRevision=1 
reference=cmp-pub:1:r1 bytes=3 redisKey=builder1:pending-image:cmp-pub:1:r1 ttlSeconds=86400
INFO:engine.builder1_campaign_store:BUILDER1_COMPLIANCE_REVIEW_REQUIRED campaignId=cmp-pub failedAdIndex=1 
generatedCount=0 targetAdCount=3 planRevision=1 reason=malformed_response pendingImageKey=cmp-pub:1:r1 
contractAttempts=2
ERROR:app:BUILDER1_IMAGE_COMPLIANCE_UNAVAILABLE campaignId=cmp-pub jobId=job-pub adIndex=1 
reasonCode=malformed_response pending=True
ok
test_generate_next_routes_review_only 
(test_builder1_compliance_review_only.TestPublicContract.test_generate_next_routes_review_only) ... 
INFO:engine.builder1_campaign_store:BUILDER1_CAMPAIGN_CREATED campaignId=cmp-route targetAdCount=3 backend=memory 
planRevision=1
INFO:engine.builder1_campaign_store:BUILDER1_CAMPAIGN_SESSION_CREATED campaignId=cmp-route targetAdCount=3
INFO:engine.builder1_pending_image_store:BUILDER1_PENDING_IMAGE_SAVED campaignId=cmp-route adIndex=1 planRevision=1 
reference=cmp-route:1:r1 bytes=1 redisKey=builder1:pending-image:cmp-route:1:r1 ttlSeconds=86400
INFO:engine.builder1_campaign_store:BUILDER1_COMPLIANCE_REVIEW_REQUIRED campaignId=cmp-route failedAdIndex=1 
generatedCount=0 targetAdCount=3 planRevision=1 reason=malformed_response pendingImageKey=cmp-route:1:r1 
contractAttempts=1
INFO:engine.builder1_campaign_store:BUILDER1_NEXT_AD_RESERVED campaignId=cmp-route adIndex=1 targetAdCount=3 
generatedCount=0 jobId=e9fa8f14-3f77-4ecc-a271-237e61d5c779 planRevision=1
INFO:engine.builder1_jobs_store:BUILDER1_JOB_CREATED jobId=e9fa8f14-3f77-4ecc-a271-237e61d5c779 campaignId=cmp-route 
targetAdCount=3 backend=memory
ok
test_builder2_files_unchanged (test_builder1_compliance_review_only.TestRegression.test_builder2_files_unchanged) ... 
ok
test_continued_unavailability_preserves_review_only 
(test_builder1_compliance_review_only.TestReviewOnlyExecution.test_continued_unavailability_preserves_review_only) ... 
INFO:engine.builder1_campaign_store:BUILDER1_CAMPAIGN_CREATED campaignId=cmp-ro targetAdCount=3 backend=memory 
planRevision=1
INFO:engine.builder1_campaign_store:BUILDER1_CAMPAIGN_SESSION_CREATED campaignId=cmp-ro targetAdCount=3
INFO:engine.builder1_pending_image_store:BUILDER1_PENDING_IMAGE_SAVED campaignId=cmp-ro adIndex=1 planRevision=1 
reference=cmp-ro:1:r1 bytes=12 redisKey=builder1:pending-image:cmp-ro:1:r1 ttlSeconds=86400
INFO:engine.builder1_campaign_store:BUILDER1_COMPLIANCE_REVIEW_REQUIRED campaignId=cmp-ro failedAdIndex=1 
generatedCount=0 targetAdCount=3 planRevision=1 reason=malformed_response pendingImageKey=cmp-ro:1:r1 
contractAttempts=1
INFO:engine.builder1_campaign_store:BUILDER1_NEXT_AD_RESERVED campaignId=cmp-ro adIndex=1 targetAdCount=3 
generatedCount=0 jobId=job-unavail planRevision=1
INFO:engine.builder1_jobs_store:BUILDER1_JOB_CREATED jobId=job-unavail campaignId=cmp-ro targetAdCount=3 backend=memory
INFO:engine.builder1_campaign_store:BUILDER1_COMPLIANCE_REVIEW_REQUIRED campaignId=cmp-ro failedAdIndex=1 
generatedCount=0 targetAdCount=3 planRevision=1 reason=malformed_response pendingImageKey=cmp-ro:1:r1 
contractAttempts=2
ok
test_hard_violation_transitions_to_image_only 
(test_builder1_compliance_review_only.TestReviewOnlyExecution.test_hard_violation_transitions_to_image_only) ... 
INFO:engine.builder1_campaign_store:BUILDER1_CAMPAIGN_CREATED campaignId=cmp-ro targetAdCount=3 backend=memory 
planRevision=1
INFO:engine.builder1_campaign_store:BUILDER1_CAMPAIGN_SESSION_CREATED campaignId=cmp-ro targetAdCount=3
INFO:engine.builder1_pending_image_store:BUILDER1_PENDING_IMAGE_SAVED campaignId=cmp-ro adIndex=1 planRevision=1 
reference=cmp-ro:1:r1 bytes=12 redisKey=builder1:pending-image:cmp-ro:1:r1 ttlSeconds=86400
INFO:engine.builder1_campaign_store:BUILDER1_COMPLIANCE_REVIEW_REQUIRED campaignId=cmp-ro failedAdIndex=1 
generatedCount=0 targetAdCount=3 planRevision=1 reason=malformed_response pendingImageKey=cmp-ro:1:r1 
contractAttempts=1
INFO:engine.builder1_campaign_store:BUILDER1_NEXT_AD_RESERVED campaignId=cmp-ro adIndex=1 targetAdCount=3 
generatedCount=0 jobId=job-hard planRevision=1
INFO:engine.builder1_jobs_store:BUILDER1_JOB_CREATED jobId=job-hard campaignId=cmp-ro targetAdCount=3 backend=memory
INFO:engine.builder1_pending_image_store:BUILDER1_PENDING_IMAGE_DELETED reference=cmp-ro:1:r1
INFO:engine.builder1_campaign_store:BUILDER1_IMAGE_RETRY_REQUIRED campaignId=cmp-ro failedAdIndex=1 generatedCount=0 
targetAdCount=3 planRevision=1 violations=['invented_product_logo']
ok
test_review_only_zero_planning_and_image_calls 
(test_builder1_compliance_review_only.TestReviewOnlyExecution.test_review_only_zero_planning_and_image_calls) ... 
INFO:engine.builder1_campaign_store:BUILDER1_CAMPAIGN_CREATED campaignId=cmp-ro targetAdCount=3 backend=memory 
planRevision=1
INFO:engine.builder1_campaign_store:BUILDER1_CAMPAIGN_SESSION_CREATED campaignId=cmp-ro targetAdCount=3
INFO:engine.builder1_pending_image_store:BUILDER1_PENDING_IMAGE_SAVED campaignId=cmp-ro adIndex=1 planRevision=1 
reference=cmp-ro:1:r1 bytes=12 redisKey=builder1:pending-image:cmp-ro:1:r1 ttlSeconds=86400
INFO:engine.builder1_campaign_store:BUILDER1_COMPLIANCE_REVIEW_REQUIRED campaignId=cmp-ro failedAdIndex=1 
generatedCount=0 targetAdCount=3 planRevision=1 reason=malformed_response pendingImageKey=cmp-ro:1:r1 
contractAttempts=1
INFO:engine.builder1_campaign_store:BUILDER1_NEXT_AD_RESERVED campaignId=cmp-ro adIndex=1 targetAdCount=3 
generatedCount=0 jobId=job-ro planRevision=1
INFO:engine.builder1_jobs_store:BUILDER1_JOB_CREATED jobId=job-ro campaignId=cmp-ro targetAdCount=3 backend=memory
INFO:engine.builder1_pending_image_store:BUILDER1_PENDING_IMAGE_DELETED reference=cmp-ro:1:r1
INFO:engine.builder1_campaign_store:BUILDER1_CAMPAIGN_PROGRESS campaignId=cmp-ro generatedCount=1 targetAdCount=3 
complete=False
INFO:engine.builder1_campaign_store:BUILDER1_AD_GENERATED campaignId=cmp-ro adIndex=1 generatedCount=1 complete=False 
planRevision=1
ok
test_pending_survives_campaign_reload 
(test_builder1_compliance_review_only.TestReviewOnlyPersistence.test_pending_survives_campaign_reload) ... 
INFO:engine.builder1_campaign_store:BUILDER1_CAMPAIGN_CREATED campaignId=cmp-ser targetAdCount=2 backend=memory 
planRevision=1
INFO:engine.builder1_campaign_store:BUILDER1_CAMPAIGN_SESSION_CREATED campaignId=cmp-ser targetAdCount=2
INFO:engine.builder1_pending_image_store:BUILDER1_PENDING_IMAGE_SAVED campaignId=cmp-ser adIndex=1 planRevision=1 
reference=cmp-ser:1:r1 bytes=1 redisKey=builder1:pending-image:cmp-ser:1:r1 ttlSeconds=86400
INFO:engine.builder1_campaign_store:BUILDER1_COMPLIANCE_REVIEW_REQUIRED campaignId=cmp-ser failedAdIndex=1 
generatedCount=0 targetAdCount=2 planRevision=1 reason=malformed_response pendingImageKey=cmp-ser:1:r1 
contractAttempts=1
ok
test_review_only_state_persists 
(test_builder1_compliance_review_only.TestReviewOnlyPersistence.test_review_only_state_persists) ... 
INFO:engine.builder1_campaign_store:BUILDER1_CAMPAIGN_CREATED campaignId=cmp-review targetAdCount=3 backend=memory 
planRevision=1
INFO:engine.builder1_campaign_store:BUILDER1_CAMPAIGN_SESSION_CREATED campaignId=cmp-review targetAdCount=3
INFO:engine.builder1_pending_image_store:BUILDER1_PENDING_IMAGE_SAVED campaignId=cmp-review adIndex=1 planRevision=1 
reference=cmp-review:1:r1 bytes=7 redisKey=builder1:pending-image:cmp-review:1:r1 ttlSeconds=86400
INFO:engine.builder1_campaign_store:BUILDER1_COMPLIANCE_REVIEW_REQUIRED campaignId=cmp-review failedAdIndex=1 
generatedCount=0 targetAdCount=3 planRevision=1 reason=malformed_response pendingImageKey=cmp-review:1:r1 
contractAttempts=2
ok
test_conceptual_stage_prompt_still_receives_fixed_slogan_and_action (test_builder1_conceptual_lineage_integrity.TestCon
ceptualStagePreserved.test_conceptual_stage_prompt_still_receives_fixed_slogan_and_action) ... ok
test_no_final_judge_in_active_pipeline 
(test_builder1_conceptual_lineage_integrity.TestConceptualStagePreserved.test_no_final_judge_in_active_pipeline) ... ok
test_integrity_source_has_no_substring_derivation_helper (test_builder1_conceptual_lineage_integrity.TestNoCreativeServ
erJudgment.test_integrity_source_has_no_substring_derivation_helper) ... ok
test_validate_integrity_has_lineage_not_semantic_derivation (test_builder1_conceptual_lineage_integrity.TestNoCreativeS
erverJudgment.test_validate_integrity_has_lineage_not_semantic_derivation) ... ok
test_six_stage_shape_passes_with_paraphrased_concept_explanation (test_builder1_conceptual_lineage_integrity.TestProduc
tionShapedRegression.test_six_stage_shape_passes_with_paraphrased_concept_explanation) ... ok
test_integrity_path_excludes_semantic_concept_derivation 
(test_builder1_conceptual_lineage_integrity.TestRootCause.test_integrity_path_excludes_semantic_concept_derivation) 
... ok
test_legacy_check_used_lexical_overlap_without_why_field 
(test_builder1_conceptual_lineage_integrity.TestRootCause.test_legacy_check_used_lexical_overlap_without_why_field) 
... ok
test_paraphrased_concept_passes_final_integrity 
(test_builder1_conceptual_lineage_integrity.TestRootCause.test_paraphrased_concept_passes_final_integrity) ... ok
test_assembly_records_conceptual_lineage 
(test_builder1_conceptual_lineage_integrity.TestStructuralLineage.test_assembly_records_conceptual_lineage) ... ok
test_changed_conceptual_generator_fails_structurally (test_builder1_conceptual_lineage_integrity.TestStructuralLineage.
test_changed_conceptual_generator_fails_structurally) ... ok
test_mismatched_implied_action_fails 
(test_builder1_conceptual_lineage_integrity.TestStructuralLineage.test_mismatched_implied_action_fails) ... ok
test_mismatched_source_slogan_id_fails 
(test_builder1_conceptual_lineage_integrity.TestStructuralLineage.test_mismatched_source_slogan_id_fails) ... ok
test_missing_lineage_fails_structurally 
(test_builder1_conceptual_lineage_integrity.TestStructuralLineage.test_missing_lineage_fails_structurally) ... ok
test_unchanged_conceptual_generator_passes 
(test_builder1_conceptual_lineage_integrity.TestStructuralLineage.test_unchanged_conceptual_generator_passes) ... ok
test_429_in_one_campaign_does_not_affect_another 
(test_builder1_concurrency.Test429RetrySafety.test_429_in_one_campaign_does_not_affect_another) ... 
INFO:engine.builder1_campaign_store:BUILDER1_CAMPAIGN_CREATED campaignId=a429 targetAdCount=2 backend=memory 
planRevision=1
INFO:engine.builder1_campaign_store:BUILDER1_CAMPAIGN_SESSION_CREATED campaignId=a429 targetAdCount=2
INFO:engine.builder1_campaign_store:BUILDER1_CAMPAIGN_CREATED campaignId=bok targetAdCount=4 backend=memory 
planRevision=1
INFO:engine.builder1_campaign_store:BUILDER1_CAMPAIGN_SESSION_CREATED campaignId=bok targetAdCount=4
INFO:engine.builder1_campaign_store:BUILDER1_NEXT_AD_RESERVED campaignId=a429 adIndex=1 targetAdCount=2 
generatedCount=0 jobId=None planRevision=1
INFO:engine.builder1_campaign_store:BUILDER1_NEXT_AD_RESERVED campaignId=bok adIndex=1 targetAdCount=4 
generatedCount=0 jobId=None planRevision=1
INFO:engine.builder1_campaign_store:BUILDER1_CAMPAIGN_PROGRESS campaignId=bok generatedCount=1 targetAdCount=4 
complete=False
INFO:engine.builder1_campaign_store:BUILDER1_AD_GENERATED campaignId=bok adIndex=1 generatedCount=1 complete=False 
planRevision=1
ok
test_429_releases_reservation_without_advancing_count 
(test_builder1_concurrency.Test429RetrySafety.test_429_releases_reservation_without_advancing_count) ... 
INFO:engine.builder1_campaign_store:BUILDER1_CAMPAIGN_CREATED campaignId=rate targetAdCount=2 backend=memory 
planRevision=1
INFO:engine.builder1_campaign_store:BUILDER1_CAMPAIGN_SESSION_CREATED campaignId=rate targetAdCount=2
INFO:engine.builder1_campaign_store:BUILDER1_NEXT_AD_RESERVED campaignId=rate adIndex=1 targetAdCount=2 
generatedCount=0 jobId=None planRevision=1
ok
test_generate_next_reserves_before_async_job 
(test_builder1_concurrency.TestAppLevelConcurrency.test_generate_next_reserves_before_async_job) ... 
INFO:engine.builder1_campaign_store:BUILDER1_CAMPAIGN_CREATED campaignId=app-c targetAdCount=2 backend=memory 
planRevision=1
INFO:engine.builder1_campaign_store:BUILDER1_CAMPAIGN_SESSION_CREATED campaignId=app-c targetAdCount=2
INFO:engine.builder1_campaign_store:BUILDER1_NEXT_AD_RESERVED campaignId=app-c adIndex=1 targetAdCount=2 
generatedCount=0 jobId=None planRevision=1
INFO:engine.builder1_campaign_store:BUILDER1_CAMPAIGN_PROGRESS campaignId=app-c generatedCount=1 targetAdCount=2 
complete=False
INFO:engine.builder1_campaign_store:BUILDER1_AD_GENERATED campaignId=app-c adIndex=1 generatedCount=1 complete=False 
planRevision=1
INFO:engine.builder1_campaign_store:BUILDER1_NEXT_AD_RESERVED campaignId=app-c adIndex=2 targetAdCount=2 
generatedCount=1 jobId=0b0a021b-d290-4c94-9f9b-0da20bb37c07 planRevision=1
INFO:engine.builder1_jobs_store:BUILDER1_JOB_CREATED jobId=0b0a021b-d290-4c94-9f9b-0da20bb37c07 campaignId=app-c 
targetAdCount=2 backend=memory
ok
test_duplicate_simultaneous_reservation_blocked 
(test_builder1_concurrency.TestAtomicReservation.test_duplicate_simultaneous_reservation_blocked) ... 
INFO:engine.builder1_campaign_store:BUILDER1_CAMPAIGN_CREATED campaignId=dup targetAdCount=3 backend=memory 
planRevision=1
INFO:engine.builder1_campaign_store:BUILDER1_CAMPAIGN_SESSION_CREATED campaignId=dup targetAdCount=3
INFO:engine.builder1_campaign_store:BUILDER1_NEXT_AD_RESERVED campaignId=dup adIndex=1 targetAdCount=3 
generatedCount=0 jobId=None planRevision=1
INFO:engine.builder1_campaign_store:BUILDER1_CAMPAIGN_PROGRESS campaignId=dup generatedCount=1 targetAdCount=3 
complete=False
INFO:engine.builder1_campaign_store:BUILDER1_AD_GENERATED campaignId=dup adIndex=1 generatedCount=1 complete=False 
planRevision=1
INFO:engine.builder1_campaign_store:BUILDER1_NEXT_AD_RESERVED campaignId=dup adIndex=2 targetAdCount=3 
generatedCount=1 jobId=None planRevision=1
INFO:engine.builder1_campaign_store:BUILDER1_CONCURRENT_REQUEST_BLOCKED campaignId=dup requestingJobId=None 
lockOwnerJobId=None reservedAdIndex=2 lockAgeMs=None sameOwner=False
ok
test_generated_count_cannot_exceed_target 
(test_builder1_concurrency.TestAtomicReservation.test_generated_count_cannot_exceed_target) ... 
INFO:engine.builder1_campaign_store:BUILDER1_CAMPAIGN_CREATED campaignId=cap targetAdCount=2 backend=memory 
planRevision=1
INFO:engine.builder1_campaign_store:BUILDER1_CAMPAIGN_SESSION_CREATED campaignId=cap targetAdCount=2
INFO:engine.builder1_campaign_store:BUILDER1_NEXT_AD_RESERVED campaignId=cap adIndex=1 targetAdCount=2 
generatedCount=0 jobId=None planRevision=1
INFO:engine.builder1_campaign_store:BUILDER1_CAMPAIGN_PROGRESS campaignId=cap generatedCount=1 targetAdCount=2 
complete=False
INFO:engine.builder1_campaign_store:BUILDER1_AD_GENERATED campaignId=cap adIndex=1 generatedCount=1 complete=False 
planRevision=1
INFO:engine.builder1_campaign_store:BUILDER1_NEXT_AD_RESERVED campaignId=cap adIndex=2 targetAdCount=2 
generatedCount=1 jobId=None planRevision=1
INFO:engine.builder1_campaign_store:BUILDER1_CAMPAIGN_PROGRESS campaignId=cap generatedCount=2 targetAdCount=2 
complete=True
INFO:engine.builder1_campaign_store:BUILDER1_AD_GENERATED campaignId=cap adIndex=2 generatedCount=2 complete=True 
planRevision=1
INFO:engine.builder1_campaign_store:BUILDER1_CAMPAIGN_COMPLETE campaignId=cap
ok
test_no_builder2_concurrency_modules 
(test_builder1_concurrency.TestBuilder2Unchanged.test_no_builder2_concurrency_modules) ... ok
test_image_prompts_use_campaign_plan_only 
(test_builder1_concurrency.TestImageGenerationIsolation.test_image_prompts_use_campaign_plan_only) ... 
INFO:engine.builder1_image_generator:BUILDER1_SERIES_IMAGE_START adIndex=1 attempt=1
INFO:engine.builder1_image_generator:BUILDER1_SERIES_IMAGE_OK adIndex=1
INFO:engine.builder1_image_compliance:BUILDER1_IMAGE_COMPLIANCE_REVIEW_START campaignId= jobId= adIndex=1
INFO:engine.builder1_image_compliance:BUILDER1_IMAGE_COMPLIANCE_REVIEW_PASS campaignId= jobId= adIndex=1 
confidence=high
INFO:engine.builder1_image_generator:BUILDER1_SERIES_IMAGE_START adIndex=1 attempt=1
INFO:engine.builder1_image_generator:BUILDER1_SERIES_IMAGE_OK adIndex=1
INFO:engine.builder1_image_compliance:BUILDER1_IMAGE_COMPLIANCE_REVIEW_START campaignId= jobId= adIndex=1
INFO:engine.builder1_image_compliance:BUILDER1_IMAGE_COMPLIANCE_REVIEW_PASS campaignId= jobId= adIndex=1 
confidence=high
ok
test_interleaved_generation_respects_each_target 
(test_builder1_concurrency.TestInterleavedCampaignTargets.test_interleaved_generation_respects_each_target) ... 
INFO:engine.builder1_campaign_store:BUILDER1_CAMPAIGN_CREATED campaignId=campaign-A targetAdCount=2 backend=memory 
planRevision=1
INFO:engine.builder1_campaign_store:BUILDER1_CAMPAIGN_SESSION_CREATED campaignId=campaign-A targetAdCount=2
INFO:engine.builder1_campaign_store:BUILDER1_CAMPAIGN_CREATED campaignId=campaign-B targetAdCount=4 backend=memory 
planRevision=1
INFO:engine.builder1_campaign_store:BUILDER1_CAMPAIGN_SESSION_CREATED campaignId=campaign-B targetAdCount=4
INFO:engine.builder1_campaign_store:BUILDER1_CAMPAIGN_CREATED campaignId=campaign-C targetAdCount=3 backend=memory 
planRevision=1
INFO:engine.builder1_campaign_store:BUILDER1_CAMPAIGN_SESSION_CREATED campaignId=campaign-C targetAdCount=3
INFO:engine.builder1_campaign_store:BUILDER1_NEXT_AD_RESERVED campaignId=campaign-A adIndex=1 targetAdCount=2 
generatedCount=0 jobId=None planRevision=1
INFO:engine.builder1_campaign_store:BUILDER1_CAMPAIGN_PROGRESS campaignId=campaign-A generatedCount=1 targetAdCount=2 
complete=False
INFO:engine.builder1_campaign_store:BUILDER1_AD_GENERATED campaignId=campaign-A adIndex=1 generatedCount=1 
complete=False planRevision=1
INFO:engine.builder1_campaign_store:BUILDER1_NEXT_AD_RESERVED campaignId=campaign-B adIndex=1 targetAdCount=4 
generatedCount=0 jobId=None planRevision=1
INFO:engine.builder1_campaign_store:BUILDER1_CAMPAIGN_PROGRESS campaignId=campaign-B generatedCount=1 targetAdCount=4 
complete=False
INFO:engine.builder1_campaign_store:BUILDER1_AD_GENERATED campaignId=campaign-B adIndex=1 generatedCount=1 
complete=False planRevision=1
INFO:engine.builder1_campaign_store:BUILDER1_NEXT_AD_RESERVED campaignId=campaign-C adIndex=1 targetAdCount=3 
generatedCount=0 jobId=None planRevision=1
INFO:engine.builder1_campaign_store:BUILDER1_CAMPAIGN_PROGRESS campaignId=campaign-C generatedCount=1 targetAdCount=3 
complete=False
INFO:engine.builder1_campaign_store:BUILDER1_AD_GENERATED campaignId=campaign-C adIndex=1 generatedCount=1 
complete=False planRevision=1
INFO:engine.builder1_campaign_store:BUILDER1_NEXT_AD_RESERVED campaignId=campaign-A adIndex=2 targetAdCount=2 
generatedCount=1 jobId=None planRevision=1
INFO:engine.builder1_campaign_store:BUILDER1_CAMPAIGN_PROGRESS campaignId=campaign-A generatedCount=2 targetAdCount=2 
complete=True
INFO:engine.builder1_campaign_store:BUILDER1_AD_GENERATED campaignId=campaign-A adIndex=2 generatedCount=2 
complete=True planRevision=1
INFO:engine.builder1_campaign_store:BUILDER1_CAMPAIGN_COMPLETE campaignId=campaign-A
INFO:engine.builder1_campaign_store:BUILDER1_NEXT_AD_RESERVED campaignId=campaign-C adIndex=2 targetAdCount=3 
generatedCount=1 jobId=None planRevision=1
INFO:engine.builder1_campaign_store:BUILDER1_CAMPAIGN_PROGRESS campaignId=campaign-C generatedCount=2 targetAdCount=3 
complete=False
INFO:engine.builder1_campaign_store:BUILDER1_AD_GENERATED campaignId=campaign-C adIndex=2 generatedCount=2 
complete=False planRevision=1
INFO:engine.builder1_campaign_store:BUILDER1_NEXT_AD_RESERVED campaignId=campaign-B adIndex=2 targetAdCount=4 
generatedCount=1 jobId=None planRevision=1
INFO:engine.builder1_campaign_store:BUILDER1_CAMPAIGN_PROGRESS campaignId=campaign-B generatedCount=2 targetAdCount=4 
complete=False
INFO:engine.builder1_campaign_store:BUILDER1_AD_GENERATED campaignId=campaign-B adIndex=2 generatedCount=2 
complete=False planRevision=1
INFO:engine.builder1_campaign_store:BUILDER1_NEXT_AD_RESERVED campaignId=campaign-C adIndex=3 targetAdCount=3 
generatedCount=2 jobId=None planRevision=1
INFO:engine.builder1_campaign_store:BUILDER1_CAMPAIGN_PROGRESS campaignId=campaign-C generatedCount=3 targetAdCount=3 
complete=True
INFO:engine.builder1_campaign_store:BUILDER1_AD_GENERATED campaignId=campaign-C adIndex=3 generatedCount=3 
complete=True planRevision=1
INFO:engine.builder1_campaign_store:BUILDER1_CAMPAIGN_COMPLETE campaignId=campaign-C
INFO:engine.builder1_campaign_store:BUILDER1_NEXT_AD_RESERVED campaignId=campaign-B adIndex=3 targetAdCount=4 
generatedCount=2 jobId=None planRevision=1
INFO:engine.builder1_campaign_store:BUILDER1_CAMPAIGN_PROGRESS campaignId=campaign-B generatedCount=3 targetAdCount=4 
complete=False
INFO:engine.builder1_campaign_store:BUILDER1_AD_GENERATED campaignId=campaign-B adIndex=3 generatedCount=3 
complete=False planRevision=1
INFO:engine.builder1_campaign_store:BUILDER1_NEXT_AD_RESERVED campaignId=campaign-B adIndex=4 targetAdCount=4 
generatedCount=3 jobId=None planRevision=1
INFO:engine.builder1_campaign_store:BUILDER1_CAMPAIGN_PROGRESS campaignId=campaign-B generatedCount=4 targetAdCount=4 
complete=True
INFO:engine.builder1_campaign_store:BUILDER1_AD_GENERATED campaignId=campaign-B adIndex=4 generatedCount=4 
complete=True planRevision=1
INFO:engine.builder1_campaign_store:BUILDER1_CAMPAIGN_COMPLETE campaignId=campaign-B
ok
test_three_campaigns_keep_isolated_targets 
(test_builder1_concurrency.TestInterleavedCampaignTargets.test_three_campaigns_keep_isolated_targets) ... 
INFO:engine.builder1_campaign_store:BUILDER1_CAMPAIGN_CREATED campaignId=campaign-A targetAdCount=2 backend=memory 
planRevision=1
INFO:engine.builder1_campaign_store:BUILDER1_CAMPAIGN_SESSION_CREATED campaignId=campaign-A targetAdCount=2
INFO:engine.builder1_campaign_store:BUILDER1_CAMPAIGN_CREATED campaignId=campaign-B targetAdCount=4 backend=memory 
planRevision=1
INFO:engine.builder1_campaign_store:BUILDER1_CAMPAIGN_SESSION_CREATED campaignId=campaign-B targetAdCount=4
INFO:engine.builder1_campaign_store:BUILDER1_CAMPAIGN_CREATED campaignId=campaign-C targetAdCount=3 backend=memory 
planRevision=1
INFO:engine.builder1_campaign_store:BUILDER1_CAMPAIGN_SESSION_CREATED campaignId=campaign-C targetAdCount=3
ok
test_job_campaign_mismatch_is_rejected 
(test_builder1_concurrency.TestJobIsolation.test_job_campaign_mismatch_is_rejected) ... 
INFO:engine.builder1_jobs_store:BUILDER1_JOB_CREATED jobId=job-x campaignId=camp-x targetAdCount=2 backend=memory
ERROR:engine.builder1_jobs_store:BUILDER1_JOB_CAMPAIGN_MISMATCH jobId=job-x jobCampaignId=camp-x 
resultCampaignId=camp-y
ok
test_jobs_do_not_overwrite_each_other 
(test_builder1_concurrency.TestJobIsolation.test_jobs_do_not_overwrite_each_other) ... 
INFO:engine.builder1_jobs_store:BUILDER1_JOB_CREATED jobId=job-a campaignId=camp-a targetAdCount=2 backend=memory
INFO:engine.builder1_jobs_store:BUILDER1_JOB_CREATED jobId=job-b campaignId=camp-b targetAdCount=4 backend=memory
INFO:engine.builder1_jobs_store:BUILDER1_JOB_DONE jobId=job-a campaignId=camp-a generatedCount=1 targetAdCount=2
INFO:engine.builder1_jobs_store:BUILDER1_JOB_DONE jobId=job-b campaignId=camp-b generatedCount=1 targetAdCount=4
ok
test_worker_b_reads_campaign_created_by_worker_a 
(test_builder1_concurrency.TestSharedStoreSimulation.test_worker_b_reads_campaign_created_by_worker_a) ... 
INFO:engine.builder1_campaign_store:BUILDER1_CAMPAIGN_CREATED campaignId=shared targetAdCount=3 backend=memory 
planRevision=1
INFO:engine.builder1_campaign_store:BUILDER1_CAMPAIGN_SESSION_CREATED campaignId=shared targetAdCount=3
INFO:engine.builder1_campaign_store:BUILDER1_NEXT_AD_RESERVED campaignId=shared adIndex=1 targetAdCount=3 
generatedCount=0 jobId=None planRevision=1
INFO:engine.builder1_campaign_store:BUILDER1_CAMPAIGN_PROGRESS campaignId=shared generatedCount=1 targetAdCount=3 
complete=False
INFO:engine.builder1_campaign_store:BUILDER1_AD_GENERATED campaignId=shared adIndex=1 generatedCount=1 complete=False 
planRevision=1
ok
test_pipeline_has_no_creator_or_judge_roles 
(test_builder1_consolidated_pipeline.TestBuilderBoundary.test_pipeline_has_no_creator_or_judge_roles) ... ok
test_blank_name_uses_seven_planning_calls 
(test_builder1_consolidated_pipeline.TestConsolidatedProductionFlow.test_blank_name_uses_seven_planning_calls) ... 
INFO:engine.builder1_planner:BUILDER1_SERIES_PLANNING_START productName= format=portrait adCount=2 
seed=f47c3d09-5653-4d35-b4d8-a525b4bf712e lang=en
INFO:engine.builder1_product_visibility:BUILDER1_PRODUCT_VISIBILITY_POLICY campaignId= mode=FORBIDDEN source=default
INFO:engine.builder1_planner:BUILDER1_PRODUCT_NAME_GENERATION_START
INFO:engine.builder1_planner:BUILDER1_STAGE_START stage=product_name_resolution attempt=1
INFO:engine.builder1_planner:BUILDER1_STAGE_PARSE_OK stage=product_name_resolution
INFO:engine.builder1_planner:BUILDER1_STAGE_DURATION stage=product_name_resolution attempt=1 durationMs=0
INFO:engine.builder1_planner:BUILDER1_PRODUCT_NAME_GENERATION_OK nameLength=9 lang=en
INFO:engine.builder1_planner:BUILDER1_PRODUCT_NAME_SOURCE source=generated
INFO:engine.builder1_planner:BUILDER1_STAGE_START stage=strategy_stage attempt=1
INFO:engine.builder1_strategy_scan:BUILDER1_STRATEGY_SCAN_OK candidates=12
INFO:engine.builder1_planner:BUILDER1_STAGE_PARSE_OK stage=strategy_stage
INFO:engine.builder1_planner:BUILDER1_STAGE_DURATION stage=strategy_stage attempt=1 durationMs=2
INFO:engine.builder1_planner:BUILDER1_STAGE_START stage=slogan_stage attempt=1
INFO:engine.builder1_planner:BUILDER1_STAGE_PARSE_OK stage=slogan_stage
INFO:engine.builder1_planner:BUILDER1_STAGE_DURATION stage=slogan_stage attempt=1 durationMs=0
INFO:engine.builder1_planner:BUILDER1_STAGE_START stage=conceptual_stage attempt=1
INFO:engine.builder1_planner:BUILDER1_STAGE_PARSE_OK stage=conceptual_stage
INFO:engine.builder1_planner:BUILDER1_STAGE_DURATION stage=conceptual_stage attempt=1 durationMs=1
INFO:engine.builder1_product_visibility:BUILDER1_PRODUCT_VISIBILITY_POLICY campaignId= mode=FORBIDDEN source=default
INFO:engine.builder1_planner:BUILDER1_STAGE_START stage=brand_physical attempt=1
INFO:engine.builder1_planner:BUILDER1_STAGE_PARSE_OK stage=brand_physical
INFO:engine.builder1_planner:BUILDER1_STAGE_DURATION stage=brand_physical attempt=1 durationMs=0
INFO:engine.builder1_planner:BUILDER1_STAGE_START stage=graphic_system attempt=1
INFO:engine.builder1_planner:BUILDER1_STAGE_PARSE_OK stage=graphic_system
INFO:engine.builder1_planner:BUILDER1_STAGE_DURATION stage=graphic_system attempt=1 durationMs=0
INFO:engine.builder1_planner:BUILDER1_STAGE_START stage=series_ads attempt=1
INFO:engine.builder1_planner:BUILDER1_STAGE_PARSE_OK stage=series_ads
INFO:engine.builder1_planner:BUILDER1_STAGE_DURATION stage=series_ads attempt=1 durationMs=1
INFO:engine.builder1_marketing_text_repair:BUILDER1_MARKETING_TEXT_CHECK adIndex=1 wordCount=50
INFO:engine.builder1_marketing_text_repair:BUILDER1_MARKETING_LANGUAGE_CHECK adIndex=1 targetLanguage=en 
dominantLanguage=en valid=True hebrewChars=0 latinChars=50
INFO:engine.builder1_marketing_text_repair:BUILDER1_MARKETING_TEXT_CHECK adIndex=2 wordCount=50
INFO:engine.builder1_marketing_text_repair:BUILDER1_MARKETING_LANGUAGE_CHECK adIndex=2 targetLanguage=en 
dominantLanguage=en valid=True hebrewChars=0 latinChars=50
INFO:engine.builder1_planning_pipeline:BUILDER1_INTEGRITY_OK
INFO:engine.builder1_planning_metrics:BUILDER1_PIPELINE_DURATION durationMs=14
INFO:engine.builder1_planner:BUILDER1_SERIES_PLANNING_OK adCount=2
INFO:engine.builder1_planning_metrics:BUILDER1_PLANNING_CALL_SUMMARY campaignId= jobId= productNameCallUsed=true 
productNameStageCalls=1 strategyStageCalls=1 sloganStageCalls=1 conceptualStageCalls=1 physicalStageCalls=1 
graphicStageCalls=1 seriesStageCalls=1 marketingTextRepairCalls=0 stageRepairCalls=0 stageRetryCalls=0 
stageModelFallbackCalls=0 normalExpectedCalls=7 actualPlanningCalls=7 totalPlanningModelCalls=7 promptTokens= 
outputTokens= totalTokens= totalPlanningDurationMs=14
ok
test_integrity_validation_is_deterministic 
(test_builder1_consolidated_pipeline.TestConsolidatedProductionFlow.test_integrity_validation_is_deterministic) ... ok
test_no_final_judge_in_active_pipeline 
(test_builder1_consolidated_pipeline.TestConsolidatedProductionFlow.test_no_final_judge_in_active_pipeline) ... ok
test_supplied_name_uses_six_planning_calls 
(test_builder1_consolidated_pipeline.TestConsolidatedProductionFlow.test_supplied_name_uses_six_planning_calls) ... 
INFO:engine.builder1_planner:BUILDER1_SERIES_PLANNING_START productName=CarryShell format=portrait adCount=2 
seed=2340ad69-aa15-4829-854d-9ad23bbd30c9 lang=en
INFO:engine.builder1_product_visibility:BUILDER1_PRODUCT_VISIBILITY_POLICY campaignId= mode=FORBIDDEN source=default
INFO:engine.builder1_planner:BUILDER1_PRODUCT_NAME_SOURCE source=user
INFO:engine.builder1_planner:BUILDER1_STAGE_START stage=strategy_stage attempt=1
INFO:engine.builder1_strategy_scan:BUILDER1_STRATEGY_SCAN_OK candidates=12
INFO:engine.builder1_planner:BUILDER1_STAGE_PARSE_OK stage=strategy_stage
INFO:engine.builder1_planner:BUILDER1_STAGE_DURATION stage=strategy_stage attempt=1 durationMs=3
INFO:engine.builder1_planner:BUILDER1_STAGE_START stage=slogan_stage attempt=1
INFO:engine.builder1_planner:BUILDER1_STAGE_PARSE_OK stage=slogan_stage
INFO:engine.builder1_planner:BUILDER1_STAGE_DURATION stage=slogan_stage attempt=1 durationMs=0
INFO:engine.builder1_planner:BUILDER1_STAGE_START stage=conceptual_stage attempt=1
INFO:engine.builder1_planner:BUILDER1_STAGE_PARSE_OK stage=conceptual_stage
INFO:engine.builder1_planner:BUILDER1_STAGE_DURATION stage=conceptual_stage attempt=1 durationMs=1
INFO:engine.builder1_product_visibility:BUILDER1_PRODUCT_VISIBILITY_POLICY campaignId= mode=FORBIDDEN source=default
INFO:engine.builder1_planner:BUILDER1_STAGE_START stage=brand_physical attempt=1
INFO:engine.builder1_planner:BUILDER1_STAGE_PARSE_OK stage=brand_physical
INFO:engine.builder1_planner:BUILDER1_STAGE_DURATION stage=brand_physical attempt=1 durationMs=0
INFO:engine.builder1_planner:BUILDER1_STAGE_START stage=graphic_system attempt=1
INFO:engine.builder1_planner:BUILDER1_STAGE_PARSE_OK stage=graphic_system
INFO:engine.builder1_planner:BUILDER1_STAGE_DURATION stage=graphic_system attempt=1 durationMs=0
INFO:engine.builder1_planner:BUILDER1_STAGE_START stage=series_ads attempt=1
INFO:engine.builder1_planner:BUILDER1_STAGE_PARSE_OK stage=series_ads
INFO:engine.builder1_planner:BUILDER1_STAGE_DURATION stage=series_ads attempt=1 durationMs=0
INFO:engine.builder1_marketing_text_repair:BUILDER1_MARKETING_TEXT_CHECK adIndex=1 wordCount=50
INFO:engine.builder1_marketing_text_repair:BUILDER1_MARKETING_LANGUAGE_CHECK adIndex=1 targetLanguage=en 
dominantLanguage=en valid=True hebrewChars=0 latinChars=50
INFO:engine.builder1_marketing_text_repair:BUILDER1_MARKETING_TEXT_CHECK adIndex=2 wordCount=50
INFO:engine.builder1_marketing_text_repair:BUILDER1_MARKETING_LANGUAGE_CHECK adIndex=2 targetLanguage=en 
dominantLanguage=en valid=True hebrewChars=0 latinChars=50
INFO:engine.builder1_planning_pipeline:BUILDER1_INTEGRITY_OK
INFO:engine.builder1_planning_metrics:BUILDER1_PIPELINE_DURATION durationMs=12
INFO:engine.builder1_planner:BUILDER1_SERIES_PLANNING_OK adCount=2
INFO:engine.builder1_planning_metrics:BUILDER1_PLANNING_CALL_SUMMARY campaignId= jobId= productNameCallUsed=false 
productNameStageCalls=0 strategyStageCalls=1 sloganStageCalls=1 conceptualStageCalls=1 physicalStageCalls=1 
graphicStageCalls=1 seriesStageCalls=1 marketingTextRepairCalls=0 stageRepairCalls=0 stageRetryCalls=0 
stageModelFallbackCalls=0 normalExpectedCalls=6 actualPlanningCalls=6 totalPlanningModelCalls=6 promptTokens= 
outputTokens= totalTokens= totalPlanningDurationMs=12
ok
test_active_production_emits_no_slogan_scan_slogan_too_long (test_builder1_consolidated_slogan_stage.TestActiveSloganPi
peline.test_active_production_emits_no_slogan_scan_slogan_too_long) ... ok
test_consolidated_stage_is_single_call_architecture 
(test_builder1_consolidated_slogan_stage.TestActiveSloganPipeline.test_consolidated_stage_is_single_call_architecture) 
... ok
test_model_selected_candidate_id_is_preserved 
(test_builder1_consolidated_slogan_stage.TestActiveSloganPipeline.test_model_selected_candidate_id_is_preserved) ... ok
test_process_slogan_stage_response_does_not_call_legacy_parse_slogan_scan (test_builder1_consolidated_slogan_stage.Test
ActiveSloganPipeline.test_process_slogan_stage_response_does_not_call_legacy_parse_slogan_scan) ... ok
test_source_does_not_reference_legacy_parse_slogan_scan (test_builder1_consolidated_slogan_stage.TestActiveSloganPipeli
ne.test_source_does_not_reference_legacy_parse_slogan_scan) ... ok
test_eight_word_headline_remains_invalid 
(test_builder1_consolidated_slogan_stage.TestHeadlineRegression.test_eight_word_headline_remains_invalid) ... ok
test_headline_remains_optional 
(test_builder1_consolidated_slogan_stage.TestHeadlineRegression.test_headline_remains_optional) ... ok
test_product_name_excluded_from_headline_count 
(test_builder1_consolidated_slogan_stage.TestHeadlineRegression.test_product_name_excluded_from_headline_count) ... ok
test_seven_word_headline_remains_valid 
(test_builder1_consolidated_slogan_stage.TestHeadlineRegression.test_seven_word_headline_remains_valid) ... ok
test_integrity_validator_has_no_slogan_length_check (test_builder1_consolidated_slogan_stage.TestLayerSeparationAndInte
grity.test_integrity_validator_has_no_slogan_length_check) ... ok
test_legacy_deterministic_validator_still_flags_long_slogans_only_in_legacy_helpers (test_builder1_consolidated_slogan_
stage.TestLayerSeparationAndIntegrity.test_legacy_deterministic_validator_still_flags_long_slogans_only_in_legacy_helpe
rs) ... ok
test_validate_series_plan_structure_has_no_brand_slogan_length_check (test_builder1_consolidated_slogan_stage.TestLayer
SeparationAndIntegrity.test_validate_series_plan_structure_has_no_brand_slogan_length_check) ... ok
test_generic_slogan_passes_when_model_selected_it (test_builder1_consolidated_slogan_stage.TestNoCreativeServerJudgment
.test_generic_slogan_passes_when_model_selected_it) ... ok
test_high_transfer_risk_passes_when_model_selected_it (test_builder1_consolidated_slogan_stage.TestNoCreativeServerJudg
ment.test_high_transfer_risk_passes_when_model_selected_it) ... ok
test_legacy_validate_slogan_candidate_not_called_by_active_path (test_builder1_consolidated_slogan_stage.TestNoCreative
ServerJudgment.test_legacy_validate_slogan_candidate_not_called_by_active_path) ... ok
test_no_focused_creative_repair_in_active_path 
(test_builder1_consolidated_slogan_stage.TestNoCreativeServerJudgment.test_no_focused_creative_repair_in_active_path) 
... ok
test_non_overlapping_advantage_passes_when_model_selected_it (test_builder1_consolidated_slogan_stage.TestNoCreativeSer
verJudgment.test_non_overlapping_advantage_passes_when_model_selected_it) ... ok
test_server_does_not_replace_model_selected_candidate (test_builder1_consolidated_slogan_stage.TestNoCreativeServerJudg
ment.test_server_does_not_replace_model_selected_candidate) ... ok
test_active_pipeline_does_not_emit_brand_slogan_too_long (test_builder1_consolidated_slogan_stage.TestNoHardSloganLimit
.test_active_pipeline_does_not_emit_brand_slogan_too_long) ... ok
test_brand_slogan_max_words_not_used_in_active_parser 
(test_builder1_consolidated_slogan_stage.TestNoHardSloganLimit.test_brand_slogan_max_words_not_used_in_active_parser) 
... ok
test_four_word_slogan_passes 
(test_builder1_consolidated_slogan_stage.TestNoHardSloganLimit.test_four_word_slogan_passes) ... ok
test_longer_natural_slogan_passes 
(test_builder1_consolidated_slogan_stage.TestNoHardSloganLimit.test_longer_natural_slogan_passes) ... ok
test_one_word_slogan_passes 
(test_builder1_consolidated_slogan_stage.TestNoHardSloganLimit.test_one_word_slogan_passes) ... ok
test_product_name_not_prepended_before_validation 
(test_builder1_consolidated_slogan_stage.TestNoHardSloganLimit.test_product_name_not_prepended_before_validation) ... 
ok
test_punctuation_does_not_cause_word_count_rejection 
(test_builder1_consolidated_slogan_stage.TestNoHardSloganLimit.test_punctuation_does_not_cause_word_count_rejection) 
... ok
test_seven_word_slogan_passes 
(test_builder1_consolidated_slogan_stage.TestNoHardSloganLimit.test_seven_word_slogan_passes) ... ok
test_six_word_slogan_passes 
(test_builder1_consolidated_slogan_stage.TestNoHardSloganLimit.test_six_word_slogan_passes) ... ok
test_candidate_count_other_than_six_fails 
(test_builder1_consolidated_slogan_stage.TestStructuralValidation.test_candidate_count_other_than_six_fails) ... ok
test_contradictory_response_retries_slogan_stage_once (test_builder1_consolidated_slogan_stage.TestStructuralValidation
.test_contradictory_response_retries_slogan_stage_once) ... INFO:engine.builder1_planner:BUILDER1_STAGE_START 
stage=slogan_stage attempt=1
ERROR:engine.builder1_planner:BUILDER1_STAGE_FAILED stage=slogan_stage 
reasons=['slogan_stage_selected_candidate_ineligible']
INFO:engine.builder1_planner:BUILDER1_STAGE_RETRY stage=slogan_stage
INFO:engine.builder1_planner:BUILDER1_STAGE_DURATION stage=slogan_stage attempt=1 durationMs=0
INFO:engine.builder1_planner:BUILDER1_STAGE_START stage=slogan_stage attempt=2
INFO:engine.builder1_planner:BUILDER1_STAGE_PARSE_OK stage=slogan_stage
INFO:engine.builder1_planner:BUILDER1_STAGE_DURATION stage=slogan_stage attempt=2 durationMs=0
ok
test_duplicate_candidate_ids_fail 
(test_builder1_consolidated_slogan_stage.TestStructuralValidation.test_duplicate_candidate_ids_fail) ... ok
test_empty_selected_implied_action_fails 
(test_builder1_consolidated_slogan_stage.TestStructuralValidation.test_empty_selected_implied_action_fails) ... ok
test_empty_selected_slogan_fails 
(test_builder1_consolidated_slogan_stage.TestStructuralValidation.test_empty_selected_slogan_fails) ... ok
test_missing_candidates_array_fails 
(test_builder1_consolidated_slogan_stage.TestStructuralValidation.test_missing_candidates_array_fails) ... ok
test_missing_evaluation_fails 
(test_builder1_consolidated_slogan_stage.TestStructuralValidation.test_missing_evaluation_fails) ... ok
test_missing_selected_candidate_id_fails 
(test_builder1_consolidated_slogan_stage.TestStructuralValidation.test_missing_selected_candidate_id_fails) ... ok
test_second_structural_failure_raises_stage_error 
(test_builder1_consolidated_slogan_stage.TestStructuralValidation.test_second_structural_failure_raises_stage_error) 
... INFO:engine.builder1_planner:BUILDER1_STAGE_START stage=slogan_stage attempt=1
ERROR:engine.builder1_planner:BUILDER1_STAGE_FAILED stage=slogan_stage 
reasons=['slogan_stage_selected_candidate_ineligible']
INFO:engine.builder1_planner:BUILDER1_STAGE_RETRY stage=slogan_stage
INFO:engine.builder1_planner:BUILDER1_STAGE_DURATION stage=slogan_stage attempt=1 durationMs=0
INFO:engine.builder1_planner:BUILDER1_STAGE_START stage=slogan_stage attempt=2
ERROR:engine.builder1_planner:BUILDER1_STAGE_FAILED stage=slogan_stage 
reasons=['slogan_stage_selected_candidate_ineligible']
INFO:engine.builder1_planner:BUILDER1_STAGE_RETRY stage=slogan_stage
INFO:engine.builder1_planner:BUILDER1_STAGE_DURATION stage=slogan_stage attempt=2 durationMs=0
ok
test_selected_candidate_id_not_found_fails 
(test_builder1_consolidated_slogan_stage.TestStructuralValidation.test_selected_candidate_id_not_found_fails) ... ok
test_selected_candidate_marked_ineligible_is_contradictory (test_builder1_consolidated_slogan_stage.TestStructuralValid
ation.test_selected_candidate_marked_ineligible_is_contradictory) ... ok
test_unknown_evaluation_id_fails 
(test_builder1_consolidated_slogan_stage.TestStructuralValidation.test_unknown_evaluation_id_fails) ... ok
test_beautified_package_without_mechanism_is_ineligible (test_builder1_creative_methodology.TestConceptualCandidateSele
ction.test_beautified_package_without_mechanism_is_ineligible) ... ok
test_collapses_without_product_is_rejected_without_evidence (test_builder1_creative_methodology.TestConceptualCandidate
Selection.test_collapses_without_product_is_rejected_without_evidence) ... ok
test_conventional_product_shot_is_ineligible 
(test_builder1_creative_methodology.TestConceptualCandidateSelection.test_conventional_product_shot_is_ineligible) ... 
ok
test_multiplied_product_without_necessity_is_ineligible (test_builder1_creative_methodology.TestConceptualCandidateSele
ction.test_multiplied_product_without_necessity_is_ineligible) ... ok
test_survives_product_removal_can_be_eligible 
(test_builder1_creative_methodology.TestConceptualCandidateSelection.test_survives_product_removal_can_be_eligible) 
... ok
test_transferred_external_object_can_be_eligible 
(test_builder1_creative_methodology.TestConceptualCandidateSelection.test_transferred_external_object_can_be_eligible) 
... ok
test_brand_physical_asks_why_clearer_than_product 
(test_builder1_creative_methodology.TestMethodologyPrompts.test_brand_physical_asks_why_clearer_than_product) ... ok
test_brand_physical_requires_external_object_exploration 
(test_builder1_creative_methodology.TestMethodologyPrompts.test_brand_physical_requires_external_object_exploration) 
... ok
test_conceptual_stage_contains_idea_before_product 
(test_builder1_creative_methodology.TestMethodologyPrompts.test_conceptual_stage_contains_idea_before_product) ... ok
test_conceptual_stage_contains_removal_test 
(test_builder1_creative_methodology.TestMethodologyPrompts.test_conceptual_stage_contains_removal_test) ... ok
test_conceptual_stage_evaluates_product_shot_bias 
(test_builder1_creative_methodology.TestMethodologyPrompts.test_conceptual_stage_evaluates_product_shot_bias) ... ok
test_image_prompt_avoids_hero_product_language_under_forbidden (test_builder1_creative_methodology.TestMethodologyPromp
ts.test_image_prompt_avoids_hero_product_language_under_forbidden) ... ok
test_series_ads_preserves_transferred_object_logic 
(test_builder1_creative_methodology.TestMethodologyPrompts.test_series_ads_preserves_transferred_object_logic) ... ok
test_attractive_presentation_alone_is_insufficient 
(test_builder1_creative_methodology.TestProductEvidenceException.test_attractive_presentation_alone_is_insufficient) 
... ERROR:engine.builder1_final_stages:BUILDER1_STAGE_FAILED stage=brand_physical 
reasons=['physical_selected_not_eligible'] top_level_keys=['campaignRationale', 'clearerThanConventionalProductShot', 
'mediumParticipates', 'mediumRole', 'physicalCandidates', 'physicalEvaluations', 'physicalGenerator', 
'physicalGeneratorCampaignRole', 'physicalGeneratorIsPackaging', 'physicalGeneratorIsProduct', 
'physicalGeneratorNaturalPurpose', 'productEvidenceReason', 'productEvidenceRequired', 'productNameResolved', 
'selectedPhysicalCandidateId', 'survivesProductRemoval', 'transferredObject', 'transferredObjectAction', 
'whyClearerThanShowingProduct', 'worksWithoutProductVisible'] field_types={'physicalCandidates': 'list', 
'physicalEvaluations': 'list', 'selectedPhysicalCandidateId': 'str', 'productNameResolved': 'str', 
'physicalGenerator': 'str', 'physicalGeneratorNaturalPurpose': 'str', 'physicalGeneratorCampaignRole': 'str', 
'physicalGeneratorIsProduct': 'bool', 'physicalGeneratorIsPackaging': 'bool', 'worksWithoutProductVisible': 'bool', 
'transferredObject': 'str', 'transferredObjectAction': 'str', 'whyClearerThanShowingProduct': 'str', 
'clearerThanConventionalProductShot': 'bool', 'survivesProductRemoval': 'bool', 'productEvidenceRequired': 'bool', 
'productEvidenceReason': 'str', 'mediumParticipates': 'bool', 'mediumRole': 'str', 'campaignRationale': 'str'}
ok
test_forbidden_policy_still_blocks_product_depiction 
(test_builder1_creative_methodology.TestProductEvidenceException.test_forbidden_policy_still_blocks_product_depiction) 
... ERROR:engine.builder1_final_stages:BUILDER1_STAGE_FAILED stage=brand_physical 
reasons=['physical_generator_is_product'] top_level_keys=['campaignRationale', 'clearerThanConventionalProductShot', 
'mediumParticipates', 'mediumRole', 'physicalCandidates', 'physicalEvaluations', 'physicalGenerator', 
'physicalGeneratorCampaignRole', 'physicalGeneratorIsPackaging', 'physicalGeneratorIsProduct', 
'physicalGeneratorNaturalPurpose', 'productEvidenceReason', 'productEvidenceRequired', 'productNameResolved', 
'selectedPhysicalCandidateId', 'survivesProductRemoval', 'transferredObject', 'transferredObjectAction', 
'whyClearerThanShowingProduct', 'worksWithoutProductVisible'] field_types={'physicalCandidates': 'list', 
'physicalEvaluations': 'list', 'selectedPhysicalCandidateId': 'str', 'productNameResolved': 'str', 
'physicalGenerator': 'str', 'physicalGeneratorNaturalPurpose': 'str', 'physicalGeneratorCampaignRole': 'str', 
'physicalGeneratorIsProduct': 'bool', 'physicalGeneratorIsPackaging': 'bool', 'worksWithoutProductVisible': 'bool', 
'transferredObject': 'str', 'transferredObjectAction': 'str', 'whyClearerThanShowingProduct': 'str', 
'clearerThanConventionalProductShot': 'bool', 'survivesProductRemoval': 'bool', 'productEvidenceRequired': 'bool', 
'productEvidenceReason': 'str', 'mediumParticipates': 'bool', 'mediumRole': 'str', 'campaignRationale': 'str'}
ok
test_product_visibility_remains_secondary_when_policy_permits (test_builder1_creative_methodology.TestProductEvidenceEx
ception.test_product_visibility_remains_secondary_when_policy_permits) ... ok
test_product_visibility_requires_necessity_explanation (test_builder1_creative_methodology.TestProductEvidenceException
.test_product_visibility_requires_necessity_explanation) ... ERROR:engine.builder1_final_stages:BUILDER1_STAGE_FAILED 
stage=brand_physical reasons=['physical_missing_evidence_reason'] top_level_keys=['campaignRationale', 
'clearerThanConventionalProductShot', 'mediumParticipates', 'mediumRole', 'physicalCandidates', 'physicalEvaluations', 
'physicalGenerator', 'physicalGeneratorCampaignRole', 'physicalGeneratorIsPackaging', 'physicalGeneratorIsProduct', 
'physicalGeneratorNaturalPurpose', 'productEvidenceReason', 'productEvidenceRequired', 'productNameResolved', 
'selectedPhysicalCandidateId', 'survivesProductRemoval', 'transferredObject', 'transferredObjectAction', 
'whyClearerThanShowingProduct', 'worksWithoutProductVisible'] field_types={'physicalCandidates': 'list', 
'physicalEvaluations': 'list', 'selectedPhysicalCandidateId': 'str', 'productNameResolved': 'str', 
'physicalGenerator': 'str', 'physicalGeneratorNaturalPurpose': 'str', 'physicalGeneratorCampaignRole': 'str', 
'physicalGeneratorIsProduct': 'bool', 'physicalGeneratorIsPackaging': 'bool', 'worksWithoutProductVisible': 'bool', 
'transferredObject': 'str', 'transferredObjectAction': 'str', 'whyClearerThanShowingProduct': 'str', 
'clearerThanConventionalProductShot': 'bool', 'survivesProductRemoval': 'bool', 'productEvidenceRequired': 'bool', 
'productEvidenceReason': 'str', 'mediumParticipates': 'bool', 'mediumRole': 'str', 'campaignRationale': 'str'}
ok
test_real_product_property_evidence_may_be_eligible 
(test_builder1_creative_methodology.TestProductEvidenceException.test_real_product_property_evidence_may_be_eligible) 
... ok
test_builder2_unchanged (test_builder1_creative_methodology.TestSeriesAndRegression.test_builder2_unchanged) ... ok
test_end_to_end_planning_still_completes 
(test_builder1_creative_methodology.TestSeriesAndRegression.test_end_to_end_planning_still_completes) ... 
INFO:engine.builder1_planner:BUILDER1_SERIES_PLANNING_START productName=CarryShell format=portrait adCount=2 
seed=653e8783-d276-4f70-abde-18bc79bdf18a lang=en
INFO:engine.builder1_product_visibility:BUILDER1_PRODUCT_VISIBILITY_POLICY campaignId= mode=FORBIDDEN source=default
INFO:engine.builder1_planner:BUILDER1_PRODUCT_NAME_SOURCE source=user
INFO:engine.builder1_planner:BUILDER1_STAGE_START stage=strategy_stage attempt=1
INFO:engine.builder1_strategy_scan:BUILDER1_STRATEGY_SCAN_OK candidates=12
INFO:engine.builder1_planner:BUILDER1_STAGE_PARSE_OK stage=strategy_stage
INFO:engine.builder1_planner:BUILDER1_STAGE_DURATION stage=strategy_stage attempt=1 durationMs=2
INFO:engine.builder1_planner:BUILDER1_STAGE_START stage=slogan_stage attempt=1
INFO:engine.builder1_planner:BUILDER1_STAGE_PARSE_OK stage=slogan_stage
INFO:engine.builder1_planner:BUILDER1_STAGE_DURATION stage=slogan_stage attempt=1 durationMs=0
INFO:engine.builder1_planner:BUILDER1_STAGE_START stage=conceptual_stage attempt=1
INFO:engine.builder1_planner:BUILDER1_STAGE_PARSE_OK stage=conceptual_stage
INFO:engine.builder1_planner:BUILDER1_STAGE_DURATION stage=conceptual_stage attempt=1 durationMs=1
INFO:engine.builder1_product_visibility:BUILDER1_PRODUCT_VISIBILITY_POLICY campaignId= mode=FORBIDDEN source=default
INFO:engine.builder1_planner:BUILDER1_STAGE_START stage=brand_physical attempt=1
INFO:engine.builder1_planner:BUILDER1_STAGE_PARSE_OK stage=brand_physical
INFO:engine.builder1_planner:BUILDER1_STAGE_DURATION stage=brand_physical attempt=1 durationMs=0
INFO:engine.builder1_planner:BUILDER1_STAGE_START stage=graphic_system attempt=1
INFO:engine.builder1_planner:BUILDER1_STAGE_PARSE_OK stage=graphic_system
INFO:engine.builder1_planner:BUILDER1_STAGE_DURATION stage=graphic_system attempt=1 durationMs=0
INFO:engine.builder1_planner:BUILDER1_STAGE_START stage=series_ads attempt=1
INFO:engine.builder1_planner:BUILDER1_STAGE_PARSE_OK stage=series_ads
INFO:engine.builder1_planner:BUILDER1_STAGE_DURATION stage=series_ads attempt=1 durationMs=0
INFO:engine.builder1_marketing_text_repair:BUILDER1_MARKETING_TEXT_CHECK adIndex=1 wordCount=50
INFO:engine.builder1_marketing_text_repair:BUILDER1_MARKETING_LANGUAGE_CHECK adIndex=1 targetLanguage=en 
dominantLanguage=en valid=True hebrewChars=0 latinChars=50
INFO:engine.builder1_marketing_text_repair:BUILDER1_MARKETING_TEXT_CHECK adIndex=2 wordCount=50
INFO:engine.builder1_marketing_text_repair:BUILDER1_MARKETING_LANGUAGE_CHECK adIndex=2 targetLanguage=en 
dominantLanguage=en valid=True hebrewChars=0 latinChars=50
INFO:engine.builder1_planning_pipeline:BUILDER1_INTEGRITY_OK
INFO:engine.builder1_planning_metrics:BUILDER1_PIPELINE_DURATION durationMs=12
INFO:engine.builder1_planner:BUILDER1_SERIES_PLANNING_OK adCount=2
INFO:engine.builder1_planning_metrics:BUILDER1_PLANNING_CALL_SUMMARY campaignId= jobId= productNameCallUsed=false 
productNameStageCalls=0 strategyStageCalls=1 sloganStageCalls=1 conceptualStageCalls=1 physicalStageCalls=1 
graphicStageCalls=1 seriesStageCalls=1 marketingTextRepairCalls=0 stageRepairCalls=0 stageRetryCalls=0 
stageModelFallbackCalls=0 normalExpectedCalls=6 actualPlanningCalls=6 totalPlanningModelCalls=6 promptTokens= 
outputTokens= totalTokens= totalPlanningDurationMs=12
ok
test_frontend_unchanged (test_builder1_creative_methodology.TestSeriesAndRegression.test_frontend_unchanged) ... ok
test_generated_name_planning_remains_seven_calls 
(test_builder1_creative_methodology.TestSeriesAndRegression.test_generated_name_planning_remains_seven_calls) ... ok
test_no_final_server_creative_judge 
(test_builder1_creative_methodology.TestSeriesAndRegression.test_no_final_server_creative_judge) ... ok
test_no_logo_rules_unchanged_in_series_prompt 
(test_builder1_creative_methodology.TestSeriesAndRegression.test_no_logo_rules_unchanged_in_series_prompt) ... ok
test_stage_order_unchanged_in_pipeline 
(test_builder1_creative_methodology.TestSeriesAndRegression.test_stage_order_unchanged_in_pipeline) ... ok
test_supplied_name_planning_remains_six_calls 
(test_builder1_creative_methodology.TestSeriesAndRegression.test_supplied_name_planning_remains_six_calls) ... ok
test_transferred_object_family_required_in_brand_physical 
(test_builder1_creative_methodology.TestSeriesAndRegression.test_transferred_object_family_required_in_brand_physical) 
... ERROR:engine.builder1_final_stages:BUILDER1_STAGE_FAILED stage=brand_physical 
reasons=['physical_all_candidates_same_world'] top_level_keys=['campaignRationale', 
'clearerThanConventionalProductShot', 'mediumParticipates', 'mediumRole', 'physicalCandidates', 'physicalEvaluations', 
'physicalGenerator', 'physicalGeneratorCampaignRole', 'physicalGeneratorIsPackaging', 'physicalGeneratorIsProduct', 
'physicalGeneratorNaturalPurpose', 'productEvidenceReason', 'productEvidenceRequired', 'productNameResolved', 
'selectedPhysicalCandidateId', 'survivesProductRemoval', 'transferredObject', 'transferredObjectAction', 
'whyClearerThanShowingProduct', 'worksWithoutProductVisible'] field_types={'physicalCandidates': 'list', 
'physicalEvaluations': 'list', 'selectedPhysicalCandidateId': 'str', 'productNameResolved': 'str', 
'physicalGenerator': 'str', 'physicalGeneratorNaturalPurpose': 'str', 'physicalGeneratorCampaignRole': 'str', 
'physicalGeneratorIsProduct': 'bool', 'physicalGeneratorIsPackaging': 'bool', 'worksWithoutProductVisible': 'bool', 
'transferredObject': 'str', 'transferredObjectAction': 'str', 'whyClearerThanShowingProduct': 'str', 
'clearerThanConventionalProductShot': 'bool', 'survivesProductRemoval': 'bool', 'productEvidenceRequired': 'bool', 
'productEvidenceReason': 'str', 'mediumParticipates': 'bool', 'mediumRole': 'str', 'campaignRationale': 'str'}
ok
test_generate_next_reserves_with_job_owner_before_worker 
(test_builder1_generation_lock.TestGenerateNextOwnership.test_generate_next_reserves_with_job_owner_before_worker) ... 
INFO:engine.builder1_campaign_store:BUILDER1_CAMPAIGN_CREATED campaignId=next-owner targetAdCount=2 backend=memory 
planRevision=1
INFO:engine.builder1_campaign_store:BUILDER1_CAMPAIGN_SESSION_CREATED campaignId=next-owner targetAdCount=2
INFO:engine.builder1_campaign_store:BUILDER1_NEXT_AD_RESERVED campaignId=next-owner adIndex=1 targetAdCount=2 
generatedCount=0 jobId=job-first planRevision=1
INFO:engine.builder1_campaign_store:BUILDER1_CAMPAIGN_PROGRESS campaignId=next-owner generatedCount=1 targetAdCount=2 
complete=False
INFO:engine.builder1_campaign_store:BUILDER1_AD_GENERATED campaignId=next-owner adIndex=1 generatedCount=1 
complete=False planRevision=1
INFO:engine.builder1_campaign_store:BUILDER1_NEXT_AD_RESERVED campaignId=next-owner adIndex=2 targetAdCount=2 
generatedCount=1 jobId=e9c2fe7f-353a-4920-b0e8-86e5686cb3de planRevision=1
INFO:engine.builder1_jobs_store:BUILDER1_JOB_CREATED jobId=e9c2fe7f-353a-4920-b0e8-86e5686cb3de campaignId=next-owner 
targetAdCount=2 backend=memory
ok
test_generated_count_increments_only_after_storage 
(test_builder1_generation_lock.TestInitialFlowOwnership.test_generated_count_increments_only_after_storage) ... 
INFO:engine.builder1_jobs_store:BUILDER1_JOB_CREATED jobId=job-count campaignId=cmp-count targetAdCount=2 
backend=memory
INFO:app:BUILDER1_SERIES_REQUEST jobId=job-count campaignId=cmp-count adCount=2 format=portrait
INFO:engine.builder1_campaign_store:BUILDER1_CAMPAIGN_CREATED campaignId=cmp-count targetAdCount=2 backend=memory 
planRevision=1
INFO:engine.builder1_campaign_store:BUILDER1_CAMPAIGN_SESSION_CREATED campaignId=cmp-count targetAdCount=2
INFO:engine.builder1_campaign_store:BUILDER1_NEXT_AD_RESERVED campaignId=cmp-count adIndex=1 targetAdCount=2 
generatedCount=0 jobId=job-count planRevision=1
INFO:app:BUILDER1_NEXT_AD_INDEX jobId=job-count campaignId=cmp-count adIndex=1 targetAdCount=2
INFO:engine.builder1_campaign_store:BUILDER1_CAMPAIGN_PROGRESS campaignId=cmp-count generatedCount=1 targetAdCount=2 
complete=False
INFO:engine.builder1_campaign_store:BUILDER1_AD_GENERATED campaignId=cmp-count adIndex=1 generatedCount=1 
complete=False planRevision=1
INFO:app:BUILDER1_AD_GENERATED campaignId=cmp-count adIndex=1
INFO:engine.builder1_planning_metrics:BUILDER1_INITIAL_AD_TIMING campaignId=cmp-count jobId=job-count 
planningDurationMs=0 campaignPersistenceDurationMs=0 reservationDurationMs=0 imageGenerationDurationMs=0 
complianceReviewDurationMs=0 complianceRegenerationCount=0 totalInitialRequestDurationMs=1
ok
test_initial_job_finalizes_success_not_generation_in_progress 
(test_builder1_generation_lock.TestInitialFlowOwnership.test_initial_job_finalizes_success_not_generation_in_progress) 
... INFO:engine.builder1_jobs_store:BUILDER1_JOB_CREATED jobId=job-done campaignId=cmp-done targetAdCount=2 
backend=memory
INFO:app:BUILDER1_SERIES_REQUEST jobId=job-done campaignId=cmp-done adCount=2 format=portrait
INFO:engine.builder1_campaign_store:BUILDER1_CAMPAIGN_CREATED campaignId=cmp-done targetAdCount=2 backend=memory 
planRevision=1
INFO:engine.builder1_campaign_store:BUILDER1_CAMPAIGN_SESSION_CREATED campaignId=cmp-done targetAdCount=2
INFO:engine.builder1_campaign_store:BUILDER1_NEXT_AD_RESERVED campaignId=cmp-done adIndex=1 targetAdCount=2 
generatedCount=0 jobId=job-done planRevision=1
INFO:app:BUILDER1_NEXT_AD_INDEX jobId=job-done campaignId=cmp-done adIndex=1 targetAdCount=2
INFO:engine.builder1_campaign_store:BUILDER1_CAMPAIGN_PROGRESS campaignId=cmp-done generatedCount=1 targetAdCount=2 
complete=False
INFO:engine.builder1_campaign_store:BUILDER1_AD_GENERATED campaignId=cmp-done adIndex=1 generatedCount=1 
complete=False planRevision=1
INFO:app:BUILDER1_AD_GENERATED campaignId=cmp-done adIndex=1
INFO:engine.builder1_planning_metrics:BUILDER1_INITIAL_AD_TIMING campaignId=cmp-done jobId=job-done 
planningDurationMs=0 campaignPersistenceDurationMs=0 reservationDurationMs=0 imageGenerationDurationMs=0 
complianceReviewDurationMs=0 complianceRegenerationCount=0 totalInitialRequestDurationMs=1
INFO:engine.builder1_jobs_store:BUILDER1_JOB_CREATED jobId=job-done campaignId=cmp-done targetAdCount=2 backend=memory
INFO:engine.builder1_jobs_store:BUILDER1_JOB_DONE jobId=job-done campaignId=cmp-done generatedCount=1 targetAdCount=2
ok
test_null_generating_index_artifact_does_not_block_memory_reserve (test_builder1_generation_lock.TestInitialFlowOwnersh
ip.test_null_generating_index_artifact_does_not_block_memory_reserve) ... 
INFO:engine.builder1_campaign_store:BUILDER1_CAMPAIGN_CREATED campaignId=init-null targetAdCount=2 backend=memory 
planRevision=1
INFO:engine.builder1_campaign_store:BUILDER1_CAMPAIGN_SESSION_CREATED campaignId=init-null targetAdCount=2
INFO:engine.builder1_campaign_store:BUILDER1_NEXT_AD_RESERVED campaignId=init-null adIndex=1 targetAdCount=2 
generatedCount=0 jobId=job-null planRevision=1
ok
test_production_shaped_initial_job_generates_ad_one 
(test_builder1_generation_lock.TestInitialFlowOwnership.test_production_shaped_initial_job_generates_ad_one) ... 
INFO:engine.builder1_jobs_store:BUILDER1_JOB_CREATED jobId=job-prod campaignId=cmp-prod targetAdCount=2 backend=memory
INFO:app:BUILDER1_SERIES_REQUEST jobId=job-prod campaignId=cmp-prod adCount=2 format=portrait
INFO:engine.builder1_campaign_store:BUILDER1_CAMPAIGN_CREATED campaignId=cmp-prod targetAdCount=2 backend=memory 
planRevision=1
INFO:engine.builder1_campaign_store:BUILDER1_CAMPAIGN_SESSION_CREATED campaignId=cmp-prod targetAdCount=2
INFO:engine.builder1_campaign_store:BUILDER1_NEXT_AD_RESERVED campaignId=cmp-prod adIndex=1 targetAdCount=2 
generatedCount=0 jobId=job-prod planRevision=1
INFO:app:BUILDER1_NEXT_AD_INDEX jobId=job-prod campaignId=cmp-prod adIndex=1 targetAdCount=2
INFO:engine.builder1_campaign_store:BUILDER1_CAMPAIGN_PROGRESS campaignId=cmp-prod generatedCount=1 targetAdCount=2 
complete=False
INFO:engine.builder1_campaign_store:BUILDER1_AD_GENERATED campaignId=cmp-prod adIndex=1 generatedCount=1 
complete=False planRevision=1
INFO:app:BUILDER1_AD_GENERATED campaignId=cmp-prod adIndex=1
INFO:engine.builder1_planning_metrics:BUILDER1_INITIAL_AD_TIMING campaignId=cmp-prod jobId=job-prod 
planningDurationMs=0 campaignPersistenceDurationMs=0 reservationDurationMs=0 imageGenerationDurationMs=0 
complianceReviewDurationMs=0 complianceRegenerationCount=0 totalInitialRequestDurationMs=1
ok
test_same_initial_job_is_not_blocked_by_its_own_lock 
(test_builder1_generation_lock.TestInitialFlowOwnership.test_same_initial_job_is_not_blocked_by_its_own_lock) ... 
INFO:engine.builder1_campaign_store:BUILDER1_CAMPAIGN_CREATED campaignId=init-c targetAdCount=2 backend=memory 
planRevision=1
INFO:engine.builder1_campaign_store:BUILDER1_CAMPAIGN_SESSION_CREATED campaignId=init-c targetAdCount=2
INFO:engine.builder1_campaign_store:BUILDER1_NEXT_AD_RESERVED campaignId=init-c adIndex=1 targetAdCount=2 
generatedCount=0 jobId=job-initial planRevision=1
INFO:engine.builder1_campaign_store:BUILDER1_GENERATION_LOCK_CONTINUED campaignId=init-c jobId=job-initial 
reservedAdIndex=1
ok
test_same_initial_job_reserves_ad_one_after_campaign_creation 
(test_builder1_generation_lock.TestInitialFlowOwnership.test_same_initial_job_reserves_ad_one_after_campaign_creation) 
... INFO:engine.builder1_campaign_store:BUILDER1_CAMPAIGN_CREATED campaignId=init-b targetAdCount=2 backend=memory 
planRevision=1
INFO:engine.builder1_campaign_store:BUILDER1_CAMPAIGN_SESSION_CREATED campaignId=init-b targetAdCount=2
INFO:engine.builder1_campaign_store:BUILDER1_NEXT_AD_RESERVED campaignId=init-b adIndex=1 targetAdCount=2 
generatedCount=0 jobId=job-initial planRevision=1
ok
test_successful_planning_creates_campaign_without_active_lock 
(test_builder1_generation_lock.TestInitialFlowOwnership.test_successful_planning_creates_campaign_without_active_lock) 
... INFO:engine.builder1_campaign_store:BUILDER1_CAMPAIGN_CREATED campaignId=init-a targetAdCount=2 backend=memory 
planRevision=1
INFO:engine.builder1_campaign_store:BUILDER1_CAMPAIGN_SESSION_CREATED campaignId=init-a targetAdCount=2
ok
test_different_job_cannot_release_existing_lock 
(test_builder1_generation_lock.TestLockOwnershipRelease.test_different_job_cannot_release_existing_lock) ... 
INFO:engine.builder1_campaign_store:BUILDER1_CAMPAIGN_CREATED campaignId=token-b targetAdCount=2 backend=memory 
planRevision=1
INFO:engine.builder1_campaign_store:BUILDER1_CAMPAIGN_SESSION_CREATED campaignId=token-b targetAdCount=2
INFO:engine.builder1_campaign_store:BUILDER1_NEXT_AD_RESERVED campaignId=token-b adIndex=1 targetAdCount=2 
generatedCount=0 jobId=job-a planRevision=1
ok
test_old_owner_cannot_release_newer_lock 
(test_builder1_generation_lock.TestLockOwnershipRelease.test_old_owner_cannot_release_newer_lock) ... 
INFO:engine.builder1_campaign_store:BUILDER1_CAMPAIGN_CREATED campaignId=token-a targetAdCount=2 backend=memory 
planRevision=1
INFO:engine.builder1_campaign_store:BUILDER1_CAMPAIGN_SESSION_CREATED campaignId=token-a targetAdCount=2
INFO:engine.builder1_campaign_store:BUILDER1_NEXT_AD_RESERVED campaignId=token-a adIndex=1 targetAdCount=2 
generatedCount=0 jobId=job-a planRevision=1
ok
test_release_clears_generation_in_progress 
(test_builder1_generation_lock.TestLockOwnershipRelease.test_release_clears_generation_in_progress) ... 
INFO:engine.builder1_campaign_store:BUILDER1_CAMPAIGN_CREATED campaignId=token-c targetAdCount=2 backend=memory 
planRevision=1
INFO:engine.builder1_campaign_store:BUILDER1_CAMPAIGN_SESSION_CREATED campaignId=token-c targetAdCount=2
INFO:engine.builder1_campaign_store:BUILDER1_NEXT_AD_RESERVED campaignId=token-c adIndex=1 targetAdCount=2 
generatedCount=0 jobId=job-c planRevision=1
ok
test_create_campaign_session_json_has_no_generating_index_key (test_builder1_generation_lock.TestRedisNullArtifactRegre
ssion.test_create_campaign_session_json_has_no_generating_index_key) ... 
INFO:engine.builder1_campaign_store:BUILDER1_CAMPAIGN_CREATED campaignId=redis-shape targetAdCount=2 backend=memory 
planRevision=1
INFO:engine.builder1_campaign_store:BUILDER1_CAMPAIGN_SESSION_CREATED campaignId=redis-shape targetAdCount=2
INFO:engine.builder1_campaign_store:BUILDER1_NEXT_AD_RESERVED campaignId=redis-shape adIndex=1 targetAdCount=2 
generatedCount=0 jobId=job-redis planRevision=1
ok
test_campaign_locks_do_not_cross_campaigns 
(test_builder1_generation_lock.TestTrueConcurrency.test_campaign_locks_do_not_cross_campaigns) ... 
INFO:engine.builder1_campaign_store:BUILDER1_CAMPAIGN_CREATED campaignId=iso-a targetAdCount=2 backend=memory 
planRevision=1
INFO:engine.builder1_campaign_store:BUILDER1_CAMPAIGN_SESSION_CREATED campaignId=iso-a targetAdCount=2
INFO:engine.builder1_campaign_store:BUILDER1_CAMPAIGN_CREATED campaignId=iso-b targetAdCount=4 backend=memory 
planRevision=1
INFO:engine.builder1_campaign_store:BUILDER1_CAMPAIGN_SESSION_CREATED campaignId=iso-b targetAdCount=4
INFO:engine.builder1_campaign_store:BUILDER1_NEXT_AD_RESERVED campaignId=iso-a adIndex=1 targetAdCount=2 
generatedCount=0 jobId=job-a planRevision=1
INFO:engine.builder1_campaign_store:BUILDER1_NEXT_AD_RESERVED campaignId=iso-b adIndex=1 targetAdCount=4 
generatedCount=0 jobId=job-b planRevision=1
ok
test_different_job_blocked_while_ad_one_reserved 
(test_builder1_generation_lock.TestTrueConcurrency.test_different_job_blocked_while_ad_one_reserved) ... 
INFO:engine.builder1_campaign_store:BUILDER1_CAMPAIGN_CREATED campaignId=block-a targetAdCount=2 backend=memory 
planRevision=1
INFO:engine.builder1_campaign_store:BUILDER1_CAMPAIGN_SESSION_CREATED campaignId=block-a targetAdCount=2
INFO:engine.builder1_campaign_store:BUILDER1_NEXT_AD_RESERVED campaignId=block-a adIndex=1 targetAdCount=2 
generatedCount=0 jobId=owner-job planRevision=1
INFO:engine.builder1_campaign_store:BUILDER1_CONCURRENT_REQUEST_BLOCKED campaignId=block-a requestingJobId=other-job 
lockOwnerJobId=owner-job reservedAdIndex=1 lockAgeMs=0 sameOwner=False
ok
test_two_simultaneous_next_ad_requests_cannot_reserve_same_index 
(test_builder1_generation_lock.TestTrueConcurrency.test_two_simultaneous_next_ad_requests_cannot_reserve_same_index) 
... INFO:engine.builder1_campaign_store:BUILDER1_CAMPAIGN_CREATED campaignId=block-b targetAdCount=3 backend=memory 
planRevision=1
INFO:engine.builder1_campaign_store:BUILDER1_CAMPAIGN_SESSION_CREATED campaignId=block-b targetAdCount=3
INFO:engine.builder1_campaign_store:BUILDER1_NEXT_AD_RESERVED campaignId=block-b adIndex=1 targetAdCount=3 
generatedCount=0 jobId=job-a planRevision=1
INFO:engine.builder1_campaign_store:BUILDER1_CAMPAIGN_PROGRESS campaignId=block-b generatedCount=1 targetAdCount=3 
complete=False
INFO:engine.builder1_campaign_store:BUILDER1_AD_GENERATED campaignId=block-b adIndex=1 generatedCount=1 complete=False 
planRevision=1
INFO:engine.builder1_campaign_store:BUILDER1_NEXT_AD_RESERVED campaignId=block-b adIndex=2 targetAdCount=3 
generatedCount=1 jobId=job-2 planRevision=1
INFO:engine.builder1_campaign_store:BUILDER1_CONCURRENT_REQUEST_BLOCKED campaignId=block-b requestingJobId=job-1 
lockOwnerJobId=job-2 reservedAdIndex=2 lockAgeMs=0 sameOwner=False
ok
test_descriptive_fields_not_checked_against_hidden_enums 
(test_builder1_graphic_contract.TestGraphicContractAlignment.test_descriptive_fields_not_checked_against_hidden_enums) 
... ok
test_invalid_structural_values_fail_with_precise_reasons 
(test_builder1_graphic_contract.TestGraphicContractAlignment.test_invalid_structural_values_fail_with_precise_reasons) 
... ERROR:engine.builder1_graphic_contract:BUILDER1_GRAPHIC_FIELD_REJECTED stage=graphic_system 
field=backgroundTreatment reason=graphic_generator_background_treatment_too_short valuePreview=short
ERROR:engine.builder1_final_stages:BUILDER1_STAGE_FAILED stage=graphic_system 
reasons=['graphic_generator_background_treatment_too_short'] top_level_keys=['backgroundTreatment', 'borderTreatment', 
'brandBlockPlacement', 'brandScale', 'copySafeArea', 'framingRule', 'headlineAlignment', 'headlineMaxWidthPercent', 
'headlinePlacement', 'headlineScale', 'imageStyle', 'layoutTemplate', 'palette', 'recurringGraphicDevice', 
'recurringGraphicDeviceRule', 'shapeLanguage', 'sloganPlacement', 'sloganPlacementReason', 'sloganScale', 
'spacingRule', 'typographyStyle'] field_types={'palette': 'dict', 'layoutTemplate': 'str', 'headlinePlacement': 'str', 
'headlineAlignment': 'str', 'headlineMaxWidthPercent': 'int', 'brandBlockPlacement': 'str', 'sloganPlacement': 'str', 
'copySafeArea': 'dict', 'typographyStyle': 'str', 'headlineScale': 'str', 'brandScale': 'str', 'sloganScale': 'str', 
'imageStyle': 'str', 'backgroundTreatment': 'str', 'borderTreatment': 'str', 'recurringGraphicDevice': 'str', 
'recurringGraphicDeviceRule': 'str', 'shapeLanguage': 'str', 'framingRule': 'str', 'spacingRule': 'str', 
'sloganPlacementReason': 'str'}
ok
test_prompt_and_schema_background_contract 
(test_builder1_graphic_contract.TestGraphicContractAlignment.test_prompt_and_schema_background_contract) ... ok
test_prompt_and_schema_image_style_contract 
(test_builder1_graphic_contract.TestGraphicContractAlignment.test_prompt_and_schema_image_style_contract) ... ok
test_prompt_and_schema_typography_contract 
(test_builder1_graphic_contract.TestGraphicContractAlignment.test_prompt_and_schema_typography_contract) ... ok
test_valid_campaign_specific_descriptions_pass 
(test_builder1_graphic_contract.TestGraphicContractAlignment.test_valid_campaign_specific_descriptions_pass) ... ok
test_validator_uses_shared_structured_constants 
(test_builder1_graphic_contract.TestGraphicContractAlignment.test_validator_uses_shared_structured_constants) ... 
ERROR:engine.builder1_graphic_contract:BUILDER1_GRAPHIC_FIELD_REJECTED stage=graphic_system field=layoutTemplate 
reason=graphic_generator_invalid_layout valuePreview=not_a_layout
ok
test_contract_mismatch_stops_without_quality_fallback_when_same_model (test_builder1_graphic_contract.TestGraphicContra
ctMismatchDetection.test_contract_mismatch_stops_without_quality_fallback_when_same_model) ... 
INFO:engine.builder1_planner:BUILDER1_STAGE_START stage=graphic_system attempt=1
ERROR:engine.builder1_graphic_contract:BUILDER1_GRAPHIC_FIELD_REJECTED stage=graphic_system field=imageStyle 
reason=graphic_generator_image_style_too_short valuePreview=bad
ERROR:engine.builder1_final_stages:BUILDER1_STAGE_FAILED stage=graphic_system 
reasons=['graphic_generator_image_style_too_short'] top_level_keys=['backgroundTreatment', 'borderTreatment', 
'brandBlockPlacement', 'brandScale', 'copySafeArea', 'framingRule', 'headlineAlignment', 'headlineMaxWidthPercent', 
'headlinePlacement', 'headlineScale', 'imageStyle', 'layoutTemplate', 'palette', 'recurringGraphicDevice', 
'recurringGraphicDeviceRule', 'shapeLanguage', 'sloganPlacement', 'sloganPlacementReason', 'sloganScale', 
'spacingRule', 'typographyStyle'] field_types={'palette': 'dict', 'layoutTemplate': 'str', 'headlinePlacement': 'str', 
'headlineAlignment': 'str', 'headlineMaxWidthPercent': 'int', 'brandBlockPlacement': 'str', 'sloganPlacement': 'str', 
'copySafeArea': 'dict', 'typographyStyle': 'str', 'headlineScale': 'str', 'brandScale': 'str', 'sloganScale': 'str', 
'imageStyle': 'str', 'backgroundTreatment': 'str', 'borderTreatment': 'str', 'recurringGraphicDevice': 'str', 
'recurringGraphicDeviceRule': 'str', 'shapeLanguage': 'str', 'framingRule': 'str', 'spacingRule': 'str', 
'sloganPlacementReason': 'str'}
ERROR:engine.builder1_planner:BUILDER1_STAGE_FAILED stage=graphic_system 
reasons=['graphic_generator_image_style_too_short']
INFO:engine.builder1_planner:BUILDER1_STAGE_REPAIR stage=graphic_system
ERROR:engine.builder1_graphic_contract:BUILDER1_GRAPHIC_FIELD_REJECTED stage=graphic_system field=imageStyle 
reason=graphic_generator_image_style_too_short valuePreview=bad
ERROR:engine.builder1_final_stages:BUILDER1_STAGE_FAILED stage=graphic_system 
reasons=['graphic_generator_image_style_too_short'] top_level_keys=['backgroundTreatment', 'borderTreatment', 
'brandBlockPlacement', 'brandScale', 'copySafeArea', 'framingRule', 'headlineAlignment', 'headlineMaxWidthPercent', 
'headlinePlacement', 'headlineScale', 'imageStyle', 'layoutTemplate', 'palette', 'recurringGraphicDevice', 
'recurringGraphicDeviceRule', 'shapeLanguage', 'sloganPlacement', 'sloganPlacementReason', 'sloganScale', 
'spacingRule', 'typographyStyle'] field_types={'palette': 'dict', 'layoutTemplate': 'str', 'headlinePlacement': 'str', 
'headlineAlignment': 'str', 'headlineMaxWidthPercent': 'int', 'brandBlockPlacement': 'str', 'sloganPlacement': 'str', 
'copySafeArea': 'dict', 'typographyStyle': 'str', 'headlineScale': 'str', 'brandScale': 'str', 'sloganScale': 'str', 
'imageStyle': 'str', 'backgroundTreatment': 'str', 'borderTreatment': 'str', 'recurringGraphicDevice': 'str', 
'recurringGraphicDeviceRule': 'str', 'shapeLanguage': 'str', 'framingRule': 'str', 'spacingRule': 'str', 
'sloganPlacementReason': 'str'}
ERROR:engine.builder1_planner:BUILDER1_STAGE_FAILED stage=graphic_system repair 
reasons=['graphic_generator_image_style_too_short']
INFO:engine.builder1_planner:BUILDER1_STAGE_RETRY stage=graphic_system
INFO:engine.builder1_planner:BUILDER1_STAGE_DURATION stage=graphic_system attempt=1 durationMs=30
INFO:engine.builder1_planner:BUILDER1_STAGE_START stage=graphic_system attempt=2
ERROR:engine.builder1_graphic_contract:BUILDER1_GRAPHIC_FIELD_REJECTED stage=graphic_system field=imageStyle 
reason=graphic_generator_image_style_too_short valuePreview=bad
ERROR:engine.builder1_final_stages:BUILDER1_STAGE_FAILED stage=graphic_system 
reasons=['graphic_generator_image_style_too_short'] top_level_keys=['backgroundTreatment', 'borderTreatment', 
'brandBlockPlacement', 'brandScale', 'copySafeArea', 'framingRule', 'headlineAlignment', 'headlineMaxWidthPercent', 
'headlinePlacement', 'headlineScale', 'imageStyle', 'layoutTemplate', 'palette', 'recurringGraphicDevice', 
'recurringGraphicDeviceRule', 'shapeLanguage', 'sloganPlacement', 'sloganPlacementReason', 'sloganScale', 
'spacingRule', 'typographyStyle'] field_types={'palette': 'dict', 'layoutTemplate': 'str', 'headlinePlacement': 'str', 
'headlineAlignment': 'str', 'headlineMaxWidthPercent': 'int', 'brandBlockPlacement': 'str', 'sloganPlacement': 'str', 
'copySafeArea': 'dict', 'typographyStyle': 'str', 'headlineScale': 'str', 'brandScale': 'str', 'sloganScale': 'str', 
'imageStyle': 'str', 'backgroundTreatment': 'str', 'borderTreatment': 'str', 'recurringGraphicDevice': 'str', 
'recurringGraphicDeviceRule': 'str', 'shapeLanguage': 'str', 'framingRule': 'str', 'spacingRule': 'str', 
'sloganPlacementReason': 'str'}
ERROR:engine.builder1_planner:BUILDER1_STAGE_FAILED stage=graphic_system 
reasons=['graphic_generator_image_style_too_short']
INFO:engine.builder1_planner:BUILDER1_STAGE_RETRY stage=graphic_system
INFO:engine.builder1_planner:BUILDER1_STAGE_DURATION stage=graphic_system attempt=2 durationMs=0
ERROR:engine.builder1_planning_pipeline:BUILDER1_GRAPHIC_CONTRACT_UNRESOLVED stage=graphic_system 
reasons=['graphic_generator_image_style_too_short']
ok
test_production_shaped_enum_like_values_now_pass 
(test_builder1_graphic_contract.TestGraphicContractMismatchDetection.test_production_shaped_enum_like_values_now_pass) 
... ok
test_full_model_output_not_logged_on_rejection 
(test_builder1_graphic_contract.TestGraphicLogging.test_full_model_output_not_logged_on_rejection) ... 
ERROR:engine.builder1_final_stages:BUILDER1_STAGE_FAILED stage=graphic_system 
reasons=['graphic_generator_image_style_too_short'] top_level_keys=['backgroundTreatment', 'borderTreatment', 
'brandBlockPlacement', 'brandScale', 'copySafeArea', 'framingRule', 'headlineAlignment', 'headlineMaxWidthPercent', 
'headlinePlacement', 'headlineScale', 'imageStyle', 'layoutTemplate', 'palette', 'recurringGraphicDevice', 
'recurringGraphicDeviceRule', 'shapeLanguage', 'sloganPlacement', 'sloganPlacementReason', 'sloganScale', 
'spacingRule', 'typographyStyle'] field_types={'palette': 'dict', 'layoutTemplate': 'str', 'headlinePlacement': 'str', 
'headlineAlignment': 'str', 'headlineMaxWidthPercent': 'int', 'brandBlockPlacement': 'str', 'sloganPlacement': 'str', 
'copySafeArea': 'dict', 'typographyStyle': 'str', 'headlineScale': 'str', 'brandScale': 'str', 'sloganScale': 'str', 
'imageStyle': 'str', 'backgroundTreatment': 'str', 'borderTreatment': 'str', 'recurringGraphicDevice': 'str', 
'recurringGraphicDeviceRule': 'str', 'shapeLanguage': 'str', 'framingRule': 'str', 'spacingRule': 'str', 
'sloganPlacementReason': 'str'}
ok
test_reasoning_effort_warning_not_duplicated 
(test_builder1_graphic_contract.TestGraphicLogging.test_reasoning_effort_warning_not_duplicated) ... ok
test_rejected_field_logged_safely_and_truncated 
(test_builder1_graphic_contract.TestGraphicLogging.test_rejected_field_logged_safely_and_truncated) ... ok
test_balanced_routes_graphic_system_to_execution_model 
(test_builder1_graphic_contract.TestGraphicPipeline.test_balanced_routes_graphic_system_to_execution_model) ... ok
test_complete_stage_retry_counted 
(test_builder1_graphic_contract.TestGraphicPipeline.test_complete_stage_retry_counted) ... ok
test_exceptional_graphic_call_counted 
(test_builder1_graphic_contract.TestGraphicPipeline.test_exceptional_graphic_call_counted) ... ok
test_focused_graphic_repair_counted 
(test_builder1_graphic_contract.TestGraphicPipeline.test_focused_graphic_repair_counted) ... ok
test_generated_name_planning_remains_seven_calls 
(test_builder1_graphic_contract.TestGraphicPipeline.test_generated_name_planning_remains_seven_calls) ... 
INFO:engine.builder1_planner:BUILDER1_SERIES_PLANNING_START productName= format=portrait adCount=2 
seed=751e9ba6-62a6-4419-8776-df2ad4fab45e lang=en
INFO:engine.builder1_product_visibility:BUILDER1_PRODUCT_VISIBILITY_POLICY campaignId= mode=FORBIDDEN source=default
INFO:engine.builder1_planner:BUILDER1_PRODUCT_NAME_GENERATION_START
INFO:engine.builder1_planner:BUILDER1_STAGE_START stage=product_name_resolution attempt=1
INFO:engine.builder1_planner:BUILDER1_STAGE_PARSE_OK stage=product_name_resolution
INFO:engine.builder1_planner:BUILDER1_STAGE_DURATION stage=product_name_resolution attempt=1 durationMs=0
INFO:engine.builder1_planner:BUILDER1_PRODUCT_NAME_GENERATION_OK nameLength=9 lang=en
INFO:engine.builder1_planner:BUILDER1_PRODUCT_NAME_SOURCE source=generated
INFO:engine.builder1_planner:BUILDER1_STAGE_START stage=strategy_stage attempt=1
INFO:engine.builder1_strategy_scan:BUILDER1_STRATEGY_SCAN_OK candidates=12
INFO:engine.builder1_planner:BUILDER1_STAGE_PARSE_OK stage=strategy_stage
INFO:engine.builder1_planner:BUILDER1_STAGE_DURATION stage=strategy_stage attempt=1 durationMs=2
INFO:engine.builder1_planner:BUILDER1_STAGE_START stage=slogan_stage attempt=1
INFO:engine.builder1_planner:BUILDER1_STAGE_PARSE_OK stage=slogan_stage
INFO:engine.builder1_planner:BUILDER1_STAGE_DURATION stage=slogan_stage attempt=1 durationMs=0
INFO:engine.builder1_planner:BUILDER1_STAGE_START stage=conceptual_stage attempt=1
INFO:engine.builder1_planner:BUILDER1_STAGE_PARSE_OK stage=conceptual_stage
INFO:engine.builder1_planner:BUILDER1_STAGE_DURATION stage=conceptual_stage attempt=1 durationMs=1
INFO:engine.builder1_product_visibility:BUILDER1_PRODUCT_VISIBILITY_POLICY campaignId= mode=FORBIDDEN source=default
INFO:engine.builder1_planner:BUILDER1_STAGE_START stage=brand_physical attempt=1
INFO:engine.builder1_planner:BUILDER1_STAGE_PARSE_OK stage=brand_physical
INFO:engine.builder1_planner:BUILDER1_STAGE_DURATION stage=brand_physical attempt=1 durationMs=0
INFO:engine.builder1_planner:BUILDER1_STAGE_START stage=graphic_system attempt=1
INFO:engine.builder1_planner:BUILDER1_STAGE_PARSE_OK stage=graphic_system
INFO:engine.builder1_planner:BUILDER1_STAGE_DURATION stage=graphic_system attempt=1 durationMs=0
INFO:engine.builder1_planner:BUILDER1_STAGE_START stage=series_ads attempt=1
INFO:engine.builder1_planner:BUILDER1_STAGE_PARSE_OK stage=series_ads
INFO:engine.builder1_planner:BUILDER1_STAGE_DURATION stage=series_ads attempt=1 durationMs=0
INFO:engine.builder1_marketing_text_repair:BUILDER1_MARKETING_TEXT_CHECK adIndex=1 wordCount=50
INFO:engine.builder1_marketing_text_repair:BUILDER1_MARKETING_LANGUAGE_CHECK adIndex=1 targetLanguage=en 
dominantLanguage=en valid=True hebrewChars=0 latinChars=50
INFO:engine.builder1_marketing_text_repair:BUILDER1_MARKETING_TEXT_CHECK adIndex=2 wordCount=50
INFO:engine.builder1_marketing_text_repair:BUILDER1_MARKETING_LANGUAGE_CHECK adIndex=2 targetLanguage=en 
dominantLanguage=en valid=True hebrewChars=0 latinChars=50
INFO:engine.builder1_planning_pipeline:BUILDER1_INTEGRITY_OK
INFO:engine.builder1_planning_metrics:BUILDER1_PIPELINE_DURATION durationMs=12
INFO:engine.builder1_planner:BUILDER1_SERIES_PLANNING_OK adCount=2
INFO:engine.builder1_planning_metrics:BUILDER1_PLANNING_CALL_SUMMARY campaignId= jobId= productNameCallUsed=true 
productNameStageCalls=1 strategyStageCalls=1 sloganStageCalls=1 conceptualStageCalls=1 physicalStageCalls=1 
graphicStageCalls=1 seriesStageCalls=1 marketingTextRepairCalls=0 stageRepairCalls=0 stageRetryCalls=0 
stageModelFallbackCalls=0 normalExpectedCalls=7 actualPlanningCalls=7 totalPlanningModelCalls=7 promptTokens= 
outputTokens= totalTokens= totalPlanningDurationMs=12
ok
test_quality_fallback_counted_separately 
(test_builder1_graphic_contract.TestGraphicPipeline.test_quality_fallback_counted_separately) ... ok
test_quality_fallback_reruns_only_graphic_system 
(test_builder1_graphic_contract.TestGraphicPipeline.test_quality_fallback_reruns_only_graphic_system) ... 
INFO:engine.builder1_planner:BUILDER1_STAGE_START stage=graphic_system attempt=1
ERROR:engine.builder1_graphic_contract:BUILDER1_GRAPHIC_FIELD_REJECTED stage=graphic_system field=imageStyle 
reason=graphic_generator_image_style_too_short valuePreview=bad
ERROR:engine.builder1_final_stages:BUILDER1_STAGE_FAILED stage=graphic_system 
reasons=['graphic_generator_image_style_too_short'] top_level_keys=['backgroundTreatment', 'borderTreatment', 
'brandBlockPlacement', 'brandScale', 'copySafeArea', 'framingRule', 'headlineAlignment', 'headlineMaxWidthPercent', 
'headlinePlacement', 'headlineScale', 'imageStyle', 'layoutTemplate', 'palette', 'recurringGraphicDevice', 
'recurringGraphicDeviceRule', 'shapeLanguage', 'sloganPlacement', 'sloganPlacementReason', 'sloganScale', 
'spacingRule', 'typographyStyle'] field_types={'palette': 'dict', 'layoutTemplate': 'str', 'headlinePlacement': 'str', 
'headlineAlignment': 'str', 'headlineMaxWidthPercent': 'int', 'brandBlockPlacement': 'str', 'sloganPlacement': 'str', 
'copySafeArea': 'dict', 'typographyStyle': 'str', 'headlineScale': 'str', 'brandScale': 'str', 'sloganScale': 'str', 
'imageStyle': 'str', 'backgroundTreatment': 'str', 'borderTreatment': 'str', 'recurringGraphicDevice': 'str', 
'recurringGraphicDeviceRule': 'str', 'shapeLanguage': 'str', 'framingRule': 'str', 'spacingRule': 'str', 
'sloganPlacementReason': 'str'}
ERROR:engine.builder1_planner:BUILDER1_STAGE_FAILED stage=graphic_system 
reasons=['graphic_generator_image_style_too_short']
INFO:engine.builder1_planner:BUILDER1_STAGE_REPAIR stage=graphic_system
ERROR:engine.builder1_graphic_contract:BUILDER1_GRAPHIC_FIELD_REJECTED stage=graphic_system field=imageStyle 
reason=graphic_generator_image_style_too_short valuePreview=bad
ERROR:engine.builder1_final_stages:BUILDER1_STAGE_FAILED stage=graphic_system 
reasons=['graphic_generator_image_style_too_short'] top_level_keys=['backgroundTreatment', 'borderTreatment', 
'brandBlockPlacement', 'brandScale', 'copySafeArea', 'framingRule', 'headlineAlignment', 'headlineMaxWidthPercent', 
'headlinePlacement', 'headlineScale', 'imageStyle', 'layoutTemplate', 'palette', 'recurringGraphicDevice', 
'recurringGraphicDeviceRule', 'shapeLanguage', 'sloganPlacement', 'sloganPlacementReason', 'sloganScale', 
'spacingRule', 'typographyStyle'] field_types={'palette': 'dict', 'layoutTemplate': 'str', 'headlinePlacement': 'str', 
'headlineAlignment': 'str', 'headlineMaxWidthPercent': 'int', 'brandBlockPlacement': 'str', 'sloganPlacement': 'str', 
'copySafeArea': 'dict', 'typographyStyle': 'str', 'headlineScale': 'str', 'brandScale': 'str', 'sloganScale': 'str', 
'imageStyle': 'str', 'backgroundTreatment': 'str', 'borderTreatment': 'str', 'recurringGraphicDevice': 'str', 
'recurringGraphicDeviceRule': 'str', 'shapeLanguage': 'str', 'framingRule': 'str', 'spacingRule': 'str', 
'sloganPlacementReason': 'str'}
ERROR:engine.builder1_planner:BUILDER1_STAGE_FAILED stage=graphic_system repair 
reasons=['graphic_generator_image_style_too_short']
INFO:engine.builder1_planner:BUILDER1_STAGE_RETRY stage=graphic_system
INFO:engine.builder1_planner:BUILDER1_STAGE_DURATION stage=graphic_system attempt=1 durationMs=7
INFO:engine.builder1_planner:BUILDER1_STAGE_START stage=graphic_system attempt=2
ERROR:engine.builder1_graphic_contract:BUILDER1_GRAPHIC_FIELD_REJECTED stage=graphic_system field=imageStyle 
reason=graphic_generator_image_style_too_short valuePreview=bad
ERROR:engine.builder1_final_stages:BUILDER1_STAGE_FAILED stage=graphic_system 
reasons=['graphic_generator_image_style_too_short'] top_level_keys=['backgroundTreatment', 'borderTreatment', 
'brandBlockPlacement', 'brandScale', 'copySafeArea', 'framingRule', 'headlineAlignment', 'headlineMaxWidthPercent', 
'headlinePlacement', 'headlineScale', 'imageStyle', 'layoutTemplate', 'palette', 'recurringGraphicDevice', 
'recurringGraphicDeviceRule', 'shapeLanguage', 'sloganPlacement', 'sloganPlacementReason', 'sloganScale', 
'spacingRule', 'typographyStyle'] field_types={'palette': 'dict', 'layoutTemplate': 'str', 'headlinePlacement': 'str', 
'headlineAlignment': 'str', 'headlineMaxWidthPercent': 'int', 'brandBlockPlacement': 'str', 'sloganPlacement': 'str', 
'copySafeArea': 'dict', 'typographyStyle': 'str', 'headlineScale': 'str', 'brandScale': 'str', 'sloganScale': 'str', 
'imageStyle': 'str', 'backgroundTreatment': 'str', 'borderTreatment': 'str', 'recurringGraphicDevice': 'str', 
'recurringGraphicDeviceRule': 'str', 'shapeLanguage': 'str', 'framingRule': 'str', 'spacingRule': 'str', 
'sloganPlacementReason': 'str'}
ERROR:engine.builder1_planner:BUILDER1_STAGE_FAILED stage=graphic_system 
reasons=['graphic_generator_image_style_too_short']
INFO:engine.builder1_planner:BUILDER1_STAGE_RETRY stage=graphic_system
INFO:engine.builder1_planner:BUILDER1_STAGE_DURATION stage=graphic_system attempt=2 durationMs=0
INFO:engine.builder1_planning_pipeline:BUILDER1_STAGE_MODEL_FALLBACK stage=graphic_system fromModel=gpt-4.1 
toModel=o3-pro reason=execution_model_contract_failure
INFO:engine.builder1_planner:BUILDER1_STAGE_START stage=graphic_system attempt=1
INFO:engine.builder1_planner:BUILDER1_STAGE_PARSE_OK stage=graphic_system
INFO:engine.builder1_planner:BUILDER1_STAGE_DURATION stage=graphic_system attempt=1 durationMs=0
ok
test_successful_graphic_proceeds_to_series_ads 
(test_builder1_graphic_contract.TestGraphicPipeline.test_successful_graphic_proceeds_to_series_ads) ... 
INFO:engine.builder1_planner:BUILDER1_SERIES_PLANNING_START productName=CarryShell format=portrait adCount=2 
seed=540f6791-84dc-4f40-b6bc-001ff3b4a35e lang=en
INFO:engine.builder1_product_visibility:BUILDER1_PRODUCT_VISIBILITY_POLICY campaignId= mode=FORBIDDEN source=default
INFO:engine.builder1_planner:BUILDER1_PRODUCT_NAME_SOURCE source=user
INFO:engine.builder1_planner:BUILDER1_STAGE_START stage=strategy_stage attempt=1
INFO:engine.builder1_strategy_scan:BUILDER1_STRATEGY_SCAN_OK candidates=12
INFO:engine.builder1_planner:BUILDER1_STAGE_PARSE_OK stage=strategy_stage
INFO:engine.builder1_planner:BUILDER1_STAGE_DURATION stage=strategy_stage attempt=1 durationMs=3
INFO:engine.builder1_planner:BUILDER1_STAGE_START stage=slogan_stage attempt=1
INFO:engine.builder1_planner:BUILDER1_STAGE_PARSE_OK stage=slogan_stage
INFO:engine.builder1_planner:BUILDER1_STAGE_DURATION stage=slogan_stage attempt=1 durationMs=0
INFO:engine.builder1_planner:BUILDER1_STAGE_START stage=conceptual_stage attempt=1
INFO:engine.builder1_planner:BUILDER1_STAGE_PARSE_OK stage=conceptual_stage
INFO:engine.builder1_planner:BUILDER1_STAGE_DURATION stage=conceptual_stage attempt=1 durationMs=1
INFO:engine.builder1_product_visibility:BUILDER1_PRODUCT_VISIBILITY_POLICY campaignId= mode=FORBIDDEN source=default
INFO:engine.builder1_planner:BUILDER1_STAGE_START stage=brand_physical attempt=1
INFO:engine.builder1_planner:BUILDER1_STAGE_PARSE_OK stage=brand_physical
INFO:engine.builder1_planner:BUILDER1_STAGE_DURATION stage=brand_physical attempt=1 durationMs=0
INFO:engine.builder1_planner:BUILDER1_STAGE_START stage=graphic_system attempt=1
INFO:engine.builder1_planner:BUILDER1_STAGE_PARSE_OK stage=graphic_system
INFO:engine.builder1_planner:BUILDER1_STAGE_DURATION stage=graphic_system attempt=1 durationMs=0
INFO:engine.builder1_planner:BUILDER1_STAGE_START stage=series_ads attempt=1
INFO:engine.builder1_planner:BUILDER1_STAGE_PARSE_OK stage=series_ads
INFO:engine.builder1_planner:BUILDER1_STAGE_DURATION stage=series_ads attempt=1 durationMs=0
INFO:engine.builder1_marketing_text_repair:BUILDER1_MARKETING_TEXT_CHECK adIndex=1 wordCount=50
INFO:engine.builder1_marketing_text_repair:BUILDER1_MARKETING_LANGUAGE_CHECK adIndex=1 targetLanguage=en 
dominantLanguage=en valid=True hebrewChars=0 latinChars=50
INFO:engine.builder1_marketing_text_repair:BUILDER1_MARKETING_TEXT_CHECK adIndex=2 wordCount=50
INFO:engine.builder1_marketing_text_repair:BUILDER1_MARKETING_LANGUAGE_CHECK adIndex=2 targetLanguage=en 
dominantLanguage=en valid=True hebrewChars=0 latinChars=50
INFO:engine.builder1_planning_pipeline:BUILDER1_INTEGRITY_OK
INFO:engine.builder1_planning_metrics:BUILDER1_PIPELINE_DURATION durationMs=23
INFO:engine.builder1_planner:BUILDER1_SERIES_PLANNING_OK adCount=2
INFO:engine.builder1_planning_metrics:BUILDER1_PLANNING_CALL_SUMMARY campaignId= jobId= productNameCallUsed=false 
productNameStageCalls=0 strategyStageCalls=1 sloganStageCalls=1 conceptualStageCalls=1 physicalStageCalls=1 
graphicStageCalls=1 seriesStageCalls=1 marketingTextRepairCalls=0 stageRepairCalls=0 stageRetryCalls=0 
stageModelFallbackCalls=0 normalExpectedCalls=6 actualPlanningCalls=6 totalPlanningModelCalls=6 promptTokens= 
outputTokens= totalTokens= totalPlanningDurationMs=23
ok
test_supplied_name_planning_remains_six_calls 
(test_builder1_graphic_contract.TestGraphicPipeline.test_supplied_name_planning_remains_six_calls) ... 
INFO:engine.builder1_planner:BUILDER1_SERIES_PLANNING_START productName=CarryShell format=portrait adCount=2 
seed=1b66ebe6-0374-4753-ad81-e4d5edc0d5ca lang=en
INFO:engine.builder1_product_visibility:BUILDER1_PRODUCT_VISIBILITY_POLICY campaignId= mode=FORBIDDEN source=default
INFO:engine.builder1_planner:BUILDER1_PRODUCT_NAME_SOURCE source=user
INFO:engine.builder1_planner:BUILDER1_STAGE_START stage=strategy_stage attempt=1
INFO:engine.builder1_strategy_scan:BUILDER1_STRATEGY_SCAN_OK candidates=12
INFO:engine.builder1_planner:BUILDER1_STAGE_PARSE_OK stage=strategy_stage
INFO:engine.builder1_planner:BUILDER1_STAGE_DURATION stage=strategy_stage attempt=1 durationMs=2
INFO:engine.builder1_planner:BUILDER1_STAGE_START stage=slogan_stage attempt=1
INFO:engine.builder1_planner:BUILDER1_STAGE_PARSE_OK stage=slogan_stage
INFO:engine.builder1_planner:BUILDER1_STAGE_DURATION stage=slogan_stage attempt=1 durationMs=0
INFO:engine.builder1_planner:BUILDER1_STAGE_START stage=conceptual_stage attempt=1
INFO:engine.builder1_planner:BUILDER1_STAGE_PARSE_OK stage=conceptual_stage
INFO:engine.builder1_planner:BUILDER1_STAGE_DURATION stage=conceptual_stage attempt=1 durationMs=1
INFO:engine.builder1_product_visibility:BUILDER1_PRODUCT_VISIBILITY_POLICY campaignId= mode=FORBIDDEN source=default
INFO:engine.builder1_planner:BUILDER1_STAGE_START stage=brand_physical attempt=1
INFO:engine.builder1_planner:BUILDER1_STAGE_PARSE_OK stage=brand_physical
INFO:engine.builder1_planner:BUILDER1_STAGE_DURATION stage=brand_physical attempt=1 durationMs=0
INFO:engine.builder1_planner:BUILDER1_STAGE_START stage=graphic_system attempt=1
INFO:engine.builder1_planner:BUILDER1_STAGE_PARSE_OK stage=graphic_system
INFO:engine.builder1_planner:BUILDER1_STAGE_DURATION stage=graphic_system attempt=1 durationMs=0
INFO:engine.builder1_planner:BUILDER1_STAGE_START stage=series_ads attempt=1
INFO:engine.builder1_planner:BUILDER1_STAGE_PARSE_OK stage=series_ads
INFO:engine.builder1_planner:BUILDER1_STAGE_DURATION stage=series_ads attempt=1 durationMs=0
INFO:engine.builder1_marketing_text_repair:BUILDER1_MARKETING_TEXT_CHECK adIndex=1 wordCount=50
INFO:engine.builder1_marketing_text_repair:BUILDER1_MARKETING_LANGUAGE_CHECK adIndex=1 targetLanguage=en 
dominantLanguage=en valid=True hebrewChars=0 latinChars=50
INFO:engine.builder1_marketing_text_repair:BUILDER1_MARKETING_TEXT_CHECK adIndex=2 wordCount=50
INFO:engine.builder1_marketing_text_repair:BUILDER1_MARKETING_LANGUAGE_CHECK adIndex=2 targetLanguage=en 
dominantLanguage=en valid=True hebrewChars=0 latinChars=50
INFO:engine.builder1_planning_pipeline:BUILDER1_INTEGRITY_OK
INFO:engine.builder1_planning_metrics:BUILDER1_PIPELINE_DURATION durationMs=12
INFO:engine.builder1_planner:BUILDER1_SERIES_PLANNING_OK adCount=2
INFO:engine.builder1_planning_metrics:BUILDER1_PLANNING_CALL_SUMMARY campaignId= jobId= productNameCallUsed=false 
productNameStageCalls=0 strategyStageCalls=1 sloganStageCalls=1 conceptualStageCalls=1 physicalStageCalls=1 
graphicStageCalls=1 seriesStageCalls=1 marketingTextRepairCalls=0 stageRepairCalls=0 stageRetryCalls=0 
stageModelFallbackCalls=0 normalExpectedCalls=6 actualPlanningCalls=6 totalPlanningModelCalls=6 promptTokens= 
outputTokens= totalTokens= totalPlanningDurationMs=12
ok
test_upstream_selections_remain_fixed_during_graphic_fallback 
(test_builder1_graphic_contract.TestGraphicPipeline.test_upstream_selections_remain_fixed_during_graphic_fallback) ... 
ok
test_builder2_unchanged (test_builder1_graphic_contract.TestGraphicRegression.test_builder2_unchanged) ... ok
test_fifty_marketing_words_enforced_elsewhere 
(test_builder1_graphic_contract.TestGraphicRegression.test_fifty_marketing_words_enforced_elsewhere) ... ok
test_methodology_prompts_remain_present 
(test_builder1_graphic_contract.TestGraphicRegression.test_methodology_prompts_remain_present) ... ok
test_no_builder1_final_judge_added 
(test_builder1_graphic_contract.TestGraphicRegression.test_no_builder1_final_judge_added) ... 
D:\α±2\ACE\ACE-Backend\tests\test_builder1_graphic_contract.py:335: ResourceWarning: unclosed file <_io.TextIOWrapper 
name='D:\\α±2\\ACE\\ACE-Backend\\engine\\builder1_planner.py' mode='r' encoding='utf-8'>
  source = open(planner_module.__file__, encoding="utf-8").read()
ResourceWarning: Enable tracemalloc to get the object allocation traceback
ok
test_no_logo_enforcement_remains 
(test_builder1_graphic_contract.TestGraphicRegression.test_no_logo_enforcement_remains) ... ok
test_product_visibility_forbidden_in_series_prompt 
(test_builder1_graphic_contract.TestGraphicRegression.test_product_visibility_forbidden_in_series_prompt) ... ok
test_gpt41_shaped_response_passes_when_contract_satisfied (test_builder1_graphic_contract.TestProductionShapedGpt41Outp
ut.test_gpt41_shaped_response_passes_when_contract_satisfied) ... ok
test_repair_preserves_valid_fields_instruction 
(test_builder1_graphic_contract.TestProductionShapedGpt41Output.test_repair_preserves_valid_fields_instruction) ... ok
test_repair_receives_exact_descriptive_requirements 
(test_builder1_graphic_contract.TestProductionShapedGpt41Output.test_repair_receives_exact_descriptive_requirements) 
... ok
test_repair_receives_exact_structural_requirements 
(test_builder1_graphic_contract.TestProductionShapedGpt41Output.test_repair_receives_exact_structural_requirements) 
... ok
test_unsupported_enum_value_fails_for_structured_field (test_builder1_graphic_contract.TestProductionShapedGpt41Output.
test_unsupported_enum_value_fails_for_structured_field) ... 
ERROR:engine.builder1_graphic_contract:BUILDER1_GRAPHIC_FIELD_REJECTED stage=graphic_system field=layoutTemplate 
reason=graphic_generator_invalid_layout valuePreview=invalid_layout
ERROR:engine.builder1_final_stages:BUILDER1_STAGE_FAILED stage=graphic_system 
reasons=['graphic_generator_invalid_layout'] top_level_keys=['backgroundTreatment', 'borderTreatment', 
'brandBlockPlacement', 'brandScale', 'copySafeArea', 'framingRule', 'headlineAlignment', 'headlineMaxWidthPercent', 
'headlinePlacement', 'headlineScale', 'imageStyle', 'layoutTemplate', 'palette', 'recurringGraphicDevice', 
'recurringGraphicDeviceRule', 'shapeLanguage', 'sloganPlacement', 'sloganPlacementReason', 'sloganScale', 
'spacingRule', 'typographyStyle'] field_types={'palette': 'dict', 'layoutTemplate': 'str', 'headlinePlacement': 'str', 
'headlineAlignment': 'str', 'headlineMaxWidthPercent': 'int', 'brandBlockPlacement': 'str', 'sloganPlacement': 'str', 
'copySafeArea': 'dict', 'typographyStyle': 'str', 'headlineScale': 'str', 'brandScale': 'str', 'sloganScale': 'str', 
'imageStyle': 'str', 'backgroundTreatment': 'str', 'borderTreatment': 'str', 'recurringGraphicDevice': 'str', 
'recurringGraphicDeviceRule': 'str', 'shapeLanguage': 'str', 'framingRule': 'str', 'spacingRule': 'str', 
'sloganPlacementReason': 'str'}
ok
test_wording_variation_not_rejected_for_descriptive_field (test_builder1_graphic_contract.TestProductionShapedGpt41Outp
ut.test_wording_variation_not_rejected_for_descriptive_field) ... ok
test_builder2_files_exist_without_compliance_changes 
(test_builder1_image_compliance_contract.TestBuilder2Unchanged.test_builder2_files_exist_without_compliance_changes) 
... ok
test_failed_review_triggers_one_regeneration 
(test_builder1_image_compliance_contract.TestComplianceGenerationFlow.test_failed_review_triggers_one_regeneration) 
... INFO:engine.builder1_image_generator:BUILDER1_SERIES_IMAGE_START adIndex=1 attempt=1
INFO:engine.builder1_image_generator:BUILDER1_SERIES_IMAGE_OK adIndex=1
INFO:engine.builder1_image_compliance:BUILDER1_IMAGE_COMPLIANCE_REVIEW_START campaignId= jobId= adIndex=1
INFO:engine.builder1_compliance_adjudication:BUILDER1_IMAGE_COMPLIANCE_FINDING campaignId= adIndex=1 
code=invented_product_logo severity=hard confidence=high evidenceType= location= relationshipToBrandText= 
planRevision=1
ERROR:engine.builder1_image_compliance:BUILDER1_IMAGE_COMPLIANCE_REVIEW_FAIL campaignId= jobId= adIndex=1 
hardViolations=['invented_product_logo'] advisories=[]
INFO:engine.builder1_failure_classification:BUILDER1_FAILURE_CLASSIFIED campaignId= adIndex=1 
failureClass=IMAGE_EXECUTION action=REGENERATE_IMAGE structuredPlanConflict=false preflightConflict=false 
pixelReviewViolations=['invented_product_logo'] planRevision=1
INFO:engine.builder1_image_generator:BUILDER1_IMAGE_COMPLIANCE_REGENERATE campaignId= jobId= adIndex=1 planRevision=1 
level=1 hardViolations=['invented_product_logo'] advisories=[]
INFO:engine.builder1_image_retry:BUILDER1_IMAGE_RETRY_CORRECTION campaignId= adIndex=1 planRevision=1 
violations=['invented_product_logo']
INFO:engine.builder1_image_generator:BUILDER1_SERIES_IMAGE_START adIndex=1 attempt=1
INFO:engine.builder1_image_generator:BUILDER1_SERIES_IMAGE_OK adIndex=1
INFO:engine.builder1_image_compliance:BUILDER1_IMAGE_COMPLIANCE_REVIEW_START campaignId= jobId= adIndex=1
INFO:engine.builder1_image_compliance:BUILDER1_IMAGE_COMPLIANCE_REVIEW_PASS campaignId= jobId= adIndex=1 
confidence=high
ok
test_review_infrastructure_failure_raises_unavailable (test_builder1_image_compliance_contract.TestComplianceGeneration
Flow.test_review_infrastructure_failure_raises_unavailable) ... 
INFO:engine.builder1_image_generator:BUILDER1_SERIES_IMAGE_START adIndex=1 attempt=1
INFO:engine.builder1_image_generator:BUILDER1_SERIES_IMAGE_OK adIndex=1
INFO:engine.builder1_image_compliance:BUILDER1_IMAGE_COMPLIANCE_REVIEW_START campaignId= jobId= adIndex=1
ERROR:engine.builder1_image_compliance:BUILDER1_IMAGE_COMPLIANCE_UNAVAILABLE campaignId= jobId= adIndex=1 
reasonCode=missing_api_key
ok
test_second_visual_failure_raises_compliance_failed (test_builder1_image_compliance_contract.TestComplianceGenerationFl
ow.test_second_visual_failure_raises_compliance_failed) ... 
INFO:engine.builder1_image_generator:BUILDER1_SERIES_IMAGE_START adIndex=1 attempt=1
INFO:engine.builder1_image_generator:BUILDER1_SERIES_IMAGE_OK adIndex=1
INFO:engine.builder1_image_compliance:BUILDER1_IMAGE_COMPLIANCE_REVIEW_START campaignId= jobId= adIndex=1
INFO:engine.builder1_compliance_adjudication:BUILDER1_IMAGE_COMPLIANCE_FINDING campaignId= adIndex=1 
code=invented_product_logo severity=hard confidence=high evidenceType= location= relationshipToBrandText= 
planRevision=1
ERROR:engine.builder1_image_compliance:BUILDER1_IMAGE_COMPLIANCE_REVIEW_FAIL campaignId= jobId= adIndex=1 
hardViolations=['invented_product_logo'] advisories=[]
INFO:engine.builder1_failure_classification:BUILDER1_FAILURE_CLASSIFIED campaignId= adIndex=1 
failureClass=IMAGE_EXECUTION action=REGENERATE_IMAGE structuredPlanConflict=false preflightConflict=false 
pixelReviewViolations=['invented_product_logo'] planRevision=1
INFO:engine.builder1_image_generator:BUILDER1_IMAGE_COMPLIANCE_REGENERATE campaignId= jobId= adIndex=1 planRevision=1 
level=1 hardViolations=['invented_product_logo'] advisories=[]
INFO:engine.builder1_image_retry:BUILDER1_IMAGE_RETRY_CORRECTION campaignId= adIndex=1 planRevision=1 
violations=['invented_product_logo']
INFO:engine.builder1_image_generator:BUILDER1_SERIES_IMAGE_START adIndex=1 attempt=1
INFO:engine.builder1_image_generator:BUILDER1_SERIES_IMAGE_OK adIndex=1
INFO:engine.builder1_image_compliance:BUILDER1_IMAGE_COMPLIANCE_REVIEW_START campaignId= jobId= adIndex=1
INFO:engine.builder1_compliance_adjudication:BUILDER1_IMAGE_COMPLIANCE_FINDING campaignId= adIndex=1 
code=invented_product_logo severity=hard confidence=high evidenceType= location= relationshipToBrandText= 
planRevision=1
ERROR:engine.builder1_image_compliance:BUILDER1_IMAGE_COMPLIANCE_REVIEW_FAIL campaignId= jobId= adIndex=1 
hardViolations=['invented_product_logo'] advisories=[]
INFO:engine.builder1_failure_classification:BUILDER1_FAILURE_CLASSIFIED campaignId= adIndex=1 
failureClass=IMAGE_EXECUTION action=REGENERATE_IMAGE structuredPlanConflict=false preflightConflict=false 
pixelReviewViolations=['invented_product_logo'] planRevision=1
INFO:engine.builder1_image_generator:BUILDER1_IMAGE_COMPLIANCE_REGENERATE campaignId= jobId= adIndex=1 planRevision=1 
level=2 hardViolations=['invented_product_logo'] advisories=[]
INFO:engine.builder1_image_generator:BUILDER1_SERIES_IMAGE_START adIndex=1 attempt=1
INFO:engine.builder1_image_generator:BUILDER1_SERIES_IMAGE_OK adIndex=1
INFO:engine.builder1_image_compliance:BUILDER1_IMAGE_COMPLIANCE_REVIEW_START campaignId= jobId= adIndex=1
INFO:engine.builder1_compliance_adjudication:BUILDER1_IMAGE_COMPLIANCE_FINDING campaignId= adIndex=1 
code=invented_product_logo severity=hard confidence=high evidenceType= location= relationshipToBrandText= 
planRevision=1
ERROR:engine.builder1_image_compliance:BUILDER1_IMAGE_COMPLIANCE_REVIEW_FAIL campaignId= jobId= adIndex=1 
hardViolations=['invented_product_logo'] advisories=[]
INFO:engine.builder1_failure_classification:BUILDER1_FAILURE_CLASSIFIED campaignId= adIndex=1 
failureClass=IMAGE_EXECUTION action=REGENERATE_IMAGE structuredPlanConflict=false preflightConflict=false 
pixelReviewViolations=['invented_product_logo'] planRevision=1
INFO:engine.builder1_image_generator:BUILDER1_IMAGE_COMPLIANCE_REGENERATE campaignId= jobId= adIndex=1 planRevision=1 
level=3 hardViolations=['invented_product_logo'] advisories=[]
ok
test_valid_pass_stores_image 
(test_builder1_image_compliance_contract.TestComplianceGenerationFlow.test_valid_pass_stores_image) ... 
INFO:engine.builder1_image_generator:BUILDER1_SERIES_IMAGE_START adIndex=1 attempt=1
INFO:engine.builder1_image_generator:BUILDER1_SERIES_IMAGE_OK adIndex=1
INFO:engine.builder1_image_compliance:BUILDER1_IMAGE_COMPLIANCE_REVIEW_START campaignId= jobId= adIndex=1
INFO:engine.builder1_image_compliance:BUILDER1_IMAGE_COMPLIANCE_REVIEW_PASS campaignId= jobId= adIndex=1 
confidence=high
ok
test_injected_reviewer_may_approve_without_api (test_builder1_image_compliance_contract.TestComplianceProductionFailClo
sed.test_injected_reviewer_may_approve_without_api) ... 
INFO:engine.builder1_image_compliance:BUILDER1_IMAGE_COMPLIANCE_REVIEW_START campaignId= jobId= adIndex=1
INFO:engine.builder1_image_compliance:BUILDER1_IMAGE_COMPLIANCE_REVIEW_PASS campaignId= jobId= adIndex=1 
confidence=high
ok
test_malformed_json_never_auto_passes 
(test_builder1_image_compliance_contract.TestComplianceProductionFailClosed.test_malformed_json_never_auto_passes) ... 
ok
test_missing_api_key_never_auto_passes 
(test_builder1_image_compliance_contract.TestComplianceProductionFailClosed.test_missing_api_key_never_auto_passes) 
... INFO:engine.builder1_image_compliance:BUILDER1_IMAGE_COMPLIANCE_REVIEW_START campaignId= jobId= adIndex=1
ERROR:engine.builder1_image_compliance:BUILDER1_IMAGE_COMPLIANCE_UNAVAILABLE campaignId= jobId= adIndex=1 
reasonCode=missing_api_key
ok
test_missing_review_client_returns_unavailable (test_builder1_image_compliance_contract.TestComplianceProductionFailClo
sed.test_missing_review_client_returns_unavailable) ... 
INFO:engine.builder1_image_compliance:BUILDER1_IMAGE_COMPLIANCE_REVIEW_START campaignId= jobId= adIndex=2
ERROR:engine.builder1_image_compliance:BUILDER1_IMAGE_COMPLIANCE_UNAVAILABLE campaignId= jobId= adIndex=2 
reasonCode=client_unavailable
ok
test_pass_false_without_violations_rejected (test_builder1_image_compliance_contract.TestComplianceProductionFailClosed
.test_pass_false_without_violations_rejected) ... ok
test_pass_true_with_violations_rejected 
(test_builder1_image_compliance_contract.TestComplianceProductionFailClosed.test_pass_true_with_violations_rejected) 
... ok
test_unsupported_model_never_auto_passes 
(test_builder1_image_compliance_contract.TestComplianceProductionFailClosed.test_unsupported_model_never_auto_passes) 
... INFO:engine.builder1_image_compliance:BUILDER1_IMAGE_COMPLIANCE_REVIEW_START campaignId= jobId= adIndex=1
ERROR:engine.builder1_image_compliance:BUILDER1_IMAGE_COMPLIANCE_UNAVAILABLE campaignId= jobId= adIndex=1 
reasonCode=unsupported_model
ok
test_both_errors_share_retryable_and_next_ad_index (test_builder1_image_compliance_contract.TestCompliancePublicApiCont
ract.test_both_errors_share_retryable_and_next_ad_index) ... 
INFO:engine.builder1_campaign_store:BUILDER1_CAMPAIGN_CREATED campaignId=cmp-both targetAdCount=4 backend=memory 
planRevision=1
INFO:engine.builder1_campaign_store:BUILDER1_CAMPAIGN_SESSION_CREATED campaignId=cmp-both targetAdCount=4
INFO:engine.builder1_campaign_store:BUILDER1_NEXT_AD_RESERVED campaignId=cmp-both adIndex=1 targetAdCount=4 
generatedCount=0 jobId=None planRevision=1
INFO:engine.builder1_campaign_store:BUILDER1_CAMPAIGN_PROGRESS campaignId=cmp-both generatedCount=1 targetAdCount=4 
complete=False
INFO:engine.builder1_campaign_store:BUILDER1_AD_GENERATED campaignId=cmp-both adIndex=1 generatedCount=1 
complete=False planRevision=1
INFO:engine.builder1_campaign_store:BUILDER1_NEXT_AD_RESERVED campaignId=cmp-both adIndex=2 targetAdCount=4 
generatedCount=1 jobId=job-both planRevision=1
INFO:engine.builder1_jobs_store:BUILDER1_JOB_CREATED jobId=job-both campaignId=cmp-both targetAdCount=4 backend=memory
INFO:app:BUILDER1_GENERATION_LOCK_CONTINUED campaignId=cmp-both jobId=job-both reservedAdIndex=2
INFO:app:BUILDER1_NEXT_AD_INDEX jobId=job-both campaignId=cmp-both adIndex=2 targetAdCount=4
INFO:engine.builder1_campaign_store:BUILDER1_IMAGE_RETRY_REQUIRED campaignId=cmp-both failedAdIndex=2 generatedCount=1 
targetAdCount=4 planRevision=1 violations=['invented_product_logo']
ERROR:app:BUILDER1_IMAGE_COMPLIANCE_FAILED campaignId=cmp-both jobId=job-both adIndex=2 
hardViolations=['invented_product_logo'] advisories=[]
INFO:engine.builder1_campaign_store:BUILDER1_NEXT_AD_RESERVED campaignId=cmp-both adIndex=2 targetAdCount=4 
generatedCount=1 jobId=job-both planRevision=1
INFO:engine.builder1_jobs_store:BUILDER1_JOB_CREATED jobId=job-both campaignId=cmp-both targetAdCount=4 backend=memory
INFO:app:BUILDER1_GENERATION_LOCK_CONTINUED campaignId=cmp-both jobId=job-both reservedAdIndex=2
INFO:app:BUILDER1_NEXT_AD_INDEX jobId=job-both campaignId=cmp-both adIndex=2 targetAdCount=4
ERROR:app:BUILDER1_IMAGE_COMPLIANCE_UNAVAILABLE campaignId=cmp-both jobId=job-both adIndex=2 
reasonCode=review_service_error pending=False
ok
test_compliance_failed_public_payload 
(test_builder1_image_compliance_contract.TestCompliancePublicApiContract.test_compliance_failed_public_payload) ... 
INFO:engine.builder1_campaign_store:BUILDER1_CAMPAIGN_CREATED campaignId=cmp-contract targetAdCount=4 backend=memory 
planRevision=1
INFO:engine.builder1_campaign_store:BUILDER1_CAMPAIGN_SESSION_CREATED campaignId=cmp-contract targetAdCount=4
INFO:engine.builder1_campaign_store:BUILDER1_NEXT_AD_RESERVED campaignId=cmp-contract adIndex=1 targetAdCount=4 
generatedCount=0 jobId=None planRevision=1
INFO:engine.builder1_campaign_store:BUILDER1_CAMPAIGN_PROGRESS campaignId=cmp-contract generatedCount=1 
targetAdCount=4 complete=False
INFO:engine.builder1_campaign_store:BUILDER1_AD_GENERATED campaignId=cmp-contract adIndex=1 generatedCount=1 
complete=False planRevision=1
INFO:engine.builder1_campaign_store:BUILDER1_NEXT_AD_RESERVED campaignId=cmp-contract adIndex=2 targetAdCount=4 
generatedCount=1 jobId=job-fail planRevision=1
INFO:engine.builder1_jobs_store:BUILDER1_JOB_CREATED jobId=job-fail campaignId=cmp-contract targetAdCount=4 
backend=memory
INFO:app:BUILDER1_GENERATION_LOCK_CONTINUED campaignId=cmp-contract jobId=job-fail reservedAdIndex=2
INFO:app:BUILDER1_NEXT_AD_INDEX jobId=job-fail campaignId=cmp-contract adIndex=2 targetAdCount=4
INFO:engine.builder1_campaign_store:BUILDER1_IMAGE_RETRY_REQUIRED campaignId=cmp-contract failedAdIndex=2 
generatedCount=1 targetAdCount=4 planRevision=1 violations=['invented_product_logo']
ERROR:app:BUILDER1_IMAGE_COMPLIANCE_FAILED campaignId=cmp-contract jobId=job-fail adIndex=2 
hardViolations=['invented_product_logo'] advisories=[]
ok
test_compliance_unavailable_public_payload 
(test_builder1_image_compliance_contract.TestCompliancePublicApiContract.test_compliance_unavailable_public_payload) 
... INFO:engine.builder1_campaign_store:BUILDER1_CAMPAIGN_CREATED campaignId=cmp-unavail targetAdCount=4 
backend=memory planRevision=1
INFO:engine.builder1_campaign_store:BUILDER1_CAMPAIGN_SESSION_CREATED campaignId=cmp-unavail targetAdCount=4
INFO:engine.builder1_campaign_store:BUILDER1_NEXT_AD_RESERVED campaignId=cmp-unavail adIndex=1 targetAdCount=4 
generatedCount=0 jobId=None planRevision=1
INFO:engine.builder1_campaign_store:BUILDER1_CAMPAIGN_PROGRESS campaignId=cmp-unavail generatedCount=1 targetAdCount=4 
complete=False
INFO:engine.builder1_campaign_store:BUILDER1_AD_GENERATED campaignId=cmp-unavail adIndex=1 generatedCount=1 
complete=False planRevision=1
INFO:engine.builder1_campaign_store:BUILDER1_NEXT_AD_RESERVED campaignId=cmp-unavail adIndex=2 targetAdCount=4 
generatedCount=1 jobId=job-unavail planRevision=1
INFO:engine.builder1_jobs_store:BUILDER1_JOB_CREATED jobId=job-unavail campaignId=cmp-unavail targetAdCount=4 
backend=memory
INFO:app:BUILDER1_GENERATION_LOCK_CONTINUED campaignId=cmp-unavail jobId=job-unavail reservedAdIndex=2
INFO:app:BUILDER1_NEXT_AD_INDEX jobId=job-unavail campaignId=cmp-unavail adIndex=2 targetAdCount=4
INFO:engine.builder1_pending_image_store:BUILDER1_PENDING_IMAGE_SAVED campaignId=cmp-unavail adIndex=2 planRevision=1 
reference=cmp-unavail:2:r1 bytes=3 redisKey=builder1:pending-image:cmp-unavail:2:r1 ttlSeconds=86400
INFO:engine.builder1_campaign_store:BUILDER1_COMPLIANCE_REVIEW_REQUIRED campaignId=cmp-unavail failedAdIndex=2 
generatedCount=1 targetAdCount=4 planRevision=1 reason=missing_api_key pendingImageKey=cmp-unavail:2:r1 
contractAttempts=1
ERROR:app:BUILDER1_IMAGE_COMPLIANCE_UNAVAILABLE campaignId=cmp-unavail jobId=job-unavail adIndex=2 
reasonCode=missing_api_key pending=True
ok
test_concurrent_campaigns_remain_isolated 
(test_builder1_image_compliance_contract.TestCompliancePublicApiContract.test_concurrent_campaigns_remain_isolated) 
... INFO:engine.builder1_campaign_store:BUILDER1_CAMPAIGN_CREATED campaignId=iso-a targetAdCount=2 backend=memory 
planRevision=1
INFO:engine.builder1_campaign_store:BUILDER1_CAMPAIGN_SESSION_CREATED campaignId=iso-a targetAdCount=2
INFO:engine.builder1_campaign_store:BUILDER1_CAMPAIGN_CREATED campaignId=iso-b targetAdCount=2 backend=memory 
planRevision=1
INFO:engine.builder1_campaign_store:BUILDER1_CAMPAIGN_SESSION_CREATED campaignId=iso-b targetAdCount=2
INFO:engine.builder1_campaign_store:BUILDER1_NEXT_AD_RESERVED campaignId=iso-a adIndex=1 targetAdCount=2 
generatedCount=0 jobId=None planRevision=1
INFO:engine.builder1_campaign_store:BUILDER1_NEXT_AD_RESERVED campaignId=iso-b adIndex=1 targetAdCount=2 
generatedCount=0 jobId=None planRevision=1
ok
test_generated_count_does_not_advance_on_failed (test_builder1_image_compliance_contract.TestCompliancePublicApiContrac
t.test_generated_count_does_not_advance_on_failed) ... INFO:engine.builder1_campaign_store:BUILDER1_CAMPAIGN_CREATED 
campaignId=cmp-no-advance targetAdCount=4 backend=memory planRevision=1
INFO:engine.builder1_campaign_store:BUILDER1_CAMPAIGN_SESSION_CREATED campaignId=cmp-no-advance targetAdCount=4
INFO:engine.builder1_campaign_store:BUILDER1_NEXT_AD_RESERVED campaignId=cmp-no-advance adIndex=1 targetAdCount=4 
generatedCount=0 jobId=None planRevision=1
INFO:engine.builder1_campaign_store:BUILDER1_CAMPAIGN_PROGRESS campaignId=cmp-no-advance generatedCount=1 
targetAdCount=4 complete=False
INFO:engine.builder1_campaign_store:BUILDER1_AD_GENERATED campaignId=cmp-no-advance adIndex=1 generatedCount=1 
complete=False planRevision=1
INFO:engine.builder1_campaign_store:BUILDER1_NEXT_AD_RESERVED campaignId=cmp-no-advance adIndex=2 targetAdCount=4 
generatedCount=1 jobId=job-1 planRevision=1
INFO:engine.builder1_jobs_store:BUILDER1_JOB_CREATED jobId=job-1 campaignId=cmp-no-advance targetAdCount=4 
backend=memory
INFO:app:BUILDER1_GENERATION_LOCK_CONTINUED campaignId=cmp-no-advance jobId=job-1 reservedAdIndex=2
INFO:app:BUILDER1_NEXT_AD_INDEX jobId=job-1 campaignId=cmp-no-advance adIndex=2 targetAdCount=4
INFO:engine.builder1_campaign_store:BUILDER1_IMAGE_RETRY_REQUIRED campaignId=cmp-no-advance failedAdIndex=2 
generatedCount=1 targetAdCount=4 planRevision=1 violations=['invented_product_logo']
ERROR:app:BUILDER1_IMAGE_COMPLIANCE_FAILED campaignId=cmp-no-advance jobId=job-1 adIndex=2 
hardViolations=['invented_product_logo'] advisories=[]
ok
test_lock_release_only_affects_current_campaign (test_builder1_image_compliance_contract.TestCompliancePublicApiContrac
t.test_lock_release_only_affects_current_campaign) ... INFO:engine.builder1_campaign_store:BUILDER1_CAMPAIGN_CREATED 
campaignId=rel-a targetAdCount=2 backend=memory planRevision=1
INFO:engine.builder1_campaign_store:BUILDER1_CAMPAIGN_SESSION_CREATED campaignId=rel-a targetAdCount=2
INFO:engine.builder1_campaign_store:BUILDER1_CAMPAIGN_CREATED campaignId=rel-b targetAdCount=2 backend=memory 
planRevision=1
INFO:engine.builder1_campaign_store:BUILDER1_CAMPAIGN_SESSION_CREATED campaignId=rel-b targetAdCount=2
INFO:engine.builder1_campaign_store:BUILDER1_NEXT_AD_RESERVED campaignId=rel-a adIndex=1 targetAdCount=2 
generatedCount=0 jobId=None planRevision=1
INFO:engine.builder1_campaign_store:BUILDER1_NEXT_AD_RESERVED campaignId=rel-b adIndex=1 targetAdCount=2 
generatedCount=0 jobId=None planRevision=1
ok
test_planning_not_rerun_on_compliance_error 
(test_builder1_image_compliance_contract.TestCompliancePublicApiContract.test_planning_not_rerun_on_compliance_error) 
... INFO:engine.builder1_campaign_store:BUILDER1_CAMPAIGN_CREATED campaignId=cmp-no-plan targetAdCount=4 
backend=memory planRevision=1
INFO:engine.builder1_campaign_store:BUILDER1_CAMPAIGN_SESSION_CREATED campaignId=cmp-no-plan targetAdCount=4
INFO:engine.builder1_campaign_store:BUILDER1_NEXT_AD_RESERVED campaignId=cmp-no-plan adIndex=1 targetAdCount=4 
generatedCount=0 jobId=None planRevision=1
INFO:engine.builder1_campaign_store:BUILDER1_CAMPAIGN_PROGRESS campaignId=cmp-no-plan generatedCount=1 targetAdCount=4 
complete=False
INFO:engine.builder1_campaign_store:BUILDER1_AD_GENERATED campaignId=cmp-no-plan adIndex=1 generatedCount=1 
complete=False planRevision=1
INFO:engine.builder1_campaign_store:BUILDER1_NEXT_AD_RESERVED campaignId=cmp-no-plan adIndex=2 targetAdCount=4 
generatedCount=1 jobId=job-no-plan planRevision=1
INFO:engine.builder1_jobs_store:BUILDER1_JOB_CREATED jobId=job-no-plan campaignId=cmp-no-plan targetAdCount=4 
backend=memory
INFO:app:BUILDER1_GENERATION_LOCK_CONTINUED campaignId=cmp-no-plan jobId=job-no-plan reservedAdIndex=2
INFO:app:BUILDER1_NEXT_AD_INDEX jobId=job-no-plan campaignId=cmp-no-plan adIndex=2 targetAdCount=4
INFO:engine.builder1_campaign_store:BUILDER1_IMAGE_RETRY_REQUIRED campaignId=cmp-no-plan failedAdIndex=2 
generatedCount=1 targetAdCount=4 planRevision=1 violations=['invented_product_logo']
ERROR:app:BUILDER1_IMAGE_COMPLIANCE_FAILED campaignId=cmp-no-plan jobId=job-no-plan adIndex=2 
hardViolations=['invented_product_logo'] advisories=[]
ok
test_retry_same_ad_index_after_lock_release 
(test_builder1_image_compliance_contract.TestCompliancePublicApiContract.test_retry_same_ad_index_after_lock_release) 
... INFO:engine.builder1_campaign_store:BUILDER1_CAMPAIGN_CREATED campaignId=cmp-retry targetAdCount=4 backend=memory 
planRevision=1
INFO:engine.builder1_campaign_store:BUILDER1_CAMPAIGN_SESSION_CREATED campaignId=cmp-retry targetAdCount=4
INFO:engine.builder1_campaign_store:BUILDER1_NEXT_AD_RESERVED campaignId=cmp-retry adIndex=1 targetAdCount=4 
generatedCount=0 jobId=None planRevision=1
INFO:engine.builder1_campaign_store:BUILDER1_CAMPAIGN_PROGRESS campaignId=cmp-retry generatedCount=1 targetAdCount=4 
complete=False
INFO:engine.builder1_campaign_store:BUILDER1_AD_GENERATED campaignId=cmp-retry adIndex=1 generatedCount=1 
complete=False planRevision=1
INFO:engine.builder1_campaign_store:BUILDER1_NEXT_AD_RESERVED campaignId=cmp-retry adIndex=2 targetAdCount=4 
generatedCount=1 jobId=job-r1 planRevision=1
INFO:engine.builder1_jobs_store:BUILDER1_JOB_CREATED jobId=job-r1 campaignId=cmp-retry targetAdCount=4 backend=memory
INFO:app:BUILDER1_GENERATION_LOCK_CONTINUED campaignId=cmp-retry jobId=job-r1 reservedAdIndex=2
INFO:app:BUILDER1_NEXT_AD_INDEX jobId=job-r1 campaignId=cmp-retry adIndex=2 targetAdCount=4
ERROR:app:BUILDER1_IMAGE_COMPLIANCE_UNAVAILABLE campaignId=cmp-retry jobId=job-r1 adIndex=2 
reasonCode=transient_review_failure pending=False
INFO:engine.builder1_campaign_store:BUILDER1_NEXT_AD_RESERVED campaignId=cmp-retry adIndex=2 targetAdCount=4 
generatedCount=1 jobId=job-r2 planRevision=1
INFO:engine.builder1_jobs_store:BUILDER1_JOB_CREATED jobId=job-r2 campaignId=cmp-retry targetAdCount=4 backend=memory
INFO:app:BUILDER1_GENERATION_LOCK_CONTINUED campaignId=cmp-retry jobId=job-r2 reservedAdIndex=2
INFO:app:BUILDER1_NEXT_AD_INDEX jobId=job-r2 campaignId=cmp-retry adIndex=2 targetAdCount=4
INFO:engine.builder1_campaign_store:BUILDER1_CAMPAIGN_PROGRESS campaignId=cmp-retry generatedCount=2 targetAdCount=4 
complete=False
INFO:engine.builder1_campaign_store:BUILDER1_AD_GENERATED campaignId=cmp-retry adIndex=2 generatedCount=2 
complete=False planRevision=1
INFO:app:BUILDER1_AD_GENERATED campaignId=cmp-retry adIndex=2
ok
test_two_retries_cannot_reserve_same_index 
(test_builder1_image_compliance_contract.TestCompliancePublicApiContract.test_two_retries_cannot_reserve_same_index) 
... INFO:engine.builder1_campaign_store:BUILDER1_CAMPAIGN_CREATED campaignId=lock-a targetAdCount=2 backend=memory 
planRevision=1
INFO:engine.builder1_campaign_store:BUILDER1_CAMPAIGN_SESSION_CREATED campaignId=lock-a targetAdCount=2
INFO:engine.builder1_campaign_store:BUILDER1_NEXT_AD_RESERVED campaignId=lock-a adIndex=1 targetAdCount=2 
generatedCount=0 jobId=None planRevision=1
INFO:engine.builder1_campaign_store:BUILDER1_CONCURRENT_REQUEST_BLOCKED campaignId=lock-a requestingJobId=None 
lockOwnerJobId=None reservedAdIndex=1 lockAgeMs=None sameOwner=False
ok
test_current_contract_accepts_canonical_without_pass (test_builder1_image_compliance_responses_envelope.TestPreFixRegre
ssionProof.test_current_contract_accepts_canonical_without_pass) ... ok
test_legacy_pass_gate_rejects_canonical_without_pass (test_builder1_image_compliance_responses_envelope.TestPreFixRegre
ssionProof.test_legacy_pass_gate_rejects_canonical_without_pass) ... ok
test_legacy_pass_gate_rejects_production_inner_shape (test_builder1_image_compliance_responses_envelope.TestPreFixRegre
ssionProof.test_legacy_pass_gate_rejects_production_inner_shape) ... ok
test_canonical_without_legacy_pass_parses_in_single_client_call (test_builder1_image_compliance_responses_envelope.Test
ResponsesApiEnvelopeCompliance.test_canonical_without_legacy_pass_parses_in_single_client_call) ... 
INFO:engine.builder1_image_compliance:BUILDER1_IMAGE_COMPLIANCE_REVIEW_START campaignId=cmp-envelope 
jobId=job-envelope adIndex=1
INFO:engine.builder1_planning_model:BUILDER1_STRICT_SCHEMA disabled_by_env
INFO:engine.builder1_image_compliance:BUILDER1_IMAGE_COMPLIANCE_STRICT_SCHEMA available=false enabled=false 
model=gpt-4o schemaVersion=builder1_image_compliance_v2
INFO:httpx:HTTP Request: POST https://api.openai.com/v1/responses "HTTP/1.1 401 Unauthorized"
ERROR:engine.builder1_image_compliance:BUILDER1_IMAGE_COMPLIANCE_UNAVAILABLE campaignId=cmp-envelope 
jobId=job-envelope adIndex=1 reasonCode=review_service_error
ERROR
test_fenced_json_in_content_item_succeeds (test_builder1_image_compliance_responses_envelope.TestResponsesApiEnvelopeCo
mpliance.test_fenced_json_in_content_item_succeeds) ... 
INFO:engine.builder1_image_compliance:BUILDER1_IMAGE_COMPLIANCE_REVIEW_START campaignId=cmp-envelope 
jobId=job-envelope adIndex=1
INFO:httpx:HTTP Request: POST https://api.openai.com/v1/responses "HTTP/1.1 401 Unauthorized"
ERROR:engine.builder1_image_compliance:BUILDER1_IMAGE_COMPLIANCE_UNAVAILABLE campaignId=cmp-envelope 
jobId=job-envelope adIndex=1 reasonCode=review_service_error
ERROR
test_image_compliance_parses_real_responses_api_envelope (test_builder1_image_compliance_responses_envelope.TestRespons
esApiEnvelopeCompliance.test_image_compliance_parses_real_responses_api_envelope) ... 
INFO:engine.builder1_image_compliance:BUILDER1_IMAGE_COMPLIANCE_REVIEW_START campaignId=cmp-envelope 
jobId=job-envelope adIndex=1
INFO:httpx:HTTP Request: POST https://api.openai.com/v1/responses "HTTP/1.1 401 Unauthorized"
ERROR:engine.builder1_image_compliance:BUILDER1_IMAGE_COMPLIANCE_UNAVAILABLE campaignId=cmp-envelope 
jobId=job-envelope adIndex=1 reasonCode=review_service_error
ERROR
test_invalid_inner_json_triggers_contract_repair_preserving_image (test_builder1_image_compliance_responses_envelope.Te
stResponsesApiEnvelopeCompliance.test_invalid_inner_json_triggers_contract_repair_preserving_image) ... 
INFO:engine.builder1_image_compliance:BUILDER1_IMAGE_COMPLIANCE_REVIEW_START campaignId=cmp-envelope 
jobId=job-envelope adIndex=1
INFO:httpx:HTTP Request: POST https://api.openai.com/v1/responses "HTTP/1.1 401 Unauthorized"
ERROR:engine.builder1_image_compliance:BUILDER1_IMAGE_COMPLIANCE_UNAVAILABLE campaignId=cmp-envelope 
jobId=job-envelope adIndex=1 reasonCode=review_service_error
ERROR
test_legacy_response_normalized_only_via_adapter (test_builder1_image_compliance_responses_envelope.TestResponsesApiEnv
elopeCompliance.test_legacy_response_normalized_only_via_adapter) ... 
INFO:engine.builder1_image_compliance:BUILDER1_IMAGE_COMPLIANCE_REVIEW_START campaignId=cmp-envelope 
jobId=job-envelope adIndex=1
INFO:httpx:HTTP Request: POST https://api.openai.com/v1/responses "HTTP/1.1 401 Unauthorized"
ERROR:engine.builder1_image_compliance:BUILDER1_IMAGE_COMPLIANCE_UNAVAILABLE campaignId=cmp-envelope 
jobId=job-envelope adIndex=1 reasonCode=review_service_error
ERROR
test_malformed_envelope_never_fails_open (test_builder1_image_compliance_responses_envelope.TestResponsesApiEnvelopeCom
pliance.test_malformed_envelope_never_fails_open) ... 
INFO:engine.builder1_image_compliance:BUILDER1_IMAGE_COMPLIANCE_REVIEW_START campaignId=cmp-envelope 
jobId=job-envelope adIndex=1
INFO:httpx:HTTP Request: POST https://api.openai.com/v1/responses "HTTP/1.1 401 Unauthorized"
ERROR:engine.builder1_image_compliance:BUILDER1_IMAGE_COMPLIANCE_UNAVAILABLE campaignId=cmp-envelope 
jobId=job-envelope adIndex=1 reasonCode=review_service_error
ok
test_nested_content_succeeds_when_output_text_empty (test_builder1_image_compliance_responses_envelope.TestResponsesApi
EnvelopeCompliance.test_nested_content_succeeds_when_output_text_empty) ... 
INFO:engine.builder1_image_compliance:BUILDER1_IMAGE_COMPLIANCE_REVIEW_START campaignId=cmp-envelope 
jobId=job-envelope adIndex=1
INFO:httpx:HTTP Request: POST https://api.openai.com/v1/responses "HTTP/1.1 401 Unauthorized"
ERROR:engine.builder1_image_compliance:BUILDER1_IMAGE_COMPLIANCE_UNAVAILABLE campaignId=cmp-envelope 
jobId=job-envelope adIndex=1 reasonCode=review_service_error
ERROR
test_no_direct_parser_bypass_in_production_shaped_tests (test_builder1_image_compliance_responses_envelope.TestResponse
sApiEnvelopeCompliance.test_no_direct_parser_bypass_in_production_shaped_tests) ... 
INFO:engine.builder1_image_compliance:BUILDER1_IMAGE_COMPLIANCE_REVIEW_START campaignId=cmp-envelope 
jobId=job-envelope adIndex=1
INFO:httpx:HTTP Request: POST https://api.openai.com/v1/responses "HTTP/1.1 401 Unauthorized"
ERROR:engine.builder1_image_compliance:BUILDER1_IMAGE_COMPLIANCE_UNAVAILABLE campaignId=cmp-envelope 
jobId=job-envelope adIndex=1 reasonCode=review_service_error
ERROR
test_production_extraction_function_used_end_to_end (test_builder1_image_compliance_responses_envelope.TestResponsesApi
EnvelopeCompliance.test_production_extraction_function_used_end_to_end) ... 
INFO:engine.builder1_image_compliance:BUILDER1_IMAGE_COMPLIANCE_REVIEW_START campaignId=cmp-envelope 
jobId=job-envelope adIndex=1
INFO:httpx:HTTP Request: POST https://api.openai.com/v1/responses "HTTP/1.1 401 Unauthorized"
ERROR:engine.builder1_image_compliance:BUILDER1_IMAGE_COMPLIANCE_UNAVAILABLE campaignId=cmp-envelope 
jobId=job-envelope adIndex=1 reasonCode=review_service_error
ERROR
test_production_malformed_response_fixture_no_longer_fails (test_builder1_image_compliance_responses_envelope.TestRespo
nsesApiEnvelopeCompliance.test_production_malformed_response_fixture_no_longer_fails) ... 
INFO:engine.builder1_image_compliance:BUILDER1_IMAGE_COMPLIANCE_REVIEW_START campaignId=cmp-envelope 
jobId=job-envelope adIndex=1
INFO:httpx:HTTP Request: POST https://api.openai.com/v1/responses "HTTP/1.1 401 Unauthorized"
ERROR:engine.builder1_image_compliance:BUILDER1_IMAGE_COMPLIANCE_UNAVAILABLE campaignId=cmp-envelope 
jobId=job-envelope adIndex=1 reasonCode=review_service_error
ERROR
test_sdk_shaped_fixture_response_object_succeeds (test_builder1_image_compliance_responses_envelope.TestResponsesApiEnv
elopeCompliance.test_sdk_shaped_fixture_response_object_succeeds) ... 
INFO:engine.builder1_image_compliance:BUILDER1_IMAGE_COMPLIANCE_REVIEW_START campaignId=cmp-envelope 
jobId=job-envelope adIndex=1
INFO:httpx:HTTP Request: POST https://api.openai.com/v1/responses "HTTP/1.1 401 Unauthorized"
ERROR:engine.builder1_image_compliance:BUILDER1_IMAGE_COMPLIANCE_UNAVAILABLE campaignId=cmp-envelope 
jobId=job-envelope adIndex=1 reasonCode=review_service_error
ERROR
test_second_malformed_result_enters_review_only_unavailable (test_builder1_image_compliance_responses_envelope.TestResp
onsesApiEnvelopeCompliance.test_second_malformed_result_enters_review_only_unavailable) ... 
INFO:engine.builder1_image_compliance:BUILDER1_IMAGE_COMPLIANCE_REVIEW_START campaignId=cmp-envelope 
jobId=job-envelope adIndex=1
INFO:httpx:HTTP Request: POST https://api.openai.com/v1/responses "HTTP/1.1 401 Unauthorized"
ERROR:engine.builder1_image_compliance:BUILDER1_IMAGE_COMPLIANCE_UNAVAILABLE campaignId=cmp-envelope 
jobId=job-envelope adIndex=1 reasonCode=review_service_error
FAIL
test_strict_schema_response_path_matches_parser_fields (test_builder1_image_compliance_responses_envelope.TestResponses
ApiEnvelopeCompliance.test_strict_schema_response_path_matches_parser_fields) ... 
INFO:engine.builder1_image_compliance:BUILDER1_IMAGE_COMPLIANCE_REVIEW_START campaignId=cmp-envelope 
jobId=job-envelope adIndex=1
INFO:httpx:HTTP Request: POST https://api.openai.com/v1/responses "HTTP/1.1 401 Unauthorized"
ERROR:engine.builder1_image_compliance:BUILDER1_IMAGE_COMPLIANCE_UNAVAILABLE campaignId=cmp-envelope 
jobId=job-envelope adIndex=1 reasonCode=review_service_error
ERROR
test_both_violations_apply_both_profiles 
(test_builder1_image_retry.TestCumulativeCorrectionPrompts.test_both_violations_apply_both_profiles) ... 
INFO:engine.builder1_image_retry:BUILDER1_IMAGE_RETRY_CORRECTION campaignId= adIndex=0 planRevision=1 
violations=['campaign_device_used_as_logo', 'product_visible_without_explicit_request']
ok
test_logo_correction_preserves_no_product_constraints 
(test_builder1_image_retry.TestCumulativeCorrectionPrompts.test_logo_correction_preserves_no_product_constraints) ... 
INFO:engine.builder1_image_retry:BUILDER1_IMAGE_RETRY_CORRECTION campaignId= adIndex=0 planRevision=1 
violations=['campaign_device_used_as_logo']
ok
test_product_correction_preserves_no_logo_constraints 
(test_builder1_image_retry.TestCumulativeCorrectionPrompts.test_product_correction_preserves_no_logo_constraints) ... 
INFO:engine.builder1_image_retry:BUILDER1_IMAGE_RETRY_CORRECTION campaignId= adIndex=0 planRevision=1 
violations=['product_visible_without_explicit_request']
ok
test_public_retry_receives_all_historical_violations 
(test_builder1_image_retry.TestCumulativeCorrectionPrompts.test_public_retry_receives_all_historical_violations) ... 
INFO:engine.builder1_campaign_store:BUILDER1_CAMPAIGN_CREATED campaignId=cum-public targetAdCount=3 backend=memory 
planRevision=1
INFO:engine.builder1_campaign_store:BUILDER1_CAMPAIGN_SESSION_CREATED campaignId=cum-public targetAdCount=3
INFO:engine.builder1_image_retry:BUILDER1_IMAGE_RETRY_CORRECTION campaignId=cum-public adIndex=1 planRevision=1 
violations=['campaign_device_used_as_logo', 'product_visible_without_explicit_request']
INFO:engine.builder1_image_generator:BUILDER1_SERIES_IMAGE_START adIndex=1 attempt=1
INFO:engine.builder1_image_generator:BUILDER1_SERIES_IMAGE_OK adIndex=1
INFO:engine.builder1_image_compliance:BUILDER1_IMAGE_COMPLIANCE_REVIEW_START campaignId=cum-public jobId= adIndex=1
INFO:engine.builder1_image_compliance:BUILDER1_IMAGE_COMPLIANCE_REVIEW_PASS campaignId=cum-public jobId= adIndex=1 
confidence=high
ok
test_retry_prompt_contains_positive_main_visual 
(test_builder1_image_retry.TestCumulativeCorrectionPrompts.test_retry_prompt_contains_positive_main_visual) ... 
INFO:engine.builder1_image_retry:BUILDER1_IMAGE_RETRY_CORRECTION campaignId= adIndex=0 planRevision=1 
violations=['campaign_device_used_as_logo']
ok
test_retry_prompt_includes_global_constraints 
(test_builder1_image_retry.TestCumulativeCorrectionPrompts.test_retry_prompt_includes_global_constraints) ... 
INFO:engine.builder1_image_retry:BUILDER1_IMAGE_RETRY_CORRECTION campaignId= adIndex=0 planRevision=1 
violations=['invented_product_logo']
ok
test_retry_prompt_preserves_slogan_and_graphic_system 
(test_builder1_image_retry.TestCumulativeCorrectionPrompts.test_retry_prompt_preserves_slogan_and_graphic_system) ... 
INFO:engine.builder1_image_retry:BUILDER1_IMAGE_RETRY_CORRECTION campaignId= adIndex=0 planRevision=1 
violations=['campaign_device_used_as_logo']
ok
test_logo_then_product_violations_accumulate_on_internal_retry (test_builder1_image_retry.TestCumulativeInternalRegener
ation.test_logo_then_product_violations_accumulate_on_internal_retry) ... 
INFO:engine.builder1_campaign_store:BUILDER1_CAMPAIGN_CREATED campaignId=seq targetAdCount=3 backend=memory 
planRevision=1
INFO:engine.builder1_campaign_store:BUILDER1_CAMPAIGN_SESSION_CREATED campaignId=seq targetAdCount=3
INFO:engine.builder1_image_generator:BUILDER1_SERIES_IMAGE_START adIndex=1 attempt=1
INFO:engine.builder1_image_generator:BUILDER1_SERIES_IMAGE_OK adIndex=1
INFO:engine.builder1_image_compliance:BUILDER1_IMAGE_COMPLIANCE_REVIEW_START campaignId=seq jobId= adIndex=1
INFO:engine.builder1_compliance_adjudication:BUILDER1_IMAGE_COMPLIANCE_FINDING campaignId=seq adIndex=1 
code=invented_product_logo severity=hard confidence=high evidenceType= location= relationshipToBrandText= 
planRevision=1
ERROR:engine.builder1_image_compliance:BUILDER1_IMAGE_COMPLIANCE_REVIEW_FAIL campaignId=seq jobId= adIndex=1 
hardViolations=['invented_product_logo'] advisories=[]
INFO:engine.builder1_failure_classification:BUILDER1_FAILURE_CLASSIFIED campaignId=seq adIndex=1 
failureClass=IMAGE_EXECUTION action=REGENERATE_IMAGE structuredPlanConflict=false preflightConflict=false 
pixelReviewViolations=['invented_product_logo'] planRevision=1
INFO:engine.builder1_image_generator:BUILDER1_IMAGE_COMPLIANCE_REGENERATE campaignId=seq jobId= adIndex=1 
planRevision=1 level=1 hardViolations=['invented_product_logo'] advisories=[]
INFO:engine.builder1_image_retry:BUILDER1_IMAGE_RETRY_CORRECTION campaignId=seq adIndex=1 planRevision=1 
violations=['invented_product_logo']
INFO:engine.builder1_image_generator:BUILDER1_SERIES_IMAGE_START adIndex=1 attempt=1
INFO:engine.builder1_image_generator:BUILDER1_SERIES_IMAGE_OK adIndex=1
INFO:engine.builder1_image_compliance:BUILDER1_IMAGE_COMPLIANCE_REVIEW_START campaignId=seq jobId= adIndex=1
INFO:engine.builder1_compliance_adjudication:BUILDER1_IMAGE_COMPLIANCE_FINDING campaignId=seq adIndex=1 
code=product_visible_without_explicit_request severity=hard confidence=high evidenceType= location= 
relationshipToBrandText= planRevision=1
ERROR:engine.builder1_image_compliance:BUILDER1_IMAGE_COMPLIANCE_REVIEW_FAIL campaignId=seq jobId= adIndex=1 
hardViolations=['product_visible_without_explicit_request'] advisories=[]
INFO:engine.builder1_failure_classification:BUILDER1_FAILURE_CLASSIFIED campaignId=seq adIndex=1 
failureClass=IMAGE_EXECUTION action=REGENERATE_IMAGE structuredPlanConflict=false preflightConflict=false 
pixelReviewViolations=['product_visible_without_explicit_request'] planRevision=1
INFO:engine.builder1_image_generator:BUILDER1_IMAGE_COMPLIANCE_REGENERATE campaignId=seq jobId= adIndex=1 
planRevision=1 level=2 hardViolations=['product_visible_without_explicit_request'] advisories=[]
INFO:engine.builder1_image_generator:BUILDER1_SERIES_IMAGE_START adIndex=1 attempt=1
INFO:engine.builder1_image_generator:BUILDER1_SERIES_IMAGE_OK adIndex=1
INFO:engine.builder1_image_compliance:BUILDER1_IMAGE_COMPLIANCE_REVIEW_START campaignId=seq jobId= adIndex=1
INFO:engine.builder1_compliance_adjudication:BUILDER1_IMAGE_COMPLIANCE_FINDING campaignId=seq adIndex=1 
code=invented_product_logo severity=hard confidence=high evidenceType= location= relationshipToBrandText= 
planRevision=1
ERROR:engine.builder1_image_compliance:BUILDER1_IMAGE_COMPLIANCE_REVIEW_FAIL campaignId=seq jobId= adIndex=1 
hardViolations=['invented_product_logo'] advisories=[]
INFO:engine.builder1_failure_classification:BUILDER1_FAILURE_CLASSIFIED campaignId=seq adIndex=1 
failureClass=IMAGE_EXECUTION action=REGENERATE_IMAGE structuredPlanConflict=false preflightConflict=false 
pixelReviewViolations=['invented_product_logo'] planRevision=1
INFO:engine.builder1_image_generator:BUILDER1_IMAGE_COMPLIANCE_REGENERATE campaignId=seq jobId= adIndex=1 
planRevision=1 level=3 hardViolations=['invented_product_logo'] advisories=[]
ok
test_parse_image_attempt_history_normalizes_entries 
(test_builder1_image_retry.TestCumulativeInternalRegeneration.test_parse_image_attempt_history_normalizes_entries) ... 
ok
test_pixel_violation_classified_as_image_execution 
(test_builder1_image_retry.TestCumulativeInternalRegeneration.test_pixel_violation_classified_as_image_execution) ... 
ok
test_visibility_and_logo_codes_exported 
(test_builder1_image_retry.TestCumulativeInternalRegeneration.test_visibility_and_logo_codes_exported) ... ok
test_generated_count_unchanged_before_pass 
(test_builder1_image_retry.TestImageOnlyRouting.test_generated_count_unchanged_before_pass) ... 
INFO:engine.builder1_campaign_store:BUILDER1_CAMPAIGN_CREATED campaignId=route-count targetAdCount=3 backend=memory 
planRevision=1
INFO:engine.builder1_campaign_store:BUILDER1_CAMPAIGN_SESSION_CREATED campaignId=route-count targetAdCount=3
INFO:engine.builder1_campaign_store:BUILDER1_NEXT_AD_RESERVED campaignId=route-count adIndex=1 targetAdCount=3 
generatedCount=0 jobId=job-1 planRevision=1
INFO:engine.builder1_campaign_store:BUILDER1_CAMPAIGN_PROGRESS campaignId=route-count generatedCount=1 targetAdCount=3 
complete=False
INFO:engine.builder1_campaign_store:BUILDER1_AD_GENERATED campaignId=route-count adIndex=1 generatedCount=1 
complete=False planRevision=1
INFO:engine.builder1_campaign_store:BUILDER1_IMAGE_RETRY_REQUIRED campaignId=route-count failedAdIndex=2 
generatedCount=1 targetAdCount=3 planRevision=1 violations=['x']
ok
test_image_only_retry_performs_zero_planning_calls 
(test_builder1_image_retry.TestImageOnlyRouting.test_image_only_retry_performs_zero_planning_calls) ... 
INFO:engine.builder1_campaign_store:BUILDER1_CAMPAIGN_CREATED campaignId=route-image targetAdCount=3 backend=memory 
planRevision=1
INFO:engine.builder1_campaign_store:BUILDER1_CAMPAIGN_SESSION_CREATED campaignId=route-image targetAdCount=3
INFO:engine.builder1_campaign_store:BUILDER1_NEXT_AD_RESERVED campaignId=route-image adIndex=1 targetAdCount=3 
generatedCount=0 jobId=job-1 planRevision=1
INFO:engine.builder1_campaign_store:BUILDER1_CAMPAIGN_PROGRESS campaignId=route-image generatedCount=1 targetAdCount=3 
complete=False
INFO:engine.builder1_campaign_store:BUILDER1_AD_GENERATED campaignId=route-image adIndex=1 generatedCount=1 
complete=False planRevision=1
INFO:engine.builder1_campaign_store:BUILDER1_IMAGE_RETRY_REQUIRED campaignId=route-image failedAdIndex=2 
generatedCount=1 targetAdCount=3 planRevision=1 violations=['product_visible_without_explicit_request']
INFO:engine.builder1_campaign_store:BUILDER1_NEXT_AD_RESERVED campaignId=route-image adIndex=2 targetAdCount=3 
generatedCount=1 jobId=914e7bc3-8172-428e-b39b-1ac6ca303d7c planRevision=1
INFO:engine.builder1_jobs_store:BUILDER1_JOB_CREATED jobId=914e7bc3-8172-428e-b39b-1ac6ca303d7c campaignId=route-image 
targetAdCount=3 backend=memory
ok
test_same_campaign_id_preserved (test_builder1_image_retry.TestImageOnlyRouting.test_same_campaign_id_preserved) ... 
INFO:engine.builder1_campaign_store:BUILDER1_CAMPAIGN_CREATED campaignId=route-id targetAdCount=3 backend=memory 
planRevision=1
INFO:engine.builder1_campaign_store:BUILDER1_CAMPAIGN_SESSION_CREATED campaignId=route-id targetAdCount=3
INFO:engine.builder1_campaign_store:BUILDER1_IMAGE_RETRY_REQUIRED campaignId=route-id failedAdIndex=1 generatedCount=0 
targetAdCount=3 planRevision=1 violations=['x']
ok
test_same_failed_ad_index_preserved 
(test_builder1_image_retry.TestImageOnlyRouting.test_same_failed_ad_index_preserved) ... 
INFO:engine.builder1_campaign_store:BUILDER1_CAMPAIGN_CREATED campaignId=route-idx targetAdCount=3 backend=memory 
planRevision=1
INFO:engine.builder1_campaign_store:BUILDER1_CAMPAIGN_SESSION_CREATED campaignId=route-idx targetAdCount=3
INFO:engine.builder1_campaign_store:BUILDER1_NEXT_AD_RESERVED campaignId=route-idx adIndex=1 targetAdCount=3 
generatedCount=0 jobId=job-1 planRevision=1
INFO:engine.builder1_campaign_store:BUILDER1_CAMPAIGN_PROGRESS campaignId=route-idx generatedCount=1 targetAdCount=3 
complete=False
INFO:engine.builder1_campaign_store:BUILDER1_AD_GENERATED campaignId=route-idx adIndex=1 generatedCount=1 
complete=False planRevision=1
INFO:engine.builder1_campaign_store:BUILDER1_IMAGE_RETRY_REQUIRED campaignId=route-idx failedAdIndex=2 
generatedCount=1 targetAdCount=3 planRevision=1 violations=['x']
INFO:engine.builder1_campaign_store:BUILDER1_NEXT_AD_RESERVED campaignId=route-idx adIndex=2 targetAdCount=3 
generatedCount=1 jobId=job-retry planRevision=1
ok
test_successful_retry_stores_ad_and_clears_retry_state 
(test_builder1_image_retry.TestImageOnlyRouting.test_successful_retry_stores_ad_and_clears_retry_state) ... 
INFO:engine.builder1_campaign_store:BUILDER1_CAMPAIGN_CREATED campaignId=route-pass targetAdCount=3 backend=memory 
planRevision=1
INFO:engine.builder1_campaign_store:BUILDER1_CAMPAIGN_SESSION_CREATED campaignId=route-pass targetAdCount=3
INFO:engine.builder1_campaign_store:BUILDER1_IMAGE_RETRY_REQUIRED campaignId=route-pass failedAdIndex=1 
generatedCount=0 targetAdCount=3 planRevision=1 violations=['x']
INFO:engine.builder1_jobs_store:BUILDER1_JOB_CREATED jobId=job-pass campaignId=route-pass targetAdCount=3 
backend=memory
INFO:engine.builder1_campaign_store:BUILDER1_NEXT_AD_RESERVED campaignId=route-pass adIndex=1 targetAdCount=3 
generatedCount=0 jobId=job-pass planRevision=1
INFO:app:BUILDER1_NEXT_AD_INDEX jobId=job-pass campaignId=route-pass adIndex=1 targetAdCount=3
INFO:engine.builder1_campaign_store:BUILDER1_CAMPAIGN_PROGRESS campaignId=route-pass generatedCount=1 targetAdCount=3 
complete=False
INFO:engine.builder1_campaign_store:BUILDER1_AD_GENERATED campaignId=route-pass adIndex=1 generatedCount=1 
complete=False planRevision=1
INFO:app:BUILDER1_AD_GENERATED campaignId=route-pass adIndex=1
ok
test_campaign_device_may_not_be_emblem 
(test_builder1_image_retry.TestLogoDeviceCorrection.test_campaign_device_may_not_be_emblem) ... ok
test_campaign_device_may_remain_as_motif 
(test_builder1_image_retry.TestLogoDeviceCorrection.test_campaign_device_may_remain_as_motif) ... ok
test_correction_does_not_delete_generator_unnecessarily 
(test_builder1_image_retry.TestLogoDeviceCorrection.test_correction_does_not_delete_generator_unnecessarily) ... ok
test_correction_does_not_invent_replacement_logo 
(test_builder1_image_retry.TestLogoDeviceCorrection.test_correction_does_not_invent_replacement_logo) ... ok
test_product_name_remains_plain_typography 
(test_builder1_image_retry.TestLogoDeviceCorrection.test_product_name_remains_plain_typography) ... ok
test_failure_classification_log_never_blank_revision 
(test_builder1_image_retry.TestPlanRevisionInitialization.test_failure_classification_log_never_blank_revision) ... ok
test_generate_next_image_job_records_current_revision 
(test_builder1_image_retry.TestPlanRevisionInitialization.test_generate_next_image_job_records_current_revision) ... 
INFO:engine.builder1_campaign_store:BUILDER1_CAMPAIGN_CREATED campaignId=rev-next targetAdCount=3 backend=memory 
planRevision=1
INFO:engine.builder1_campaign_store:BUILDER1_CAMPAIGN_SESSION_CREATED campaignId=rev-next targetAdCount=3
INFO:engine.builder1_campaign_store:BUILDER1_NEXT_AD_RESERVED campaignId=rev-next adIndex=1 targetAdCount=3 
generatedCount=0 jobId=job-1 planRevision=1
INFO:engine.builder1_campaign_store:BUILDER1_CAMPAIGN_PROGRESS campaignId=rev-next generatedCount=1 targetAdCount=3 
complete=False
INFO:engine.builder1_campaign_store:BUILDER1_AD_GENERATED campaignId=rev-next adIndex=1 generatedCount=1 
complete=False planRevision=1
INFO:engine.builder1_campaign_store:BUILDER1_CAMPAIGN_PLAN_REPAIRED campaignId=rev-next planRevision=2 
failedAdIndex=None generatedCount=1
INFO:engine.builder1_campaign_store:BUILDER1_NEXT_AD_RESERVED campaignId=rev-next adIndex=2 targetAdCount=3 
generatedCount=1 jobId=job-2 planRevision=2
INFO:engine.builder1_jobs_store:BUILDER1_JOB_CREATED jobId=job-2 campaignId=rev-next targetAdCount=3 backend=memory
ok
test_image_retry_required_persists_revision 
(test_builder1_image_retry.TestPlanRevisionInitialization.test_image_retry_required_persists_revision) ... 
INFO:engine.builder1_campaign_store:BUILDER1_CAMPAIGN_CREATED campaignId=rev-retry targetAdCount=3 backend=memory 
planRevision=1
INFO:engine.builder1_campaign_store:BUILDER1_CAMPAIGN_SESSION_CREATED campaignId=rev-retry targetAdCount=3
INFO:engine.builder1_campaign_store:BUILDER1_IMAGE_RETRY_REQUIRED campaignId=rev-retry failedAdIndex=2 
generatedCount=0 targetAdCount=3 planRevision=1 violations=['campaign_device_used_as_logo']
ok
test_initial_image_job_records_revision_one 
(test_builder1_image_retry.TestPlanRevisionInitialization.test_initial_image_job_records_revision_one) ... 
INFO:engine.builder1_campaign_store:BUILDER1_CAMPAIGN_CREATED campaignId=rev-job targetAdCount=3 backend=memory 
planRevision=1
INFO:engine.builder1_campaign_store:BUILDER1_CAMPAIGN_SESSION_CREATED campaignId=rev-job targetAdCount=3
INFO:engine.builder1_jobs_store:BUILDER1_JOB_CREATED jobId=job-rev campaignId=rev-job targetAdCount=3 backend=memory
INFO:engine.builder1_campaign_store:BUILDER1_NEXT_AD_RESERVED campaignId=rev-job adIndex=1 targetAdCount=3 
generatedCount=0 jobId=job-rev planRevision=1
INFO:app:BUILDER1_NEXT_AD_INDEX jobId=job-rev campaignId=rev-job adIndex=1 targetAdCount=3
INFO:engine.builder1_campaign_store:BUILDER1_CAMPAIGN_PROGRESS campaignId=rev-job generatedCount=1 targetAdCount=3 
complete=False
INFO:engine.builder1_campaign_store:BUILDER1_AD_GENERATED campaignId=rev-job adIndex=1 generatedCount=1 complete=False 
planRevision=1
INFO:app:BUILDER1_AD_GENERATED campaignId=rev-job adIndex=1
ok
test_missing_revision_fails_before_image_api 
(test_builder1_image_retry.TestPlanRevisionInitialization.test_missing_revision_fails_before_image_api) ... ok
test_new_memory_campaign_starts_at_revision_one 
(test_builder1_image_retry.TestPlanRevisionInitialization.test_new_memory_campaign_starts_at_revision_one) ... 
INFO:engine.builder1_campaign_store:BUILDER1_CAMPAIGN_CREATED campaignId=rev-mem targetAdCount=3 backend=memory 
planRevision=1
INFO:engine.builder1_campaign_store:BUILDER1_CAMPAIGN_SESSION_CREATED campaignId=rev-mem targetAdCount=3
ok
test_redis_shape_json_stores_revision_one 
(test_builder1_image_retry.TestPlanRevisionInitialization.test_redis_shape_json_stores_revision_one) ... 
INFO:engine.builder1_campaign_store:BUILDER1_CAMPAIGN_CREATED campaignId=rev-json targetAdCount=3 backend=memory 
planRevision=1
INFO:engine.builder1_campaign_store:BUILDER1_CAMPAIGN_SESSION_CREATED campaignId=rev-json targetAdCount=3
ok
test_stale_revision_fails_before_image_api 
(test_builder1_image_retry.TestPlanRevisionInitialization.test_stale_revision_fails_before_image_api) ... 
INFO:engine.builder1_campaign_store:BUILDER1_CAMPAIGN_CREATED campaignId=rev-stale targetAdCount=3 backend=memory 
planRevision=1
INFO:engine.builder1_campaign_store:BUILDER1_CAMPAIGN_SESSION_CREATED campaignId=rev-stale targetAdCount=3
INFO:engine.builder1_jobs_store:BUILDER1_JOB_CREATED jobId=job-stale-rev campaignId=rev-stale targetAdCount=3 
backend=memory
INFO:engine.builder1_campaign_store:BUILDER1_CAMPAIGN_PLAN_REPAIRED campaignId=rev-stale planRevision=2 
failedAdIndex=None generatedCount=0
INFO:engine.builder1_campaign_store:BUILDER1_NEXT_AD_RESERVED campaignId=rev-stale adIndex=1 targetAdCount=3 
generatedCount=0 jobId=job-stale-rev planRevision=2
ERROR:app:BUILDER1_IMAGE_JOB_REJECTED campaignId=rev-stale jobId=job-stale-rev adIndex=1 code=stale_plan_revision 
planRevision=2
ok
test_builder2_unchanged (test_builder1_image_retry.TestProductionSequenceRegression.test_builder2_unchanged) ... ok
test_fifty_marketing_words_enforced 
(test_builder1_image_retry.TestProductionSequenceRegression.test_fifty_marketing_words_enforced) ... ok
test_generated_name_planning_remains_seven_calls 
(test_builder1_image_retry.TestProductionSequenceRegression.test_generated_name_planning_remains_seven_calls) ... 
INFO:engine.builder1_planner:BUILDER1_SERIES_PLANNING_START productName= format=portrait adCount=2 
seed=725b3f50-7f24-4be5-9bff-049e436ac277 lang=en
INFO:engine.builder1_product_visibility:BUILDER1_PRODUCT_VISIBILITY_POLICY campaignId= mode=FORBIDDEN source=default
INFO:engine.builder1_planner:BUILDER1_PRODUCT_NAME_GENERATION_START
INFO:engine.builder1_planner:BUILDER1_STAGE_START stage=product_name_resolution attempt=1
INFO:engine.builder1_planner:BUILDER1_STAGE_PARSE_OK stage=product_name_resolution
INFO:engine.builder1_planner:BUILDER1_STAGE_DURATION stage=product_name_resolution attempt=1 durationMs=0
INFO:engine.builder1_planner:BUILDER1_PRODUCT_NAME_GENERATION_OK nameLength=9 lang=en
INFO:engine.builder1_planner:BUILDER1_PRODUCT_NAME_SOURCE source=generated
INFO:engine.builder1_planner:BUILDER1_STAGE_START stage=strategy_stage attempt=1
INFO:engine.builder1_strategy_scan:BUILDER1_STRATEGY_SCAN_OK candidates=12
INFO:engine.builder1_planner:BUILDER1_STAGE_PARSE_OK stage=strategy_stage
INFO:engine.builder1_planner:BUILDER1_STAGE_DURATION stage=strategy_stage attempt=1 durationMs=2
INFO:engine.builder1_planner:BUILDER1_STAGE_START stage=slogan_stage attempt=1
INFO:engine.builder1_planner:BUILDER1_STAGE_PARSE_OK stage=slogan_stage
INFO:engine.builder1_planner:BUILDER1_STAGE_DURATION stage=slogan_stage attempt=1 durationMs=0
INFO:engine.builder1_planner:BUILDER1_STAGE_START stage=conceptual_stage attempt=1
INFO:engine.builder1_planner:BUILDER1_STAGE_PARSE_OK stage=conceptual_stage
INFO:engine.builder1_planner:BUILDER1_STAGE_DURATION stage=conceptual_stage attempt=1 durationMs=1
INFO:engine.builder1_product_visibility:BUILDER1_PRODUCT_VISIBILITY_POLICY campaignId= mode=FORBIDDEN source=default
INFO:engine.builder1_planner:BUILDER1_STAGE_START stage=brand_physical attempt=1
INFO:engine.builder1_planner:BUILDER1_STAGE_PARSE_OK stage=brand_physical
INFO:engine.builder1_planner:BUILDER1_STAGE_DURATION stage=brand_physical attempt=1 durationMs=0
INFO:engine.builder1_planner:BUILDER1_STAGE_START stage=graphic_system attempt=1
INFO:engine.builder1_planner:BUILDER1_STAGE_PARSE_OK stage=graphic_system
INFO:engine.builder1_planner:BUILDER1_STAGE_DURATION stage=graphic_system attempt=1 durationMs=0
INFO:engine.builder1_planner:BUILDER1_STAGE_START stage=series_ads attempt=1
INFO:engine.builder1_planner:BUILDER1_STAGE_PARSE_OK stage=series_ads
INFO:engine.builder1_planner:BUILDER1_STAGE_DURATION stage=series_ads attempt=1 durationMs=1
INFO:engine.builder1_marketing_text_repair:BUILDER1_MARKETING_TEXT_CHECK adIndex=1 wordCount=50
INFO:engine.builder1_marketing_text_repair:BUILDER1_MARKETING_LANGUAGE_CHECK adIndex=1 targetLanguage=en 
dominantLanguage=en valid=True hebrewChars=0 latinChars=50
INFO:engine.builder1_marketing_text_repair:BUILDER1_MARKETING_TEXT_CHECK adIndex=2 wordCount=50
INFO:engine.builder1_marketing_text_repair:BUILDER1_MARKETING_LANGUAGE_CHECK adIndex=2 targetLanguage=en 
dominantLanguage=en valid=True hebrewChars=0 latinChars=50
INFO:engine.builder1_planning_pipeline:BUILDER1_INTEGRITY_OK
INFO:engine.builder1_planning_metrics:BUILDER1_PIPELINE_DURATION durationMs=13
INFO:engine.builder1_planner:BUILDER1_SERIES_PLANNING_OK adCount=2
INFO:engine.builder1_planning_metrics:BUILDER1_PLANNING_CALL_SUMMARY campaignId= jobId= productNameCallUsed=true 
productNameStageCalls=1 strategyStageCalls=1 sloganStageCalls=1 conceptualStageCalls=1 physicalStageCalls=1 
graphicStageCalls=1 seriesStageCalls=1 marketingTextRepairCalls=0 stageRepairCalls=0 stageRetryCalls=0 
stageModelFallbackCalls=0 normalExpectedCalls=7 actualPlanningCalls=7 totalPlanningModelCalls=7 promptTokens= 
outputTokens= totalTokens= totalPlanningDurationMs=13
ok
test_no_builder1_judge_introduced 
(test_builder1_image_retry.TestProductionSequenceRegression.test_no_builder1_judge_introduced) ... ok
test_no_logo_compliance_remains_active 
(test_builder1_image_retry.TestProductionSequenceRegression.test_no_logo_compliance_remains_active) ... 
INFO:engine.builder1_image_compliance_contract:BUILDER1_IMAGE_COMPLIANCE_LEGACY_NORMALIZED shape=pass_violations 
pass=False violationCount=1
ok
test_product_visibility_remains_forbidden_by_default 
(test_builder1_image_retry.TestProductionSequenceRegression.test_product_visibility_remains_forbidden_by_default) ... 
ok
test_quality_keeps_planning_stages_on_o3_pro 
(test_builder1_image_retry.TestProductionSequenceRegression.test_quality_keeps_planning_stages_on_o3_pro) ... ok
test_supplied_name_planning_remains_six_calls 
(test_builder1_image_retry.TestProductionSequenceRegression.test_supplied_name_planning_remains_six_calls) ... 
INFO:engine.builder1_planner:BUILDER1_SERIES_PLANNING_START productName=CarryShell format=portrait adCount=2 
seed=d8fe4444-e0c8-49fd-8e94-8859a8e378e6 lang=en
INFO:engine.builder1_product_visibility:BUILDER1_PRODUCT_VISIBILITY_POLICY campaignId= mode=FORBIDDEN source=default
INFO:engine.builder1_planner:BUILDER1_PRODUCT_NAME_SOURCE source=user
INFO:engine.builder1_planner:BUILDER1_STAGE_START stage=strategy_stage attempt=1
INFO:engine.builder1_strategy_scan:BUILDER1_STRATEGY_SCAN_OK candidates=12
INFO:engine.builder1_planner:BUILDER1_STAGE_PARSE_OK stage=strategy_stage
INFO:engine.builder1_planner:BUILDER1_STAGE_DURATION stage=strategy_stage attempt=1 durationMs=2
INFO:engine.builder1_planner:BUILDER1_STAGE_START stage=slogan_stage attempt=1
INFO:engine.builder1_planner:BUILDER1_STAGE_PARSE_OK stage=slogan_stage
INFO:engine.builder1_planner:BUILDER1_STAGE_DURATION stage=slogan_stage attempt=1 durationMs=0
INFO:engine.builder1_planner:BUILDER1_STAGE_START stage=conceptual_stage attempt=1
INFO:engine.builder1_planner:BUILDER1_STAGE_PARSE_OK stage=conceptual_stage
INFO:engine.builder1_planner:BUILDER1_STAGE_DURATION stage=conceptual_stage attempt=1 durationMs=1
INFO:engine.builder1_product_visibility:BUILDER1_PRODUCT_VISIBILITY_POLICY campaignId= mode=FORBIDDEN source=default
INFO:engine.builder1_planner:BUILDER1_STAGE_START stage=brand_physical attempt=1
INFO:engine.builder1_planner:BUILDER1_STAGE_PARSE_OK stage=brand_physical
INFO:engine.builder1_planner:BUILDER1_STAGE_DURATION stage=brand_physical attempt=1 durationMs=0
INFO:engine.builder1_planner:BUILDER1_STAGE_START stage=graphic_system attempt=1
INFO:engine.builder1_planner:BUILDER1_STAGE_PARSE_OK stage=graphic_system
INFO:engine.builder1_planner:BUILDER1_STAGE_DURATION stage=graphic_system attempt=1 durationMs=0
INFO:engine.builder1_planner:BUILDER1_STAGE_START stage=series_ads attempt=1
INFO:engine.builder1_planner:BUILDER1_STAGE_PARSE_OK stage=series_ads
INFO:engine.builder1_planner:BUILDER1_STAGE_DURATION stage=series_ads attempt=1 durationMs=0
INFO:engine.builder1_marketing_text_repair:BUILDER1_MARKETING_TEXT_CHECK adIndex=1 wordCount=50
INFO:engine.builder1_marketing_text_repair:BUILDER1_MARKETING_LANGUAGE_CHECK adIndex=1 targetLanguage=en 
dominantLanguage=en valid=True hebrewChars=0 latinChars=50
INFO:engine.builder1_marketing_text_repair:BUILDER1_MARKETING_TEXT_CHECK adIndex=2 wordCount=50
INFO:engine.builder1_marketing_text_repair:BUILDER1_MARKETING_LANGUAGE_CHECK adIndex=2 targetLanguage=en 
dominantLanguage=en valid=True hebrewChars=0 latinChars=50
INFO:engine.builder1_planning_pipeline:BUILDER1_INTEGRITY_OK
INFO:engine.builder1_planning_metrics:BUILDER1_PIPELINE_DURATION durationMs=12
INFO:engine.builder1_planner:BUILDER1_SERIES_PLANNING_OK adCount=2
INFO:engine.builder1_planning_metrics:BUILDER1_PLANNING_CALL_SUMMARY campaignId= jobId= productNameCallUsed=false 
productNameStageCalls=0 strategyStageCalls=1 sloganStageCalls=1 conceptualStageCalls=1 physicalStageCalls=1 
graphicStageCalls=1 seriesStageCalls=1 marketingTextRepairCalls=0 stageRepairCalls=0 stageRetryCalls=0 
stageModelFallbackCalls=0 normalExpectedCalls=6 actualPlanningCalls=6 totalPlanningModelCalls=6 promptTokens= 
outputTokens= totalTokens= totalPlanningDurationMs=12
ok
test_history_clears_only_after_compliance_passes 
(test_builder1_image_retry.TestViolationHistory.test_history_clears_only_after_compliance_passes) ... 
INFO:engine.builder1_campaign_store:BUILDER1_CAMPAIGN_CREATED campaignId=hist-clear targetAdCount=3 backend=memory 
planRevision=1
INFO:engine.builder1_campaign_store:BUILDER1_CAMPAIGN_SESSION_CREATED campaignId=hist-clear targetAdCount=3
INFO:engine.builder1_campaign_store:BUILDER1_NEXT_AD_RESERVED campaignId=hist-clear adIndex=1 targetAdCount=3 
generatedCount=0 jobId=job-clear planRevision=1
INFO:engine.builder1_campaign_store:BUILDER1_CAMPAIGN_PROGRESS campaignId=hist-clear generatedCount=1 targetAdCount=3 
complete=False
INFO:engine.builder1_campaign_store:BUILDER1_AD_GENERATED campaignId=hist-clear adIndex=1 generatedCount=1 
complete=False planRevision=1
ok
test_history_survives_json_roundtrip 
(test_builder1_image_retry.TestViolationHistory.test_history_survives_json_roundtrip) ... 
INFO:engine.builder1_campaign_store:BUILDER1_CAMPAIGN_CREATED campaignId=hist-serde targetAdCount=3 backend=memory 
planRevision=1
INFO:engine.builder1_campaign_store:BUILDER1_CAMPAIGN_SESSION_CREATED campaignId=hist-serde targetAdCount=3
ok
test_public_retry_fields_include_revision 
(test_builder1_image_retry.TestViolationHistory.test_public_retry_fields_include_revision) ... 
INFO:engine.builder1_campaign_store:BUILDER1_CAMPAIGN_CREATED campaignId=hist-public targetAdCount=3 backend=memory 
planRevision=1
INFO:engine.builder1_campaign_store:BUILDER1_CAMPAIGN_SESSION_CREATED campaignId=hist-public targetAdCount=3
INFO:engine.builder1_campaign_store:BUILDER1_IMAGE_RETRY_REQUIRED campaignId=hist-public failedAdIndex=2 
generatedCount=0 targetAdCount=3 planRevision=1 violations=['product_visible_without_explicit_request']
ok
test_second_violation_added_to_history 
(test_builder1_image_retry.TestViolationHistory.test_second_violation_added_to_history) ... 
INFO:engine.builder1_campaign_store:BUILDER1_CAMPAIGN_CREATED campaignId=hist targetAdCount=3 backend=memory 
planRevision=1
INFO:engine.builder1_campaign_store:BUILDER1_CAMPAIGN_SESSION_CREATED campaignId=hist targetAdCount=3
ok
test_builder2_has_no_marketing_language_module 
(test_builder1_marketing_language.TestBuilder2Unchanged.test_builder2_has_no_marketing_language_module) ... ok
test_four_hebrew_ads_pass_deterministic_checks 
(test_builder1_marketing_language.TestFourHebrewAds.test_four_hebrew_ads_pass_deterministic_checks) ... 
INFO:engine.builder1_strategy_judge:BUILDER1_STRATEGY_JUDGE_PASS
ok
test_language_repair_changes_only_marketing_text 
(test_builder1_marketing_language.TestMarketingLanguageRepair.test_language_repair_changes_only_marketing_text) ... 
INFO:engine.builder1_marketing_text_repair:BUILDER1_MARKETING_TEXT_CHECK adIndex=1 wordCount=50
INFO:engine.builder1_marketing_text_repair:BUILDER1_MARKETING_LANGUAGE_CHECK adIndex=1 targetLanguage=he 
dominantLanguage=en valid=False hebrewChars=0 latinChars=200
INFO:engine.builder1_marketing_text_repair:BUILDER1_MARKETING_TEXT_CHECK adIndex=2 wordCount=50
INFO:engine.builder1_marketing_text_repair:BUILDER1_MARKETING_LANGUAGE_CHECK adIndex=2 targetLanguage=he 
dominantLanguage=he valid=True hebrewChars=200 latinChars=0
INFO:engine.builder1_marketing_text_repair:BUILDER1_MARKETING_TEXT_REPAIR adIndex=1 attempt=1
INFO:engine.builder1_marketing_text_repair:BUILDER1_MARKETING_LANGUAGE_REPAIR adIndex=1 targetLanguage=he
INFO:engine.builder1_marketing_text_repair:BUILDER1_MARKETING_TEXT_OK adIndex=1 wordCount=50
INFO:engine.builder1_marketing_text_repair:BUILDER1_MARKETING_LANGUAGE_OK adIndex=1 targetLanguage=he
INFO:engine.builder1_marketing_text_repair:BUILDER1_MARKETING_TEXT_CHECK adIndex=1 wordCount=50
INFO:engine.builder1_marketing_text_repair:BUILDER1_MARKETING_LANGUAGE_CHECK adIndex=1 targetLanguage=he 
dominantLanguage=he valid=True hebrewChars=200 latinChars=0
INFO:engine.builder1_marketing_text_repair:BUILDER1_MARKETING_TEXT_CHECK adIndex=2 wordCount=50
INFO:engine.builder1_marketing_text_repair:BUILDER1_MARKETING_LANGUAGE_CHECK adIndex=2 targetLanguage=he 
dominantLanguage=he valid=True hebrewChars=200 latinChars=0
ok
test_repaired_english_has_fifty_words 
(test_builder1_marketing_language.TestMarketingLanguageRepair.test_repaired_english_has_fifty_words) ... 
INFO:engine.builder1_marketing_text_repair:BUILDER1_MARKETING_TEXT_CHECK adIndex=1 wordCount=50
INFO:engine.builder1_marketing_text_repair:BUILDER1_MARKETING_LANGUAGE_CHECK adIndex=1 targetLanguage=en 
dominantLanguage=he valid=False hebrewChars=200 latinChars=0
INFO:engine.builder1_marketing_text_repair:BUILDER1_MARKETING_TEXT_CHECK adIndex=2 wordCount=50
INFO:engine.builder1_marketing_text_repair:BUILDER1_MARKETING_LANGUAGE_CHECK adIndex=2 targetLanguage=en 
dominantLanguage=en valid=True hebrewChars=0 latinChars=200
INFO:engine.builder1_marketing_text_repair:BUILDER1_MARKETING_TEXT_REPAIR adIndex=1 attempt=1
INFO:engine.builder1_marketing_text_repair:BUILDER1_MARKETING_LANGUAGE_REPAIR adIndex=1 targetLanguage=en
INFO:engine.builder1_marketing_text_repair:BUILDER1_MARKETING_TEXT_OK adIndex=1 wordCount=50
INFO:engine.builder1_marketing_text_repair:BUILDER1_MARKETING_LANGUAGE_OK adIndex=1 targetLanguage=en
INFO:engine.builder1_marketing_text_repair:BUILDER1_MARKETING_TEXT_CHECK adIndex=1 wordCount=50
INFO:engine.builder1_marketing_text_repair:BUILDER1_MARKETING_LANGUAGE_CHECK adIndex=1 targetLanguage=en 
dominantLanguage=en valid=True hebrewChars=0 latinChars=200
INFO:engine.builder1_marketing_text_repair:BUILDER1_MARKETING_TEXT_CHECK adIndex=2 wordCount=50
INFO:engine.builder1_marketing_text_repair:BUILDER1_MARKETING_LANGUAGE_CHECK adIndex=2 targetLanguage=en 
dominantLanguage=en valid=True hebrewChars=0 latinChars=200
ok
test_repaired_hebrew_has_fifty_words 
(test_builder1_marketing_language.TestMarketingLanguageRepair.test_repaired_hebrew_has_fifty_words) ... 
INFO:engine.builder1_marketing_text_repair:BUILDER1_MARKETING_TEXT_CHECK adIndex=1 wordCount=50
INFO:engine.builder1_marketing_text_repair:BUILDER1_MARKETING_LANGUAGE_CHECK adIndex=1 targetLanguage=he 
dominantLanguage=en valid=False hebrewChars=0 latinChars=200
INFO:engine.builder1_marketing_text_repair:BUILDER1_MARKETING_TEXT_CHECK adIndex=2 wordCount=50
INFO:engine.builder1_marketing_text_repair:BUILDER1_MARKETING_LANGUAGE_CHECK adIndex=2 targetLanguage=he 
dominantLanguage=he valid=True hebrewChars=200 latinChars=0
INFO:engine.builder1_marketing_text_repair:BUILDER1_MARKETING_TEXT_REPAIR adIndex=1 attempt=1
INFO:engine.builder1_marketing_text_repair:BUILDER1_MARKETING_LANGUAGE_REPAIR adIndex=1 targetLanguage=he
INFO:engine.builder1_marketing_text_repair:BUILDER1_MARKETING_TEXT_OK adIndex=1 wordCount=50
INFO:engine.builder1_marketing_text_repair:BUILDER1_MARKETING_LANGUAGE_OK adIndex=1 targetLanguage=he
INFO:engine.builder1_marketing_text_repair:BUILDER1_MARKETING_TEXT_CHECK adIndex=1 wordCount=50
INFO:engine.builder1_marketing_text_repair:BUILDER1_MARKETING_LANGUAGE_CHECK adIndex=1 targetLanguage=he 
dominantLanguage=he valid=True hebrewChars=200 latinChars=0
INFO:engine.builder1_marketing_text_repair:BUILDER1_MARKETING_TEXT_CHECK adIndex=2 wordCount=50
INFO:engine.builder1_marketing_text_repair:BUILDER1_MARKETING_LANGUAGE_CHECK adIndex=2 targetLanguage=he 
dominantLanguage=he valid=True hebrewChars=200 latinChars=0
ok
test_wrong_language_triggers_focused_repair 
(test_builder1_marketing_language.TestMarketingLanguageRepair.test_wrong_language_triggers_focused_repair) ... 
INFO:engine.builder1_marketing_text_repair:BUILDER1_MARKETING_TEXT_CHECK adIndex=1 wordCount=50
INFO:engine.builder1_marketing_text_repair:BUILDER1_MARKETING_LANGUAGE_CHECK adIndex=1 targetLanguage=he 
dominantLanguage=en valid=False hebrewChars=0 latinChars=200
INFO:engine.builder1_marketing_text_repair:BUILDER1_MARKETING_TEXT_CHECK adIndex=2 wordCount=50
INFO:engine.builder1_marketing_text_repair:BUILDER1_MARKETING_LANGUAGE_CHECK adIndex=2 targetLanguage=he 
dominantLanguage=he valid=True hebrewChars=200 latinChars=0
INFO:engine.builder1_marketing_text_repair:BUILDER1_MARKETING_TEXT_REPAIR adIndex=1 attempt=1
INFO:engine.builder1_marketing_text_repair:BUILDER1_MARKETING_LANGUAGE_REPAIR adIndex=1 targetLanguage=he
INFO:engine.builder1_marketing_text_repair:BUILDER1_MARKETING_TEXT_OK adIndex=1 wordCount=50
INFO:engine.builder1_marketing_text_repair:BUILDER1_MARKETING_LANGUAGE_OK adIndex=1 targetLanguage=he
INFO:engine.builder1_marketing_text_repair:BUILDER1_MARKETING_TEXT_CHECK adIndex=1 wordCount=50
INFO:engine.builder1_marketing_text_repair:BUILDER1_MARKETING_LANGUAGE_CHECK adIndex=1 targetLanguage=he 
dominantLanguage=he valid=True hebrewChars=200 latinChars=0
INFO:engine.builder1_marketing_text_repair:BUILDER1_MARKETING_TEXT_CHECK adIndex=2 wordCount=50
INFO:engine.builder1_marketing_text_repair:BUILDER1_MARKETING_LANGUAGE_CHECK adIndex=2 targetLanguage=he 
dominantLanguage=he valid=True hebrewChars=200 latinChars=0
ok
test_english_paragraph_passes 
(test_builder1_marketing_language.TestMarketingLanguageValidation.test_english_paragraph_passes) ... ok
test_english_with_hebrew_brand_name_passes 
(test_builder1_marketing_language.TestMarketingLanguageValidation.test_english_with_hebrew_brand_name_passes) ... ok
test_hebrew_paragraph_passes 
(test_builder1_marketing_language.TestMarketingLanguageValidation.test_hebrew_paragraph_passes) ... ok
test_hebrew_with_english_brand_name_passes 
(test_builder1_marketing_language.TestMarketingLanguageValidation.test_hebrew_with_english_brand_name_passes) ... ok
test_primarily_english_fails_for_hebrew_target 
(test_builder1_marketing_language.TestMarketingLanguageValidation.test_primarily_english_fails_for_hebrew_target) ... 
ok
test_primarily_hebrew_fails_for_english_target 
(test_builder1_marketing_language.TestMarketingLanguageValidation.test_primarily_hebrew_fails_for_english_target) ... 
ok
test_language_repair_preserves_generators 
(test_builder1_marketing_language.TestPlannerLanguageIntegration.test_language_repair_preserves_generators) ... 
INFO:engine.builder1_planner:BUILDER1_SERIES_PLANNING_START productName= format=portrait adCount=2 
seed=68ac9fd4-2600-4e53-bdbd-a1c1eae4d0b4 lang=he
INFO:engine.builder1_product_visibility:BUILDER1_PRODUCT_VISIBILITY_POLICY campaignId= mode=FORBIDDEN source=default
INFO:engine.builder1_planner:BUILDER1_PRODUCT_NAME_GENERATION_START
INFO:engine.builder1_planner:BUILDER1_STAGE_START stage=product_name_resolution attempt=1
INFO:engine.builder1_planner:BUILDER1_STAGE_PARSE_OK stage=product_name_resolution
INFO:engine.builder1_planner:BUILDER1_STAGE_DURATION stage=product_name_resolution attempt=1 durationMs=0
INFO:engine.builder1_planner:BUILDER1_PRODUCT_NAME_GENERATION_OK nameLength=9 lang=he
INFO:engine.builder1_planner:BUILDER1_PRODUCT_NAME_SOURCE source=generated
INFO:engine.builder1_planner:BUILDER1_STAGE_START stage=strategy_stage attempt=1
INFO:engine.builder1_strategy_scan:BUILDER1_STRATEGY_SCAN_OK candidates=12
INFO:engine.builder1_planner:BUILDER1_STAGE_PARSE_OK stage=strategy_stage
INFO:engine.builder1_planner:BUILDER1_STAGE_DURATION stage=strategy_stage attempt=1 durationMs=2
INFO:engine.builder1_planner:BUILDER1_STAGE_START stage=slogan_stage attempt=1
INFO:engine.builder1_planner:BUILDER1_STAGE_PARSE_OK stage=slogan_stage
INFO:engine.builder1_planner:BUILDER1_STAGE_DURATION stage=slogan_stage attempt=1 durationMs=0
INFO:engine.builder1_planner:BUILDER1_STAGE_START stage=conceptual_stage attempt=1
INFO:engine.builder1_planner:BUILDER1_STAGE_PARSE_OK stage=conceptual_stage
INFO:engine.builder1_planner:BUILDER1_STAGE_DURATION stage=conceptual_stage attempt=1 durationMs=1
INFO:engine.builder1_product_visibility:BUILDER1_PRODUCT_VISIBILITY_POLICY campaignId= mode=FORBIDDEN source=default
INFO:engine.builder1_planner:BUILDER1_STAGE_START stage=brand_physical attempt=1
INFO:engine.builder1_planner:BUILDER1_STAGE_PARSE_OK stage=brand_physical
INFO:engine.builder1_planner:BUILDER1_STAGE_DURATION stage=brand_physical attempt=1 durationMs=0
INFO:engine.builder1_planner:BUILDER1_STAGE_START stage=graphic_system attempt=1
INFO:engine.builder1_planner:BUILDER1_STAGE_PARSE_OK stage=graphic_system
INFO:engine.builder1_planner:BUILDER1_STAGE_DURATION stage=graphic_system attempt=1 durationMs=0
INFO:engine.builder1_planner:BUILDER1_STAGE_START stage=series_ads attempt=1
INFO:engine.builder1_planner:BUILDER1_STAGE_PARSE_OK stage=series_ads
INFO:engine.builder1_planner:BUILDER1_STAGE_DURATION stage=series_ads attempt=1 durationMs=0
INFO:engine.builder1_marketing_text_repair:BUILDER1_MARKETING_TEXT_CHECK adIndex=1 wordCount=50
INFO:engine.builder1_marketing_text_repair:BUILDER1_MARKETING_LANGUAGE_CHECK adIndex=1 targetLanguage=he 
dominantLanguage=en valid=False hebrewChars=0 latinChars=200
INFO:engine.builder1_marketing_text_repair:BUILDER1_MARKETING_TEXT_CHECK adIndex=2 wordCount=50
INFO:engine.builder1_marketing_text_repair:BUILDER1_MARKETING_LANGUAGE_CHECK adIndex=2 targetLanguage=he 
dominantLanguage=en valid=False hebrewChars=0 latinChars=50
INFO:engine.builder1_marketing_text_repair:BUILDER1_MARKETING_TEXT_REPAIR adIndex=1 attempt=1
INFO:engine.builder1_marketing_text_repair:BUILDER1_MARKETING_LANGUAGE_REPAIR adIndex=1 targetLanguage=he
INFO:engine.builder1_marketing_text_repair:BUILDER1_MARKETING_TEXT_REPAIR adIndex=2 attempt=1
INFO:engine.builder1_marketing_text_repair:BUILDER1_MARKETING_LANGUAGE_REPAIR adIndex=2 targetLanguage=he
INFO:engine.builder1_marketing_text_repair:BUILDER1_MARKETING_TEXT_OK adIndex=1 wordCount=50
INFO:engine.builder1_marketing_text_repair:BUILDER1_MARKETING_LANGUAGE_OK adIndex=1 targetLanguage=he
INFO:engine.builder1_marketing_text_repair:BUILDER1_MARKETING_TEXT_OK adIndex=2 wordCount=50
INFO:engine.builder1_marketing_text_repair:BUILDER1_MARKETING_LANGUAGE_OK adIndex=2 targetLanguage=he
INFO:engine.builder1_marketing_text_repair:BUILDER1_MARKETING_TEXT_CHECK adIndex=1 wordCount=50
INFO:engine.builder1_marketing_text_repair:BUILDER1_MARKETING_LANGUAGE_CHECK adIndex=1 targetLanguage=he 
dominantLanguage=he valid=True hebrewChars=200 latinChars=0
INFO:engine.builder1_marketing_text_repair:BUILDER1_MARKETING_TEXT_CHECK adIndex=2 wordCount=50
INFO:engine.builder1_marketing_text_repair:BUILDER1_MARKETING_LANGUAGE_CHECK adIndex=2 targetLanguage=he 
dominantLanguage=he valid=True hebrewChars=50 latinChars=0
INFO:engine.builder1_planning_pipeline:BUILDER1_INTEGRITY_OK
INFO:engine.builder1_planning_metrics:BUILDER1_PIPELINE_DURATION durationMs=13
INFO:engine.builder1_planner:BUILDER1_SERIES_PLANNING_OK adCount=2
INFO:engine.builder1_planning_metrics:BUILDER1_PLANNING_CALL_SUMMARY campaignId= jobId= productNameCallUsed=true 
productNameStageCalls=1 strategyStageCalls=1 sloganStageCalls=1 conceptualStageCalls=1 physicalStageCalls=1 
graphicStageCalls=1 seriesStageCalls=1 marketingTextRepairCalls=0 stageRepairCalls=0 stageRetryCalls=0 
stageModelFallbackCalls=0 normalExpectedCalls=7 actualPlanningCalls=7 totalPlanningModelCalls=7 promptTokens= 
outputTokens= totalTokens= totalPlanningDurationMs=13
ok
test_marketing_copy_wrong_language_is_repaired_in_series_flow (test_builder1_marketing_language.TestPlannerLanguageInte
gration.test_marketing_copy_wrong_language_is_repaired_in_series_flow) ... 
INFO:engine.builder1_marketing_text_repair:BUILDER1_MARKETING_TEXT_CHECK adIndex=1 wordCount=50
INFO:engine.builder1_marketing_text_repair:BUILDER1_MARKETING_LANGUAGE_CHECK adIndex=1 targetLanguage=en 
dominantLanguage=he valid=False hebrewChars=200 latinChars=0
INFO:engine.builder1_marketing_text_repair:BUILDER1_MARKETING_TEXT_CHECK adIndex=2 wordCount=50
INFO:engine.builder1_marketing_text_repair:BUILDER1_MARKETING_LANGUAGE_CHECK adIndex=2 targetLanguage=en 
dominantLanguage=en valid=True hebrewChars=0 latinChars=200
INFO:engine.builder1_marketing_text_repair:BUILDER1_MARKETING_TEXT_REPAIR adIndex=1 attempt=1
INFO:engine.builder1_marketing_text_repair:BUILDER1_MARKETING_LANGUAGE_REPAIR adIndex=1 targetLanguage=en
INFO:engine.builder1_marketing_text_repair:BUILDER1_MARKETING_TEXT_OK adIndex=1 wordCount=50
INFO:engine.builder1_marketing_text_repair:BUILDER1_MARKETING_LANGUAGE_OK adIndex=1 targetLanguage=en
INFO:engine.builder1_marketing_text_repair:BUILDER1_MARKETING_TEXT_CHECK adIndex=1 wordCount=50
INFO:engine.builder1_marketing_text_repair:BUILDER1_MARKETING_LANGUAGE_CHECK adIndex=1 targetLanguage=en 
dominantLanguage=en valid=True hebrewChars=0 latinChars=200
INFO:engine.builder1_marketing_text_repair:BUILDER1_MARKETING_TEXT_CHECK adIndex=2 wordCount=50
INFO:engine.builder1_marketing_text_repair:BUILDER1_MARKETING_LANGUAGE_CHECK adIndex=2 targetLanguage=en 
dominantLanguage=en valid=True hebrewChars=0 latinChars=200
ok
test_successful_language_repair_completes_planning_without_judge (test_builder1_marketing_language.TestPlannerLanguageI
ntegration.test_successful_language_repair_completes_planning_without_judge) ... 
INFO:engine.builder1_planner:BUILDER1_SERIES_PLANNING_START productName= format=portrait adCount=2 
seed=849c6b43-0504-464c-9933-fb1ab5404887 lang=he
INFO:engine.builder1_product_visibility:BUILDER1_PRODUCT_VISIBILITY_POLICY campaignId= mode=FORBIDDEN source=default
INFO:engine.builder1_planner:BUILDER1_PRODUCT_NAME_GENERATION_START
INFO:engine.builder1_planner:BUILDER1_STAGE_START stage=product_name_resolution attempt=1
INFO:engine.builder1_planner:BUILDER1_STAGE_PARSE_OK stage=product_name_resolution
INFO:engine.builder1_planner:BUILDER1_STAGE_DURATION stage=product_name_resolution attempt=1 durationMs=0
INFO:engine.builder1_planner:BUILDER1_PRODUCT_NAME_GENERATION_OK nameLength=9 lang=he
INFO:engine.builder1_planner:BUILDER1_PRODUCT_NAME_SOURCE source=generated
INFO:engine.builder1_planner:BUILDER1_STAGE_START stage=strategy_stage attempt=1
INFO:engine.builder1_strategy_scan:BUILDER1_STRATEGY_SCAN_OK candidates=12
INFO:engine.builder1_planner:BUILDER1_STAGE_PARSE_OK stage=strategy_stage
INFO:engine.builder1_planner:BUILDER1_STAGE_DURATION stage=strategy_stage attempt=1 durationMs=2
INFO:engine.builder1_planner:BUILDER1_STAGE_START stage=slogan_stage attempt=1
INFO:engine.builder1_planner:BUILDER1_STAGE_PARSE_OK stage=slogan_stage
INFO:engine.builder1_planner:BUILDER1_STAGE_DURATION stage=slogan_stage attempt=1 durationMs=0
INFO:engine.builder1_planner:BUILDER1_STAGE_START stage=conceptual_stage attempt=1
INFO:engine.builder1_planner:BUILDER1_STAGE_PARSE_OK stage=conceptual_stage
INFO:engine.builder1_planner:BUILDER1_STAGE_DURATION stage=conceptual_stage attempt=1 durationMs=1
INFO:engine.builder1_product_visibility:BUILDER1_PRODUCT_VISIBILITY_POLICY campaignId= mode=FORBIDDEN source=default
INFO:engine.builder1_planner:BUILDER1_STAGE_START stage=brand_physical attempt=1
INFO:engine.builder1_planner:BUILDER1_STAGE_PARSE_OK stage=brand_physical
INFO:engine.builder1_planner:BUILDER1_STAGE_DURATION stage=brand_physical attempt=1 durationMs=0
INFO:engine.builder1_planner:BUILDER1_STAGE_START stage=graphic_system attempt=1
INFO:engine.builder1_planner:BUILDER1_STAGE_PARSE_OK stage=graphic_system
INFO:engine.builder1_planner:BUILDER1_STAGE_DURATION stage=graphic_system attempt=1 durationMs=0
INFO:engine.builder1_planner:BUILDER1_STAGE_START stage=series_ads attempt=1
INFO:engine.builder1_planner:BUILDER1_STAGE_PARSE_OK stage=series_ads
INFO:engine.builder1_planner:BUILDER1_STAGE_DURATION stage=series_ads attempt=1 durationMs=0
INFO:engine.builder1_marketing_text_repair:BUILDER1_MARKETING_TEXT_CHECK adIndex=1 wordCount=50
INFO:engine.builder1_marketing_text_repair:BUILDER1_MARKETING_LANGUAGE_CHECK adIndex=1 targetLanguage=he 
dominantLanguage=en valid=False hebrewChars=0 latinChars=200
INFO:engine.builder1_marketing_text_repair:BUILDER1_MARKETING_TEXT_CHECK adIndex=2 wordCount=50
INFO:engine.builder1_marketing_text_repair:BUILDER1_MARKETING_LANGUAGE_CHECK adIndex=2 targetLanguage=he 
dominantLanguage=en valid=False hebrewChars=0 latinChars=50
INFO:engine.builder1_marketing_text_repair:BUILDER1_MARKETING_TEXT_REPAIR adIndex=1 attempt=1
INFO:engine.builder1_marketing_text_repair:BUILDER1_MARKETING_LANGUAGE_REPAIR adIndex=1 targetLanguage=he
INFO:engine.builder1_marketing_text_repair:BUILDER1_MARKETING_TEXT_REPAIR adIndex=2 attempt=1
INFO:engine.builder1_marketing_text_repair:BUILDER1_MARKETING_LANGUAGE_REPAIR adIndex=2 targetLanguage=he
INFO:engine.builder1_marketing_text_repair:BUILDER1_MARKETING_TEXT_OK adIndex=1 wordCount=50
INFO:engine.builder1_marketing_text_repair:BUILDER1_MARKETING_LANGUAGE_OK adIndex=1 targetLanguage=he
INFO:engine.builder1_marketing_text_repair:BUILDER1_MARKETING_TEXT_OK adIndex=2 wordCount=50
INFO:engine.builder1_marketing_text_repair:BUILDER1_MARKETING_LANGUAGE_OK adIndex=2 targetLanguage=he
INFO:engine.builder1_marketing_text_repair:BUILDER1_MARKETING_TEXT_CHECK adIndex=1 wordCount=50
INFO:engine.builder1_marketing_text_repair:BUILDER1_MARKETING_LANGUAGE_CHECK adIndex=1 targetLanguage=he 
dominantLanguage=he valid=True hebrewChars=200 latinChars=0
INFO:engine.builder1_marketing_text_repair:BUILDER1_MARKETING_TEXT_CHECK adIndex=2 wordCount=50
INFO:engine.builder1_marketing_text_repair:BUILDER1_MARKETING_LANGUAGE_CHECK adIndex=2 targetLanguage=he 
dominantLanguage=he valid=True hebrewChars=50 latinChars=0
INFO:engine.builder1_planning_pipeline:BUILDER1_INTEGRITY_OK
INFO:engine.builder1_planning_metrics:BUILDER1_PIPELINE_DURATION durationMs=12
INFO:engine.builder1_planner:BUILDER1_SERIES_PLANNING_OK adCount=2
INFO:engine.builder1_planning_metrics:BUILDER1_PLANNING_CALL_SUMMARY campaignId= jobId= productNameCallUsed=true 
productNameStageCalls=1 strategyStageCalls=1 sloganStageCalls=1 conceptualStageCalls=1 physicalStageCalls=1 
graphicStageCalls=1 seriesStageCalls=1 marketingTextRepairCalls=0 stageRepairCalls=0 stageRetryCalls=0 
stageModelFallbackCalls=0 normalExpectedCalls=7 actualPlanningCalls=7 totalPlanningModelCalls=7 promptTokens= 
outputTokens= totalTokens= totalPlanningDurationMs=12
ok
test_successful_repair_reaches_image_generation 
(test_builder1_marketing_language.TestPlannerLanguageIntegration.test_successful_repair_reaches_image_generation) ... 
INFO:engine.builder1_planner:BUILDER1_SERIES_PLANNING_START productName= format=portrait adCount=2 
seed=76ddf81c-5430-408f-9daa-ec97cf4986c5 lang=he
INFO:engine.builder1_product_visibility:BUILDER1_PRODUCT_VISIBILITY_POLICY campaignId= mode=FORBIDDEN source=default
INFO:engine.builder1_planner:BUILDER1_PRODUCT_NAME_GENERATION_START
INFO:engine.builder1_planner:BUILDER1_STAGE_START stage=product_name_resolution attempt=1
INFO:engine.builder1_planner:BUILDER1_STAGE_PARSE_OK stage=product_name_resolution
INFO:engine.builder1_planner:BUILDER1_STAGE_DURATION stage=product_name_resolution attempt=1 durationMs=0
INFO:engine.builder1_planner:BUILDER1_PRODUCT_NAME_GENERATION_OK nameLength=9 lang=he
INFO:engine.builder1_planner:BUILDER1_PRODUCT_NAME_SOURCE source=generated
INFO:engine.builder1_planner:BUILDER1_STAGE_START stage=strategy_stage attempt=1
INFO:engine.builder1_strategy_scan:BUILDER1_STRATEGY_SCAN_OK candidates=12
INFO:engine.builder1_planner:BUILDER1_STAGE_PARSE_OK stage=strategy_stage
INFO:engine.builder1_planner:BUILDER1_STAGE_DURATION stage=strategy_stage attempt=1 durationMs=2
INFO:engine.builder1_planner:BUILDER1_STAGE_START stage=slogan_stage attempt=1
INFO:engine.builder1_planner:BUILDER1_STAGE_PARSE_OK stage=slogan_stage
INFO:engine.builder1_planner:BUILDER1_STAGE_DURATION stage=slogan_stage attempt=1 durationMs=0
INFO:engine.builder1_planner:BUILDER1_STAGE_START stage=conceptual_stage attempt=1
INFO:engine.builder1_planner:BUILDER1_STAGE_PARSE_OK stage=conceptual_stage
INFO:engine.builder1_planner:BUILDER1_STAGE_DURATION stage=conceptual_stage attempt=1 durationMs=1
INFO:engine.builder1_product_visibility:BUILDER1_PRODUCT_VISIBILITY_POLICY campaignId= mode=FORBIDDEN source=default
INFO:engine.builder1_planner:BUILDER1_STAGE_START stage=brand_physical attempt=1
INFO:engine.builder1_planner:BUILDER1_STAGE_PARSE_OK stage=brand_physical
INFO:engine.builder1_planner:BUILDER1_STAGE_DURATION stage=brand_physical attempt=1 durationMs=0
C:\Users\user\AppData\Local\Programs\Python\Python312\Lib\json\encoder.py:414: ResourceWarning: unclosed 
<ssl.SSLSocket fd=1304, family=2, type=1, proto=0, laddr=('10.13.86.43', 60934), raddr=('162.159.140.245', 443)>
  def _iterencode(o, _current_indent_level):
ResourceWarning: Enable tracemalloc to get the object allocation traceback
INFO:engine.builder1_planner:BUILDER1_STAGE_START stage=graphic_system attempt=1
INFO:engine.builder1_planner:BUILDER1_STAGE_PARSE_OK stage=graphic_system
INFO:engine.builder1_planner:BUILDER1_STAGE_DURATION stage=graphic_system attempt=1 durationMs=0
INFO:engine.builder1_planner:BUILDER1_STAGE_START stage=series_ads attempt=1
INFO:engine.builder1_planner:BUILDER1_STAGE_PARSE_OK stage=series_ads
INFO:engine.builder1_planner:BUILDER1_STAGE_DURATION stage=series_ads attempt=1 durationMs=0
INFO:engine.builder1_marketing_text_repair:BUILDER1_MARKETING_TEXT_CHECK adIndex=1 wordCount=50
INFO:engine.builder1_marketing_text_repair:BUILDER1_MARKETING_LANGUAGE_CHECK adIndex=1 targetLanguage=he 
dominantLanguage=en valid=False hebrewChars=0 latinChars=200
INFO:engine.builder1_marketing_text_repair:BUILDER1_MARKETING_TEXT_CHECK adIndex=2 wordCount=50
INFO:engine.builder1_marketing_text_repair:BUILDER1_MARKETING_LANGUAGE_CHECK adIndex=2 targetLanguage=he 
dominantLanguage=en valid=False hebrewChars=0 latinChars=50
INFO:engine.builder1_marketing_text_repair:BUILDER1_MARKETING_TEXT_REPAIR adIndex=1 attempt=1
INFO:engine.builder1_marketing_text_repair:BUILDER1_MARKETING_LANGUAGE_REPAIR adIndex=1 targetLanguage=he
INFO:engine.builder1_marketing_text_repair:BUILDER1_MARKETING_TEXT_REPAIR adIndex=2 attempt=1
INFO:engine.builder1_marketing_text_repair:BUILDER1_MARKETING_LANGUAGE_REPAIR adIndex=2 targetLanguage=he
INFO:engine.builder1_marketing_text_repair:BUILDER1_MARKETING_TEXT_OK adIndex=1 wordCount=50
INFO:engine.builder1_marketing_text_repair:BUILDER1_MARKETING_LANGUAGE_OK adIndex=1 targetLanguage=he
INFO:engine.builder1_marketing_text_repair:BUILDER1_MARKETING_TEXT_OK adIndex=2 wordCount=50
INFO:engine.builder1_marketing_text_repair:BUILDER1_MARKETING_LANGUAGE_OK adIndex=2 targetLanguage=he
INFO:engine.builder1_marketing_text_repair:BUILDER1_MARKETING_TEXT_CHECK adIndex=1 wordCount=50
INFO:engine.builder1_marketing_text_repair:BUILDER1_MARKETING_LANGUAGE_CHECK adIndex=1 targetLanguage=he 
dominantLanguage=he valid=True hebrewChars=200 latinChars=0
INFO:engine.builder1_marketing_text_repair:BUILDER1_MARKETING_TEXT_CHECK adIndex=2 wordCount=50
INFO:engine.builder1_marketing_text_repair:BUILDER1_MARKETING_LANGUAGE_CHECK adIndex=2 targetLanguage=he 
dominantLanguage=he valid=True hebrewChars=50 latinChars=0
INFO:engine.builder1_planning_pipeline:BUILDER1_INTEGRITY_OK
INFO:engine.builder1_planning_metrics:BUILDER1_PIPELINE_DURATION durationMs=18
INFO:engine.builder1_planner:BUILDER1_SERIES_PLANNING_OK adCount=2
INFO:engine.builder1_planning_metrics:BUILDER1_PLANNING_CALL_SUMMARY campaignId= jobId= productNameCallUsed=true 
productNameStageCalls=1 strategyStageCalls=1 sloganStageCalls=1 conceptualStageCalls=1 physicalStageCalls=1 
graphicStageCalls=1 seriesStageCalls=1 marketingTextRepairCalls=0 stageRepairCalls=0 stageRetryCalls=0 
stageModelFallbackCalls=0 normalExpectedCalls=7 actualPlanningCalls=7 totalPlanningModelCalls=7 promptTokens= 
outputTokens= totalTokens= totalPlanningDurationMs=18
INFO:engine.builder1_image_generator:BUILDER1_SERIES_IMAGE_START adIndex=1 attempt=1
INFO:engine.builder1_image_generator:BUILDER1_SERIES_IMAGE_OK adIndex=1
INFO:engine.builder1_image_compliance:BUILDER1_IMAGE_COMPLIANCE_REVIEW_START campaignId= jobId= adIndex=1
INFO:engine.builder1_image_compliance:BUILDER1_IMAGE_COMPLIANCE_REVIEW_PASS campaignId= jobId= adIndex=1 
confidence=high
ok
test_valid_language_does_not_rerun_series_ads 
(test_builder1_marketing_language.TestPlannerLanguageIntegration.test_valid_language_does_not_rerun_series_ads) ... 
INFO:engine.builder1_planner:BUILDER1_SERIES_PLANNING_START productName= format=portrait adCount=2 
seed=45d85fa8-d033-4a13-b729-94b6b0f22a13 lang=he
INFO:engine.builder1_product_visibility:BUILDER1_PRODUCT_VISIBILITY_POLICY campaignId= mode=FORBIDDEN source=default
INFO:engine.builder1_planner:BUILDER1_PRODUCT_NAME_GENERATION_START
INFO:engine.builder1_planner:BUILDER1_STAGE_START stage=product_name_resolution attempt=1
INFO:engine.builder1_planner:BUILDER1_STAGE_PARSE_OK stage=product_name_resolution
INFO:engine.builder1_planner:BUILDER1_STAGE_DURATION stage=product_name_resolution attempt=1 durationMs=0
INFO:engine.builder1_planner:BUILDER1_PRODUCT_NAME_GENERATION_OK nameLength=9 lang=he
INFO:engine.builder1_planner:BUILDER1_PRODUCT_NAME_SOURCE source=generated
INFO:engine.builder1_planner:BUILDER1_STAGE_START stage=strategy_stage attempt=1
INFO:engine.builder1_strategy_scan:BUILDER1_STRATEGY_SCAN_OK candidates=12
INFO:engine.builder1_planner:BUILDER1_STAGE_PARSE_OK stage=strategy_stage
INFO:engine.builder1_planner:BUILDER1_STAGE_DURATION stage=strategy_stage attempt=1 durationMs=2
INFO:engine.builder1_planner:BUILDER1_STAGE_START stage=slogan_stage attempt=1
INFO:engine.builder1_planner:BUILDER1_STAGE_PARSE_OK stage=slogan_stage
INFO:engine.builder1_planner:BUILDER1_STAGE_DURATION stage=slogan_stage attempt=1 durationMs=0
INFO:engine.builder1_planner:BUILDER1_STAGE_START stage=conceptual_stage attempt=1
INFO:engine.builder1_planner:BUILDER1_STAGE_PARSE_OK stage=conceptual_stage
INFO:engine.builder1_planner:BUILDER1_STAGE_DURATION stage=conceptual_stage attempt=1 durationMs=1
INFO:engine.builder1_product_visibility:BUILDER1_PRODUCT_VISIBILITY_POLICY campaignId= mode=FORBIDDEN source=default
INFO:engine.builder1_planner:BUILDER1_STAGE_START stage=brand_physical attempt=1
INFO:engine.builder1_planner:BUILDER1_STAGE_PARSE_OK stage=brand_physical
INFO:engine.builder1_planner:BUILDER1_STAGE_DURATION stage=brand_physical attempt=1 durationMs=0
INFO:engine.builder1_planner:BUILDER1_STAGE_START stage=graphic_system attempt=1
INFO:engine.builder1_planner:BUILDER1_STAGE_PARSE_OK stage=graphic_system
INFO:engine.builder1_planner:BUILDER1_STAGE_DURATION stage=graphic_system attempt=1 durationMs=0
INFO:engine.builder1_planner:BUILDER1_STAGE_START stage=series_ads attempt=1
INFO:engine.builder1_planner:BUILDER1_STAGE_PARSE_OK stage=series_ads
INFO:engine.builder1_planner:BUILDER1_STAGE_DURATION stage=series_ads attempt=1 durationMs=0
INFO:engine.builder1_marketing_text_repair:BUILDER1_MARKETING_TEXT_CHECK adIndex=1 wordCount=50
INFO:engine.builder1_marketing_text_repair:BUILDER1_MARKETING_LANGUAGE_CHECK adIndex=1 targetLanguage=he 
dominantLanguage=en valid=False hebrewChars=0 latinChars=200
INFO:engine.builder1_marketing_text_repair:BUILDER1_MARKETING_TEXT_CHECK adIndex=2 wordCount=50
INFO:engine.builder1_marketing_text_repair:BUILDER1_MARKETING_LANGUAGE_CHECK adIndex=2 targetLanguage=he 
dominantLanguage=en valid=False hebrewChars=0 latinChars=50
INFO:engine.builder1_marketing_text_repair:BUILDER1_MARKETING_TEXT_REPAIR adIndex=1 attempt=1
INFO:engine.builder1_marketing_text_repair:BUILDER1_MARKETING_LANGUAGE_REPAIR adIndex=1 targetLanguage=he
INFO:engine.builder1_marketing_text_repair:BUILDER1_MARKETING_TEXT_REPAIR adIndex=2 attempt=1
INFO:engine.builder1_marketing_text_repair:BUILDER1_MARKETING_LANGUAGE_REPAIR adIndex=2 targetLanguage=he
INFO:engine.builder1_marketing_text_repair:BUILDER1_MARKETING_TEXT_OK adIndex=1 wordCount=50
INFO:engine.builder1_marketing_text_repair:BUILDER1_MARKETING_LANGUAGE_OK adIndex=1 targetLanguage=he
INFO:engine.builder1_marketing_text_repair:BUILDER1_MARKETING_TEXT_OK adIndex=2 wordCount=50
INFO:engine.builder1_marketing_text_repair:BUILDER1_MARKETING_LANGUAGE_OK adIndex=2 targetLanguage=he
INFO:engine.builder1_marketing_text_repair:BUILDER1_MARKETING_TEXT_CHECK adIndex=1 wordCount=50
INFO:engine.builder1_marketing_text_repair:BUILDER1_MARKETING_LANGUAGE_CHECK adIndex=1 targetLanguage=he 
dominantLanguage=he valid=True hebrewChars=200 latinChars=0
INFO:engine.builder1_marketing_text_repair:BUILDER1_MARKETING_TEXT_CHECK adIndex=2 wordCount=50
INFO:engine.builder1_marketing_text_repair:BUILDER1_MARKETING_LANGUAGE_CHECK adIndex=2 targetLanguage=he 
dominantLanguage=he valid=True hebrewChars=50 latinChars=0
INFO:engine.builder1_planning_pipeline:BUILDER1_INTEGRITY_OK
INFO:engine.builder1_planning_metrics:BUILDER1_PIPELINE_DURATION durationMs=12
INFO:engine.builder1_planner:BUILDER1_SERIES_PLANNING_OK adCount=2
INFO:engine.builder1_planning_metrics:BUILDER1_PLANNING_CALL_SUMMARY campaignId= jobId= productNameCallUsed=true 
productNameStageCalls=1 strategyStageCalls=1 sloganStageCalls=1 conceptualStageCalls=1 physicalStageCalls=1 
graphicStageCalls=1 seriesStageCalls=1 marketingTextRepairCalls=0 stageRepairCalls=0 stageRetryCalls=0 
stageModelFallbackCalls=0 normalExpectedCalls=7 actualPlanningCalls=7 totalPlanningModelCalls=7 promptTokens= 
outputTokens= totalTokens= totalPlanningDurationMs=12
ok
test_builder2_has_no_marketing_copy_module 
(test_builder1_marketing_zip.TestBuilder2Unchanged.test_builder2_has_no_marketing_copy_module) ... ok
test_english_word_count (test_builder1_marketing_zip.TestMarketingCopyValidation.test_english_word_count) ... ok
test_exactly_fifty_words_required 
(test_builder1_marketing_zip.TestMarketingCopyValidation.test_exactly_fifty_words_required) ... ok
test_hebrew_word_count (test_builder1_marketing_zip.TestMarketingCopyValidation.test_hebrew_word_count) ... ok
test_punctuation_does_not_add_words 
(test_builder1_marketing_zip.TestMarketingCopyValidation.test_punctuation_does_not_add_words) ... ok
test_repeated_whitespace_normalized 
(test_builder1_marketing_zip.TestMarketingCopyValidation.test_repeated_whitespace_normalized) ... ok
test_all_four_ads_can_have_valid_text 
(test_builder1_marketing_zip.TestMarketingTextRepair.test_all_four_ads_can_have_valid_text) ... 
INFO:engine.builder1_marketing_text_repair:BUILDER1_MARKETING_TEXT_CHECK adIndex=1 wordCount=50
INFO:engine.builder1_marketing_text_repair:BUILDER1_MARKETING_LANGUAGE_CHECK adIndex=1 targetLanguage=en 
dominantLanguage=en valid=True hebrewChars=0 latinChars=50
INFO:engine.builder1_marketing_text_repair:BUILDER1_MARKETING_TEXT_CHECK adIndex=2 wordCount=49
INFO:engine.builder1_marketing_text_repair:BUILDER1_MARKETING_LANGUAGE_CHECK adIndex=2 targetLanguage=en 
dominantLanguage=en valid=True hebrewChars=0 latinChars=49
INFO:engine.builder1_marketing_text_repair:BUILDER1_MARKETING_TEXT_CHECK adIndex=3 wordCount=50
INFO:engine.builder1_marketing_text_repair:BUILDER1_MARKETING_LANGUAGE_CHECK adIndex=3 targetLanguage=en 
dominantLanguage=en valid=True hebrewChars=0 latinChars=50
INFO:engine.builder1_marketing_text_repair:BUILDER1_MARKETING_TEXT_CHECK adIndex=4 wordCount=50
INFO:engine.builder1_marketing_text_repair:BUILDER1_MARKETING_LANGUAGE_CHECK adIndex=4 targetLanguage=en 
dominantLanguage=en valid=True hebrewChars=0 latinChars=50
INFO:engine.builder1_marketing_text_repair:BUILDER1_MARKETING_TEXT_REPAIR adIndex=2 attempt=1
INFO:engine.builder1_marketing_text_repair:BUILDER1_MARKETING_LANGUAGE_REPAIR adIndex=2 targetLanguage=en
INFO:engine.builder1_marketing_text_repair:BUILDER1_MARKETING_TEXT_OK adIndex=2 wordCount=50
INFO:engine.builder1_marketing_text_repair:BUILDER1_MARKETING_LANGUAGE_OK adIndex=2 targetLanguage=en
INFO:engine.builder1_marketing_text_repair:BUILDER1_MARKETING_TEXT_CHECK adIndex=1 wordCount=50
INFO:engine.builder1_marketing_text_repair:BUILDER1_MARKETING_LANGUAGE_CHECK adIndex=1 targetLanguage=en 
dominantLanguage=en valid=True hebrewChars=0 latinChars=50
INFO:engine.builder1_marketing_text_repair:BUILDER1_MARKETING_TEXT_CHECK adIndex=2 wordCount=50
INFO:engine.builder1_marketing_text_repair:BUILDER1_MARKETING_LANGUAGE_CHECK adIndex=2 targetLanguage=en 
dominantLanguage=en valid=True hebrewChars=0 latinChars=50
INFO:engine.builder1_marketing_text_repair:BUILDER1_MARKETING_TEXT_CHECK adIndex=3 wordCount=50
INFO:engine.builder1_marketing_text_repair:BUILDER1_MARKETING_LANGUAGE_CHECK adIndex=3 targetLanguage=en 
dominantLanguage=en valid=True hebrewChars=0 latinChars=50
INFO:engine.builder1_marketing_text_repair:BUILDER1_MARKETING_TEXT_CHECK adIndex=4 wordCount=50
INFO:engine.builder1_marketing_text_repair:BUILDER1_MARKETING_LANGUAGE_CHECK adIndex=4 targetLanguage=en 
dominantLanguage=en valid=True hebrewChars=0 latinChars=50
ok
test_fifty_one_words_triggers_repair 
(test_builder1_marketing_zip.TestMarketingTextRepair.test_fifty_one_words_triggers_repair) ... 
INFO:engine.builder1_marketing_text_repair:BUILDER1_MARKETING_TEXT_CHECK adIndex=1 wordCount=51
INFO:engine.builder1_marketing_text_repair:BUILDER1_MARKETING_LANGUAGE_CHECK adIndex=1 targetLanguage=en 
dominantLanguage=en valid=True hebrewChars=0 latinChars=204
INFO:engine.builder1_marketing_text_repair:BUILDER1_MARKETING_TEXT_CHECK adIndex=2 wordCount=50
INFO:engine.builder1_marketing_text_repair:BUILDER1_MARKETING_LANGUAGE_CHECK adIndex=2 targetLanguage=en 
dominantLanguage=en valid=True hebrewChars=0 latinChars=200
INFO:engine.builder1_marketing_text_repair:BUILDER1_MARKETING_TEXT_REPAIR adIndex=1 attempt=1
INFO:engine.builder1_marketing_text_repair:BUILDER1_MARKETING_LANGUAGE_REPAIR adIndex=1 targetLanguage=en
INFO:engine.builder1_marketing_text_repair:BUILDER1_MARKETING_TEXT_OK adIndex=1 wordCount=50
INFO:engine.builder1_marketing_text_repair:BUILDER1_MARKETING_LANGUAGE_OK adIndex=1 targetLanguage=en
INFO:engine.builder1_marketing_text_repair:BUILDER1_MARKETING_TEXT_CHECK adIndex=1 wordCount=50
INFO:engine.builder1_marketing_text_repair:BUILDER1_MARKETING_LANGUAGE_CHECK adIndex=1 targetLanguage=en 
dominantLanguage=en valid=True hebrewChars=0 latinChars=200
INFO:engine.builder1_marketing_text_repair:BUILDER1_MARKETING_TEXT_CHECK adIndex=2 wordCount=50
INFO:engine.builder1_marketing_text_repair:BUILDER1_MARKETING_LANGUAGE_CHECK adIndex=2 targetLanguage=en 
dominantLanguage=en valid=True hebrewChars=0 latinChars=200
ok
test_forty_nine_words_triggers_repair 
(test_builder1_marketing_zip.TestMarketingTextRepair.test_forty_nine_words_triggers_repair) ... 
INFO:engine.builder1_marketing_text_repair:BUILDER1_MARKETING_TEXT_CHECK adIndex=1 wordCount=49
INFO:engine.builder1_marketing_text_repair:BUILDER1_MARKETING_LANGUAGE_CHECK adIndex=1 targetLanguage=en 
dominantLanguage=en valid=True hebrewChars=0 latinChars=196
INFO:engine.builder1_marketing_text_repair:BUILDER1_MARKETING_TEXT_CHECK adIndex=2 wordCount=50
INFO:engine.builder1_marketing_text_repair:BUILDER1_MARKETING_LANGUAGE_CHECK adIndex=2 targetLanguage=en 
dominantLanguage=en valid=True hebrewChars=0 latinChars=200
INFO:engine.builder1_marketing_text_repair:BUILDER1_MARKETING_TEXT_REPAIR adIndex=1 attempt=1
INFO:engine.builder1_marketing_text_repair:BUILDER1_MARKETING_LANGUAGE_REPAIR adIndex=1 targetLanguage=en
INFO:engine.builder1_marketing_text_repair:BUILDER1_MARKETING_TEXT_OK adIndex=1 wordCount=50
INFO:engine.builder1_marketing_text_repair:BUILDER1_MARKETING_LANGUAGE_OK adIndex=1 targetLanguage=en
INFO:engine.builder1_marketing_text_repair:BUILDER1_MARKETING_TEXT_CHECK adIndex=1 wordCount=50
INFO:engine.builder1_marketing_text_repair:BUILDER1_MARKETING_LANGUAGE_CHECK adIndex=1 targetLanguage=en 
dominantLanguage=en valid=True hebrewChars=0 latinChars=200
INFO:engine.builder1_marketing_text_repair:BUILDER1_MARKETING_TEXT_CHECK adIndex=2 wordCount=50
INFO:engine.builder1_marketing_text_repair:BUILDER1_MARKETING_LANGUAGE_CHECK adIndex=2 targetLanguage=en 
dominantLanguage=en valid=True hebrewChars=0 latinChars=200
ok
test_repair_changes_only_marketing_text 
(test_builder1_marketing_zip.TestMarketingTextRepair.test_repair_changes_only_marketing_text) ... 
INFO:engine.builder1_marketing_text_repair:BUILDER1_MARKETING_TEXT_CHECK adIndex=1 wordCount=49
INFO:engine.builder1_marketing_text_repair:BUILDER1_MARKETING_LANGUAGE_CHECK adIndex=1 targetLanguage=en 
dominantLanguage=en valid=True hebrewChars=0 latinChars=196
INFO:engine.builder1_marketing_text_repair:BUILDER1_MARKETING_TEXT_CHECK adIndex=2 wordCount=50
INFO:engine.builder1_marketing_text_repair:BUILDER1_MARKETING_LANGUAGE_CHECK adIndex=2 targetLanguage=en 
dominantLanguage=en valid=True hebrewChars=0 latinChars=200
INFO:engine.builder1_marketing_text_repair:BUILDER1_MARKETING_TEXT_REPAIR adIndex=1 attempt=1
INFO:engine.builder1_marketing_text_repair:BUILDER1_MARKETING_LANGUAGE_REPAIR adIndex=1 targetLanguage=en
INFO:engine.builder1_marketing_text_repair:BUILDER1_MARKETING_TEXT_OK adIndex=1 wordCount=50
INFO:engine.builder1_marketing_text_repair:BUILDER1_MARKETING_LANGUAGE_OK adIndex=1 targetLanguage=en
INFO:engine.builder1_marketing_text_repair:BUILDER1_MARKETING_TEXT_CHECK adIndex=1 wordCount=50
INFO:engine.builder1_marketing_text_repair:BUILDER1_MARKETING_LANGUAGE_CHECK adIndex=1 targetLanguage=en 
dominantLanguage=en valid=True hebrewChars=0 latinChars=200
INFO:engine.builder1_marketing_text_repair:BUILDER1_MARKETING_TEXT_CHECK adIndex=2 wordCount=50
INFO:engine.builder1_marketing_text_repair:BUILDER1_MARKETING_LANGUAGE_CHECK adIndex=2 targetLanguage=en 
dominantLanguage=en valid=True hebrewChars=0 latinChars=200
ok
test_repair_does_not_rerun_strategy_or_conceptual 
(test_builder1_marketing_zip.TestPlannerMarketingIntegration.test_repair_does_not_rerun_strategy_or_conceptual) ... 
INFO:engine.builder1_planner:BUILDER1_SERIES_PLANNING_START productName= format=portrait adCount=2 
seed=e7ab3f63-e373-4c2c-ad81-55d863e096a5 lang=en
INFO:engine.builder1_product_visibility:BUILDER1_PRODUCT_VISIBILITY_POLICY campaignId= mode=FORBIDDEN source=default
INFO:engine.builder1_planner:BUILDER1_PRODUCT_NAME_GENERATION_START
INFO:engine.builder1_planner:BUILDER1_STAGE_START stage=product_name_resolution attempt=1
INFO:engine.builder1_planner:BUILDER1_STAGE_PARSE_OK stage=product_name_resolution
INFO:engine.builder1_planner:BUILDER1_STAGE_DURATION stage=product_name_resolution attempt=1 durationMs=0
INFO:engine.builder1_planner:BUILDER1_PRODUCT_NAME_GENERATION_OK nameLength=9 lang=en
INFO:engine.builder1_planner:BUILDER1_PRODUCT_NAME_SOURCE source=generated
INFO:engine.builder1_planner:BUILDER1_STAGE_START stage=strategy_stage attempt=1
INFO:engine.builder1_strategy_scan:BUILDER1_STRATEGY_SCAN_OK candidates=12
INFO:engine.builder1_planner:BUILDER1_STAGE_PARSE_OK stage=strategy_stage
INFO:engine.builder1_planner:BUILDER1_STAGE_DURATION stage=strategy_stage attempt=1 durationMs=2
INFO:engine.builder1_planner:BUILDER1_STAGE_START stage=slogan_stage attempt=1
INFO:engine.builder1_planner:BUILDER1_STAGE_PARSE_OK stage=slogan_stage
INFO:engine.builder1_planner:BUILDER1_STAGE_DURATION stage=slogan_stage attempt=1 durationMs=0
INFO:engine.builder1_planner:BUILDER1_STAGE_START stage=conceptual_stage attempt=1
INFO:engine.builder1_planner:BUILDER1_STAGE_PARSE_OK stage=conceptual_stage
INFO:engine.builder1_planner:BUILDER1_STAGE_DURATION stage=conceptual_stage attempt=1 durationMs=1
INFO:engine.builder1_product_visibility:BUILDER1_PRODUCT_VISIBILITY_POLICY campaignId= mode=FORBIDDEN source=default
INFO:engine.builder1_planner:BUILDER1_STAGE_START stage=brand_physical attempt=1
INFO:engine.builder1_planner:BUILDER1_STAGE_PARSE_OK stage=brand_physical
INFO:engine.builder1_planner:BUILDER1_STAGE_DURATION stage=brand_physical attempt=1 durationMs=0
INFO:engine.builder1_planner:BUILDER1_STAGE_START stage=graphic_system attempt=1
INFO:engine.builder1_planner:BUILDER1_STAGE_PARSE_OK stage=graphic_system
INFO:engine.builder1_planner:BUILDER1_STAGE_DURATION stage=graphic_system attempt=1 durationMs=0
INFO:engine.builder1_planner:BUILDER1_STAGE_START stage=series_ads attempt=1
INFO:engine.builder1_planner:BUILDER1_STAGE_PARSE_OK stage=series_ads
INFO:engine.builder1_planner:BUILDER1_STAGE_DURATION stage=series_ads attempt=1 durationMs=1
INFO:engine.builder1_marketing_text_repair:BUILDER1_MARKETING_TEXT_CHECK adIndex=1 wordCount=49
INFO:engine.builder1_marketing_text_repair:BUILDER1_MARKETING_LANGUAGE_CHECK adIndex=1 targetLanguage=en 
dominantLanguage=en valid=True hebrewChars=0 latinChars=196
INFO:engine.builder1_marketing_text_repair:BUILDER1_MARKETING_TEXT_CHECK adIndex=2 wordCount=51
INFO:engine.builder1_marketing_text_repair:BUILDER1_MARKETING_LANGUAGE_CHECK adIndex=2 targetLanguage=en 
dominantLanguage=en valid=True hebrewChars=0 latinChars=204
INFO:engine.builder1_marketing_text_repair:BUILDER1_MARKETING_TEXT_REPAIR adIndex=1 attempt=1
INFO:engine.builder1_marketing_text_repair:BUILDER1_MARKETING_LANGUAGE_REPAIR adIndex=1 targetLanguage=en
INFO:engine.builder1_marketing_text_repair:BUILDER1_MARKETING_TEXT_REPAIR adIndex=2 attempt=1
INFO:engine.builder1_marketing_text_repair:BUILDER1_MARKETING_LANGUAGE_REPAIR adIndex=2 targetLanguage=en
INFO:engine.builder1_marketing_text_repair:BUILDER1_MARKETING_TEXT_OK adIndex=1 wordCount=50
INFO:engine.builder1_marketing_text_repair:BUILDER1_MARKETING_LANGUAGE_OK adIndex=1 targetLanguage=en
INFO:engine.builder1_marketing_text_repair:BUILDER1_MARKETING_TEXT_OK adIndex=2 wordCount=50
INFO:engine.builder1_marketing_text_repair:BUILDER1_MARKETING_LANGUAGE_OK adIndex=2 targetLanguage=en
INFO:engine.builder1_marketing_text_repair:BUILDER1_MARKETING_TEXT_CHECK adIndex=1 wordCount=50
INFO:engine.builder1_marketing_text_repair:BUILDER1_MARKETING_LANGUAGE_CHECK adIndex=1 targetLanguage=en 
dominantLanguage=en valid=True hebrewChars=0 latinChars=50
INFO:engine.builder1_marketing_text_repair:BUILDER1_MARKETING_TEXT_CHECK adIndex=2 wordCount=50
INFO:engine.builder1_marketing_text_repair:BUILDER1_MARKETING_LANGUAGE_CHECK adIndex=2 targetLanguage=en 
dominantLanguage=en valid=True hebrewChars=0 latinChars=50
INFO:engine.builder1_planning_pipeline:BUILDER1_INTEGRITY_OK
INFO:engine.builder1_planning_metrics:BUILDER1_PIPELINE_DURATION durationMs=14
INFO:engine.builder1_planner:BUILDER1_SERIES_PLANNING_OK adCount=2
INFO:engine.builder1_planning_metrics:BUILDER1_PLANNING_CALL_SUMMARY campaignId= jobId= productNameCallUsed=true 
productNameStageCalls=1 strategyStageCalls=1 sloganStageCalls=1 conceptualStageCalls=1 physicalStageCalls=1 
graphicStageCalls=1 seriesStageCalls=1 marketingTextRepairCalls=0 stageRepairCalls=0 stageRetryCalls=0 
stageModelFallbackCalls=0 normalExpectedCalls=7 actualPlanningCalls=7 totalPlanningModelCalls=7 promptTokens= 
outputTokens= totalTokens= totalPlanningDurationMs=14
ok
test_full_campaign_zip_backward_compatible 
(test_builder1_marketing_zip.TestSingleAdZip.test_full_campaign_zip_backward_compatible) ... ok
test_invalid_base64_rejected (test_builder1_marketing_zip.TestSingleAdZip.test_invalid_base64_rejected) ... ok
test_single_ad_zip_before_campaign_completion 
(test_builder1_marketing_zip.TestSingleAdZip.test_single_ad_zip_before_campaign_completion) ... ok
test_zip_contains_image_and_text (test_builder1_marketing_zip.TestSingleAdZip.test_zip_contains_image_and_text) ... ok
test_zip_text_contains_fifty_word_paragraph 
(test_builder1_marketing_zip.TestSingleAdZip.test_zip_text_contains_fifty_word_paragraph) ... ok
test_zip_text_excludes_internal_methodology 
(test_builder1_marketing_zip.TestSingleAdZip.test_zip_text_excludes_internal_methodology) ... ok
test_builder2_files_untouched (test_builder1_methodology_gaps.TestBuilder2Unchanged.test_builder2_files_untouched) ... 
ok
test_foundational_codes_are_complete 
(test_builder1_methodology_gaps.TestFoundationalRejectionCodes.test_foundational_codes_are_complete) ... ok
test_minor_structural_failure_gets_graphic_repair 
(test_builder1_methodology_gaps.TestGraphicStageRepairWithoutJudge.test_minor_structural_failure_gets_graphic_repair) 
... INFO:engine.builder1_planner:BUILDER1_SERIES_PLANNING_START productName=CarryShell format=portrait adCount=2 
seed=64bd53b8-1fb6-4d3f-955a-e8bcc9d3de2a lang=en
INFO:engine.builder1_product_visibility:BUILDER1_PRODUCT_VISIBILITY_POLICY campaignId= mode=FORBIDDEN source=default
INFO:engine.builder1_planner:BUILDER1_PRODUCT_NAME_SOURCE source=user
INFO:engine.builder1_planner:BUILDER1_STAGE_START stage=strategy_stage attempt=1
INFO:engine.builder1_strategy_scan:BUILDER1_STRATEGY_SCAN_OK candidates=12
INFO:engine.builder1_planner:BUILDER1_STAGE_PARSE_OK stage=strategy_stage
INFO:engine.builder1_planner:BUILDER1_STAGE_DURATION stage=strategy_stage attempt=1 durationMs=2
INFO:engine.builder1_planner:BUILDER1_STAGE_START stage=slogan_stage attempt=1
INFO:engine.builder1_planner:BUILDER1_STAGE_PARSE_OK stage=slogan_stage
INFO:engine.builder1_planner:BUILDER1_STAGE_DURATION stage=slogan_stage attempt=1 durationMs=0
INFO:engine.builder1_planner:BUILDER1_STAGE_START stage=conceptual_stage attempt=1
INFO:engine.builder1_planner:BUILDER1_STAGE_PARSE_OK stage=conceptual_stage
INFO:engine.builder1_planner:BUILDER1_STAGE_DURATION stage=conceptual_stage attempt=1 durationMs=1
INFO:engine.builder1_product_visibility:BUILDER1_PRODUCT_VISIBILITY_POLICY campaignId= mode=FORBIDDEN source=default
INFO:engine.builder1_planner:BUILDER1_STAGE_START stage=brand_physical attempt=1
INFO:engine.builder1_planner:BUILDER1_STAGE_PARSE_OK stage=brand_physical
INFO:engine.builder1_planner:BUILDER1_STAGE_DURATION stage=brand_physical attempt=1 durationMs=0
INFO:engine.builder1_planner:BUILDER1_STAGE_START stage=graphic_system attempt=1
ERROR:engine.builder1_final_stages:BUILDER1_STAGE_FAILED stage=graphic_system 
reasons=['graphic_generator_missing_palette'] top_level_keys=['backgroundTreatment', 'borderTreatment', 
'brandBlockPlacement', 'brandScale', 'copySafeArea', 'framingRule', 'headlineAlignment', 'headlineMaxWidthPercent', 
'headlinePlacement', 'headlineScale', 'imageStyle', 'layoutTemplate', 'recurringGraphicDevice', 
'recurringGraphicDeviceRule', 'shapeLanguage', 'sloganPlacement', 'sloganPlacementReason', 'sloganScale', 
'spacingRule', 'typographyStyle'] field_types={'layoutTemplate': 'str', 'headlinePlacement': 'str', 
'headlineAlignment': 'str', 'headlineMaxWidthPercent': 'int', 'brandBlockPlacement': 'str', 'sloganPlacement': 'str', 
'copySafeArea': 'dict', 'typographyStyle': 'str', 'headlineScale': 'str', 'brandScale': 'str', 'sloganScale': 'str', 
'imageStyle': 'str', 'backgroundTreatment': 'str', 'borderTreatment': 'str', 'recurringGraphicDevice': 'str', 
'recurringGraphicDeviceRule': 'str', 'shapeLanguage': 'str', 'framingRule': 'str', 'spacingRule': 'str', 
'sloganPlacementReason': 'str'}
ERROR:engine.builder1_planner:BUILDER1_STAGE_FAILED stage=graphic_system reasons=['graphic_generator_missing_palette']
INFO:engine.builder1_planner:BUILDER1_STAGE_REPAIR stage=graphic_system
INFO:engine.builder1_planner:BUILDER1_STAGE_PARSE_OK stage=graphic_system after_repair
INFO:engine.builder1_planner:BUILDER1_STAGE_DURATION stage=graphic_system attempt=1 durationMs=0
INFO:engine.builder1_planner:BUILDER1_STAGE_START stage=series_ads attempt=1
INFO:engine.builder1_planner:BUILDER1_STAGE_PARSE_OK stage=series_ads
INFO:engine.builder1_planner:BUILDER1_STAGE_DURATION stage=series_ads attempt=1 durationMs=0
INFO:engine.builder1_marketing_text_repair:BUILDER1_MARKETING_TEXT_CHECK adIndex=1 wordCount=50
INFO:engine.builder1_marketing_text_repair:BUILDER1_MARKETING_LANGUAGE_CHECK adIndex=1 targetLanguage=en 
dominantLanguage=en valid=True hebrewChars=0 latinChars=50
INFO:engine.builder1_marketing_text_repair:BUILDER1_MARKETING_TEXT_CHECK adIndex=2 wordCount=50
INFO:engine.builder1_marketing_text_repair:BUILDER1_MARKETING_LANGUAGE_CHECK adIndex=2 targetLanguage=en 
dominantLanguage=en valid=True hebrewChars=0 latinChars=50
INFO:engine.builder1_planning_pipeline:BUILDER1_INTEGRITY_OK
INFO:engine.builder1_planning_metrics:BUILDER1_PIPELINE_DURATION durationMs=11
INFO:engine.builder1_planner:BUILDER1_SERIES_PLANNING_OK adCount=2
WARNING:engine.builder1_planning_metrics:BUILDER1_PLANNING_CALL_COUNT_HIGH campaignId= jobId= total=7 expected=6 
marketingTextRepairs=0 stageRepairs=1 stageRetries=0 stageModelFallbacks=0
INFO:engine.builder1_planning_metrics:BUILDER1_PLANNING_CALL_SUMMARY campaignId= jobId= productNameCallUsed=false 
productNameStageCalls=0 strategyStageCalls=1 sloganStageCalls=1 conceptualStageCalls=1 physicalStageCalls=1 
graphicStageCalls=2 seriesStageCalls=1 marketingTextRepairCalls=0 stageRepairCalls=1 stageRetryCalls=0 
stageModelFallbackCalls=0 normalExpectedCalls=6 actualPlanningCalls=7 totalPlanningModelCalls=7 promptTokens= 
outputTokens= totalTokens= totalPlanningDurationMs=11
ok
test_allowed_violation_codes (test_builder1_methodology_gaps.TestImageCompliance.test_allowed_violation_codes) ... ok
test_campaign_decoration_not_used_as_logo_passes 
(test_builder1_methodology_gaps.TestImageCompliance.test_campaign_decoration_not_used_as_logo_passes) ... 
INFO:engine.builder1_image_compliance:BUILDER1_IMAGE_COMPLIANCE_REVIEW_START campaignId= jobId= adIndex=1
INFO:engine.builder1_image_compliance:BUILDER1_IMAGE_COMPLIANCE_REVIEW_PASS campaignId= jobId= adIndex=1 
confidence=high
ok
test_compliance_response_schema (test_builder1_methodology_gaps.TestImageCompliance.test_compliance_response_schema) 
... INFO:engine.builder1_image_compliance_contract:BUILDER1_IMAGE_COMPLIANCE_LEGACY_NORMALIZED shape=pass_violations 
pass=True violationCount=0
ok
test_compliant_text_only_product_name_passes 
(test_builder1_methodology_gaps.TestImageCompliance.test_compliant_text_only_product_name_passes) ... 
INFO:engine.builder1_image_compliance:BUILDER1_IMAGE_COMPLIANCE_REVIEW_START campaignId= jobId= adIndex=1
INFO:engine.builder1_image_compliance:BUILDER1_IMAGE_COMPLIANCE_REVIEW_PASS campaignId= jobId= adIndex=1 
confidence=high
ok
test_correction_block_present_after_regeneration 
(test_builder1_methodology_gaps.TestImageCompliance.test_correction_block_present_after_regeneration) ... 
INFO:engine.builder1_image_generator:BUILDER1_SERIES_IMAGE_START adIndex=1 attempt=1
INFO:engine.builder1_image_generator:BUILDER1_SERIES_IMAGE_OK adIndex=1
INFO:engine.builder1_image_compliance:BUILDER1_IMAGE_COMPLIANCE_REVIEW_START campaignId= jobId= adIndex=1
INFO:engine.builder1_compliance_adjudication:BUILDER1_IMAGE_COMPLIANCE_FINDING campaignId= adIndex=1 
code=invented_product_logo severity=hard confidence=high evidenceType= location= relationshipToBrandText= 
planRevision=1
ERROR:engine.builder1_image_compliance:BUILDER1_IMAGE_COMPLIANCE_REVIEW_FAIL campaignId= jobId= adIndex=1 
hardViolations=['invented_product_logo'] advisories=[]
INFO:engine.builder1_failure_classification:BUILDER1_FAILURE_CLASSIFIED campaignId= adIndex=1 
failureClass=IMAGE_EXECUTION action=REGENERATE_IMAGE structuredPlanConflict=false preflightConflict=false 
pixelReviewViolations=['invented_product_logo'] planRevision=1
INFO:engine.builder1_image_generator:BUILDER1_IMAGE_COMPLIANCE_REGENERATE campaignId= jobId= adIndex=1 planRevision=1 
level=1 hardViolations=['invented_product_logo'] advisories=[]
INFO:engine.builder1_image_retry:BUILDER1_IMAGE_RETRY_CORRECTION campaignId= adIndex=1 planRevision=1 
violations=['invented_product_logo']
INFO:engine.builder1_image_generator:BUILDER1_SERIES_IMAGE_START adIndex=1 attempt=1
INFO:engine.builder1_image_generator:BUILDER1_SERIES_IMAGE_OK adIndex=1
INFO:engine.builder1_image_compliance:BUILDER1_IMAGE_COMPLIANCE_REVIEW_START campaignId= jobId= adIndex=1
INFO:engine.builder1_image_compliance:BUILDER1_IMAGE_COMPLIANCE_REVIEW_PASS campaignId= jobId= adIndex=1 
confidence=high
ok
test_failed_review_triggers_exactly_one_regeneration 
(test_builder1_methodology_gaps.TestImageCompliance.test_failed_review_triggers_exactly_one_regeneration) ... 
INFO:engine.builder1_image_generator:BUILDER1_SERIES_IMAGE_START adIndex=1 attempt=1
INFO:engine.builder1_image_generator:BUILDER1_SERIES_IMAGE_OK adIndex=1
INFO:engine.builder1_image_compliance:BUILDER1_IMAGE_COMPLIANCE_REVIEW_START campaignId= jobId= adIndex=1
INFO:engine.builder1_compliance_adjudication:BUILDER1_IMAGE_COMPLIANCE_FINDING campaignId= adIndex=1 
code=invented_product_logo severity=hard confidence=high evidenceType= location= relationshipToBrandText= 
planRevision=1
ERROR:engine.builder1_image_compliance:BUILDER1_IMAGE_COMPLIANCE_REVIEW_FAIL campaignId= jobId= adIndex=1 
hardViolations=['invented_product_logo'] advisories=[]
INFO:engine.builder1_failure_classification:BUILDER1_FAILURE_CLASSIFIED campaignId= adIndex=1 
failureClass=IMAGE_EXECUTION action=REGENERATE_IMAGE structuredPlanConflict=false preflightConflict=false 
pixelReviewViolations=['invented_product_logo'] planRevision=1
INFO:engine.builder1_image_generator:BUILDER1_IMAGE_COMPLIANCE_REGENERATE campaignId= jobId= adIndex=1 planRevision=1 
level=1 hardViolations=['invented_product_logo'] advisories=[]
INFO:engine.builder1_image_retry:BUILDER1_IMAGE_RETRY_CORRECTION campaignId= adIndex=1 planRevision=1 
violations=['invented_product_logo']
INFO:engine.builder1_image_generator:BUILDER1_SERIES_IMAGE_START adIndex=1 attempt=1
INFO:engine.builder1_image_generator:BUILDER1_SERIES_IMAGE_OK adIndex=1
INFO:engine.builder1_image_compliance:BUILDER1_IMAGE_COMPLIANCE_REVIEW_START campaignId= jobId= adIndex=1
INFO:engine.builder1_image_compliance:BUILDER1_IMAGE_COMPLIANCE_REVIEW_PASS campaignId= jobId= adIndex=1 
confidence=high
ok
test_lightning_bolt_logo_fails (test_builder1_methodology_gaps.TestImageCompliance.test_lightning_bolt_logo_fails) ... 
INFO:engine.builder1_image_compliance:BUILDER1_IMAGE_COMPLIANCE_REVIEW_START campaignId= jobId= adIndex=1
INFO:engine.builder1_compliance_adjudication:BUILDER1_IMAGE_COMPLIANCE_FINDING campaignId= adIndex=1 
code=invented_product_logo severity=hard confidence=high evidenceType= location= relationshipToBrandText= 
planRevision=1
ERROR:engine.builder1_image_compliance:BUILDER1_IMAGE_COMPLIANCE_REVIEW_FAIL campaignId= jobId= adIndex=1 
hardViolations=['invented_product_logo'] advisories=[]
ok
test_monogram_on_package_fails (test_builder1_methodology_gaps.TestImageCompliance.test_monogram_on_package_fails) ... 
INFO:engine.builder1_image_compliance:BUILDER1_IMAGE_COMPLIANCE_REVIEW_START campaignId= jobId= adIndex=1
INFO:engine.builder1_compliance_adjudication:BUILDER1_IMAGE_COMPLIANCE_FINDING campaignId= adIndex=1 
code=packaging_contains_brand_mark severity=hard confidence=high evidenceType= location= relationshipToBrandText= 
planRevision=1
ERROR:engine.builder1_image_compliance:BUILDER1_IMAGE_COMPLIANCE_REVIEW_FAIL campaignId= jobId= adIndex=1 
hardViolations=['packaging_contains_brand_mark'] advisories=[]
ok
test_rejected_image_not_returned_on_repeated_failure 
(test_builder1_methodology_gaps.TestImageCompliance.test_rejected_image_not_returned_on_repeated_failure) ... 
INFO:engine.builder1_image_generator:BUILDER1_SERIES_IMAGE_START adIndex=1 attempt=1
INFO:engine.builder1_image_generator:BUILDER1_SERIES_IMAGE_OK adIndex=1
INFO:engine.builder1_image_compliance:BUILDER1_IMAGE_COMPLIANCE_REVIEW_START campaignId= jobId= adIndex=1
INFO:engine.builder1_compliance_adjudication:BUILDER1_IMAGE_COMPLIANCE_FINDING campaignId= adIndex=1 
code=invented_product_logo severity=hard confidence=high evidenceType= location= relationshipToBrandText= 
planRevision=1
ERROR:engine.builder1_image_compliance:BUILDER1_IMAGE_COMPLIANCE_REVIEW_FAIL campaignId= jobId= adIndex=1 
hardViolations=['invented_product_logo'] advisories=[]
INFO:engine.builder1_failure_classification:BUILDER1_FAILURE_CLASSIFIED campaignId= adIndex=1 
failureClass=IMAGE_EXECUTION action=REGENERATE_IMAGE structuredPlanConflict=false preflightConflict=false 
pixelReviewViolations=['invented_product_logo'] planRevision=1
INFO:engine.builder1_image_generator:BUILDER1_IMAGE_COMPLIANCE_REGENERATE campaignId= jobId= adIndex=1 planRevision=1 
level=1 hardViolations=['invented_product_logo'] advisories=[]
INFO:engine.builder1_image_retry:BUILDER1_IMAGE_RETRY_CORRECTION campaignId= adIndex=1 planRevision=1 
violations=['invented_product_logo']
INFO:engine.builder1_image_generator:BUILDER1_SERIES_IMAGE_START adIndex=1 attempt=1
INFO:engine.builder1_image_generator:BUILDER1_SERIES_IMAGE_OK adIndex=1
INFO:engine.builder1_image_compliance:BUILDER1_IMAGE_COMPLIANCE_REVIEW_START campaignId= jobId= adIndex=1
INFO:engine.builder1_compliance_adjudication:BUILDER1_IMAGE_COMPLIANCE_FINDING campaignId= adIndex=1 
code=invented_product_logo severity=hard confidence=high evidenceType= location= relationshipToBrandText= 
planRevision=1
ERROR:engine.builder1_image_compliance:BUILDER1_IMAGE_COMPLIANCE_REVIEW_FAIL campaignId= jobId= adIndex=1 
hardViolations=['invented_product_logo'] advisories=[]
INFO:engine.builder1_failure_classification:BUILDER1_FAILURE_CLASSIFIED campaignId= adIndex=1 
failureClass=IMAGE_EXECUTION action=REGENERATE_IMAGE structuredPlanConflict=false preflightConflict=false 
pixelReviewViolations=['invented_product_logo'] planRevision=1
INFO:engine.builder1_image_generator:BUILDER1_IMAGE_COMPLIANCE_REGENERATE campaignId= jobId= adIndex=1 planRevision=1 
level=2 hardViolations=['invented_product_logo'] advisories=[]
INFO:engine.builder1_image_generator:BUILDER1_SERIES_IMAGE_START adIndex=1 attempt=1
INFO:engine.builder1_image_generator:BUILDER1_SERIES_IMAGE_OK adIndex=1
INFO:engine.builder1_image_compliance:BUILDER1_IMAGE_COMPLIANCE_REVIEW_START campaignId= jobId= adIndex=1
INFO:engine.builder1_compliance_adjudication:BUILDER1_IMAGE_COMPLIANCE_FINDING campaignId= adIndex=1 
code=invented_product_logo severity=hard confidence=high evidenceType= location= relationshipToBrandText= 
planRevision=1
ERROR:engine.builder1_image_compliance:BUILDER1_IMAGE_COMPLIANCE_REVIEW_FAIL campaignId= jobId= adIndex=1 
hardViolations=['invented_product_logo'] advisories=[]
INFO:engine.builder1_failure_classification:BUILDER1_FAILURE_CLASSIFIED campaignId= adIndex=1 
failureClass=IMAGE_EXECUTION action=REGENERATE_IMAGE structuredPlanConflict=false preflightConflict=false 
pixelReviewViolations=['invented_product_logo'] planRevision=1
INFO:engine.builder1_image_generator:BUILDER1_IMAGE_COMPLIANCE_REGENERATE campaignId= jobId= adIndex=1 planRevision=1 
level=3 hardViolations=['invented_product_logo'] advisories=[]
ok
test_successful_replacement_keeps_same_ad_index 
(test_builder1_methodology_gaps.TestImageCompliance.test_successful_replacement_keeps_same_ad_index) ... 
INFO:engine.builder1_image_generator:BUILDER1_SERIES_IMAGE_START adIndex=1 attempt=1
INFO:engine.builder1_image_generator:BUILDER1_SERIES_IMAGE_OK adIndex=1
INFO:engine.builder1_image_compliance:BUILDER1_IMAGE_COMPLIANCE_REVIEW_START campaignId= jobId= adIndex=1
INFO:engine.builder1_compliance_adjudication:BUILDER1_IMAGE_COMPLIANCE_FINDING campaignId= adIndex=1 
code=supplied_logo_displayed severity=hard confidence=high evidenceType= location= relationshipToBrandText= 
planRevision=1
ERROR:engine.builder1_image_compliance:BUILDER1_IMAGE_COMPLIANCE_REVIEW_FAIL campaignId= jobId= adIndex=1 
hardViolations=['supplied_logo_displayed'] advisories=[]
INFO:engine.builder1_failure_classification:BUILDER1_FAILURE_CLASSIFIED campaignId= adIndex=1 
failureClass=IMAGE_EXECUTION action=REGENERATE_IMAGE structuredPlanConflict=false preflightConflict=false 
pixelReviewViolations=['supplied_logo_displayed'] planRevision=1
INFO:engine.builder1_image_generator:BUILDER1_IMAGE_COMPLIANCE_REGENERATE campaignId= jobId= adIndex=1 planRevision=1 
level=1 hardViolations=['supplied_logo_displayed'] advisories=[]
INFO:engine.builder1_image_retry:BUILDER1_IMAGE_RETRY_CORRECTION campaignId= adIndex=1 planRevision=1 
violations=['supplied_logo_displayed']
INFO:engine.builder1_image_generator:BUILDER1_SERIES_IMAGE_START adIndex=1 attempt=1
INFO:engine.builder1_image_generator:BUILDER1_SERIES_IMAGE_OK adIndex=1
INFO:engine.builder1_image_compliance:BUILDER1_IMAGE_COMPLIANCE_REVIEW_START campaignId= jobId= adIndex=1
INFO:engine.builder1_image_compliance:BUILDER1_IMAGE_COMPLIANCE_REVIEW_PASS campaignId= jobId= adIndex=1 
confidence=high
ok
test_app_handles_compliance_failure_without_storing_image (test_builder1_methodology_gaps.TestImageComplianceAppIntegra
tion.test_app_handles_compliance_failure_without_storing_image) ... 
INFO:engine.builder1_campaign_store:BUILDER1_CAMPAIGN_CREATED campaignId=cmp-compliance-res targetAdCount=2 
backend=memory planRevision=1
INFO:engine.builder1_campaign_store:BUILDER1_CAMPAIGN_SESSION_CREATED campaignId=cmp-compliance-res targetAdCount=2
INFO:engine.builder1_jobs_store:BUILDER1_JOB_CREATED jobId=job-1 campaignId=cmp-compliance-res targetAdCount=2 
backend=memory
INFO:app:BUILDER1_GENERATION_LOCK_CONTINUED campaignId=cmp-compliance-res jobId=job-1 reservedAdIndex=1
INFO:app:BUILDER1_NEXT_AD_INDEX jobId=job-1 campaignId=cmp-compliance-res adIndex=1 targetAdCount=2
INFO:engine.builder1_campaign_store:BUILDER1_IMAGE_RETRY_REQUIRED campaignId=cmp-compliance-res failedAdIndex=1 
generatedCount=0 targetAdCount=2 planRevision=1 violations=['invented_product_logo']
ERROR:app:BUILDER1_IMAGE_COMPLIANCE_FAILED campaignId=cmp-compliance-res jobId=job-1 adIndex=1 
hardViolations=['invented_product_logo'] advisories=[]
ok
test_concurrent_campaigns_remain_isolated 
(test_builder1_methodology_gaps.TestImageComplianceAppIntegration.test_concurrent_campaigns_remain_isolated) ... 
INFO:engine.builder1_campaign_store:BUILDER1_CAMPAIGN_CREATED campaignId=gap-a targetAdCount=2 backend=memory 
planRevision=1
INFO:engine.builder1_campaign_store:BUILDER1_CAMPAIGN_SESSION_CREATED campaignId=gap-a targetAdCount=2
INFO:engine.builder1_campaign_store:BUILDER1_CAMPAIGN_CREATED campaignId=gap-b targetAdCount=2 backend=memory 
planRevision=1
INFO:engine.builder1_campaign_store:BUILDER1_CAMPAIGN_SESSION_CREATED campaignId=gap-b targetAdCount=2
INFO:engine.builder1_image_generator:BUILDER1_SERIES_IMAGE_START adIndex=1 attempt=1
INFO:engine.builder1_image_generator:BUILDER1_SERIES_IMAGE_OK adIndex=1
INFO:engine.builder1_image_compliance:BUILDER1_IMAGE_COMPLIANCE_REVIEW_START campaignId= jobId= adIndex=1
INFO:engine.builder1_image_compliance:BUILDER1_IMAGE_COMPLIANCE_REVIEW_PASS campaignId= jobId= adIndex=1 
confidence=high
INFO:engine.builder1_image_generator:BUILDER1_SERIES_IMAGE_START adIndex=1 attempt=1
INFO:engine.builder1_image_generator:BUILDER1_SERIES_IMAGE_OK adIndex=1
INFO:engine.builder1_image_compliance:BUILDER1_IMAGE_COMPLIANCE_REVIEW_START campaignId= jobId= adIndex=1
INFO:engine.builder1_image_compliance:BUILDER1_IMAGE_COMPLIANCE_REVIEW_PASS campaignId= jobId= adIndex=1 
confidence=high
ok
test_generate_again_does_not_rerun_planning 
(test_builder1_methodology_gaps.TestImageComplianceAppIntegration.test_generate_again_does_not_rerun_planning) ... 
INFO:engine.builder1_campaign_store:BUILDER1_CAMPAIGN_CREATED campaignId=gap-next targetAdCount=2 backend=memory 
planRevision=1
INFO:engine.builder1_campaign_store:BUILDER1_CAMPAIGN_SESSION_CREATED campaignId=gap-next targetAdCount=2
INFO:engine.builder1_campaign_store:BUILDER1_NEXT_AD_RESERVED campaignId=gap-next adIndex=1 targetAdCount=2 
generatedCount=0 jobId=None planRevision=1
INFO:engine.builder1_campaign_store:BUILDER1_CAMPAIGN_PROGRESS campaignId=gap-next generatedCount=1 targetAdCount=2 
complete=False
INFO:engine.builder1_campaign_store:BUILDER1_AD_GENERATED campaignId=gap-next adIndex=1 generatedCount=1 
complete=False planRevision=1
ok
test_generated_count_advances_only_after_compliance_passes (test_builder1_methodology_gaps.TestImageComplianceAppIntegr
ation.test_generated_count_advances_only_after_compliance_passes) ... 
INFO:engine.builder1_campaign_store:BUILDER1_CAMPAIGN_CREATED campaignId=cmp-test targetAdCount=2 backend=memory 
planRevision=1
INFO:engine.builder1_campaign_store:BUILDER1_CAMPAIGN_SESSION_CREATED campaignId=cmp-test targetAdCount=2
INFO:engine.builder1_campaign_store:BUILDER1_NEXT_AD_RESERVED campaignId=cmp-test adIndex=1 targetAdCount=2 
generatedCount=0 jobId=None planRevision=1
INFO:engine.builder1_campaign_store:BUILDER1_CAMPAIGN_PROGRESS campaignId=cmp-test generatedCount=1 targetAdCount=2 
complete=False
INFO:engine.builder1_campaign_store:BUILDER1_AD_GENERATED campaignId=cmp-test adIndex=1 generatedCount=1 
complete=False planRevision=1
ok
test_repeated_failure_preserves_next_ad_index 
(test_builder1_methodology_gaps.TestImageComplianceAppIntegration.test_repeated_failure_preserves_next_ad_index) ... 
INFO:engine.builder1_campaign_store:BUILDER1_CAMPAIGN_CREATED campaignId=cmp-retry targetAdCount=2 backend=memory 
planRevision=1
INFO:engine.builder1_campaign_store:BUILDER1_CAMPAIGN_SESSION_CREATED campaignId=cmp-retry targetAdCount=2
INFO:engine.builder1_jobs_store:BUILDER1_JOB_CREATED jobId=job-2 campaignId=cmp-retry targetAdCount=2 backend=memory
INFO:app:BUILDER1_GENERATION_LOCK_CONTINUED campaignId=cmp-retry jobId=job-2 reservedAdIndex=1
INFO:app:BUILDER1_NEXT_AD_INDEX jobId=job-2 campaignId=cmp-retry adIndex=1 targetAdCount=2
INFO:engine.builder1_campaign_store:BUILDER1_IMAGE_RETRY_REQUIRED campaignId=cmp-retry failedAdIndex=1 
generatedCount=0 targetAdCount=2 planRevision=1 violations=['invented_product_logo']
ERROR:app:BUILDER1_IMAGE_COMPLIANCE_FAILED campaignId=cmp-retry jobId=job-2 adIndex=1 
hardViolations=['invented_product_logo'] advisories=[]
ok
test_dankal_in_current_brief_not_rejected 
(test_builder1_methodology_gaps.TestNoHistoricBlacklist.test_dankal_in_current_brief_not_rejected) ... ok
test_duplicate_executions_within_campaign_rejected 
(test_builder1_methodology_gaps.TestNoHistoricBlacklist.test_duplicate_executions_within_campaign_rejected) ... ok
test_explicit_cross_campaign_reuse_wording_still_rejected 
(test_builder1_methodology_gaps.TestNoHistoricBlacklist.test_explicit_cross_campaign_reuse_wording_still_rejected) ... 
ok
test_no_global_cross_user_memory_module 
(test_builder1_methodology_gaps.TestNoHistoricBlacklist.test_no_global_cross_user_memory_module) ... ok
test_production_prompts_contain_no_historic_campaign_names 
(test_builder1_methodology_gaps.TestNoHistoricBlacklist.test_production_prompts_contain_no_historic_campaign_names) 
... ok
test_pipeline_runs_once_without_strategic_restart 
(test_builder1_methodology_gaps.TestNoJudgeOrStrategicRestart.test_pipeline_runs_once_without_strategic_restart) ... 
INFO:engine.builder1_planner:BUILDER1_SERIES_PLANNING_START productName=CarryShell format=portrait adCount=2 
seed=9d65fbb0-3887-406c-82a1-df19ba1b8584 lang=en
INFO:engine.builder1_product_visibility:BUILDER1_PRODUCT_VISIBILITY_POLICY campaignId= mode=FORBIDDEN source=default
INFO:engine.builder1_planner:BUILDER1_PRODUCT_NAME_SOURCE source=user
INFO:engine.builder1_planner:BUILDER1_STAGE_START stage=strategy_stage attempt=1
INFO:engine.builder1_strategy_scan:BUILDER1_STRATEGY_SCAN_OK candidates=12
INFO:engine.builder1_planner:BUILDER1_STAGE_PARSE_OK stage=strategy_stage
INFO:engine.builder1_planner:BUILDER1_STAGE_DURATION stage=strategy_stage attempt=1 durationMs=2
INFO:engine.builder1_planner:BUILDER1_STAGE_START stage=slogan_stage attempt=1
INFO:engine.builder1_planner:BUILDER1_STAGE_PARSE_OK stage=slogan_stage
INFO:engine.builder1_planner:BUILDER1_STAGE_DURATION stage=slogan_stage attempt=1 durationMs=0
INFO:engine.builder1_planner:BUILDER1_STAGE_START stage=conceptual_stage attempt=1
INFO:engine.builder1_planner:BUILDER1_STAGE_PARSE_OK stage=conceptual_stage
INFO:engine.builder1_planner:BUILDER1_STAGE_DURATION stage=conceptual_stage attempt=1 durationMs=1
INFO:engine.builder1_product_visibility:BUILDER1_PRODUCT_VISIBILITY_POLICY campaignId= mode=FORBIDDEN source=default
INFO:engine.builder1_planner:BUILDER1_STAGE_START stage=brand_physical attempt=1
INFO:engine.builder1_planner:BUILDER1_STAGE_PARSE_OK stage=brand_physical
INFO:engine.builder1_planner:BUILDER1_STAGE_DURATION stage=brand_physical attempt=1 durationMs=0
INFO:engine.builder1_planner:BUILDER1_STAGE_START stage=graphic_system attempt=1
INFO:engine.builder1_planner:BUILDER1_STAGE_PARSE_OK stage=graphic_system
INFO:engine.builder1_planner:BUILDER1_STAGE_DURATION stage=graphic_system attempt=1 durationMs=0
INFO:engine.builder1_planner:BUILDER1_STAGE_START stage=series_ads attempt=1
INFO:engine.builder1_planner:BUILDER1_STAGE_PARSE_OK stage=series_ads
INFO:engine.builder1_planner:BUILDER1_STAGE_DURATION stage=series_ads attempt=1 durationMs=1
INFO:engine.builder1_marketing_text_repair:BUILDER1_MARKETING_TEXT_CHECK adIndex=1 wordCount=50
INFO:engine.builder1_marketing_text_repair:BUILDER1_MARKETING_LANGUAGE_CHECK adIndex=1 targetLanguage=en 
dominantLanguage=en valid=True hebrewChars=0 latinChars=50
INFO:engine.builder1_marketing_text_repair:BUILDER1_MARKETING_TEXT_CHECK adIndex=2 wordCount=50
INFO:engine.builder1_marketing_text_repair:BUILDER1_MARKETING_LANGUAGE_CHECK adIndex=2 targetLanguage=en 
dominantLanguage=en valid=True hebrewChars=0 latinChars=50
INFO:engine.builder1_planning_pipeline:BUILDER1_INTEGRITY_OK
INFO:engine.builder1_planning_metrics:BUILDER1_PIPELINE_DURATION durationMs=12
INFO:engine.builder1_planner:BUILDER1_SERIES_PLANNING_OK adCount=2
INFO:engine.builder1_planning_metrics:BUILDER1_PLANNING_CALL_SUMMARY campaignId= jobId= productNameCallUsed=false 
productNameStageCalls=0 strategyStageCalls=1 sloganStageCalls=1 conceptualStageCalls=1 physicalStageCalls=1 
graphicStageCalls=1 seriesStageCalls=1 marketingTextRepairCalls=0 stageRepairCalls=0 stageRetryCalls=0 
stageModelFallbackCalls=0 normalExpectedCalls=6 actualPlanningCalls=6 totalPlanningModelCalls=6 promptTokens= 
outputTokens= totalTokens= totalPlanningDurationMs=12
ok
test_pipeline_source_has_no_final_judge 
(test_builder1_methodology_gaps.TestNoJudgeOrStrategicRestart.test_pipeline_source_has_no_final_judge) ... ok
test_plan_builder1_completes_without_judge 
(test_builder1_methodology_gaps.TestNoJudgeOrStrategicRestart.test_plan_builder1_completes_without_judge) ... 
INFO:engine.builder1_planner:BUILDER1_SERIES_PLANNING_START productName=CarryShell format=portrait adCount=2 
seed=fff7c9cb-befc-45b1-b5c5-5575afd1a162 lang=en
INFO:engine.builder1_product_visibility:BUILDER1_PRODUCT_VISIBILITY_POLICY campaignId= mode=FORBIDDEN source=default
INFO:engine.builder1_planner:BUILDER1_PRODUCT_NAME_SOURCE source=user
INFO:engine.builder1_planner:BUILDER1_STAGE_START stage=strategy_stage attempt=1
INFO:engine.builder1_strategy_scan:BUILDER1_STRATEGY_SCAN_OK candidates=12
INFO:engine.builder1_planner:BUILDER1_STAGE_PARSE_OK stage=strategy_stage
INFO:engine.builder1_planner:BUILDER1_STAGE_DURATION stage=strategy_stage attempt=1 durationMs=2
INFO:engine.builder1_planner:BUILDER1_STAGE_START stage=slogan_stage attempt=1
INFO:engine.builder1_planner:BUILDER1_STAGE_PARSE_OK stage=slogan_stage
INFO:engine.builder1_planner:BUILDER1_STAGE_DURATION stage=slogan_stage attempt=1 durationMs=0
INFO:engine.builder1_planner:BUILDER1_STAGE_START stage=conceptual_stage attempt=1
INFO:engine.builder1_planner:BUILDER1_STAGE_PARSE_OK stage=conceptual_stage
INFO:engine.builder1_planner:BUILDER1_STAGE_DURATION stage=conceptual_stage attempt=1 durationMs=1
INFO:engine.builder1_product_visibility:BUILDER1_PRODUCT_VISIBILITY_POLICY campaignId= mode=FORBIDDEN source=default
INFO:engine.builder1_planner:BUILDER1_STAGE_START stage=brand_physical attempt=1
INFO:engine.builder1_planner:BUILDER1_STAGE_PARSE_OK stage=brand_physical
INFO:engine.builder1_planner:BUILDER1_STAGE_DURATION stage=brand_physical attempt=1 durationMs=0
INFO:engine.builder1_planner:BUILDER1_STAGE_START stage=graphic_system attempt=1
INFO:engine.builder1_planner:BUILDER1_STAGE_PARSE_OK stage=graphic_system
INFO:engine.builder1_planner:BUILDER1_STAGE_DURATION stage=graphic_system attempt=1 durationMs=0
INFO:engine.builder1_planner:BUILDER1_STAGE_START stage=series_ads attempt=1
INFO:engine.builder1_planner:BUILDER1_STAGE_PARSE_OK stage=series_ads
INFO:engine.builder1_planner:BUILDER1_STAGE_DURATION stage=series_ads attempt=1 durationMs=1
INFO:engine.builder1_marketing_text_repair:BUILDER1_MARKETING_TEXT_CHECK adIndex=1 wordCount=50
INFO:engine.builder1_marketing_text_repair:BUILDER1_MARKETING_LANGUAGE_CHECK adIndex=1 targetLanguage=en 
dominantLanguage=en valid=True hebrewChars=0 latinChars=50
INFO:engine.builder1_marketing_text_repair:BUILDER1_MARKETING_TEXT_CHECK adIndex=2 wordCount=50
INFO:engine.builder1_marketing_text_repair:BUILDER1_MARKETING_LANGUAGE_CHECK adIndex=2 targetLanguage=en 
dominantLanguage=en valid=True hebrewChars=0 latinChars=50
INFO:engine.builder1_planning_pipeline:BUILDER1_INTEGRITY_OK
INFO:engine.builder1_planning_metrics:BUILDER1_PIPELINE_DURATION durationMs=12
INFO:engine.builder1_planner:BUILDER1_SERIES_PLANNING_OK adCount=2
INFO:engine.builder1_planning_metrics:BUILDER1_PLANNING_CALL_SUMMARY campaignId= jobId= productNameCallUsed=false 
productNameStageCalls=0 strategyStageCalls=1 sloganStageCalls=1 conceptualStageCalls=1 physicalStageCalls=1 
graphicStageCalls=1 seriesStageCalls=1 marketingTextRepairCalls=0 stageRepairCalls=0 stageRetryCalls=0 
stageModelFallbackCalls=0 normalExpectedCalls=6 actualPlanningCalls=6 totalPlanningModelCalls=6 promptTokens= 
outputTokens= totalTokens= totalPlanningDurationMs=12
ok
test_planner_source_has_no_strategic_restart 
(test_builder1_methodology_gaps.TestNoJudgeOrStrategicRestart.test_planner_source_has_no_strategic_restart) ... ok
test_builder2_unchanged (test_builder1_methodology_reasons.TestArchitectureRegression.test_builder2_unchanged) ... ok
test_candidate_counts_unchanged 
(test_builder1_methodology_reasons.TestArchitectureRegression.test_candidate_counts_unchanged) ... ok
test_end_to_end_planning_still_completes 
(test_builder1_methodology_reasons.TestArchitectureRegression.test_end_to_end_planning_still_completes) ... 
INFO:engine.builder1_planner:BUILDER1_SERIES_PLANNING_START productName=CarryShell format=portrait adCount=2 
seed=f564499f-b62f-457f-a4ed-c3d02289f8c9 lang=en
INFO:engine.builder1_product_visibility:BUILDER1_PRODUCT_VISIBILITY_POLICY campaignId= mode=FORBIDDEN source=default
INFO:engine.builder1_planner:BUILDER1_PRODUCT_NAME_SOURCE source=user
INFO:engine.builder1_planner:BUILDER1_STAGE_START stage=strategy_stage attempt=1
INFO:engine.builder1_strategy_scan:BUILDER1_STRATEGY_SCAN_OK candidates=12
INFO:engine.builder1_planner:BUILDER1_STAGE_PARSE_OK stage=strategy_stage
INFO:engine.builder1_planner:BUILDER1_STAGE_DURATION stage=strategy_stage attempt=1 durationMs=2
INFO:engine.builder1_planner:BUILDER1_STAGE_START stage=slogan_stage attempt=1
INFO:engine.builder1_planner:BUILDER1_STAGE_PARSE_OK stage=slogan_stage
INFO:engine.builder1_planner:BUILDER1_STAGE_DURATION stage=slogan_stage attempt=1 durationMs=0
INFO:engine.builder1_planner:BUILDER1_STAGE_START stage=conceptual_stage attempt=1
INFO:engine.builder1_planner:BUILDER1_STAGE_PARSE_OK stage=conceptual_stage
INFO:engine.builder1_planner:BUILDER1_STAGE_DURATION stage=conceptual_stage attempt=1 durationMs=1
INFO:engine.builder1_product_visibility:BUILDER1_PRODUCT_VISIBILITY_POLICY campaignId= mode=FORBIDDEN source=default
INFO:engine.builder1_planner:BUILDER1_STAGE_START stage=brand_physical attempt=1
INFO:engine.builder1_planner:BUILDER1_STAGE_PARSE_OK stage=brand_physical
INFO:engine.builder1_planner:BUILDER1_STAGE_DURATION stage=brand_physical attempt=1 durationMs=0
INFO:engine.builder1_planner:BUILDER1_STAGE_START stage=graphic_system attempt=1
INFO:engine.builder1_planner:BUILDER1_STAGE_PARSE_OK stage=graphic_system
INFO:engine.builder1_planner:BUILDER1_STAGE_DURATION stage=graphic_system attempt=1 durationMs=0
INFO:engine.builder1_planner:BUILDER1_STAGE_START stage=series_ads attempt=1
INFO:engine.builder1_planner:BUILDER1_STAGE_PARSE_OK stage=series_ads
INFO:engine.builder1_planner:BUILDER1_STAGE_DURATION stage=series_ads attempt=1 durationMs=0
INFO:engine.builder1_marketing_text_repair:BUILDER1_MARKETING_TEXT_CHECK adIndex=1 wordCount=50
INFO:engine.builder1_marketing_text_repair:BUILDER1_MARKETING_LANGUAGE_CHECK adIndex=1 targetLanguage=en 
dominantLanguage=en valid=True hebrewChars=0 latinChars=50
INFO:engine.builder1_marketing_text_repair:BUILDER1_MARKETING_TEXT_CHECK adIndex=2 wordCount=50
INFO:engine.builder1_marketing_text_repair:BUILDER1_MARKETING_LANGUAGE_CHECK adIndex=2 targetLanguage=en 
dominantLanguage=en valid=True hebrewChars=0 latinChars=50
INFO:engine.builder1_planning_pipeline:BUILDER1_INTEGRITY_OK
INFO:engine.builder1_planning_metrics:BUILDER1_PIPELINE_DURATION durationMs=12
INFO:engine.builder1_planner:BUILDER1_SERIES_PLANNING_OK adCount=2
INFO:engine.builder1_planning_metrics:BUILDER1_PLANNING_CALL_SUMMARY campaignId= jobId= productNameCallUsed=false 
productNameStageCalls=0 strategyStageCalls=1 sloganStageCalls=1 conceptualStageCalls=1 physicalStageCalls=1 
graphicStageCalls=1 seriesStageCalls=1 marketingTextRepairCalls=0 stageRepairCalls=0 stageRetryCalls=0 
stageModelFallbackCalls=0 normalExpectedCalls=6 actualPlanningCalls=6 totalPlanningModelCalls=6 promptTokens= 
outputTokens= totalTokens= totalPlanningDurationMs=12
ok
test_fifty_marketing_words_enforced 
(test_builder1_methodology_reasons.TestArchitectureRegression.test_fifty_marketing_words_enforced) ... ok
test_frontend_unchanged (test_builder1_methodology_reasons.TestArchitectureRegression.test_frontend_unchanged) ... ok
test_generated_name_seven_calls 
(test_builder1_methodology_reasons.TestArchitectureRegression.test_generated_name_seven_calls) ... ok
test_headline_max_unchanged (test_builder1_methodology_reasons.TestArchitectureRegression.test_headline_max_unchanged) 
... ok
test_no_new_model_call_added 
(test_builder1_methodology_reasons.TestArchitectureRegression.test_no_new_model_call_added) ... ok
test_no_server_semantic_judge_in_pipeline 
(test_builder1_methodology_reasons.TestArchitectureRegression.test_no_server_semantic_judge_in_pipeline) ... ok
test_stage_order_unchanged (test_builder1_methodology_reasons.TestArchitectureRegression.test_stage_order_unchanged) 
... ok
test_supplied_name_six_calls 
(test_builder1_methodology_reasons.TestArchitectureRegression.test_supplied_name_six_calls) ... ok
test_visibility_policy_server_owned 
(test_builder1_methodology_reasons.TestArchitectureRegression.test_visibility_policy_server_owned) ... ok
test_clarity_before_cleverness_present 
(test_builder1_methodology_reasons.TestConceptReasons.test_clarity_before_cleverness_present) ... ok
test_distinctiveness_and_transfer_test_present 
(test_builder1_methodology_reasons.TestConceptReasons.test_distinctiveness_and_transfer_test_present) ... ok
test_idea_before_object_present (test_builder1_methodology_reasons.TestConceptReasons.test_idea_before_object_present) 
... ok
test_implied_action_explanation_present 
(test_builder1_methodology_reasons.TestConceptReasons.test_implied_action_explanation_present) ... ok
test_removal_test_explained (test_builder1_methodology_reasons.TestConceptReasons.test_removal_test_explained) ... ok
test_image_compliance_has_reason 
(test_builder1_methodology_reasons.TestCopyAndImageReasons.test_image_compliance_has_reason) ... ok
test_no_logo_rationale_present 
(test_builder1_methodology_reasons.TestCopyAndImageReasons.test_no_logo_rationale_present) ... ok
test_optional_headline_rationale_present 
(test_builder1_methodology_reasons.TestCopyAndImageReasons.test_optional_headline_rationale_present) ... ok
test_positive_image_prompt_rationale_present 
(test_builder1_methodology_reasons.TestCopyAndImageReasons.test_positive_image_prompt_rationale_present) ... ok
test_slogan_versus_headline_present 
(test_builder1_methodology_reasons.TestCopyAndImageReasons.test_slogan_versus_headline_present) ... ok
test_formatting_rules_not_expanded_unnecessarily 
(test_builder1_methodology_reasons.TestExplanationStructure.test_formatting_rules_not_expanded_unnecessarily) ... ok
test_major_rules_describe_failure_mode 
(test_builder1_methodology_reasons.TestExplanationStructure.test_major_rules_describe_failure_mode) ... ok
test_major_rules_provide_positive_objective 
(test_builder1_methodology_reasons.TestExplanationStructure.test_major_rules_provide_positive_objective) ... ok
test_major_rules_provide_selection_test 
(test_builder1_methodology_reasons.TestExplanationStructure.test_major_rules_provide_selection_test) ... ok
test_major_strategic_rules_include_reason 
(test_builder1_methodology_reasons.TestExplanationStructure.test_major_strategic_rules_include_reason) ... ok
test_graphic_generator_rationale_present 
(test_builder1_methodology_reasons.TestGraphicAndSeriesReasons.test_graphic_generator_rationale_present) ... ok
test_restart_not_retrofit_present 
(test_builder1_methodology_reasons.TestGraphicAndSeriesReasons.test_restart_not_retrofit_present) ... ok
test_series_coherence_rationale_present 
(test_builder1_methodology_reasons.TestGraphicAndSeriesReasons.test_series_coherence_rationale_present) ... ok
test_variation_versus_repetition_present 
(test_builder1_methodology_reasons.TestGraphicAndSeriesReasons.test_variation_versus_repetition_present) ... ok
test_examples_teach_mechanisms (test_builder1_methodology_reasons.TestPhysicalReasons.test_examples_teach_mechanisms) 
... ok
test_product_evidence_exception_explained 
(test_builder1_methodology_reasons.TestPhysicalReasons.test_product_evidence_exception_explained) ... ok
test_product_shot_bias_rationale_present 
(test_builder1_methodology_reasons.TestPhysicalReasons.test_product_shot_bias_rationale_present) ... ok
test_transferred_object_rationale_present 
(test_builder1_methodology_reasons.TestPhysicalReasons.test_transferred_object_rationale_present) ... ok
test_fixed_before_concept_present 
(test_builder1_methodology_reasons.TestSloganReasons.test_fixed_before_concept_present) ... ok
test_generic_slogan_failure_explained 
(test_builder1_methodology_reasons.TestSloganReasons.test_generic_slogan_failure_explained) ... ok
test_slogan_after_advantage_present 
(test_builder1_methodology_reasons.TestSloganReasons.test_slogan_after_advantage_present) ... ok
test_slogan_as_distillation_present 
(test_builder1_methodology_reasons.TestSloganReasons.test_slogan_as_distillation_present) ... ok
test_generic_praise_identified_as_failure 
(test_builder1_methodology_reasons.TestStrategyReasons.test_generic_praise_identified_as_failure) ... ok
test_problem_perception_in_strategy_stage 
(test_builder1_methodology_reasons.TestStrategyReasons.test_problem_perception_in_strategy_stage) ... ok
test_relative_advantage_in_strategy_stage 
(test_builder1_methodology_reasons.TestStrategyReasons.test_relative_advantage_in_strategy_stage) ... ok
test_truth_and_operations_in_strategy_stage 
(test_builder1_methodology_reasons.TestStrategyReasons.test_truth_and_operations_in_strategy_stage) ... ok
test_no_logo_reason_shared_not_duplicated_in_full_essay 
(test_builder1_methodology_reasons.TestTokenEstimates.test_no_logo_reason_shared_not_duplicated_in_full_essay) ... ok
test_perception_first_has_reason_layer 
(test_builder1_methodology_reasons.TestTokenEstimates.test_perception_first_has_reason_layer) ... ok
test_stage_blocks_are_bounded (test_builder1_methodology_reasons.TestTokenEstimates.test_stage_blocks_are_bounded) ... 
ok
test_builder2_has_no_no_logo_module (test_builder1_no_logo.TestBuilder2Unchanged.test_builder2_has_no_no_logo_module) 
... ok
test_judge_rejects_plan_requesting_invented_logo 
(test_builder1_no_logo.TestFinalJudgeNoLogo.test_judge_rejects_plan_requesting_invented_logo) ... 
ERROR:engine.builder1_strategy_judge:BUILDER1_STRATEGY_JUDGE_FAIL codes=['invented_product_logo', 
'conceptual_generator_not_derived_from_slogan'] unsupported=False
ok
test_judge_system_prompt_documents_logo_fields 
(test_builder1_no_logo.TestFinalJudgeNoLogo.test_judge_system_prompt_documents_logo_fields) ... ok
test_logo_violations_are_not_methodology_restart_codes 
(test_builder1_no_logo.TestFinalJudgeNoLogo.test_logo_violations_are_not_methodology_restart_codes) ... ok
test_generate_again_prompt_preserves_no_logo_block 
(test_builder1_no_logo.TestGeneratedNameAndIncrementalGeneration.test_generate_again_prompt_preserves_no_logo_block) 
... INFO:engine.builder1_campaign_store:BUILDER1_CAMPAIGN_CREATED campaignId=logo-next targetAdCount=2 backend=memory 
planRevision=1
INFO:engine.builder1_campaign_store:BUILDER1_CAMPAIGN_SESSION_CREATED campaignId=logo-next targetAdCount=2
INFO:engine.builder1_campaign_store:BUILDER1_NEXT_AD_RESERVED campaignId=logo-next adIndex=1 targetAdCount=2 
generatedCount=0 jobId=None planRevision=1
INFO:engine.builder1_campaign_store:BUILDER1_CAMPAIGN_PROGRESS campaignId=logo-next generatedCount=1 targetAdCount=2 
complete=False
INFO:engine.builder1_campaign_store:BUILDER1_AD_GENERATED campaignId=logo-next adIndex=1 generatedCount=1 
complete=False planRevision=1
ok
test_generated_product_name_remains_plain_text_in_prompt (test_builder1_no_logo.TestGeneratedNameAndIncrementalGenerati
on.test_generated_product_name_remains_plain_text_in_prompt) ... ok
test_badge_beside_product_name_rejected 
(test_builder1_no_logo.TestNoLogoDeterministicChecks.test_badge_beside_product_name_rejected) ... ok
test_campaign_device_allowed_when_not_product_identity 
(test_builder1_no_logo.TestNoLogoDeterministicChecks.test_campaign_device_allowed_when_not_product_identity) ... ok
test_campaign_device_on_packaging_as_logo_rejected 
(test_builder1_no_logo.TestNoLogoDeterministicChecks.test_campaign_device_on_packaging_as_logo_rejected) ... ok
test_leaf_product_logo_rejected (test_builder1_no_logo.TestNoLogoDeterministicChecks.test_leaf_product_logo_rejected) 
... ok
test_lightning_bolt_logo_rejected 
(test_builder1_no_logo.TestNoLogoDeterministicChecks.test_lightning_bolt_logo_rejected) ... ok
test_monogram_rejected (test_builder1_no_logo.TestNoLogoDeterministicChecks.test_monogram_rejected) ... ok
test_negative_logo_instruction_not_flagged 
(test_builder1_no_logo.TestNoLogoDeterministicChecks.test_negative_logo_instruction_not_flagged) ... ok
test_plain_product_name_text_allowed 
(test_builder1_no_logo.TestNoLogoDeterministicChecks.test_plain_product_name_text_allowed) ... ok
test_stylized_letter_mark_rejected 
(test_builder1_no_logo.TestNoLogoDeterministicChecks.test_stylized_letter_mark_rejected) ... ok
test_symbol_on_can_as_branding_rejected 
(test_builder1_no_logo.TestNoLogoDeterministicChecks.test_symbol_on_can_as_branding_rejected) ... ok
test_brand_physical_stage_includes_no_logo_rule 
(test_builder1_no_logo.TestPlanningStagesNoLogoRule.test_brand_physical_stage_includes_no_logo_rule) ... ok
test_graphic_system_stage_includes_no_logo_rule 
(test_builder1_no_logo.TestPlanningStagesNoLogoRule.test_graphic_system_stage_includes_no_logo_rule) ... ok
test_series_ads_stage_includes_no_logo_rule 
(test_builder1_no_logo.TestPlanningStagesNoLogoRule.test_series_ads_stage_includes_no_logo_rule) ... ok
test_logo_field_not_in_brand_physical_prompt 
(test_builder1_no_logo.TestSuppliedLogoSanitization.test_logo_field_not_in_brand_physical_prompt) ... ok
test_logo_field_not_in_product_name_resolution_prompt 
(test_builder1_no_logo.TestSuppliedLogoSanitization.test_logo_field_not_in_product_name_resolution_prompt) ... ok
test_normalized_input_strips_logo_fields 
(test_builder1_no_logo.TestSuppliedLogoSanitization.test_normalized_input_strips_logo_fields) ... ok
test_supplied_logo_removed_from_brand_guidelines 
(test_builder1_no_logo.TestSuppliedLogoSanitization.test_supplied_logo_removed_from_brand_guidelines) ... ok
test_every_image_prompt_includes_explicit_no_logo_block 
(test_builder1_no_logo.TestVisualPromptNoLogoBlock.test_every_image_prompt_includes_explicit_no_logo_block) ... ok
test_product_name_rendered_as_plain_text_only 
(test_builder1_no_logo.TestVisualPromptNoLogoBlock.test_product_name_rendered_as_plain_text_only) ... ok
test_visual_prompt_excludes_supplied_logo_urls 
(test_builder1_no_logo.TestVisualPromptNoLogoBlock.test_visual_prompt_excludes_supplied_logo_urls) ... ok
test_public_payload_strips_logo_assets 
(test_builder1_no_logo.TestZipNoLogoMetadata.test_public_payload_strips_logo_assets) ... ok
test_single_ad_zip_contains_no_logo_asset_or_metadata 
(test_builder1_no_logo.TestZipNoLogoMetadata.test_single_ad_zip_contains_no_logo_asset_or_metadata) ... ok
test_compliance_responses_create_receives_canonical_strict_schema (test_builder1_openai_sdk_compliance.TestActualOpenAi
SdkCompliance.test_compliance_responses_create_receives_canonical_strict_schema) ... 
INFO:engine.builder1_image_compliance:BUILDER1_IMAGE_COMPLIANCE_REVIEW_START campaignId= jobId= adIndex=1
INFO:engine.builder1_image_compliance:BUILDER1_IMAGE_COMPLIANCE_RESPONSE_STRUCTURE campaignId= jobId= adIndex=1 
responseClass=Response hasOutputText=True outputTextType=str outputItemCount=1 contentItemTypes=['output_text'] 
responseFieldNames=['id', 'object', 'model', 'status', 'created_at', 'parallel_tool_calls', 'output', 'output_text'] ex
tractedTextPreview={"reviewStatus":"completed","hardViolations":[],"advisories":[],"evidence":[],"overallConfidence":"h
igh"}
INFO:engine.builder1_image_compliance:BUILDER1_IMAGE_COMPLIANCE_REVIEW_PASS campaignId= jobId= adIndex=1 
confidence=high
ok
test_image_compliance_parses_actual_openai_sdk_response_object (test_builder1_openai_sdk_compliance.TestActualOpenAiSdk
Compliance.test_image_compliance_parses_actual_openai_sdk_response_object) ... 
INFO:engine.builder1_image_compliance:BUILDER1_IMAGE_COMPLIANCE_REVIEW_START campaignId=cmp-actual-sdk 
jobId=job-actual-sdk adIndex=1
INFO:engine.builder1_image_compliance:BUILDER1_IMAGE_COMPLIANCE_RESPONSE_STRUCTURE campaignId=cmp-actual-sdk 
jobId=job-actual-sdk adIndex=1 responseClass=Response hasOutputText=True outputTextType=str outputItemCount=1 
contentItemTypes=['output_text'] responseFieldNames=['id', 'object', 'model', 'status', 'created_at', 
'parallel_tool_calls', 'output', 'output_text'] extractedTextPreview={"reviewStatus":"completed","hardViolations":[],"a
dvisories":[],"evidence":[],"overallConfidence":"high"}
INFO:engine.builder1_image_compliance:BUILDER1_IMAGE_COMPLIANCE_REVIEW_PASS campaignId=cmp-actual-sdk 
jobId=job-actual-sdk adIndex=1 confidence=high
ok
test_normal_pending_image_persists_and_reloads 
(test_builder1_pending_image_store.TestPendingImageStore.test_normal_pending_image_persists_and_reloads) ... 
INFO:engine.builder1_pending_image_store:BUILDER1_PENDING_IMAGE_SAVED campaignId=cmp-pending adIndex=1 planRevision=1 
reference=cmp-pending:1:r1 bytes=11 redisKey=builder1:pending-image:cmp-pending:1:r1 ttlSeconds=86400
ok
test_oversized_pending_image_rejected_before_store_write 
(test_builder1_pending_image_store.TestPendingImageStore.test_oversized_pending_image_rejected_before_store_write) ... 
ERROR:engine.builder1_pending_image_store:BUILDER1_PENDING_IMAGE_TOO_LARGE campaignId=cmp-big adIndex=1 planRevision=1 
bytes=12582913 maxBytes=12582912
ok
test_pending_image_cleaned_after_successful_ad_persistence 
(test_builder1_pending_image_store.TestPendingImageStore.test_pending_image_cleaned_after_successful_ad_persistence) 
... INFO:engine.builder1_campaign_store:BUILDER1_CAMPAIGN_CREATED campaignId=cmp-clean targetAdCount=2 backend=memory 
planRevision=1
INFO:engine.builder1_campaign_store:BUILDER1_CAMPAIGN_SESSION_CREATED campaignId=cmp-clean targetAdCount=2
INFO:engine.builder1_pending_image_store:BUILDER1_PENDING_IMAGE_SAVED campaignId=cmp-clean adIndex=1 planRevision=1 
reference=cmp-clean:1:r1 bytes=13 redisKey=builder1:pending-image:cmp-clean:1:r1 ttlSeconds=86400
INFO:engine.builder1_campaign_store:BUILDER1_COMPLIANCE_REVIEW_REQUIRED campaignId=cmp-clean failedAdIndex=1 
generatedCount=0 targetAdCount=2 planRevision=1 reason=malformed_response pendingImageKey=cmp-clean:1:r1 
contractAttempts=1
INFO:engine.builder1_campaign_store:BUILDER1_NEXT_AD_RESERVED campaignId=cmp-clean adIndex=1 targetAdCount=2 
generatedCount=0 jobId=job-clean planRevision=1
INFO:engine.builder1_pending_image_store:BUILDER1_PENDING_IMAGE_DELETED reference=cmp-clean:1:r1
INFO:engine.builder1_campaign_store:BUILDER1_CAMPAIGN_PROGRESS campaignId=cmp-clean generatedCount=1 targetAdCount=2 
complete=False
INFO:engine.builder1_campaign_store:BUILDER1_AD_GENERATED campaignId=cmp-clean adIndex=1 generatedCount=1 
complete=False planRevision=1
ok
test_same_reference_overwrites_without_duplicate_keys 
(test_builder1_pending_image_store.TestPendingImageStore.test_same_reference_overwrites_without_duplicate_keys) ... 
INFO:engine.builder1_pending_image_store:BUILDER1_PENDING_IMAGE_SAVED campaignId=cmp-one adIndex=1 planRevision=1 
reference=cmp-one:1:r1 bytes=2 redisKey=builder1:pending-image:cmp-one:1:r1 ttlSeconds=86400
INFO:engine.builder1_pending_image_store:BUILDER1_PENDING_IMAGE_SAVED campaignId=cmp-one adIndex=1 planRevision=1 
reference=cmp-one:1:r1 bytes=2 redisKey=builder1:pending-image:cmp-one:1:r1 ttlSeconds=86400
ok
test_review_only_performs_zero_planning_and_image_calls (test_builder1_pending_image_store.TestReviewOnlyStillZeroPlann
ing.test_review_only_performs_zero_planning_and_image_calls) ... 
INFO:engine.builder1_campaign_store:BUILDER1_CAMPAIGN_CREATED campaignId=cmp-ro-size targetAdCount=3 backend=memory 
planRevision=1
INFO:engine.builder1_campaign_store:BUILDER1_CAMPAIGN_SESSION_CREATED campaignId=cmp-ro-size targetAdCount=3
INFO:engine.builder1_pending_image_store:BUILDER1_PENDING_IMAGE_SAVED campaignId=cmp-ro-size adIndex=1 planRevision=1 
reference=cmp-ro-size:1:r1 bytes=12 redisKey=builder1:pending-image:cmp-ro-size:1:r1 ttlSeconds=86400
INFO:engine.builder1_campaign_store:BUILDER1_COMPLIANCE_REVIEW_REQUIRED campaignId=cmp-ro-size failedAdIndex=1 
generatedCount=0 targetAdCount=3 planRevision=1 reason=malformed_response pendingImageKey=cmp-ro-size:1:r1 
contractAttempts=1
INFO:engine.builder1_campaign_store:BUILDER1_NEXT_AD_RESERVED campaignId=cmp-ro-size adIndex=1 targetAdCount=3 
generatedCount=0 jobId=job-ro-size planRevision=1
INFO:engine.builder1_jobs_store:BUILDER1_JOB_CREATED jobId=job-ro-size campaignId=cmp-ro-size targetAdCount=3 
backend=memory
INFO:engine.builder1_pending_image_store:BUILDER1_PENDING_IMAGE_DELETED reference=cmp-ro-size:1:r1
INFO:engine.builder1_campaign_store:BUILDER1_CAMPAIGN_PROGRESS campaignId=cmp-ro-size generatedCount=1 targetAdCount=3 
complete=False
INFO:engine.builder1_campaign_store:BUILDER1_AD_GENERATED campaignId=cmp-ro-size adIndex=1 generatedCount=1 
complete=False planRevision=1
INFO:engine.builder1_pending_image_store:BUILDER1_PENDING_IMAGE_DELETED reference=cmp-ro-size:1:r1
ok
test_final_judge_no_lexical_overlap 
(test_builder1_planning_latency.TestFinalJudgeRouting.test_final_judge_no_lexical_overlap) ... ok
test_mixed_failure_routes_to_earliest_stage 
(test_builder1_planning_latency.TestFinalJudgeRouting.test_mixed_failure_routes_to_earliest_stage) ... ok
test_slogan_only_failure_routes_to_slogan_not_restart 
(test_builder1_planning_latency.TestFinalJudgeRouting.test_slogan_only_failure_routes_to_slogan_not_restart) ... ok
test_planning_call_summary_emitted 
(test_builder1_planning_latency.TestLoggingAndMetrics.test_planning_call_summary_emitted) ... 
INFO:engine.builder1_planner:BUILDER1_SERIES_PLANNING_START productName=CarryShell format=portrait adCount=2 
seed=658b5353-ae72-4782-b048-4bf209c7fe21 lang=en
INFO:engine.builder1_product_visibility:BUILDER1_PRODUCT_VISIBILITY_POLICY campaignId=cid-latency mode=FORBIDDEN 
source=default
INFO:engine.builder1_planner:BUILDER1_PRODUCT_NAME_SOURCE source=user
INFO:engine.builder1_planner:BUILDER1_STAGE_START stage=strategy_stage attempt=1
INFO:engine.builder1_strategy_scan:BUILDER1_STRATEGY_SCAN_OK candidates=12
INFO:engine.builder1_planner:BUILDER1_STAGE_PARSE_OK stage=strategy_stage
INFO:engine.builder1_planner:BUILDER1_STAGE_DURATION stage=strategy_stage attempt=1 durationMs=2
INFO:engine.builder1_planner:BUILDER1_STAGE_START stage=slogan_stage attempt=1
INFO:engine.builder1_planner:BUILDER1_STAGE_PARSE_OK stage=slogan_stage
INFO:engine.builder1_planner:BUILDER1_STAGE_DURATION stage=slogan_stage attempt=1 durationMs=0
INFO:engine.builder1_planner:BUILDER1_STAGE_START stage=conceptual_stage attempt=1
INFO:engine.builder1_planner:BUILDER1_STAGE_PARSE_OK stage=conceptual_stage
INFO:engine.builder1_planner:BUILDER1_STAGE_DURATION stage=conceptual_stage attempt=1 durationMs=1
INFO:engine.builder1_product_visibility:BUILDER1_PRODUCT_VISIBILITY_POLICY campaignId= mode=FORBIDDEN source=default
INFO:engine.builder1_planner:BUILDER1_STAGE_START stage=brand_physical attempt=1
INFO:engine.builder1_planner:BUILDER1_STAGE_PARSE_OK stage=brand_physical
INFO:engine.builder1_planner:BUILDER1_STAGE_DURATION stage=brand_physical attempt=1 durationMs=0
INFO:engine.builder1_planner:BUILDER1_STAGE_START stage=graphic_system attempt=1
INFO:engine.builder1_planner:BUILDER1_STAGE_PARSE_OK stage=graphic_system
INFO:engine.builder1_planner:BUILDER1_STAGE_DURATION stage=graphic_system attempt=1 durationMs=0
INFO:engine.builder1_planner:BUILDER1_STAGE_START stage=series_ads attempt=1
INFO:engine.builder1_planner:BUILDER1_STAGE_PARSE_OK stage=series_ads
INFO:engine.builder1_planner:BUILDER1_STAGE_DURATION stage=series_ads attempt=1 durationMs=0
INFO:engine.builder1_marketing_text_repair:BUILDER1_MARKETING_TEXT_CHECK adIndex=1 wordCount=50
INFO:engine.builder1_marketing_text_repair:BUILDER1_MARKETING_LANGUAGE_CHECK adIndex=1 targetLanguage=en 
dominantLanguage=en valid=True hebrewChars=0 latinChars=50
INFO:engine.builder1_marketing_text_repair:BUILDER1_MARKETING_TEXT_CHECK adIndex=2 wordCount=50
INFO:engine.builder1_marketing_text_repair:BUILDER1_MARKETING_LANGUAGE_CHECK adIndex=2 targetLanguage=en 
dominantLanguage=en valid=True hebrewChars=0 latinChars=50
INFO:engine.builder1_planning_pipeline:BUILDER1_INTEGRITY_OK
INFO:engine.builder1_planner:BUILDER1_SERIES_PLANNING_OK adCount=2
ok
test_stage_duration_log_emitted (test_builder1_planning_latency.TestLoggingAndMetrics.test_stage_duration_log_emitted) 
... ok
test_production_shaped_flow_reaches_planning_ok 
(test_builder1_planning_latency.TestProductionShapedLatencyRegression.test_production_shaped_flow_reaches_planning_ok) 
... INFO:engine.builder1_planner:BUILDER1_SERIES_PLANNING_START productName=CarryShell format=portrait adCount=2 
seed=c57c5548-4f31-48af-b1cf-fb6c45b2a03d lang=en
INFO:engine.builder1_product_visibility:BUILDER1_PRODUCT_VISIBILITY_POLICY campaignId= mode=FORBIDDEN source=default
INFO:engine.builder1_planner:BUILDER1_PRODUCT_NAME_SOURCE source=user
INFO:engine.builder1_planner:BUILDER1_STAGE_START stage=strategy_stage attempt=1
ERROR:engine.builder1_strategy_scan:BUILDER1_STRATEGY_CANDIDATE_INVALID candidateId=S01 field=briefSupport 
code=unsupported_grounding_claim
ERROR:engine.builder1_strategy_scan:BUILDER1_STRATEGY_CANDIDATE_INVALID candidateId=S07 field=briefSupport 
code=unsupported_grounding_claim
INFO:engine.builder1_strategy_scan:BUILDER1_STRATEGY_SCAN_REPAIR invalidCount=2 attempt=1 ids=S01,S07
WARNING:engine.builder1_strategy_scan:BUILDER1_STRATEGY_CANDIDATE_REPAIR_PARSE_RETRY attempt=1 
reasons=['strategy_candidate_repair_missing_id:S01']
INFO:engine.builder1_strategy_scan:BUILDER1_STRATEGY_SCAN_OK candidates=12
INFO:engine.builder1_planner:BUILDER1_STAGE_PARSE_OK stage=strategy_stage
INFO:engine.builder1_planner:BUILDER1_STAGE_DURATION stage=strategy_stage attempt=1 durationMs=4
INFO:engine.builder1_planner:BUILDER1_STAGE_START stage=slogan_stage attempt=1
INFO:engine.builder1_planner:BUILDER1_STAGE_PARSE_OK stage=slogan_stage
INFO:engine.builder1_planner:BUILDER1_STAGE_DURATION stage=slogan_stage attempt=1 durationMs=0
INFO:engine.builder1_planner:BUILDER1_STAGE_START stage=conceptual_stage attempt=1
INFO:engine.builder1_planner:BUILDER1_STAGE_PARSE_OK stage=conceptual_stage
INFO:engine.builder1_planner:BUILDER1_STAGE_DURATION stage=conceptual_stage attempt=1 durationMs=1
INFO:engine.builder1_product_visibility:BUILDER1_PRODUCT_VISIBILITY_POLICY campaignId= mode=FORBIDDEN source=default
INFO:engine.builder1_planner:BUILDER1_STAGE_START stage=brand_physical attempt=1
INFO:engine.builder1_planner:BUILDER1_STAGE_PARSE_OK stage=brand_physical
INFO:engine.builder1_planner:BUILDER1_STAGE_DURATION stage=brand_physical attempt=1 durationMs=0
INFO:engine.builder1_planner:BUILDER1_STAGE_START stage=graphic_system attempt=1
INFO:engine.builder1_planner:BUILDER1_STAGE_PARSE_OK stage=graphic_system
INFO:engine.builder1_planner:BUILDER1_STAGE_DURATION stage=graphic_system attempt=1 durationMs=0
INFO:engine.builder1_planner:BUILDER1_STAGE_START stage=series_ads attempt=1
INFO:engine.builder1_planner:BUILDER1_STAGE_PARSE_OK stage=series_ads
INFO:engine.builder1_planner:BUILDER1_STAGE_DURATION stage=series_ads attempt=1 durationMs=1
INFO:engine.builder1_marketing_text_repair:BUILDER1_MARKETING_TEXT_CHECK adIndex=1 wordCount=50
INFO:engine.builder1_marketing_text_repair:BUILDER1_MARKETING_LANGUAGE_CHECK adIndex=1 targetLanguage=en 
dominantLanguage=en valid=True hebrewChars=0 latinChars=50
INFO:engine.builder1_marketing_text_repair:BUILDER1_MARKETING_TEXT_CHECK adIndex=2 wordCount=50
INFO:engine.builder1_marketing_text_repair:BUILDER1_MARKETING_LANGUAGE_CHECK adIndex=2 targetLanguage=en 
dominantLanguage=en valid=True hebrewChars=0 latinChars=50
INFO:engine.builder1_planning_pipeline:BUILDER1_INTEGRITY_OK
INFO:engine.builder1_planning_metrics:BUILDER1_PIPELINE_DURATION durationMs=14
INFO:engine.builder1_planner:BUILDER1_SERIES_PLANNING_OK adCount=2
INFO:engine.builder1_planning_metrics:BUILDER1_PLANNING_CALL_SUMMARY campaignId= jobId= productNameCallUsed=false 
productNameStageCalls=0 strategyStageCalls=1 sloganStageCalls=1 conceptualStageCalls=1 physicalStageCalls=1 
graphicStageCalls=1 seriesStageCalls=1 marketingTextRepairCalls=0 stageRepairCalls=0 stageRetryCalls=0 
stageModelFallbackCalls=0 normalExpectedCalls=6 actualPlanningCalls=6 totalPlanningModelCalls=6 promptTokens= 
outputTokens= totalTokens= totalPlanningDurationMs=14
ok
test_replacements_array_required 
(test_builder1_planning_latency.TestStrategyCandidateRepairSchema.test_replacements_array_required) ... ok
test_strategy_candidate_repair_has_dedicated_schema 
(test_builder1_planning_latency.TestStrategyCandidateRepairSchema.test_strategy_candidate_repair_has_dedicated_schema) 
... ok
test_malformed_repair_retries_without_full_rescan 
(test_builder1_planning_latency.TestStrategyRepairBoundedBehavior.test_malformed_repair_retries_without_full_rescan) 
... ERROR:engine.builder1_strategy_scan:BUILDER1_STRATEGY_CANDIDATE_INVALID candidateId=S01 
field=simpleStrategicAction code=invalid_simple_strategic_action
INFO:engine.builder1_strategy_scan:BUILDER1_STRATEGY_SCAN_REPAIR invalidCount=1 attempt=1 ids=S01
WARNING:engine.builder1_strategy_scan:BUILDER1_STRATEGY_CANDIDATE_REPAIR_PARSE_RETRY attempt=1 
reasons=['strategy_candidate_repair_missing_replacements']
INFO:engine.builder1_strategy_scan:BUILDER1_STRATEGY_SCAN_OK candidates=12
ok
test_repair_failure_does_not_imply_full_scan 
(test_builder1_planning_latency.TestStrategyRepairBoundedBehavior.test_repair_failure_does_not_imply_full_scan) ... 
INFO:engine.builder1_planner:BUILDER1_STAGE_START stage=strategy_scan attempt=1
ERROR:engine.builder1_strategy_scan:BUILDER1_STRATEGY_CANDIDATE_INVALID candidateId=S01 field=simpleStrategicAction 
code=invalid_simple_strategic_action
INFO:engine.builder1_strategy_scan:BUILDER1_STRATEGY_SCAN_REPAIR invalidCount=1 attempt=1 ids=S01
WARNING:engine.builder1_strategy_scan:BUILDER1_STRATEGY_CANDIDATE_REPAIR_PARSE_RETRY attempt=1 
reasons=['strategy_candidate_repair_missing_replacements']
WARNING:engine.builder1_strategy_scan:BUILDER1_STRATEGY_CANDIDATE_REPAIR_PARSE_RETRY attempt=2 
reasons=['strategy_candidate_repair_missing_replacements']
ERROR:engine.builder1_strategy_scan:BUILDER1_STRATEGY_CANDIDATE_INVALID candidateId=S01 field=simpleStrategicAction 
code=invalid_simple_strategic_action
INFO:engine.builder1_strategy_scan:BUILDER1_STRATEGY_SCAN_REPAIR invalidCount=1 attempt=2 ids=S01
WARNING:engine.builder1_strategy_scan:BUILDER1_STRATEGY_CANDIDATE_REPAIR_PARSE_RETRY attempt=1 
reasons=['strategy_candidate_repair_missing_replacements']
WARNING:engine.builder1_strategy_scan:BUILDER1_STRATEGY_CANDIDATE_REPAIR_PARSE_RETRY attempt=2 
reasons=['strategy_candidate_repair_missing_replacements']
ok
test_material_investment_candidate_ineligible_in_review 
(test_builder1_planning_latency.TestStrategySelectionReview.test_material_investment_candidate_ineligible_in_review) 
... ok
test_selected_strategy_gate_runs_before_slogan_in_pipeline_source (test_builder1_planning_latency.TestStrategySelection
Review.test_selected_strategy_gate_runs_before_slogan_in_pipeline_source) ... ok
test_balanced_profile_routes_execution_stages 
(test_builder1_planning_routing.TestPlanningProfiles.test_balanced_profile_routes_execution_stages) ... ok
test_fast_profile_is_opt_in (test_builder1_planning_routing.TestPlanningProfiles.test_fast_profile_is_opt_in) ... ok
test_quality_profile_uses_quality_model 
(test_builder1_planning_routing.TestPlanningProfiles.test_quality_profile_uses_quality_model) ... ok
test_reasoning_effort_supported_for_o3 
(test_builder1_planning_routing.TestPlanningProfiles.test_reasoning_effort_supported_for_o3) ... ok
test_unsupported_execution_model_falls_back_when_unset 
(test_builder1_planning_routing.TestPlanningProfiles.test_unsupported_execution_model_falls_back_when_unset) ... ok
test_unsupported_reasoning_effort_is_not_sent_for_non_reasoning_model (test_builder1_planning_routing.TestPlanningProfi
les.test_unsupported_reasoning_effort_is_not_sent_for_non_reasoning_model) ... ok
test_production_shaped_balanced_flow 
(test_builder1_planning_routing.TestProductionShapedRegression.test_production_shaped_balanced_flow) ... 
INFO:engine.builder1_planner:BUILDER1_SERIES_PLANNING_START productName=CarryShell format=portrait adCount=2 
seed=5cf5873e-a5d0-4932-bf3e-34b69271736a lang=en
INFO:engine.builder1_product_visibility:BUILDER1_PRODUCT_VISIBILITY_POLICY campaignId= mode=FORBIDDEN source=default
INFO:engine.builder1_planner:BUILDER1_PRODUCT_NAME_SOURCE source=user
INFO:engine.builder1_planner:BUILDER1_STAGE_START stage=strategy_stage attempt=1
INFO:engine.builder1_strategy_scan:BUILDER1_STRATEGY_SCAN_OK candidates=12
INFO:engine.builder1_planner:BUILDER1_STAGE_PARSE_OK stage=strategy_stage
INFO:engine.builder1_planner:BUILDER1_STAGE_DURATION stage=strategy_stage attempt=1 durationMs=2
INFO:engine.builder1_planner:BUILDER1_STAGE_START stage=slogan_stage attempt=1
INFO:engine.builder1_planner:BUILDER1_STAGE_PARSE_OK stage=slogan_stage
INFO:engine.builder1_planner:BUILDER1_STAGE_DURATION stage=slogan_stage attempt=1 durationMs=0
INFO:engine.builder1_planner:BUILDER1_STAGE_START stage=conceptual_stage attempt=1
INFO:engine.builder1_planner:BUILDER1_STAGE_PARSE_OK stage=conceptual_stage
INFO:engine.builder1_planner:BUILDER1_STAGE_DURATION stage=conceptual_stage attempt=1 durationMs=1
INFO:engine.builder1_product_visibility:BUILDER1_PRODUCT_VISIBILITY_POLICY campaignId= mode=FORBIDDEN source=default
INFO:engine.builder1_planner:BUILDER1_STAGE_START stage=brand_physical attempt=1
INFO:engine.builder1_planner:BUILDER1_STAGE_PARSE_OK stage=brand_physical
INFO:engine.builder1_planner:BUILDER1_STAGE_DURATION stage=brand_physical attempt=1 durationMs=0
INFO:engine.builder1_planner:BUILDER1_STAGE_START stage=graphic_system attempt=1
INFO:engine.builder1_planner:BUILDER1_STAGE_PARSE_OK stage=graphic_system
INFO:engine.builder1_planner:BUILDER1_STAGE_DURATION stage=graphic_system attempt=1 durationMs=0
INFO:engine.builder1_planner:BUILDER1_STAGE_START stage=series_ads attempt=1
INFO:engine.builder1_planner:BUILDER1_STAGE_PARSE_OK stage=series_ads
INFO:engine.builder1_planner:BUILDER1_STAGE_DURATION stage=series_ads attempt=1 durationMs=1
INFO:engine.builder1_marketing_text_repair:BUILDER1_MARKETING_TEXT_CHECK adIndex=1 wordCount=50
INFO:engine.builder1_marketing_text_repair:BUILDER1_MARKETING_LANGUAGE_CHECK adIndex=1 targetLanguage=en 
dominantLanguage=en valid=True hebrewChars=0 latinChars=50
INFO:engine.builder1_marketing_text_repair:BUILDER1_MARKETING_TEXT_CHECK adIndex=2 wordCount=50
INFO:engine.builder1_marketing_text_repair:BUILDER1_MARKETING_LANGUAGE_CHECK adIndex=2 targetLanguage=en 
dominantLanguage=en valid=True hebrewChars=0 latinChars=50
INFO:engine.builder1_planning_pipeline:BUILDER1_INTEGRITY_OK
INFO:engine.builder1_planning_metrics:BUILDER1_PIPELINE_DURATION durationMs=12
INFO:engine.builder1_planner:BUILDER1_SERIES_PLANNING_OK adCount=2
INFO:engine.builder1_planning_metrics:BUILDER1_PLANNING_CALL_SUMMARY campaignId= jobId= productNameCallUsed=false 
productNameStageCalls=0 strategyStageCalls=1 sloganStageCalls=1 conceptualStageCalls=1 physicalStageCalls=1 
graphicStageCalls=1 seriesStageCalls=1 marketingTextRepairCalls=0 stageRepairCalls=0 stageRetryCalls=0 
stageModelFallbackCalls=0 normalExpectedCalls=6 actualPlanningCalls=6 totalPlanningModelCalls=6 promptTokens= 
outputTokens= totalTokens= totalPlanningDurationMs=12
ok
test_blank_name_planning_seven_calls 
(test_builder1_planning_routing.TestStageOrderAndCallCounts.test_blank_name_planning_seven_calls) ... 
INFO:engine.builder1_planner:BUILDER1_SERIES_PLANNING_START productName= format=portrait adCount=2 
seed=2bb12fb2-31dd-4dcf-9571-05a1826e605e lang=en
INFO:engine.builder1_product_visibility:BUILDER1_PRODUCT_VISIBILITY_POLICY campaignId= mode=FORBIDDEN source=default
INFO:engine.builder1_planner:BUILDER1_PRODUCT_NAME_GENERATION_START
INFO:engine.builder1_planner:BUILDER1_STAGE_START stage=product_name_resolution attempt=1
INFO:engine.builder1_planner:BUILDER1_STAGE_PARSE_OK stage=product_name_resolution
INFO:engine.builder1_planner:BUILDER1_STAGE_DURATION stage=product_name_resolution attempt=1 durationMs=0
INFO:engine.builder1_planner:BUILDER1_PRODUCT_NAME_GENERATION_OK nameLength=9 lang=en
INFO:engine.builder1_planner:BUILDER1_PRODUCT_NAME_SOURCE source=generated
INFO:engine.builder1_planner:BUILDER1_STAGE_START stage=strategy_stage attempt=1
INFO:engine.builder1_strategy_scan:BUILDER1_STRATEGY_SCAN_OK candidates=12
INFO:engine.builder1_planner:BUILDER1_STAGE_PARSE_OK stage=strategy_stage
INFO:engine.builder1_planner:BUILDER1_STAGE_DURATION stage=strategy_stage attempt=1 durationMs=2
INFO:engine.builder1_planner:BUILDER1_STAGE_START stage=slogan_stage attempt=1
INFO:engine.builder1_planner:BUILDER1_STAGE_PARSE_OK stage=slogan_stage
INFO:engine.builder1_planner:BUILDER1_STAGE_DURATION stage=slogan_stage attempt=1 durationMs=0
INFO:engine.builder1_planner:BUILDER1_STAGE_START stage=conceptual_stage attempt=1
INFO:engine.builder1_planner:BUILDER1_STAGE_PARSE_OK stage=conceptual_stage
INFO:engine.builder1_planner:BUILDER1_STAGE_DURATION stage=conceptual_stage attempt=1 durationMs=1
INFO:engine.builder1_product_visibility:BUILDER1_PRODUCT_VISIBILITY_POLICY campaignId= mode=FORBIDDEN source=default
INFO:engine.builder1_planner:BUILDER1_STAGE_START stage=brand_physical attempt=1
INFO:engine.builder1_planner:BUILDER1_STAGE_PARSE_OK stage=brand_physical
INFO:engine.builder1_planner:BUILDER1_STAGE_DURATION stage=brand_physical attempt=1 durationMs=0
INFO:engine.builder1_planner:BUILDER1_STAGE_START stage=graphic_system attempt=1
INFO:engine.builder1_planner:BUILDER1_STAGE_PARSE_OK stage=graphic_system
INFO:engine.builder1_planner:BUILDER1_STAGE_DURATION stage=graphic_system attempt=1 durationMs=0
INFO:engine.builder1_planner:BUILDER1_STAGE_START stage=series_ads attempt=1
INFO:engine.builder1_planner:BUILDER1_STAGE_PARSE_OK stage=series_ads
INFO:engine.builder1_planner:BUILDER1_STAGE_DURATION stage=series_ads attempt=1 durationMs=1
INFO:engine.builder1_marketing_text_repair:BUILDER1_MARKETING_TEXT_CHECK adIndex=1 wordCount=50
INFO:engine.builder1_marketing_text_repair:BUILDER1_MARKETING_LANGUAGE_CHECK adIndex=1 targetLanguage=en 
dominantLanguage=en valid=True hebrewChars=0 latinChars=50
INFO:engine.builder1_marketing_text_repair:BUILDER1_MARKETING_TEXT_CHECK adIndex=2 wordCount=50
INFO:engine.builder1_marketing_text_repair:BUILDER1_MARKETING_LANGUAGE_CHECK adIndex=2 targetLanguage=en 
dominantLanguage=en valid=True hebrewChars=0 latinChars=50
INFO:engine.builder1_planning_pipeline:BUILDER1_INTEGRITY_OK
INFO:engine.builder1_planning_metrics:BUILDER1_PIPELINE_DURATION durationMs=12
INFO:engine.builder1_planner:BUILDER1_SERIES_PLANNING_OK adCount=2
INFO:engine.builder1_planning_metrics:BUILDER1_PLANNING_CALL_SUMMARY campaignId= jobId= productNameCallUsed=true 
productNameStageCalls=1 strategyStageCalls=1 sloganStageCalls=1 conceptualStageCalls=1 physicalStageCalls=1 
graphicStageCalls=1 seriesStageCalls=1 marketingTextRepairCalls=0 stageRepairCalls=0 stageRetryCalls=0 
stageModelFallbackCalls=0 normalExpectedCalls=7 actualPlanningCalls=7 totalPlanningModelCalls=7 promptTokens= 
outputTokens= totalTokens= totalPlanningDurationMs=12
ok
test_stage_order_unchanged (test_builder1_planning_routing.TestStageOrderAndCallCounts.test_stage_order_unchanged) ... 
ok
test_supplied_name_planning_six_calls 
(test_builder1_planning_routing.TestStageOrderAndCallCounts.test_supplied_name_planning_six_calls) ... 
INFO:engine.builder1_planner:BUILDER1_SERIES_PLANNING_START productName=CarryShell format=portrait adCount=2 
seed=281967ef-b083-4524-9960-46e8f00863e3 lang=en
INFO:engine.builder1_product_visibility:BUILDER1_PRODUCT_VISIBILITY_POLICY campaignId= mode=FORBIDDEN source=default
INFO:engine.builder1_planner:BUILDER1_PRODUCT_NAME_SOURCE source=user
INFO:engine.builder1_planner:BUILDER1_STAGE_START stage=strategy_stage attempt=1
INFO:engine.builder1_strategy_scan:BUILDER1_STRATEGY_SCAN_OK candidates=12
INFO:engine.builder1_planner:BUILDER1_STAGE_PARSE_OK stage=strategy_stage
INFO:engine.builder1_planner:BUILDER1_STAGE_DURATION stage=strategy_stage attempt=1 durationMs=2
INFO:engine.builder1_planner:BUILDER1_STAGE_START stage=slogan_stage attempt=1
INFO:engine.builder1_planner:BUILDER1_STAGE_PARSE_OK stage=slogan_stage
INFO:engine.builder1_planner:BUILDER1_STAGE_DURATION stage=slogan_stage attempt=1 durationMs=0
INFO:engine.builder1_planner:BUILDER1_STAGE_START stage=conceptual_stage attempt=1
INFO:engine.builder1_planner:BUILDER1_STAGE_PARSE_OK stage=conceptual_stage
INFO:engine.builder1_planner:BUILDER1_STAGE_DURATION stage=conceptual_stage attempt=1 durationMs=1
INFO:engine.builder1_product_visibility:BUILDER1_PRODUCT_VISIBILITY_POLICY campaignId= mode=FORBIDDEN source=default
INFO:engine.builder1_planner:BUILDER1_STAGE_START stage=brand_physical attempt=1
INFO:engine.builder1_planner:BUILDER1_STAGE_PARSE_OK stage=brand_physical
INFO:engine.builder1_planner:BUILDER1_STAGE_DURATION stage=brand_physical attempt=1 durationMs=0
INFO:engine.builder1_planner:BUILDER1_STAGE_START stage=graphic_system attempt=1
INFO:engine.builder1_planner:BUILDER1_STAGE_PARSE_OK stage=graphic_system
INFO:engine.builder1_planner:BUILDER1_STAGE_DURATION stage=graphic_system attempt=1 durationMs=0
INFO:engine.builder1_planner:BUILDER1_STAGE_START stage=series_ads attempt=1
INFO:engine.builder1_planner:BUILDER1_STAGE_PARSE_OK stage=series_ads
INFO:engine.builder1_planner:BUILDER1_STAGE_DURATION stage=series_ads attempt=1 durationMs=1
INFO:engine.builder1_marketing_text_repair:BUILDER1_MARKETING_TEXT_CHECK adIndex=1 wordCount=50
INFO:engine.builder1_marketing_text_repair:BUILDER1_MARKETING_LANGUAGE_CHECK adIndex=1 targetLanguage=en 
dominantLanguage=en valid=True hebrewChars=0 latinChars=50
INFO:engine.builder1_marketing_text_repair:BUILDER1_MARKETING_TEXT_CHECK adIndex=2 wordCount=50
INFO:engine.builder1_marketing_text_repair:BUILDER1_MARKETING_LANGUAGE_CHECK adIndex=2 targetLanguage=en 
dominantLanguage=en valid=True hebrewChars=0 latinChars=50
INFO:engine.builder1_planning_pipeline:BUILDER1_INTEGRITY_OK
INFO:engine.builder1_planning_metrics:BUILDER1_PIPELINE_DURATION durationMs=13
INFO:engine.builder1_planner:BUILDER1_SERIES_PLANNING_OK adCount=2
INFO:engine.builder1_planning_metrics:BUILDER1_PLANNING_CALL_SUMMARY campaignId= jobId= productNameCallUsed=false 
productNameStageCalls=0 strategyStageCalls=1 sloganStageCalls=1 conceptualStageCalls=1 physicalStageCalls=1 
graphicStageCalls=1 seriesStageCalls=1 marketingTextRepairCalls=0 stageRepairCalls=0 stageRetryCalls=0 
stageModelFallbackCalls=0 normalExpectedCalls=6 actualPlanningCalls=6 totalPlanningModelCalls=6 promptTokens= 
outputTokens= totalTokens= totalPlanningDurationMs=13
ok
test_accidental_product_visible_is_image_execution 
(test_builder1_product_identity.TestFailureClassification.test_accidental_product_visible_is_image_execution) ... ok
test_contradictory_plan_blocks_preflight 
(test_builder1_product_identity.TestFailureClassification.test_contradictory_plan_blocks_preflight) ... 
ERROR:engine.builder1_image_prompt_preflight:BUILDER1_IMAGE_PROMPT_PREFLIGHT_FAIL campaignId= adIndex=0 
classification=PLAN_CONTRADICTS_PRODUCT_POLICY reasons=['physical_generator_matches_advertised_product:running shoe', 
'physical_generator_matches_advertised_product:shoe', 'transferred_object_matches_advertised_product:running shoe', 
'transferred_object_matches_advertised_product:shoe', 'missing_main_visual_block', 
'missing_advertised_product_not_depicted', 'missing_packaging_not_depicted']
ok
test_product_used_as_generator_without_structured_conflict_is_image_execution (test_builder1_product_identity.TestFailu
reClassification.test_product_used_as_generator_without_structured_conflict_is_image_execution) ... ok
test_structured_product_as_generator_is_plan_contradiction 
(test_builder1_product_identity.TestFailureClassification.test_structured_product_as_generator_is_plan_contradiction) 
... ok
test_pixel_product_generator_is_advisory_without_structured_conflict (test_builder1_product_identity.TestImageExecution
VsPlanContradiction.test_pixel_product_generator_is_advisory_without_structured_conflict) ... 
INFO:engine.builder1_image_generator:BUILDER1_SERIES_IMAGE_START adIndex=1 attempt=1
INFO:engine.builder1_image_generator:BUILDER1_SERIES_IMAGE_OK adIndex=1
INFO:engine.builder1_image_compliance:BUILDER1_IMAGE_COMPLIANCE_REVIEW_START campaignId= jobId= adIndex=1
INFO:engine.builder1_compliance_adjudication:BUILDER1_IMAGE_COMPLIANCE_FINDING campaignId= adIndex=1 
code=possible_product_resemblance severity=advisory confidence=high evidenceType= location= relationshipToBrandText= 
planRevision=1
INFO:engine.builder1_image_compliance:BUILDER1_IMAGE_COMPLIANCE_REVIEW_PASS campaignId= jobId= adIndex=1 
confidence=high
ok
test_structured_plan_conflict_preflight_does_not_generate (test_builder1_product_identity.TestImageExecutionVsPlanContr
adiction.test_structured_plan_conflict_preflight_does_not_generate) ... 
ERROR:engine.builder1_image_prompt_preflight:BUILDER1_IMAGE_PROMPT_PREFLIGHT_FAIL campaignId= adIndex=1 
classification=PLAN_CONTRADICTS_PRODUCT_POLICY reasons=['ad_1_product_is_physical_generator', 
'plan_requests_product_as_generator']
ok
test_valid_plan_regenerates_image_only 
(test_builder1_product_identity.TestImageExecutionVsPlanContradiction.test_valid_plan_regenerates_image_only) ... 
INFO:engine.builder1_image_generator:BUILDER1_SERIES_IMAGE_START adIndex=1 attempt=1
INFO:engine.builder1_image_generator:BUILDER1_SERIES_IMAGE_OK adIndex=1
INFO:engine.builder1_image_compliance:BUILDER1_IMAGE_COMPLIANCE_REVIEW_START campaignId= jobId= adIndex=1
INFO:engine.builder1_compliance_adjudication:BUILDER1_IMAGE_COMPLIANCE_FINDING campaignId= adIndex=1 
code=product_visible_without_explicit_request severity=hard confidence=high evidenceType= location= 
relationshipToBrandText= planRevision=1
ERROR:engine.builder1_image_compliance:BUILDER1_IMAGE_COMPLIANCE_REVIEW_FAIL campaignId= jobId= adIndex=1 
hardViolations=['product_visible_without_explicit_request'] advisories=[]
INFO:engine.builder1_failure_classification:BUILDER1_FAILURE_CLASSIFIED campaignId= adIndex=1 
failureClass=IMAGE_EXECUTION action=REGENERATE_IMAGE structuredPlanConflict=false preflightConflict=false 
pixelReviewViolations=['product_visible_without_explicit_request'] planRevision=1
INFO:engine.builder1_image_generator:BUILDER1_IMAGE_COMPLIANCE_REGENERATE campaignId= jobId= adIndex=1 planRevision=1 
level=1 hardViolations=['product_visible_without_explicit_request'] advisories=[]
INFO:engine.builder1_image_retry:BUILDER1_IMAGE_RETRY_CORRECTION campaignId= adIndex=1 planRevision=1 
violations=['product_visible_without_explicit_request']
INFO:engine.builder1_image_generator:BUILDER1_SERIES_IMAGE_START adIndex=1 attempt=1
INFO:engine.builder1_image_generator:BUILDER1_SERIES_IMAGE_OK adIndex=1
INFO:engine.builder1_image_compliance:BUILDER1_IMAGE_COMPLIANCE_REVIEW_START campaignId= jobId= adIndex=1
INFO:engine.builder1_image_compliance:BUILDER1_IMAGE_COMPLIANCE_REVIEW_PASS campaignId= jobId= adIndex=1 
confidence=high
ok
test_repair_reruns_physical_graphic_series_only 
(test_builder1_product_identity.TestPhysicalRepairPreservesUpstream.test_repair_reruns_physical_graphic_series_only) 
... INFO:engine.builder1_planner:BUILDER1_STAGE_START stage=brand_physical attempt=1
INFO:engine.builder1_planner:BUILDER1_STAGE_PARSE_OK stage=brand_physical
INFO:engine.builder1_planner:BUILDER1_STAGE_DURATION stage=brand_physical attempt=1 durationMs=0
INFO:engine.builder1_planner:BUILDER1_STAGE_START stage=graphic_system attempt=1
INFO:engine.builder1_planner:BUILDER1_STAGE_PARSE_OK stage=graphic_system
INFO:engine.builder1_planner:BUILDER1_STAGE_DURATION stage=graphic_system attempt=1 durationMs=0
INFO:engine.builder1_planner:BUILDER1_STAGE_START stage=series_ads attempt=1
INFO:engine.builder1_planner:BUILDER1_STAGE_PARSE_OK stage=series_ads
INFO:engine.builder1_planner:BUILDER1_STAGE_DURATION stage=series_ads attempt=1 durationMs=0
INFO:engine.builder1_marketing_text_repair:BUILDER1_MARKETING_TEXT_CHECK adIndex=1 wordCount=50
INFO:engine.builder1_marketing_text_repair:BUILDER1_MARKETING_LANGUAGE_CHECK adIndex=1 targetLanguage=en 
dominantLanguage=en valid=True hebrewChars=0 latinChars=50
INFO:engine.builder1_marketing_text_repair:BUILDER1_MARKETING_TEXT_CHECK adIndex=2 wordCount=50
INFO:engine.builder1_marketing_text_repair:BUILDER1_MARKETING_LANGUAGE_CHECK adIndex=2 targetLanguage=en 
dominantLanguage=en valid=True hebrewChars=0 latinChars=50
INFO:engine.builder1_physical_repair:BUILDER1_PHYSICAL_REPAIR_OK campaignPhysical=Rubber ball family 
campaignTransferred=Rubber ball family
ok
test_broad_world_object_not_over_rejected 
(test_builder1_product_identity.TestProductIdentityGuard.test_broad_world_object_not_over_rejected) ... ok
test_external_rubber_ball_passes 
(test_builder1_product_identity.TestProductIdentityGuard.test_external_rubber_ball_passes) ... ok
test_false_boolean_cannot_hide_shoe_identity 
(test_builder1_product_identity.TestProductIdentityGuard.test_false_boolean_cannot_hide_shoe_identity) ... 
ERROR:engine.builder1_final_stages:BUILDER1_STAGE_FAILED stage=brand_physical 
reasons=['physical_generator_matches_advertised_product:running shoe', 
'physical_generator_matches_advertised_product:shoe', 'transferred_object_matches_advertised_product:running shoe', 
'transferred_object_matches_advertised_product:shoe'] top_level_keys=['campaignRationale', 
'clearerThanConventionalProductShot', 'mediumParticipates', 'mediumRole', 'physicalCandidates', 'physicalEvaluations', 
'physicalGenerator', 'physicalGeneratorCampaignRole', 'physicalGeneratorIsAdvertisedProduct', 
'physicalGeneratorIsPackaging', 'physicalGeneratorIsProduct', 'physicalGeneratorNaturalPurpose', 
'productEvidenceReason', 'productEvidenceRequired', 'productNameResolved', 'selectedPhysicalCandidateId', 
'survivesProductRemoval', 'transferredObject', 'transferredObjectAction', 'whyClearerThanShowingProduct', 
'worksWithoutProductVisible'] field_types={'physicalCandidates': 'list', 'physicalEvaluations': 'list', 
'selectedPhysicalCandidateId': 'str', 'productNameResolved': 'str', 'physicalGenerator': 'str', 
'physicalGeneratorNaturalPurpose': 'str', 'physicalGeneratorCampaignRole': 'str', 'physicalGeneratorIsProduct': 
'bool', 'physicalGeneratorIsPackaging': 'bool', 'worksWithoutProductVisible': 'bool', 'transferredObject': 'str', 
'transferredObjectAction': 'str', 'whyClearerThanShowingProduct': 'str', 'clearerThanConventionalProductShot': 'bool', 
'survivesProductRemoval': 'bool', 'productEvidenceRequired': 'bool', 'productEvidenceReason': 'str', 
'mediumParticipates': 'bool', 'mediumRole': 'str', 'campaignRationale': 'str', 'physicalGeneratorIsAdvertisedProduct': 
'bool'}
ok
test_shoe_product_as_generator_is_rejected 
(test_builder1_product_identity.TestProductIdentityGuard.test_shoe_product_as_generator_is_rejected) ... ok
test_generated_name_typography_only_passes_visibility_integrity (test_builder1_product_identity.TestProductionShapedReg
ression.test_generated_name_typography_only_passes_visibility_integrity) ... ok
test_negative_main_visual_conflict 
(test_builder1_product_identity.TestProductionShapedRegression.test_negative_main_visual_conflict) ... ok
test_image_only_retry_response_fields 
(test_builder1_product_identity.TestPublicRetryContract.test_image_only_retry_response_fields) ... 
INFO:engine.builder1_campaign_store:BUILDER1_CAMPAIGN_CREATED campaignId=public-image targetAdCount=2 backend=memory 
planRevision=1
INFO:engine.builder1_campaign_store:BUILDER1_CAMPAIGN_SESSION_CREATED campaignId=public-image targetAdCount=2
ok
test_product_category_in_scene_description_fails 
(test_builder1_product_identity.TestRealVisualConflicts.test_product_category_in_scene_description_fails) ... ok
test_product_in_physical_generator_fails 
(test_builder1_product_identity.TestRealVisualConflicts.test_product_in_physical_generator_fails) ... ok
test_copy_fields_are_excluded_from_visual_scan 
(test_builder1_product_identity.TestTypographyFalsePositives.test_copy_fields_are_excluded_from_visual_scan) ... ok
test_ordinary_word_product_name_in_explanatory_copy_passes (test_builder1_product_identity.TestTypographyFalsePositives
.test_ordinary_word_product_name_in_explanatory_copy_passes) ... ok
test_product_name_in_marketing_text_does_not_fail 
(test_builder1_product_identity.TestTypographyFalsePositives.test_product_name_in_marketing_text_does_not_fail) ... ok
test_product_name_in_typography_passes_integrity 
(test_builder1_product_identity.TestTypographyFalsePositives.test_product_name_in_typography_passes_integrity) ... ok
test_production_shaped_campaign_reaches_image_prompt 
(test_builder1_product_identity.TestTypographyFalsePositives.test_production_shaped_campaign_reaches_image_prompt) ... 
ok
test_visual_fields_are_inspected 
(test_builder1_product_identity.TestTypographyFalsePositives.test_visual_fields_are_inspected) ... ok
test_no_builder2_product_name_module 
(test_builder1_product_name.TestBuilder2Unchanged.test_no_builder2_product_name_module) ... ok
test_description_not_copied_verbatim 
(test_builder1_product_name.TestProductNameLanguageRules.test_description_not_copied_verbatim) ... ok
test_english_description_requires_english_name 
(test_builder1_product_name.TestProductNameLanguageRules.test_english_description_requires_english_name) ... ok
test_generic_category_label_rejected 
(test_builder1_product_name.TestProductNameLanguageRules.test_generic_category_label_rejected) ... ok
test_hebrew_description_allows_hebrew_or_english_name 
(test_builder1_product_name.TestProductNameLanguageRules.test_hebrew_description_allows_hebrew_or_english_name) ... ok
test_empty_product_name_invokes_naming_stage_once 
(test_builder1_product_name.TestProductNameResolutionStage.test_empty_product_name_invokes_naming_stage_once) ... 
INFO:engine.builder1_planner:BUILDER1_SERIES_PLANNING_START productName= format=portrait adCount=2 
seed=b8c52fda-917d-4142-b74d-902e2f698341 lang=en
INFO:engine.builder1_product_visibility:BUILDER1_PRODUCT_VISIBILITY_POLICY campaignId= mode=FORBIDDEN source=default
INFO:engine.builder1_planner:BUILDER1_PRODUCT_NAME_GENERATION_START
INFO:engine.builder1_planner:BUILDER1_STAGE_START stage=product_name_resolution attempt=1
INFO:engine.builder1_planner:BUILDER1_STAGE_PARSE_OK stage=product_name_resolution
INFO:engine.builder1_planner:BUILDER1_STAGE_DURATION stage=product_name_resolution attempt=1 durationMs=0
INFO:engine.builder1_planner:BUILDER1_PRODUCT_NAME_GENERATION_OK nameLength=10 lang=en
INFO:engine.builder1_planner:BUILDER1_PRODUCT_NAME_SOURCE source=generated
INFO:engine.builder1_planner:BUILDER1_STAGE_START stage=strategy_stage attempt=1
INFO:engine.builder1_strategy_scan:BUILDER1_STRATEGY_SCAN_OK candidates=12
INFO:engine.builder1_planner:BUILDER1_STAGE_PARSE_OK stage=strategy_stage
INFO:engine.builder1_planner:BUILDER1_STAGE_DURATION stage=strategy_stage attempt=1 durationMs=2
INFO:engine.builder1_planner:BUILDER1_STAGE_START stage=slogan_stage attempt=1
INFO:engine.builder1_planner:BUILDER1_STAGE_PARSE_OK stage=slogan_stage
INFO:engine.builder1_planner:BUILDER1_STAGE_DURATION stage=slogan_stage attempt=1 durationMs=0
INFO:engine.builder1_planner:BUILDER1_STAGE_START stage=conceptual_stage attempt=1
INFO:engine.builder1_planner:BUILDER1_STAGE_PARSE_OK stage=conceptual_stage
INFO:engine.builder1_planner:BUILDER1_STAGE_DURATION stage=conceptual_stage attempt=1 durationMs=1
INFO:engine.builder1_product_visibility:BUILDER1_PRODUCT_VISIBILITY_POLICY campaignId= mode=FORBIDDEN source=default
INFO:engine.builder1_planner:BUILDER1_STAGE_START stage=brand_physical attempt=1
INFO:engine.builder1_planner:BUILDER1_STAGE_PARSE_OK stage=brand_physical
INFO:engine.builder1_planner:BUILDER1_STAGE_DURATION stage=brand_physical attempt=1 durationMs=0
INFO:engine.builder1_planner:BUILDER1_STAGE_START stage=graphic_system attempt=1
INFO:engine.builder1_planner:BUILDER1_STAGE_PARSE_OK stage=graphic_system
INFO:engine.builder1_planner:BUILDER1_STAGE_DURATION stage=graphic_system attempt=1 durationMs=0
INFO:engine.builder1_planner:BUILDER1_STAGE_START stage=series_ads attempt=1
INFO:engine.builder1_planner:BUILDER1_STAGE_PARSE_OK stage=series_ads
INFO:engine.builder1_planner:BUILDER1_STAGE_DURATION stage=series_ads attempt=1 durationMs=1
INFO:engine.builder1_marketing_text_repair:BUILDER1_MARKETING_TEXT_CHECK adIndex=1 wordCount=50
INFO:engine.builder1_marketing_text_repair:BUILDER1_MARKETING_LANGUAGE_CHECK adIndex=1 targetLanguage=en 
dominantLanguage=en valid=True hebrewChars=0 latinChars=50
INFO:engine.builder1_marketing_text_repair:BUILDER1_MARKETING_TEXT_CHECK adIndex=2 wordCount=50
INFO:engine.builder1_marketing_text_repair:BUILDER1_MARKETING_LANGUAGE_CHECK adIndex=2 targetLanguage=en 
dominantLanguage=en valid=True hebrewChars=0 latinChars=50
INFO:engine.builder1_planning_pipeline:BUILDER1_INTEGRITY_OK
INFO:engine.builder1_planning_metrics:BUILDER1_PIPELINE_DURATION durationMs=12
INFO:engine.builder1_planner:BUILDER1_SERIES_PLANNING_OK adCount=2
INFO:engine.builder1_planning_metrics:BUILDER1_PLANNING_CALL_SUMMARY campaignId= jobId= productNameCallUsed=true 
productNameStageCalls=1 strategyStageCalls=1 sloganStageCalls=1 conceptualStageCalls=1 physicalStageCalls=1 
graphicStageCalls=1 seriesStageCalls=1 marketingTextRepairCalls=0 stageRepairCalls=0 stageRetryCalls=0 
stageModelFallbackCalls=0 normalExpectedCalls=7 actualPlanningCalls=7 totalPlanningModelCalls=7 promptTokens= 
outputTokens= totalTokens= totalPlanningDurationMs=12
ok
test_generate_again_does_not_rerun_naming 
(test_builder1_product_name.TestProductNameResolutionStage.test_generate_again_does_not_rerun_naming) ... 
INFO:engine.builder1_campaign_store:BUILDER1_CAMPAIGN_CREATED campaignId=name-next targetAdCount=2 backend=memory 
planRevision=1
INFO:engine.builder1_campaign_store:BUILDER1_CAMPAIGN_SESSION_CREATED campaignId=name-next targetAdCount=2
INFO:engine.builder1_campaign_store:BUILDER1_NEXT_AD_RESERVED campaignId=name-next adIndex=1 targetAdCount=2 
generatedCount=0 jobId=None planRevision=1
INFO:engine.builder1_campaign_store:BUILDER1_CAMPAIGN_PROGRESS campaignId=name-next generatedCount=1 targetAdCount=2 
complete=False
INFO:engine.builder1_campaign_store:BUILDER1_AD_GENERATED campaignId=name-next adIndex=1 generatedCount=1 
complete=False planRevision=1
ok
test_generated_name_reaches_strategy_scan 
(test_builder1_product_name.TestProductNameResolutionStage.test_generated_name_reaches_strategy_scan) ... 
INFO:engine.builder1_planner:BUILDER1_SERIES_PLANNING_START productName= format=portrait adCount=2 
seed=3bbab3e9-065c-46b7-bf87-9ebc1de75e23 lang=en
INFO:engine.builder1_product_visibility:BUILDER1_PRODUCT_VISIBILITY_POLICY campaignId= mode=FORBIDDEN source=default
INFO:engine.builder1_planner:BUILDER1_PRODUCT_NAME_GENERATION_START
INFO:engine.builder1_planner:BUILDER1_STAGE_START stage=product_name_resolution attempt=1
INFO:engine.builder1_planner:BUILDER1_STAGE_PARSE_OK stage=product_name_resolution
INFO:engine.builder1_planner:BUILDER1_STAGE_DURATION stage=product_name_resolution attempt=1 durationMs=0
INFO:engine.builder1_planner:BUILDER1_PRODUCT_NAME_GENERATION_OK nameLength=10 lang=en
INFO:engine.builder1_planner:BUILDER1_PRODUCT_NAME_SOURCE source=generated
INFO:engine.builder1_planner:BUILDER1_STAGE_START stage=strategy_stage attempt=1
INFO:engine.builder1_strategy_scan:BUILDER1_STRATEGY_SCAN_OK candidates=12
INFO:engine.builder1_planner:BUILDER1_STAGE_PARSE_OK stage=strategy_stage
INFO:engine.builder1_planner:BUILDER1_STAGE_DURATION stage=strategy_stage attempt=1 durationMs=2
INFO:engine.builder1_planner:BUILDER1_STAGE_START stage=slogan_stage attempt=1
INFO:engine.builder1_planner:BUILDER1_STAGE_PARSE_OK stage=slogan_stage
INFO:engine.builder1_planner:BUILDER1_STAGE_DURATION stage=slogan_stage attempt=1 durationMs=0
INFO:engine.builder1_planner:BUILDER1_STAGE_START stage=conceptual_stage attempt=1
INFO:engine.builder1_planner:BUILDER1_STAGE_PARSE_OK stage=conceptual_stage
INFO:engine.builder1_planner:BUILDER1_STAGE_DURATION stage=conceptual_stage attempt=1 durationMs=1
INFO:engine.builder1_product_visibility:BUILDER1_PRODUCT_VISIBILITY_POLICY campaignId= mode=FORBIDDEN source=default
INFO:engine.builder1_planner:BUILDER1_STAGE_START stage=brand_physical attempt=1
INFO:engine.builder1_planner:BUILDER1_STAGE_PARSE_OK stage=brand_physical
INFO:engine.builder1_planner:BUILDER1_STAGE_DURATION stage=brand_physical attempt=1 durationMs=1
INFO:engine.builder1_planner:BUILDER1_STAGE_START stage=graphic_system attempt=1
INFO:engine.builder1_planner:BUILDER1_STAGE_PARSE_OK stage=graphic_system
INFO:engine.builder1_planner:BUILDER1_STAGE_DURATION stage=graphic_system attempt=1 durationMs=0
INFO:engine.builder1_planner:BUILDER1_STAGE_START stage=series_ads attempt=1
INFO:engine.builder1_planner:BUILDER1_STAGE_PARSE_OK stage=series_ads
INFO:engine.builder1_planner:BUILDER1_STAGE_DURATION stage=series_ads attempt=1 durationMs=1
INFO:engine.builder1_marketing_text_repair:BUILDER1_MARKETING_TEXT_CHECK adIndex=1 wordCount=50
INFO:engine.builder1_marketing_text_repair:BUILDER1_MARKETING_LANGUAGE_CHECK adIndex=1 targetLanguage=en 
dominantLanguage=en valid=True hebrewChars=0 latinChars=50
INFO:engine.builder1_marketing_text_repair:BUILDER1_MARKETING_TEXT_CHECK adIndex=2 wordCount=50
INFO:engine.builder1_marketing_text_repair:BUILDER1_MARKETING_LANGUAGE_CHECK adIndex=2 targetLanguage=en 
dominantLanguage=en valid=True hebrewChars=0 latinChars=50
INFO:engine.builder1_planning_pipeline:BUILDER1_INTEGRITY_OK
INFO:engine.builder1_planning_metrics:BUILDER1_PIPELINE_DURATION durationMs=13
INFO:engine.builder1_planner:BUILDER1_SERIES_PLANNING_OK adCount=2
INFO:engine.builder1_planning_metrics:BUILDER1_PLANNING_CALL_SUMMARY campaignId= jobId= productNameCallUsed=true 
productNameStageCalls=1 strategyStageCalls=1 sloganStageCalls=1 conceptualStageCalls=1 physicalStageCalls=1 
graphicStageCalls=1 seriesStageCalls=1 marketingTextRepairCalls=0 stageRepairCalls=0 stageRetryCalls=0 
stageModelFallbackCalls=0 normalExpectedCalls=7 actualPlanningCalls=7 totalPlanningModelCalls=7 promptTokens= 
outputTokens= totalTokens= totalPlanningDurationMs=13
ok
test_generated_name_stored_in_campaign_session 
(test_builder1_product_name.TestProductNameResolutionStage.test_generated_name_stored_in_campaign_session) ... 
INFO:engine.builder1_planner:BUILDER1_SERIES_PLANNING_START productName= format=portrait adCount=2 
seed=8228c85d-2a69-43df-854a-7b8465c10093 lang=en
INFO:engine.builder1_product_visibility:BUILDER1_PRODUCT_VISIBILITY_POLICY campaignId= mode=FORBIDDEN source=default
INFO:engine.builder1_planner:BUILDER1_PRODUCT_NAME_GENERATION_START
INFO:engine.builder1_planner:BUILDER1_STAGE_START stage=product_name_resolution attempt=1
INFO:engine.builder1_planner:BUILDER1_STAGE_PARSE_OK stage=product_name_resolution
INFO:engine.builder1_planner:BUILDER1_STAGE_DURATION stage=product_name_resolution attempt=1 durationMs=0
INFO:engine.builder1_planner:BUILDER1_PRODUCT_NAME_GENERATION_OK nameLength=10 lang=en
INFO:engine.builder1_planner:BUILDER1_PRODUCT_NAME_SOURCE source=generated
INFO:engine.builder1_planner:BUILDER1_STAGE_START stage=strategy_stage attempt=1
INFO:engine.builder1_strategy_scan:BUILDER1_STRATEGY_SCAN_OK candidates=12
INFO:engine.builder1_planner:BUILDER1_STAGE_PARSE_OK stage=strategy_stage
INFO:engine.builder1_planner:BUILDER1_STAGE_DURATION stage=strategy_stage attempt=1 durationMs=2
INFO:engine.builder1_planner:BUILDER1_STAGE_START stage=slogan_stage attempt=1
INFO:engine.builder1_planner:BUILDER1_STAGE_PARSE_OK stage=slogan_stage
INFO:engine.builder1_planner:BUILDER1_STAGE_DURATION stage=slogan_stage attempt=1 durationMs=0
INFO:engine.builder1_planner:BUILDER1_STAGE_START stage=conceptual_stage attempt=1
INFO:engine.builder1_planner:BUILDER1_STAGE_PARSE_OK stage=conceptual_stage
INFO:engine.builder1_planner:BUILDER1_STAGE_DURATION stage=conceptual_stage attempt=1 durationMs=1
INFO:engine.builder1_product_visibility:BUILDER1_PRODUCT_VISIBILITY_POLICY campaignId= mode=FORBIDDEN source=default
INFO:engine.builder1_planner:BUILDER1_STAGE_START stage=brand_physical attempt=1
INFO:engine.builder1_planner:BUILDER1_STAGE_PARSE_OK stage=brand_physical
INFO:engine.builder1_planner:BUILDER1_STAGE_DURATION stage=brand_physical attempt=1 durationMs=0
INFO:engine.builder1_planner:BUILDER1_STAGE_START stage=graphic_system attempt=1
INFO:engine.builder1_planner:BUILDER1_STAGE_PARSE_OK stage=graphic_system
INFO:engine.builder1_planner:BUILDER1_STAGE_DURATION stage=graphic_system attempt=1 durationMs=0
INFO:engine.builder1_planner:BUILDER1_STAGE_START stage=series_ads attempt=1
INFO:engine.builder1_planner:BUILDER1_STAGE_PARSE_OK stage=series_ads
INFO:engine.builder1_planner:BUILDER1_STAGE_DURATION stage=series_ads attempt=1 durationMs=1
INFO:engine.builder1_marketing_text_repair:BUILDER1_MARKETING_TEXT_CHECK adIndex=1 wordCount=50
INFO:engine.builder1_marketing_text_repair:BUILDER1_MARKETING_LANGUAGE_CHECK adIndex=1 targetLanguage=en 
dominantLanguage=en valid=True hebrewChars=0 latinChars=50
INFO:engine.builder1_marketing_text_repair:BUILDER1_MARKETING_TEXT_CHECK adIndex=2 wordCount=50
INFO:engine.builder1_marketing_text_repair:BUILDER1_MARKETING_LANGUAGE_CHECK adIndex=2 targetLanguage=en 
dominantLanguage=en valid=True hebrewChars=0 latinChars=50
INFO:engine.builder1_planning_pipeline:BUILDER1_INTEGRITY_OK
INFO:engine.builder1_planning_metrics:BUILDER1_PIPELINE_DURATION durationMs=12
INFO:engine.builder1_planner:BUILDER1_SERIES_PLANNING_OK adCount=2
INFO:engine.builder1_planning_metrics:BUILDER1_PLANNING_CALL_SUMMARY campaignId= jobId= productNameCallUsed=true 
productNameStageCalls=1 strategyStageCalls=1 sloganStageCalls=1 conceptualStageCalls=1 physicalStageCalls=1 
graphicStageCalls=1 seriesStageCalls=1 marketingTextRepairCalls=0 stageRepairCalls=0 stageRetryCalls=0 
stageModelFallbackCalls=0 normalExpectedCalls=7 actualPlanningCalls=7 totalPlanningModelCalls=7 promptTokens= 
outputTokens= totalTokens= totalPlanningDurationMs=12
INFO:engine.builder1_campaign_store:BUILDER1_CAMPAIGN_CREATED campaignId=name-session targetAdCount=2 backend=memory 
planRevision=1
INFO:engine.builder1_campaign_store:BUILDER1_CAMPAIGN_SESSION_CREATED campaignId=name-session targetAdCount=2
ok
test_later_stage_cannot_rename_generated_name 
(test_builder1_product_name.TestProductNameResolutionStage.test_later_stage_cannot_rename_generated_name) ... 
INFO:engine.builder1_planner:BUILDER1_SERIES_PLANNING_START productName= format=portrait adCount=2 
seed=1a22035b-ac09-454e-87bf-9ba9011f7383 lang=en
INFO:engine.builder1_product_visibility:BUILDER1_PRODUCT_VISIBILITY_POLICY campaignId= mode=FORBIDDEN source=default
INFO:engine.builder1_planner:BUILDER1_PRODUCT_NAME_GENERATION_START
INFO:engine.builder1_planner:BUILDER1_STAGE_START stage=product_name_resolution attempt=1
INFO:engine.builder1_planner:BUILDER1_STAGE_PARSE_OK stage=product_name_resolution
INFO:engine.builder1_planner:BUILDER1_STAGE_DURATION stage=product_name_resolution attempt=1 durationMs=0
INFO:engine.builder1_planner:BUILDER1_PRODUCT_NAME_GENERATION_OK nameLength=10 lang=en
INFO:engine.builder1_planner:BUILDER1_PRODUCT_NAME_SOURCE source=generated
INFO:engine.builder1_planner:BUILDER1_STAGE_START stage=strategy_stage attempt=1
INFO:engine.builder1_strategy_scan:BUILDER1_STRATEGY_SCAN_OK candidates=12
INFO:engine.builder1_planner:BUILDER1_STAGE_PARSE_OK stage=strategy_stage
INFO:engine.builder1_planner:BUILDER1_STAGE_DURATION stage=strategy_stage attempt=1 durationMs=2
INFO:engine.builder1_planner:BUILDER1_STAGE_START stage=slogan_stage attempt=1
INFO:engine.builder1_planner:BUILDER1_STAGE_PARSE_OK stage=slogan_stage
INFO:engine.builder1_planner:BUILDER1_STAGE_DURATION stage=slogan_stage attempt=1 durationMs=0
INFO:engine.builder1_planner:BUILDER1_STAGE_START stage=conceptual_stage attempt=1
INFO:engine.builder1_planner:BUILDER1_STAGE_PARSE_OK stage=conceptual_stage
INFO:engine.builder1_planner:BUILDER1_STAGE_DURATION stage=conceptual_stage attempt=1 durationMs=1
INFO:engine.builder1_product_visibility:BUILDER1_PRODUCT_VISIBILITY_POLICY campaignId= mode=FORBIDDEN source=default
INFO:engine.builder1_planner:BUILDER1_STAGE_START stage=brand_physical attempt=1
INFO:engine.builder1_planner:BUILDER1_STAGE_PARSE_OK stage=brand_physical
INFO:engine.builder1_planner:BUILDER1_STAGE_DURATION stage=brand_physical attempt=1 durationMs=0
INFO:engine.builder1_planner:BUILDER1_STAGE_START stage=graphic_system attempt=1
INFO:engine.builder1_planner:BUILDER1_STAGE_PARSE_OK stage=graphic_system
INFO:engine.builder1_planner:BUILDER1_STAGE_DURATION stage=graphic_system attempt=1 durationMs=0
INFO:engine.builder1_planner:BUILDER1_STAGE_START stage=series_ads attempt=1
INFO:engine.builder1_planner:BUILDER1_STAGE_PARSE_OK stage=series_ads
INFO:engine.builder1_planner:BUILDER1_STAGE_DURATION stage=series_ads attempt=1 durationMs=1
INFO:engine.builder1_marketing_text_repair:BUILDER1_MARKETING_TEXT_CHECK adIndex=1 wordCount=50
INFO:engine.builder1_marketing_text_repair:BUILDER1_MARKETING_LANGUAGE_CHECK adIndex=1 targetLanguage=en 
dominantLanguage=en valid=True hebrewChars=0 latinChars=50
INFO:engine.builder1_marketing_text_repair:BUILDER1_MARKETING_TEXT_CHECK adIndex=2 wordCount=50
INFO:engine.builder1_marketing_text_repair:BUILDER1_MARKETING_LANGUAGE_CHECK adIndex=2 targetLanguage=en 
dominantLanguage=en valid=True hebrewChars=0 latinChars=50
INFO:engine.builder1_planning_pipeline:BUILDER1_INTEGRITY_OK
INFO:engine.builder1_planning_metrics:BUILDER1_PIPELINE_DURATION durationMs=12
INFO:engine.builder1_planner:BUILDER1_SERIES_PLANNING_OK adCount=2
INFO:engine.builder1_planning_metrics:BUILDER1_PLANNING_CALL_SUMMARY campaignId= jobId= productNameCallUsed=true 
productNameStageCalls=1 strategyStageCalls=1 sloganStageCalls=1 conceptualStageCalls=1 physicalStageCalls=1 
graphicStageCalls=1 seriesStageCalls=1 marketingTextRepairCalls=0 stageRepairCalls=0 stageRetryCalls=0 
stageModelFallbackCalls=0 normalExpectedCalls=7 actualPlanningCalls=7 totalPlanningModelCalls=7 promptTokens= 
outputTokens= totalTokens= totalPlanningDurationMs=12
ok
test_naming_failure_returns_product_name_generation_failed 
(test_builder1_product_name.TestProductNameResolutionStage.test_naming_failure_returns_product_name_generation_failed) 
... INFO:engine.builder1_planner:BUILDER1_SERIES_PLANNING_START productName= format=portrait adCount=2 
seed=932f0a3e-9114-430b-9909-912ea08e80e4 lang=en
INFO:engine.builder1_product_visibility:BUILDER1_PRODUCT_VISIBILITY_POLICY campaignId= mode=FORBIDDEN source=default
INFO:engine.builder1_planner:BUILDER1_PRODUCT_NAME_GENERATION_START
INFO:engine.builder1_planner:BUILDER1_STAGE_START stage=product_name_resolution attempt=1
ERROR:engine.builder1_planner:BUILDER1_STAGE_FAILED stage=product_name_resolution 
reasons=['product_name_resolution_copied_description']
INFO:engine.builder1_planner:BUILDER1_STAGE_REPAIR stage=product_name_resolution
ERROR:engine.builder1_planner:BUILDER1_STAGE_FAILED stage=product_name_resolution repair 
reasons=['product_name_resolution_copied_description']
INFO:engine.builder1_planner:BUILDER1_STAGE_RETRY stage=product_name_resolution
INFO:engine.builder1_planner:BUILDER1_STAGE_DURATION stage=product_name_resolution attempt=1 durationMs=0
INFO:engine.builder1_planner:BUILDER1_STAGE_START stage=product_name_resolution attempt=2
ERROR:engine.builder1_planner:BUILDER1_STAGE_FAILED stage=product_name_resolution 
reasons=['product_name_resolution_copied_description']
INFO:engine.builder1_planner:BUILDER1_STAGE_RETRY stage=product_name_resolution
INFO:engine.builder1_planner:BUILDER1_STAGE_DURATION stage=product_name_resolution attempt=2 durationMs=0
ERROR:engine.builder1_planner:BUILDER1_PRODUCT_NAME_GENERATION_FAILED
INFO:engine.builder1_planning_metrics:BUILDER1_PLANNING_CALL_SUMMARY campaignId= jobId= productNameCallUsed=true 
productNameStageCalls=3 strategyStageCalls=0 sloganStageCalls=0 conceptualStageCalls=0 physicalStageCalls=0 
graphicStageCalls=0 seriesStageCalls=0 marketingTextRepairCalls=0 stageRepairCalls=1 stageRetryCalls=1 
stageModelFallbackCalls=0 normalExpectedCalls=7 actualPlanningCalls=3 totalPlanningModelCalls=3 promptTokens= 
outputTokens= totalTokens= totalPlanningDurationMs=0
ok
test_same_generated_name_in_all_ads_image_prompts_and_marketing_repair (test_builder1_product_name.TestProductNameResol
utionStage.test_same_generated_name_in_all_ads_image_prompts_and_marketing_repair) ... 
INFO:engine.builder1_planner:BUILDER1_SERIES_PLANNING_START productName= format=portrait adCount=2 
seed=46e6a54d-0a78-4fd3-b410-96da67492739 lang=en
INFO:engine.builder1_product_visibility:BUILDER1_PRODUCT_VISIBILITY_POLICY campaignId= mode=FORBIDDEN source=default
INFO:engine.builder1_planner:BUILDER1_PRODUCT_NAME_GENERATION_START
INFO:engine.builder1_planner:BUILDER1_STAGE_START stage=product_name_resolution attempt=1
INFO:engine.builder1_planner:BUILDER1_STAGE_PARSE_OK stage=product_name_resolution
INFO:engine.builder1_planner:BUILDER1_STAGE_DURATION stage=product_name_resolution attempt=1 durationMs=0
INFO:engine.builder1_planner:BUILDER1_PRODUCT_NAME_GENERATION_OK nameLength=10 lang=en
INFO:engine.builder1_planner:BUILDER1_PRODUCT_NAME_SOURCE source=generated
INFO:engine.builder1_planner:BUILDER1_STAGE_START stage=strategy_stage attempt=1
INFO:engine.builder1_strategy_scan:BUILDER1_STRATEGY_SCAN_OK candidates=12
INFO:engine.builder1_planner:BUILDER1_STAGE_PARSE_OK stage=strategy_stage
INFO:engine.builder1_planner:BUILDER1_STAGE_DURATION stage=strategy_stage attempt=1 durationMs=2
INFO:engine.builder1_planner:BUILDER1_STAGE_START stage=slogan_stage attempt=1
INFO:engine.builder1_planner:BUILDER1_STAGE_PARSE_OK stage=slogan_stage
INFO:engine.builder1_planner:BUILDER1_STAGE_DURATION stage=slogan_stage attempt=1 durationMs=0
INFO:engine.builder1_planner:BUILDER1_STAGE_START stage=conceptual_stage attempt=1
INFO:engine.builder1_planner:BUILDER1_STAGE_PARSE_OK stage=conceptual_stage
INFO:engine.builder1_planner:BUILDER1_STAGE_DURATION stage=conceptual_stage attempt=1 durationMs=1
INFO:engine.builder1_product_visibility:BUILDER1_PRODUCT_VISIBILITY_POLICY campaignId= mode=FORBIDDEN source=default
INFO:engine.builder1_planner:BUILDER1_STAGE_START stage=brand_physical attempt=1
INFO:engine.builder1_planner:BUILDER1_STAGE_PARSE_OK stage=brand_physical
INFO:engine.builder1_planner:BUILDER1_STAGE_DURATION stage=brand_physical attempt=1 durationMs=0
INFO:engine.builder1_planner:BUILDER1_STAGE_START stage=graphic_system attempt=1
INFO:engine.builder1_planner:BUILDER1_STAGE_PARSE_OK stage=graphic_system
INFO:engine.builder1_planner:BUILDER1_STAGE_DURATION stage=graphic_system attempt=1 durationMs=0
INFO:engine.builder1_planner:BUILDER1_STAGE_START stage=series_ads attempt=1
INFO:engine.builder1_planner:BUILDER1_STAGE_PARSE_OK stage=series_ads
INFO:engine.builder1_planner:BUILDER1_STAGE_DURATION stage=series_ads attempt=1 durationMs=1
INFO:engine.builder1_marketing_text_repair:BUILDER1_MARKETING_TEXT_CHECK adIndex=1 wordCount=50
INFO:engine.builder1_marketing_text_repair:BUILDER1_MARKETING_LANGUAGE_CHECK adIndex=1 targetLanguage=en 
dominantLanguage=en valid=True hebrewChars=0 latinChars=50
INFO:engine.builder1_marketing_text_repair:BUILDER1_MARKETING_TEXT_CHECK adIndex=2 wordCount=50
INFO:engine.builder1_marketing_text_repair:BUILDER1_MARKETING_LANGUAGE_CHECK adIndex=2 targetLanguage=en 
dominantLanguage=en valid=True hebrewChars=0 latinChars=50
INFO:engine.builder1_planning_pipeline:BUILDER1_INTEGRITY_OK
INFO:engine.builder1_planning_metrics:BUILDER1_PIPELINE_DURATION durationMs=12
INFO:engine.builder1_planner:BUILDER1_SERIES_PLANNING_OK adCount=2
INFO:engine.builder1_planning_metrics:BUILDER1_PLANNING_CALL_SUMMARY campaignId= jobId= productNameCallUsed=true 
productNameStageCalls=1 strategyStageCalls=1 sloganStageCalls=1 conceptualStageCalls=1 physicalStageCalls=1 
graphicStageCalls=1 seriesStageCalls=1 marketingTextRepairCalls=0 stageRepairCalls=0 stageRetryCalls=0 
stageModelFallbackCalls=0 normalExpectedCalls=7 actualPlanningCalls=7 totalPlanningModelCalls=7 promptTokens= 
outputTokens= totalTokens= totalPlanningDurationMs=12
ok
test_supplied_product_name_bypasses_naming_stage 
(test_builder1_product_name.TestProductNameResolutionStage.test_supplied_product_name_bypasses_naming_stage) ... 
INFO:engine.builder1_planner:BUILDER1_SERIES_PLANNING_START productName=UserBrand format=portrait adCount=2 
seed=b460a606-ff79-4cfa-9a66-0491eb497573 lang=en
INFO:engine.builder1_product_visibility:BUILDER1_PRODUCT_VISIBILITY_POLICY campaignId= mode=FORBIDDEN source=default
INFO:engine.builder1_planner:BUILDER1_PRODUCT_NAME_SOURCE source=user
INFO:engine.builder1_planner:BUILDER1_STAGE_START stage=strategy_stage attempt=1
INFO:engine.builder1_strategy_scan:BUILDER1_STRATEGY_SCAN_OK candidates=12
INFO:engine.builder1_planner:BUILDER1_STAGE_PARSE_OK stage=strategy_stage
INFO:engine.builder1_planner:BUILDER1_STAGE_DURATION stage=strategy_stage attempt=1 durationMs=2
INFO:engine.builder1_planner:BUILDER1_STAGE_START stage=slogan_stage attempt=1
INFO:engine.builder1_planner:BUILDER1_STAGE_PARSE_OK stage=slogan_stage
INFO:engine.builder1_planner:BUILDER1_STAGE_DURATION stage=slogan_stage attempt=1 durationMs=0
INFO:engine.builder1_planner:BUILDER1_STAGE_START stage=conceptual_stage attempt=1
INFO:engine.builder1_planner:BUILDER1_STAGE_PARSE_OK stage=conceptual_stage
INFO:engine.builder1_planner:BUILDER1_STAGE_DURATION stage=conceptual_stage attempt=1 durationMs=1
INFO:engine.builder1_product_visibility:BUILDER1_PRODUCT_VISIBILITY_POLICY campaignId= mode=FORBIDDEN source=default
INFO:engine.builder1_planner:BUILDER1_STAGE_START stage=brand_physical attempt=1
INFO:engine.builder1_planner:BUILDER1_STAGE_PARSE_OK stage=brand_physical
INFO:engine.builder1_planner:BUILDER1_STAGE_DURATION stage=brand_physical attempt=1 durationMs=0
INFO:engine.builder1_planner:BUILDER1_STAGE_START stage=graphic_system attempt=1
INFO:engine.builder1_planner:BUILDER1_STAGE_PARSE_OK stage=graphic_system
INFO:engine.builder1_planner:BUILDER1_STAGE_DURATION stage=graphic_system attempt=1 durationMs=0
INFO:engine.builder1_planner:BUILDER1_STAGE_START stage=series_ads attempt=1
INFO:engine.builder1_planner:BUILDER1_STAGE_PARSE_OK stage=series_ads
INFO:engine.builder1_planner:BUILDER1_STAGE_DURATION stage=series_ads attempt=1 durationMs=1
INFO:engine.builder1_marketing_text_repair:BUILDER1_MARKETING_TEXT_CHECK adIndex=1 wordCount=50
INFO:engine.builder1_marketing_text_repair:BUILDER1_MARKETING_LANGUAGE_CHECK adIndex=1 targetLanguage=en 
dominantLanguage=en valid=True hebrewChars=0 latinChars=50
INFO:engine.builder1_marketing_text_repair:BUILDER1_MARKETING_TEXT_CHECK adIndex=2 wordCount=50
INFO:engine.builder1_marketing_text_repair:BUILDER1_MARKETING_LANGUAGE_CHECK adIndex=2 targetLanguage=en 
dominantLanguage=en valid=True hebrewChars=0 latinChars=50
INFO:engine.builder1_planning_pipeline:BUILDER1_INTEGRITY_OK
INFO:engine.builder1_planning_metrics:BUILDER1_PIPELINE_DURATION durationMs=12
INFO:engine.builder1_planner:BUILDER1_SERIES_PLANNING_OK adCount=2
INFO:engine.builder1_planning_metrics:BUILDER1_PLANNING_CALL_SUMMARY campaignId= jobId= productNameCallUsed=false 
productNameStageCalls=0 strategyStageCalls=1 sloganStageCalls=1 conceptualStageCalls=1 physicalStageCalls=1 
graphicStageCalls=1 seriesStageCalls=1 marketingTextRepairCalls=0 stageRepairCalls=0 stageRetryCalls=0 
stageModelFallbackCalls=0 normalExpectedCalls=6 actualPlanningCalls=6 totalPlanningModelCalls=6 promptTokens= 
outputTokens= totalTokens= totalPlanningDurationMs=12
ok
test_empty_name_and_empty_description_rejected 
(test_builder1_product_name.TestProductNameRouteValidation.test_empty_name_and_empty_description_rejected) ... 
INFO:app:BUILDER1_INPUT_REJECTED field=productDescription reason=missing
ok
test_empty_product_name_with_description_is_accepted 
(test_builder1_product_name.TestProductNameRouteValidation.test_empty_product_name_with_description_is_accepted) ... 
INFO:app:BUILDER1_AD_COUNT_RAW value=2
INFO:app:BUILDER1_AD_COUNT_NORMALIZED value=2
INFO:engine.builder1_jobs_store:BUILDER1_JOB_CREATED jobId=6f91e577-8163-413f-acfd-cb9c3dfa183b 
campaignId=a21aa107-f820-4b1c-86af-7655f228e6cc targetAdCount=2 backend=memory
INFO:app:BUILDER1_JOB_CREATED jobId=6f91e577-8163-413f-acfd-cb9c3dfa183b 
campaignId=a21aa107-f820-4b1c-86af-7655f228e6cc targetAdCount=2
ok
test_whitespace_product_name_with_description_is_accepted 
(test_builder1_product_name.TestProductNameRouteValidation.test_whitespace_product_name_with_description_is_accepted) 
... INFO:app:BUILDER1_AD_COUNT_RAW value=2
INFO:app:BUILDER1_AD_COUNT_NORMALIZED value=2
INFO:engine.builder1_jobs_store:BUILDER1_JOB_CREATED jobId=caaf154f-cb98-43ec-9b44-c0981ca11c1a 
campaignId=46498778-4f6b-430c-9b25-8c2f2d333aaf targetAdCount=2 backend=memory
INFO:app:BUILDER1_JOB_CREATED jobId=caaf154f-cb98-43ec-9b44-c0981ca11c1a 
campaignId=46498778-4f6b-430c-9b25-8c2f2d333aaf targetAdCount=2
ok
test_physical_generator_cannot_be_packaging 
(test_builder1_product_visibility.TestBrandPhysicalInvariants.test_physical_generator_cannot_be_packaging) ... 
ERROR:engine.builder1_final_stages:BUILDER1_STAGE_FAILED stage=brand_physical 
reasons=['physical_generator_is_packaging'] top_level_keys=['campaignRationale', 'clearerThanConventionalProductShot', 
'mediumParticipates', 'mediumRole', 'physicalCandidates', 'physicalEvaluations', 'physicalGenerator', 
'physicalGeneratorCampaignRole', 'physicalGeneratorIsPackaging', 'physicalGeneratorIsProduct', 
'physicalGeneratorNaturalPurpose', 'productEvidenceReason', 'productEvidenceRequired', 'productNameResolved', 
'selectedPhysicalCandidateId', 'survivesProductRemoval', 'transferredObject', 'transferredObjectAction', 
'whyClearerThanShowingProduct', 'worksWithoutProductVisible'] field_types={'physicalCandidates': 'list', 
'physicalEvaluations': 'list', 'selectedPhysicalCandidateId': 'str', 'productNameResolved': 'str', 
'physicalGenerator': 'str', 'physicalGeneratorNaturalPurpose': 'str', 'physicalGeneratorCampaignRole': 'str', 
'physicalGeneratorIsProduct': 'bool', 'physicalGeneratorIsPackaging': 'bool', 'worksWithoutProductVisible': 'bool', 
'transferredObject': 'str', 'transferredObjectAction': 'str', 'whyClearerThanShowingProduct': 'str', 
'clearerThanConventionalProductShot': 'bool', 'survivesProductRemoval': 'bool', 'productEvidenceRequired': 'bool', 
'productEvidenceReason': 'str', 'mediumParticipates': 'bool', 'mediumRole': 'str', 'campaignRationale': 'str'}
ok
test_physical_generator_cannot_be_product 
(test_builder1_product_visibility.TestBrandPhysicalInvariants.test_physical_generator_cannot_be_product) ... 
ERROR:engine.builder1_final_stages:BUILDER1_STAGE_FAILED stage=brand_physical 
reasons=['physical_generator_is_product'] top_level_keys=['campaignRationale', 'clearerThanConventionalProductShot', 
'mediumParticipates', 'mediumRole', 'physicalCandidates', 'physicalEvaluations', 'physicalGenerator', 
'physicalGeneratorCampaignRole', 'physicalGeneratorIsPackaging', 'physicalGeneratorIsProduct', 
'physicalGeneratorNaturalPurpose', 'productEvidenceReason', 'productEvidenceRequired', 'productNameResolved', 
'selectedPhysicalCandidateId', 'survivesProductRemoval', 'transferredObject', 'transferredObjectAction', 
'whyClearerThanShowingProduct', 'worksWithoutProductVisible'] field_types={'physicalCandidates': 'list', 
'physicalEvaluations': 'list', 'selectedPhysicalCandidateId': 'str', 'productNameResolved': 'str', 
'physicalGenerator': 'str', 'physicalGeneratorNaturalPurpose': 'str', 'physicalGeneratorCampaignRole': 'str', 
'physicalGeneratorIsProduct': 'bool', 'physicalGeneratorIsPackaging': 'bool', 'worksWithoutProductVisible': 'bool', 
'transferredObject': 'str', 'transferredObjectAction': 'str', 'whyClearerThanShowingProduct': 'str', 
'clearerThanConventionalProductShot': 'bool', 'survivesProductRemoval': 'bool', 'productEvidenceRequired': 'bool', 
'productEvidenceReason': 'str', 'mediumParticipates': 'bool', 'mediumRole': 'str', 'campaignRationale': 'str'}
ok
test_physical_generator_must_work_without_product_visible (test_builder1_product_visibility.TestBrandPhysicalInvariants
.test_physical_generator_must_work_without_product_visible) ... 
ERROR:engine.builder1_final_stages:BUILDER1_STAGE_FAILED stage=brand_physical 
reasons=['physical_generator_requires_product_visible'] top_level_keys=['campaignRationale', 
'clearerThanConventionalProductShot', 'mediumParticipates', 'mediumRole', 'physicalCandidates', 'physicalEvaluations', 
'physicalGenerator', 'physicalGeneratorCampaignRole', 'physicalGeneratorIsPackaging', 'physicalGeneratorIsProduct', 
'physicalGeneratorNaturalPurpose', 'productEvidenceReason', 'productEvidenceRequired', 'productNameResolved', 
'selectedPhysicalCandidateId', 'survivesProductRemoval', 'transferredObject', 'transferredObjectAction', 
'whyClearerThanShowingProduct', 'worksWithoutProductVisible'] field_types={'physicalCandidates': 'list', 
'physicalEvaluations': 'list', 'selectedPhysicalCandidateId': 'str', 'productNameResolved': 'str', 
'physicalGenerator': 'str', 'physicalGeneratorNaturalPurpose': 'str', 'physicalGeneratorCampaignRole': 'str', 
'physicalGeneratorIsProduct': 'bool', 'physicalGeneratorIsPackaging': 'bool', 'worksWithoutProductVisible': 'bool', 
'transferredObject': 'str', 'transferredObjectAction': 'str', 'whyClearerThanShowingProduct': 'str', 
'clearerThanConventionalProductShot': 'bool', 'survivesProductRemoval': 'bool', 'productEvidenceRequired': 'bool', 
'productEvidenceReason': 'str', 'mediumParticipates': 'bool', 'mediumRole': 'str', 'campaignRationale': 'str'}
ok
test_compliance_rejects_unauthorized_product_shot 
(test_builder1_product_visibility.TestComplianceVisibility.test_compliance_rejects_unauthorized_product_shot) ... 
INFO:engine.builder1_image_compliance_contract:BUILDER1_IMAGE_COMPLIANCE_LEGACY_NORMALIZED shape=pass_violations 
pass=False violationCount=1
ok
test_new_visibility_violation_codes_registered 
(test_builder1_product_visibility.TestComplianceVisibility.test_new_visibility_violation_codes_registered) ... ok
test_no_logo_compliance_remains_active 
(test_builder1_product_visibility.TestComplianceVisibility.test_no_logo_compliance_remains_active) ... 
INFO:engine.builder1_image_compliance_contract:BUILDER1_IMAGE_COMPLIANCE_LEGACY_NORMALIZED shape=pass_violations 
pass=False violationCount=1
ok
test_product_violation_triggers_same_ad_regeneration_only 
(test_builder1_product_visibility.TestComplianceVisibility.test_product_violation_triggers_same_ad_regeneration_only) 
... INFO:engine.builder1_image_generator:BUILDER1_SERIES_IMAGE_START adIndex=1 attempt=1
INFO:engine.builder1_image_generator:BUILDER1_SERIES_IMAGE_OK adIndex=1
INFO:engine.builder1_image_compliance:BUILDER1_IMAGE_COMPLIANCE_REVIEW_START campaignId= jobId= adIndex=1
INFO:engine.builder1_compliance_adjudication:BUILDER1_IMAGE_COMPLIANCE_FINDING campaignId= adIndex=1 
code=product_visible_without_explicit_request severity=hard confidence=high evidenceType= location= 
relationshipToBrandText= planRevision=1
ERROR:engine.builder1_image_compliance:BUILDER1_IMAGE_COMPLIANCE_REVIEW_FAIL campaignId= jobId= adIndex=1 
hardViolations=['product_visible_without_explicit_request'] advisories=[]
INFO:engine.builder1_failure_classification:BUILDER1_FAILURE_CLASSIFIED campaignId= adIndex=1 
failureClass=IMAGE_EXECUTION action=REGENERATE_IMAGE structuredPlanConflict=false preflightConflict=false 
pixelReviewViolations=['product_visible_without_explicit_request'] planRevision=1
INFO:engine.builder1_image_generator:BUILDER1_IMAGE_COMPLIANCE_REGENERATE campaignId= jobId= adIndex=1 planRevision=1 
level=1 hardViolations=['product_visible_without_explicit_request'] advisories=[]
INFO:engine.builder1_image_retry:BUILDER1_IMAGE_RETRY_CORRECTION campaignId= adIndex=1 planRevision=1 
violations=['product_visible_without_explicit_request']
INFO:engine.builder1_image_generator:BUILDER1_SERIES_IMAGE_START adIndex=1 attempt=1
INFO:engine.builder1_image_generator:BUILDER1_SERIES_IMAGE_OK adIndex=1
INFO:engine.builder1_image_compliance:BUILDER1_IMAGE_COMPLIANCE_REVIEW_START campaignId= jobId= adIndex=1
INFO:engine.builder1_image_compliance:BUILDER1_IMAGE_COMPLIANCE_REVIEW_PASS campaignId= jobId= adIndex=1 
confidence=high
ok
test_secondary_exception_block_allows_only_secondary_product (test_builder1_product_visibility.TestExplicitExceptionBlo
ck.test_secondary_exception_block_allows_only_secondary_product) ... ok
test_image_prompt_excludes_product_and_packaging 
(test_builder1_product_visibility.TestImagePromptVisibility.test_image_prompt_excludes_product_and_packaging) ... ok
test_image_prompt_positively_describes_transferred_object 
(test_builder1_product_visibility.TestImagePromptVisibility.test_image_prompt_positively_describes_transferred_object) 
... ok
test_product_name_plain_text_only 
(test_builder1_product_visibility.TestImagePromptVisibility.test_product_name_plain_text_only) ... ok
test_model_cannot_independently_enable_visibility 
(test_builder1_product_visibility.TestSeriesAdsVisibilityInjection.test_model_cannot_independently_enable_visibility) 
... ok
test_series_ads_produces_product_visible_false_by_default (test_builder1_product_visibility.TestSeriesAdsVisibilityInje
ction.test_series_ads_produces_product_visible_false_by_default) ... ok
test_default_visibility_policy_is_forbidden 
(test_builder1_product_visibility.TestVisibilityPolicyDerivation.test_default_visibility_policy_is_forbidden) ... ok
test_explicit_user_instruction_creates_secondary_exception (test_builder1_product_visibility.TestVisibilityPolicyDeriva
tion.test_explicit_user_instruction_creates_secondary_exception) ... ok
test_product_description_alone_does_not_allow_visibility (test_builder1_product_visibility.TestVisibilityPolicyDerivati
on.test_product_description_alone_does_not_allow_visibility) ... ok
test_product_name_alone_does_not_allow_visibility 
(test_builder1_product_visibility.TestVisibilityPolicyDerivation.test_product_name_alone_does_not_allow_visibility) 
... ok
test_core_stages_keep_quality_model 
(test_builder1_production_fixes.TestBalancedRoutingAndConfig.test_core_stages_keep_quality_model) ... ok
test_fast_profile_remains_opt_in 
(test_builder1_production_fixes.TestBalancedRoutingAndConfig.test_fast_profile_remains_opt_in) ... ok
test_missing_execution_model_logs_inactive_optimization 
(test_builder1_production_fixes.TestBalancedRoutingAndConfig.test_missing_execution_model_logs_inactive_optimization) 
... ok
test_image_failure_preserves_campaign_plan 
(test_builder1_production_fixes.TestCampaignPreservationOnImageFailure.test_image_failure_preserves_campaign_plan) ... 
INFO:engine.builder1_campaign_store:BUILDER1_CAMPAIGN_CREATED campaignId=retry-cmp targetAdCount=2 backend=memory 
planRevision=1
INFO:engine.builder1_campaign_store:BUILDER1_CAMPAIGN_SESSION_CREATED campaignId=retry-cmp targetAdCount=2
INFO:engine.builder1_campaign_store:BUILDER1_IMAGE_RETRY_REQUIRED campaignId=retry-cmp failedAdIndex=1 
generatedCount=0 targetAdCount=2 planRevision=1 violations=['product_visible_without_explicit_request']
ok
test_retry_endpoint_contract_fields 
(test_builder1_production_fixes.TestCampaignPreservationOnImageFailure.test_retry_endpoint_contract_fields) ... 
INFO:engine.builder1_campaign_store:BUILDER1_CAMPAIGN_CREATED campaignId=retry-api targetAdCount=2 backend=memory 
planRevision=1
INFO:engine.builder1_campaign_store:BUILDER1_CAMPAIGN_SESSION_CREATED campaignId=retry-api targetAdCount=2
ok
test_no_product_strict_correction_profile 
(test_builder1_production_fixes.TestImagePreflightAndCorrection.test_no_product_strict_correction_profile) ... ok
test_preflight_blocks_missing_transferred_object 
(test_builder1_production_fixes.TestImagePreflightAndCorrection.test_preflight_blocks_missing_transferred_object) ... 
ERROR:engine.builder1_image_prompt_preflight:BUILDER1_IMAGE_PROMPT_PREFLIGHT_FAIL campaignId= adIndex=0 
classification=PLAN_CONTRADICTS_PRODUCT_POLICY reasons=['missing_transferred_object']
ok
test_same_ad_correction_uses_no_product_strict 
(test_builder1_production_fixes.TestImagePreflightAndCorrection.test_same_ad_correction_uses_no_product_strict) ... 
INFO:engine.builder1_image_generator:BUILDER1_SERIES_IMAGE_START adIndex=1 attempt=1
INFO:engine.builder1_image_generator:BUILDER1_SERIES_IMAGE_OK adIndex=1
INFO:engine.builder1_image_compliance:BUILDER1_IMAGE_COMPLIANCE_REVIEW_START campaignId= jobId= adIndex=1
INFO:engine.builder1_compliance_adjudication:BUILDER1_IMAGE_COMPLIANCE_FINDING campaignId= adIndex=1 
code=product_visible_without_explicit_request severity=hard confidence=high evidenceType= location= 
relationshipToBrandText= planRevision=1
ERROR:engine.builder1_image_compliance:BUILDER1_IMAGE_COMPLIANCE_REVIEW_FAIL campaignId= jobId= adIndex=1 
hardViolations=['product_visible_without_explicit_request'] advisories=[]
INFO:engine.builder1_failure_classification:BUILDER1_FAILURE_CLASSIFIED campaignId= adIndex=1 
failureClass=IMAGE_EXECUTION action=REGENERATE_IMAGE structuredPlanConflict=false preflightConflict=false 
pixelReviewViolations=['product_visible_without_explicit_request'] planRevision=1
INFO:engine.builder1_image_generator:BUILDER1_IMAGE_COMPLIANCE_REGENERATE campaignId= jobId= adIndex=1 planRevision=1 
level=1 hardViolations=['product_visible_without_explicit_request'] advisories=[]
INFO:engine.builder1_image_generator:BUILDER1_SERIES_IMAGE_START adIndex=1 attempt=1
INFO:engine.builder1_image_generator:BUILDER1_SERIES_IMAGE_OK adIndex=1
INFO:engine.builder1_image_compliance:BUILDER1_IMAGE_COMPLIANCE_REVIEW_START campaignId= jobId= adIndex=1
INFO:engine.builder1_image_compliance:BUILDER1_IMAGE_COMPLIANCE_REVIEW_PASS campaignId= jobId= adIndex=1 
confidence=high
ok
test_generated_name_total_planning_calls_seven 
(test_builder1_production_fixes.TestPlanningCallMetrics.test_generated_name_total_planning_calls_seven) ... 
INFO:engine.builder1_planner:BUILDER1_SERIES_PLANNING_START productName= format=portrait adCount=2 
seed=ff3d5eda-5805-4fe3-9d05-8e7f9c174d8d lang=en
INFO:engine.builder1_product_visibility:BUILDER1_PRODUCT_VISIBILITY_POLICY campaignId= mode=FORBIDDEN source=default
INFO:engine.builder1_planner:BUILDER1_PRODUCT_NAME_GENERATION_START
INFO:engine.builder1_planner:BUILDER1_STAGE_START stage=product_name_resolution attempt=1
INFO:engine.builder1_planner:BUILDER1_STAGE_PARSE_OK stage=product_name_resolution
INFO:engine.builder1_planner:BUILDER1_STAGE_DURATION stage=product_name_resolution attempt=1 durationMs=0
INFO:engine.builder1_planner:BUILDER1_PRODUCT_NAME_GENERATION_OK nameLength=9 lang=en
INFO:engine.builder1_planner:BUILDER1_PRODUCT_NAME_SOURCE source=generated
INFO:engine.builder1_planner:BUILDER1_STAGE_START stage=strategy_stage attempt=1
INFO:engine.builder1_strategy_scan:BUILDER1_STRATEGY_SCAN_OK candidates=12
INFO:engine.builder1_planner:BUILDER1_STAGE_PARSE_OK stage=strategy_stage
INFO:engine.builder1_planner:BUILDER1_STAGE_DURATION stage=strategy_stage attempt=1 durationMs=2
INFO:engine.builder1_planner:BUILDER1_STAGE_START stage=slogan_stage attempt=1
INFO:engine.builder1_planner:BUILDER1_STAGE_PARSE_OK stage=slogan_stage
INFO:engine.builder1_planner:BUILDER1_STAGE_DURATION stage=slogan_stage attempt=1 durationMs=0
INFO:engine.builder1_planner:BUILDER1_STAGE_START stage=conceptual_stage attempt=1
INFO:engine.builder1_planner:BUILDER1_STAGE_PARSE_OK stage=conceptual_stage
INFO:engine.builder1_planner:BUILDER1_STAGE_DURATION stage=conceptual_stage attempt=1 durationMs=1
INFO:engine.builder1_product_visibility:BUILDER1_PRODUCT_VISIBILITY_POLICY campaignId= mode=FORBIDDEN source=default
INFO:engine.builder1_planner:BUILDER1_STAGE_START stage=brand_physical attempt=1
INFO:engine.builder1_planner:BUILDER1_STAGE_PARSE_OK stage=brand_physical
INFO:engine.builder1_planner:BUILDER1_STAGE_DURATION stage=brand_physical attempt=1 durationMs=0
INFO:engine.builder1_planner:BUILDER1_STAGE_START stage=graphic_system attempt=1
INFO:engine.builder1_planner:BUILDER1_STAGE_PARSE_OK stage=graphic_system
INFO:engine.builder1_planner:BUILDER1_STAGE_DURATION stage=graphic_system attempt=1 durationMs=0
INFO:engine.builder1_planner:BUILDER1_STAGE_START stage=series_ads attempt=1
INFO:engine.builder1_planner:BUILDER1_STAGE_PARSE_OK stage=series_ads
INFO:engine.builder1_planner:BUILDER1_STAGE_DURATION stage=series_ads attempt=1 durationMs=1
INFO:engine.builder1_marketing_text_repair:BUILDER1_MARKETING_TEXT_CHECK adIndex=1 wordCount=50
INFO:engine.builder1_marketing_text_repair:BUILDER1_MARKETING_LANGUAGE_CHECK adIndex=1 targetLanguage=en 
dominantLanguage=en valid=True hebrewChars=0 latinChars=50
INFO:engine.builder1_marketing_text_repair:BUILDER1_MARKETING_TEXT_CHECK adIndex=2 wordCount=50
INFO:engine.builder1_marketing_text_repair:BUILDER1_MARKETING_LANGUAGE_CHECK adIndex=2 targetLanguage=en 
dominantLanguage=en valid=True hebrewChars=0 latinChars=50
INFO:engine.builder1_planning_pipeline:BUILDER1_INTEGRITY_OK
INFO:engine.builder1_planning_metrics:BUILDER1_PIPELINE_DURATION durationMs=12
INFO:engine.builder1_planner:BUILDER1_SERIES_PLANNING_OK adCount=2
INFO:engine.builder1_planning_metrics:BUILDER1_PLANNING_CALL_SUMMARY campaignId= jobId= productNameCallUsed=true 
productNameStageCalls=1 strategyStageCalls=1 sloganStageCalls=1 conceptualStageCalls=1 physicalStageCalls=1 
graphicStageCalls=1 seriesStageCalls=1 marketingTextRepairCalls=0 stageRepairCalls=0 stageRetryCalls=0 
stageModelFallbackCalls=0 normalExpectedCalls=7 actualPlanningCalls=7 totalPlanningModelCalls=7 promptTokens= 
outputTokens= totalTokens= totalPlanningDurationMs=12
ok
test_supplied_name_total_planning_calls_six 
(test_builder1_production_fixes.TestPlanningCallMetrics.test_supplied_name_total_planning_calls_six) ... 
INFO:engine.builder1_planner:BUILDER1_SERIES_PLANNING_START productName=CarryShell format=portrait adCount=2 
seed=b9075dcd-77a2-4fd4-a868-d919b470d4d9 lang=en
INFO:engine.builder1_product_visibility:BUILDER1_PRODUCT_VISIBILITY_POLICY campaignId= mode=FORBIDDEN source=default
INFO:engine.builder1_planner:BUILDER1_PRODUCT_NAME_SOURCE source=user
INFO:engine.builder1_planner:BUILDER1_STAGE_START stage=strategy_stage attempt=1
INFO:engine.builder1_strategy_scan:BUILDER1_STRATEGY_SCAN_OK candidates=12
INFO:engine.builder1_planner:BUILDER1_STAGE_PARSE_OK stage=strategy_stage
INFO:engine.builder1_planner:BUILDER1_STAGE_DURATION stage=strategy_stage attempt=1 durationMs=2
INFO:engine.builder1_planner:BUILDER1_STAGE_START stage=slogan_stage attempt=1
INFO:engine.builder1_planner:BUILDER1_STAGE_PARSE_OK stage=slogan_stage
INFO:engine.builder1_planner:BUILDER1_STAGE_DURATION stage=slogan_stage attempt=1 durationMs=0
INFO:engine.builder1_planner:BUILDER1_STAGE_START stage=conceptual_stage attempt=1
INFO:engine.builder1_planner:BUILDER1_STAGE_PARSE_OK stage=conceptual_stage
INFO:engine.builder1_planner:BUILDER1_STAGE_DURATION stage=conceptual_stage attempt=1 durationMs=1
INFO:engine.builder1_product_visibility:BUILDER1_PRODUCT_VISIBILITY_POLICY campaignId= mode=FORBIDDEN source=default
INFO:engine.builder1_planner:BUILDER1_STAGE_START stage=brand_physical attempt=1
INFO:engine.builder1_planner:BUILDER1_STAGE_PARSE_OK stage=brand_physical
INFO:engine.builder1_planner:BUILDER1_STAGE_DURATION stage=brand_physical attempt=1 durationMs=0
INFO:engine.builder1_planner:BUILDER1_STAGE_START stage=graphic_system attempt=1
INFO:engine.builder1_planner:BUILDER1_STAGE_PARSE_OK stage=graphic_system
INFO:engine.builder1_planner:BUILDER1_STAGE_DURATION stage=graphic_system attempt=1 durationMs=0
INFO:engine.builder1_planner:BUILDER1_STAGE_START stage=series_ads attempt=1
INFO:engine.builder1_planner:BUILDER1_STAGE_PARSE_OK stage=series_ads
INFO:engine.builder1_planner:BUILDER1_STAGE_DURATION stage=series_ads attempt=1 durationMs=0
INFO:engine.builder1_marketing_text_repair:BUILDER1_MARKETING_TEXT_CHECK adIndex=1 wordCount=50
INFO:engine.builder1_marketing_text_repair:BUILDER1_MARKETING_LANGUAGE_CHECK adIndex=1 targetLanguage=en 
dominantLanguage=en valid=True hebrewChars=0 latinChars=50
INFO:engine.builder1_marketing_text_repair:BUILDER1_MARKETING_TEXT_CHECK adIndex=2 wordCount=50
INFO:engine.builder1_marketing_text_repair:BUILDER1_MARKETING_LANGUAGE_CHECK adIndex=2 targetLanguage=en 
dominantLanguage=en valid=True hebrewChars=0 latinChars=50
INFO:engine.builder1_planning_pipeline:BUILDER1_INTEGRITY_OK
INFO:engine.builder1_planning_metrics:BUILDER1_PIPELINE_DURATION durationMs=12
INFO:engine.builder1_planner:BUILDER1_SERIES_PLANNING_OK adCount=2
INFO:engine.builder1_planning_metrics:BUILDER1_PLANNING_CALL_SUMMARY campaignId= jobId= productNameCallUsed=false 
productNameStageCalls=0 strategyStageCalls=1 sloganStageCalls=1 conceptualStageCalls=1 physicalStageCalls=1 
graphicStageCalls=1 seriesStageCalls=1 marketingTextRepairCalls=0 stageRepairCalls=0 stageRetryCalls=0 
stageModelFallbackCalls=0 normalExpectedCalls=6 actualPlanningCalls=6 totalPlanningModelCalls=6 promptTokens= 
outputTokens= totalTokens= totalPlanningDurationMs=12
ok
test_retry_image_route_does_not_call_planner 
(test_builder1_production_fixes.TestRetryWithoutReplanning.test_retry_image_route_does_not_call_planner) ... 
INFO:engine.builder1_campaign_store:BUILDER1_CAMPAIGN_CREATED campaignId=retry-route targetAdCount=2 backend=memory 
planRevision=1
INFO:engine.builder1_campaign_store:BUILDER1_CAMPAIGN_SESSION_CREATED campaignId=retry-route targetAdCount=2
INFO:engine.builder1_campaign_store:BUILDER1_IMAGE_RETRY_REQUIRED campaignId=retry-route failedAdIndex=1 
generatedCount=0 targetAdCount=2 planRevision=1 violations=['product_visible_without_explicit_request']
INFO:engine.builder1_campaign_store:BUILDER1_NEXT_AD_RESERVED campaignId=retry-route adIndex=1 targetAdCount=2 
generatedCount=0 jobId=87110367-d423-4d43-b9f0-abf853f349bf planRevision=1
INFO:engine.builder1_jobs_store:BUILDER1_JOB_CREATED jobId=87110367-d423-4d43-b9f0-abf853f349bf campaignId=retry-route 
targetAdCount=2 backend=memory
ok
test_default_policy_is_forbidden 
(test_builder1_production_fixes.TestVisibilityTiming.test_default_policy_is_forbidden) ... ok
test_visibility_policy_before_brand_physical 
(test_builder1_production_fixes.TestVisibilityTiming.test_visibility_policy_before_brand_physical) ... 
INFO:engine.builder1_planner:BUILDER1_SERIES_PLANNING_START productName=CarryShell format=portrait adCount=2 
seed=be2aeecb-c970-465c-9d76-3281b1c5d364 lang=en
INFO:engine.builder1_planner:BUILDER1_PRODUCT_NAME_SOURCE source=user
INFO:engine.builder1_planner:BUILDER1_STAGE_START stage=strategy_stage attempt=1
INFO:engine.builder1_strategy_scan:BUILDER1_STRATEGY_SCAN_OK candidates=12
INFO:engine.builder1_planner:BUILDER1_STAGE_PARSE_OK stage=strategy_stage
INFO:engine.builder1_planner:BUILDER1_STAGE_DURATION stage=strategy_stage attempt=1 durationMs=2
INFO:engine.builder1_planner:BUILDER1_STAGE_START stage=slogan_stage attempt=1
INFO:engine.builder1_planner:BUILDER1_STAGE_PARSE_OK stage=slogan_stage
INFO:engine.builder1_planner:BUILDER1_STAGE_DURATION stage=slogan_stage attempt=1 durationMs=0
INFO:engine.builder1_planner:BUILDER1_STAGE_START stage=conceptual_stage attempt=1
INFO:engine.builder1_planner:BUILDER1_STAGE_PARSE_OK stage=conceptual_stage
INFO:engine.builder1_planner:BUILDER1_STAGE_DURATION stage=conceptual_stage attempt=1 durationMs=1
INFO:engine.builder1_product_visibility:BUILDER1_PRODUCT_VISIBILITY_POLICY campaignId= mode=FORBIDDEN source=default
INFO:engine.builder1_planner:BUILDER1_STAGE_START stage=brand_physical attempt=1
INFO:engine.builder1_planner:BUILDER1_STAGE_PARSE_OK stage=brand_physical
INFO:engine.builder1_planner:BUILDER1_STAGE_DURATION stage=brand_physical attempt=1 durationMs=0
INFO:engine.builder1_planner:BUILDER1_STAGE_START stage=graphic_system attempt=1
INFO:engine.builder1_planner:BUILDER1_STAGE_PARSE_OK stage=graphic_system
INFO:engine.builder1_planner:BUILDER1_STAGE_DURATION stage=graphic_system attempt=1 durationMs=0
INFO:engine.builder1_planner:BUILDER1_STAGE_START stage=series_ads attempt=1
INFO:engine.builder1_planner:BUILDER1_STAGE_PARSE_OK stage=series_ads
INFO:engine.builder1_planner:BUILDER1_STAGE_DURATION stage=series_ads attempt=1 durationMs=0
INFO:engine.builder1_marketing_text_repair:BUILDER1_MARKETING_TEXT_CHECK adIndex=1 wordCount=50
INFO:engine.builder1_marketing_text_repair:BUILDER1_MARKETING_LANGUAGE_CHECK adIndex=1 targetLanguage=en 
dominantLanguage=en valid=True hebrewChars=0 latinChars=50
INFO:engine.builder1_marketing_text_repair:BUILDER1_MARKETING_TEXT_CHECK adIndex=2 wordCount=50
INFO:engine.builder1_marketing_text_repair:BUILDER1_MARKETING_LANGUAGE_CHECK adIndex=2 targetLanguage=en 
dominantLanguage=en valid=True hebrewChars=0 latinChars=50
INFO:engine.builder1_planning_pipeline:BUILDER1_INTEGRITY_OK
INFO:engine.builder1_planning_metrics:BUILDER1_PIPELINE_DURATION durationMs=11
INFO:engine.builder1_planner:BUILDER1_SERIES_PLANNING_OK adCount=2
INFO:engine.builder1_planning_metrics:BUILDER1_PLANNING_CALL_SUMMARY campaignId= jobId= productNameCallUsed=false 
productNameStageCalls=0 strategyStageCalls=1 sloganStageCalls=1 conceptualStageCalls=1 physicalStageCalls=1 
graphicStageCalls=1 seriesStageCalls=1 marketingTextRepairCalls=0 stageRepairCalls=0 stageRetryCalls=0 
stageModelFallbackCalls=0 normalExpectedCalls=6 actualPlanningCalls=6 totalPlanningModelCalls=6 promptTokens= 
outputTokens= totalTokens= totalPlanningDurationMs=11
ok
test_pixel_only_ambiguity_is_image_execution 
(test_builder1_retry_routing.TestClassificationAccuracy.test_pixel_only_ambiguity_is_image_execution) ... ok
test_structured_conflict_is_plan_contradiction 
(test_builder1_retry_routing.TestClassificationAccuracy.test_structured_conflict_is_plan_contradiction) ... ok
test_generate_next_image_only_reserves_and_routes_image_job 
(test_builder1_retry_routing.TestGenerateNextRouting.test_generate_next_image_only_reserves_and_routes_image_job) ... 
INFO:engine.builder1_campaign_store:BUILDER1_CAMPAIGN_CREATED campaignId=cmp-next-image targetAdCount=3 backend=memory 
planRevision=1
INFO:engine.builder1_campaign_store:BUILDER1_CAMPAIGN_SESSION_CREATED campaignId=cmp-next-image targetAdCount=3
INFO:engine.builder1_campaign_store:BUILDER1_NEXT_AD_RESERVED campaignId=cmp-next-image adIndex=1 targetAdCount=3 
generatedCount=0 jobId=job-1 planRevision=1
INFO:engine.builder1_campaign_store:BUILDER1_CAMPAIGN_PROGRESS campaignId=cmp-next-image generatedCount=1 
targetAdCount=3 complete=False
INFO:engine.builder1_campaign_store:BUILDER1_AD_GENERATED campaignId=cmp-next-image adIndex=1 generatedCount=1 
complete=False planRevision=1
INFO:engine.builder1_campaign_store:BUILDER1_IMAGE_RETRY_REQUIRED campaignId=cmp-next-image failedAdIndex=2 
generatedCount=1 targetAdCount=3 planRevision=1 violations=['logo_like_brand_symbol']
INFO:engine.builder1_campaign_store:BUILDER1_NEXT_AD_RESERVED campaignId=cmp-next-image adIndex=2 targetAdCount=3 
generatedCount=1 jobId=ae1df317-ab29-48ba-934e-3e2f99b7bd41 planRevision=1
INFO:engine.builder1_jobs_store:BUILDER1_JOB_CREATED jobId=ae1df317-ab29-48ba-934e-3e2f99b7bd41 
campaignId=cmp-next-image targetAdCount=3 backend=memory
ok
test_generate_next_routes_physical_repair_without_reservation 
(test_builder1_retry_routing.TestGenerateNextRouting.test_generate_next_routes_physical_repair_without_reservation) 
... INFO:engine.builder1_campaign_store:BUILDER1_CAMPAIGN_CREATED campaignId=cmp-next-repair targetAdCount=3 
backend=memory planRevision=1
INFO:engine.builder1_campaign_store:BUILDER1_CAMPAIGN_SESSION_CREATED campaignId=cmp-next-repair targetAdCount=3
INFO:engine.builder1_campaign_store:BUILDER1_NEXT_AD_RESERVED campaignId=cmp-next-repair adIndex=1 targetAdCount=3 
generatedCount=0 jobId=job-1 planRevision=1
INFO:engine.builder1_campaign_store:BUILDER1_CAMPAIGN_PROGRESS campaignId=cmp-next-repair generatedCount=1 
targetAdCount=3 complete=False
INFO:engine.builder1_campaign_store:BUILDER1_AD_GENERATED campaignId=cmp-next-repair adIndex=1 generatedCount=1 
complete=False planRevision=1
INFO:engine.builder1_campaign_store:BUILDER1_PHYSICAL_REPAIR_REQUIRED campaignId=cmp-next-repair failedAdIndex=2 
preservedThroughStage=conceptual_stage generatedCount=1 planRevision=1 
violations=['product_used_as_physical_generator']
INFO:engine.builder1_campaign_store:BUILDER1_PHYSICAL_REPAIR_STARTED campaignId=cmp-next-repair 
jobId=537c3e35-be78-45df-b77d-e598fdbe847a failedAdIndex=2 planRevision=1
INFO:engine.builder1_jobs_store:BUILDER1_JOB_CREATED jobId=537c3e35-be78-45df-b77d-e598fdbe847a 
campaignId=cmp-next-repair targetAdCount=3 backend=memory
ok
test_generated_count_preserved_during_repair_required 
(test_builder1_retry_routing.TestGeneratedAdPreservation.test_generated_count_preserved_during_repair_required) ... 
INFO:engine.builder1_campaign_store:BUILDER1_CAMPAIGN_CREATED campaignId=cmp-count targetAdCount=3 backend=memory 
planRevision=1
INFO:engine.builder1_campaign_store:BUILDER1_CAMPAIGN_SESSION_CREATED campaignId=cmp-count targetAdCount=3
INFO:engine.builder1_campaign_store:BUILDER1_NEXT_AD_RESERVED campaignId=cmp-count adIndex=1 targetAdCount=3 
generatedCount=0 jobId=job-1 planRevision=1
INFO:engine.builder1_campaign_store:BUILDER1_CAMPAIGN_PROGRESS campaignId=cmp-count generatedCount=1 targetAdCount=3 
complete=False
INFO:engine.builder1_campaign_store:BUILDER1_AD_GENERATED campaignId=cmp-count adIndex=1 generatedCount=1 
complete=False planRevision=1
INFO:engine.builder1_campaign_store:BUILDER1_PHYSICAL_REPAIR_REQUIRED campaignId=cmp-count failedAdIndex=2 
preservedThroughStage=conceptual_stage generatedCount=1 planRevision=1 violations=['x']
ok
test_mark_ad_generated_clears_retry_state 
(test_builder1_retry_routing.TestGeneratedAdPreservation.test_mark_ad_generated_clears_retry_state) ... 
INFO:engine.builder1_campaign_store:BUILDER1_CAMPAIGN_CREATED campaignId=cmp-clear targetAdCount=3 backend=memory 
planRevision=1
INFO:engine.builder1_campaign_store:BUILDER1_CAMPAIGN_SESSION_CREATED campaignId=cmp-clear targetAdCount=3
INFO:engine.builder1_campaign_store:BUILDER1_IMAGE_RETRY_REQUIRED campaignId=cmp-clear failedAdIndex=1 
generatedCount=0 targetAdCount=3 planRevision=1 violations=['x']
INFO:engine.builder1_campaign_store:BUILDER1_NEXT_AD_RESERVED campaignId=cmp-clear adIndex=1 targetAdCount=3 
generatedCount=0 jobId=job-1 planRevision=1
INFO:engine.builder1_campaign_store:BUILDER1_CAMPAIGN_PROGRESS campaignId=cmp-clear generatedCount=1 targetAdCount=3 
complete=False
INFO:engine.builder1_campaign_store:BUILDER1_AD_GENERATED campaignId=cmp-clear adIndex=1 generatedCount=1 
complete=False planRevision=1
ok
test_missing_plan_revision_rejected_before_image 
(test_builder1_retry_routing.TestImageJobGuards.test_missing_plan_revision_rejected_before_image) ... 
INFO:engine.builder1_campaign_store:BUILDER1_CAMPAIGN_CREATED campaignId=cmp-missing-rev targetAdCount=3 
backend=memory planRevision=1
INFO:engine.builder1_campaign_store:BUILDER1_CAMPAIGN_SESSION_CREATED campaignId=cmp-missing-rev targetAdCount=3
INFO:engine.builder1_jobs_store:BUILDER1_JOB_CREATED jobId=job-missing-rev campaignId=cmp-missing-rev targetAdCount=3 
backend=memory
INFO:engine.builder1_campaign_store:BUILDER1_NEXT_AD_RESERVED campaignId=cmp-missing-rev adIndex=1 targetAdCount=3 
generatedCount=0 jobId=job-missing-rev planRevision=1
ERROR:app:BUILDER1_IMAGE_JOB_REJECTED campaignId=cmp-missing-rev jobId=job-missing-rev adIndex=1 
code=missing_plan_revision planRevision=1
ok
test_physical_repair_pending_rejects_image_worker 
(test_builder1_retry_routing.TestImageJobGuards.test_physical_repair_pending_rejects_image_worker) ... 
INFO:engine.builder1_campaign_store:BUILDER1_CAMPAIGN_CREATED campaignId=cmp-pending targetAdCount=3 backend=memory 
planRevision=1
INFO:engine.builder1_campaign_store:BUILDER1_CAMPAIGN_SESSION_CREATED campaignId=cmp-pending targetAdCount=3
INFO:engine.builder1_campaign_store:BUILDER1_NEXT_AD_RESERVED campaignId=cmp-pending adIndex=1 targetAdCount=3 
generatedCount=0 jobId=job-1 planRevision=1
INFO:engine.builder1_campaign_store:BUILDER1_CAMPAIGN_PROGRESS campaignId=cmp-pending generatedCount=1 targetAdCount=3 
complete=False
INFO:engine.builder1_campaign_store:BUILDER1_AD_GENERATED campaignId=cmp-pending adIndex=1 generatedCount=1 
complete=False planRevision=1
INFO:engine.builder1_campaign_store:BUILDER1_PHYSICAL_REPAIR_REQUIRED campaignId=cmp-pending failedAdIndex=2 
preservedThroughStage=conceptual_stage generatedCount=1 planRevision=1 violations=['x']
INFO:engine.builder1_campaign_store:BUILDER1_PHYSICAL_REPAIR_STARTED campaignId=cmp-pending jobId=job-repair 
failedAdIndex=2 planRevision=1
ERROR:app:BUILDER1_IMAGE_JOB_REJECTED campaignId=cmp-pending jobId=job-repair adIndex=2 
code=physical_repair_not_completed planRevision=1
ok
test_stale_plan_revision_rejected_before_image 
(test_builder1_retry_routing.TestImageJobGuards.test_stale_plan_revision_rejected_before_image) ... 
INFO:engine.builder1_campaign_store:BUILDER1_CAMPAIGN_CREATED campaignId=cmp-stale targetAdCount=3 backend=memory 
planRevision=1
INFO:engine.builder1_campaign_store:BUILDER1_CAMPAIGN_SESSION_CREATED campaignId=cmp-stale targetAdCount=3
INFO:engine.builder1_campaign_store:BUILDER1_NEXT_AD_RESERVED campaignId=cmp-stale adIndex=1 targetAdCount=3 
generatedCount=0 jobId=job-1 planRevision=1
INFO:engine.builder1_campaign_store:BUILDER1_CAMPAIGN_PROGRESS campaignId=cmp-stale generatedCount=1 targetAdCount=3 
complete=False
INFO:engine.builder1_campaign_store:BUILDER1_AD_GENERATED campaignId=cmp-stale adIndex=1 generatedCount=1 
complete=False planRevision=1
INFO:engine.builder1_campaign_store:BUILDER1_IMAGE_RETRY_REQUIRED campaignId=cmp-stale failedAdIndex=2 
generatedCount=1 targetAdCount=3 planRevision=1 violations=['x']
INFO:engine.builder1_campaign_store:BUILDER1_NEXT_AD_RESERVED campaignId=cmp-stale adIndex=2 targetAdCount=3 
generatedCount=1 jobId=job-stale planRevision=1
INFO:engine.builder1_jobs_store:BUILDER1_JOB_CREATED jobId=job-stale campaignId=cmp-stale targetAdCount=3 
backend=memory
INFO:engine.builder1_campaign_store:BUILDER1_CAMPAIGN_PLAN_REPAIRED campaignId=cmp-stale planRevision=2 
failedAdIndex=2 generatedCount=1
INFO:app:BUILDER1_GENERATION_LOCK_CONTINUED campaignId=cmp-stale jobId=job-stale reservedAdIndex=2
ERROR:app:BUILDER1_IMAGE_JOB_REJECTED campaignId=cmp-stale jobId=job-stale adIndex=2 code=stale_plan_revision 
planRevision=2
ok
test_generated_name_planning_remains_seven_calls 
(test_builder1_retry_routing.TestPlanningRegression.test_generated_name_planning_remains_seven_calls) ... 
INFO:engine.builder1_planner:BUILDER1_SERIES_PLANNING_START productName= format=portrait adCount=2 
seed=fd9b7afa-2482-49d4-bb0a-6b2db2a47b5b lang=en
INFO:engine.builder1_product_visibility:BUILDER1_PRODUCT_VISIBILITY_POLICY campaignId= mode=FORBIDDEN source=default
INFO:engine.builder1_planner:BUILDER1_PRODUCT_NAME_GENERATION_START
INFO:engine.builder1_planner:BUILDER1_STAGE_START stage=product_name_resolution attempt=1
INFO:engine.builder1_planner:BUILDER1_STAGE_PARSE_OK stage=product_name_resolution
INFO:engine.builder1_planner:BUILDER1_STAGE_DURATION stage=product_name_resolution attempt=1 durationMs=0
INFO:engine.builder1_planner:BUILDER1_PRODUCT_NAME_GENERATION_OK nameLength=9 lang=en
INFO:engine.builder1_planner:BUILDER1_PRODUCT_NAME_SOURCE source=generated
INFO:engine.builder1_planner:BUILDER1_STAGE_START stage=strategy_stage attempt=1
INFO:engine.builder1_strategy_scan:BUILDER1_STRATEGY_SCAN_OK candidates=12
INFO:engine.builder1_planner:BUILDER1_STAGE_PARSE_OK stage=strategy_stage
INFO:engine.builder1_planner:BUILDER1_STAGE_DURATION stage=strategy_stage attempt=1 durationMs=2
INFO:engine.builder1_planner:BUILDER1_STAGE_START stage=slogan_stage attempt=1
INFO:engine.builder1_planner:BUILDER1_STAGE_PARSE_OK stage=slogan_stage
INFO:engine.builder1_planner:BUILDER1_STAGE_DURATION stage=slogan_stage attempt=1 durationMs=0
INFO:engine.builder1_planner:BUILDER1_STAGE_START stage=conceptual_stage attempt=1
INFO:engine.builder1_planner:BUILDER1_STAGE_PARSE_OK stage=conceptual_stage
INFO:engine.builder1_planner:BUILDER1_STAGE_DURATION stage=conceptual_stage attempt=1 durationMs=1
INFO:engine.builder1_product_visibility:BUILDER1_PRODUCT_VISIBILITY_POLICY campaignId= mode=FORBIDDEN source=default
INFO:engine.builder1_planner:BUILDER1_STAGE_START stage=brand_physical attempt=1
INFO:engine.builder1_planner:BUILDER1_STAGE_PARSE_OK stage=brand_physical
INFO:engine.builder1_planner:BUILDER1_STAGE_DURATION stage=brand_physical attempt=1 durationMs=0
INFO:engine.builder1_planner:BUILDER1_STAGE_START stage=graphic_system attempt=1
INFO:engine.builder1_planner:BUILDER1_STAGE_PARSE_OK stage=graphic_system
INFO:engine.builder1_planner:BUILDER1_STAGE_DURATION stage=graphic_system attempt=1 durationMs=0
INFO:engine.builder1_planner:BUILDER1_STAGE_START stage=series_ads attempt=1
INFO:engine.builder1_planner:BUILDER1_STAGE_PARSE_OK stage=series_ads
INFO:engine.builder1_planner:BUILDER1_STAGE_DURATION stage=series_ads attempt=1 durationMs=1
INFO:engine.builder1_marketing_text_repair:BUILDER1_MARKETING_TEXT_CHECK adIndex=1 wordCount=50
INFO:engine.builder1_marketing_text_repair:BUILDER1_MARKETING_LANGUAGE_CHECK adIndex=1 targetLanguage=en 
dominantLanguage=en valid=True hebrewChars=0 latinChars=50
INFO:engine.builder1_marketing_text_repair:BUILDER1_MARKETING_TEXT_CHECK adIndex=2 wordCount=50
INFO:engine.builder1_marketing_text_repair:BUILDER1_MARKETING_LANGUAGE_CHECK adIndex=2 targetLanguage=en 
dominantLanguage=en valid=True hebrewChars=0 latinChars=50
INFO:engine.builder1_planning_pipeline:BUILDER1_INTEGRITY_OK
INFO:engine.builder1_planning_metrics:BUILDER1_PIPELINE_DURATION durationMs=12
INFO:engine.builder1_planner:BUILDER1_SERIES_PLANNING_OK adCount=2
INFO:engine.builder1_planning_metrics:BUILDER1_PLANNING_CALL_SUMMARY campaignId= jobId= productNameCallUsed=true 
productNameStageCalls=1 strategyStageCalls=1 sloganStageCalls=1 conceptualStageCalls=1 physicalStageCalls=1 
graphicStageCalls=1 seriesStageCalls=1 marketingTextRepairCalls=0 stageRepairCalls=0 stageRetryCalls=0 
stageModelFallbackCalls=0 normalExpectedCalls=7 actualPlanningCalls=7 totalPlanningModelCalls=7 promptTokens= 
outputTokens= totalTokens= totalPlanningDurationMs=12
ok
test_quality_profile_keeps_quality_model 
(test_builder1_retry_routing.TestPlanningRegression.test_quality_profile_keeps_quality_model) ... ok
test_supplied_name_planning_remains_six_calls 
(test_builder1_retry_routing.TestPlanningRegression.test_supplied_name_planning_remains_six_calls) ... 
INFO:engine.builder1_planner:BUILDER1_SERIES_PLANNING_START productName=CarryShell format=portrait adCount=2 
seed=91d78473-9e8b-42ac-9387-1ad1aae06940 lang=en
INFO:engine.builder1_product_visibility:BUILDER1_PRODUCT_VISIBILITY_POLICY campaignId= mode=FORBIDDEN source=default
INFO:engine.builder1_planner:BUILDER1_PRODUCT_NAME_SOURCE source=user
INFO:engine.builder1_planner:BUILDER1_STAGE_START stage=strategy_stage attempt=1
INFO:engine.builder1_strategy_scan:BUILDER1_STRATEGY_SCAN_OK candidates=12
INFO:engine.builder1_planner:BUILDER1_STAGE_PARSE_OK stage=strategy_stage
INFO:engine.builder1_planner:BUILDER1_STAGE_DURATION stage=strategy_stage attempt=1 durationMs=2
INFO:engine.builder1_planner:BUILDER1_STAGE_START stage=slogan_stage attempt=1
INFO:engine.builder1_planner:BUILDER1_STAGE_PARSE_OK stage=slogan_stage
INFO:engine.builder1_planner:BUILDER1_STAGE_DURATION stage=slogan_stage attempt=1 durationMs=0
INFO:engine.builder1_planner:BUILDER1_STAGE_START stage=conceptual_stage attempt=1
INFO:engine.builder1_planner:BUILDER1_STAGE_PARSE_OK stage=conceptual_stage
INFO:engine.builder1_planner:BUILDER1_STAGE_DURATION stage=conceptual_stage attempt=1 durationMs=1
INFO:engine.builder1_product_visibility:BUILDER1_PRODUCT_VISIBILITY_POLICY campaignId= mode=FORBIDDEN source=default
INFO:engine.builder1_planner:BUILDER1_STAGE_START stage=brand_physical attempt=1
INFO:engine.builder1_planner:BUILDER1_STAGE_PARSE_OK stage=brand_physical
INFO:engine.builder1_planner:BUILDER1_STAGE_DURATION stage=brand_physical attempt=1 durationMs=1
INFO:engine.builder1_planner:BUILDER1_STAGE_START stage=graphic_system attempt=1
INFO:engine.builder1_planner:BUILDER1_STAGE_PARSE_OK stage=graphic_system
INFO:engine.builder1_planner:BUILDER1_STAGE_DURATION stage=graphic_system attempt=1 durationMs=0
INFO:engine.builder1_planner:BUILDER1_STAGE_START stage=series_ads attempt=1
INFO:engine.builder1_planner:BUILDER1_STAGE_PARSE_OK stage=series_ads
INFO:engine.builder1_planner:BUILDER1_STAGE_DURATION stage=series_ads attempt=1 durationMs=1
INFO:engine.builder1_marketing_text_repair:BUILDER1_MARKETING_TEXT_CHECK adIndex=1 wordCount=50
INFO:engine.builder1_marketing_text_repair:BUILDER1_MARKETING_LANGUAGE_CHECK adIndex=1 targetLanguage=en 
dominantLanguage=en valid=True hebrewChars=0 latinChars=50
INFO:engine.builder1_marketing_text_repair:BUILDER1_MARKETING_TEXT_CHECK adIndex=2 wordCount=50
INFO:engine.builder1_marketing_text_repair:BUILDER1_MARKETING_LANGUAGE_CHECK adIndex=2 targetLanguage=en 
dominantLanguage=en valid=True hebrewChars=0 latinChars=50
INFO:engine.builder1_planning_pipeline:BUILDER1_INTEGRITY_OK
INFO:engine.builder1_planning_metrics:BUILDER1_PIPELINE_DURATION durationMs=13
INFO:engine.builder1_planner:BUILDER1_SERIES_PLANNING_OK adCount=2
INFO:engine.builder1_planning_metrics:BUILDER1_PLANNING_CALL_SUMMARY campaignId= jobId= productNameCallUsed=false 
productNameStageCalls=0 strategyStageCalls=1 sloganStageCalls=1 conceptualStageCalls=1 physicalStageCalls=1 
graphicStageCalls=1 seriesStageCalls=1 marketingTextRepairCalls=0 stageRepairCalls=0 stageRetryCalls=0 
stageModelFallbackCalls=0 normalExpectedCalls=6 actualPlanningCalls=6 totalPlanningModelCalls=6 promptTokens= 
outputTokens= totalTokens= totalPlanningDurationMs=13
ok
test_public_retry_fields_expose_actionable_state 
(test_builder1_retry_routing.TestPublicRetryFields.test_public_retry_fields_expose_actionable_state) ... 
INFO:engine.builder1_campaign_store:BUILDER1_CAMPAIGN_CREATED campaignId=cmp-public targetAdCount=3 backend=memory 
planRevision=1
INFO:engine.builder1_campaign_store:BUILDER1_CAMPAIGN_SESSION_CREATED campaignId=cmp-public targetAdCount=3
INFO:engine.builder1_campaign_store:BUILDER1_PHYSICAL_REPAIR_REQUIRED campaignId=cmp-public failedAdIndex=2 
preservedThroughStage=conceptual_stage generatedCount=0 planRevision=1 violations=['x']
ok
test_image_only_retry_allows_reservation 
(test_builder1_retry_routing.TestReservationRouting.test_image_only_retry_allows_reservation) ... 
INFO:engine.builder1_campaign_store:BUILDER1_CAMPAIGN_CREATED campaignId=cmp-route targetAdCount=3 backend=memory 
planRevision=1
INFO:engine.builder1_campaign_store:BUILDER1_CAMPAIGN_SESSION_CREATED campaignId=cmp-route targetAdCount=3
INFO:engine.builder1_campaign_store:BUILDER1_NEXT_AD_RESERVED campaignId=cmp-route adIndex=1 targetAdCount=3 
generatedCount=0 jobId=job-1 planRevision=1
INFO:engine.builder1_campaign_store:BUILDER1_CAMPAIGN_PROGRESS campaignId=cmp-route generatedCount=1 targetAdCount=3 
complete=False
INFO:engine.builder1_campaign_store:BUILDER1_AD_GENERATED campaignId=cmp-route adIndex=1 generatedCount=1 
complete=False planRevision=1
INFO:engine.builder1_campaign_store:BUILDER1_IMAGE_RETRY_REQUIRED campaignId=cmp-route failedAdIndex=2 
generatedCount=1 targetAdCount=3 planRevision=1 violations=['logo_like_brand_symbol']
INFO:engine.builder1_campaign_store:BUILDER1_NEXT_AD_RESERVED campaignId=cmp-route adIndex=2 targetAdCount=3 
generatedCount=1 jobId=job-image planRevision=1
ok
test_physical_repair_required_blocks_reservation 
(test_builder1_retry_routing.TestReservationRouting.test_physical_repair_required_blocks_reservation) ... 
INFO:engine.builder1_campaign_store:BUILDER1_CAMPAIGN_CREATED campaignId=cmp-route targetAdCount=3 backend=memory 
planRevision=1
INFO:engine.builder1_campaign_store:BUILDER1_CAMPAIGN_SESSION_CREATED campaignId=cmp-route targetAdCount=3
INFO:engine.builder1_campaign_store:BUILDER1_NEXT_AD_RESERVED campaignId=cmp-route adIndex=1 targetAdCount=3 
generatedCount=0 jobId=job-1 planRevision=1
INFO:engine.builder1_campaign_store:BUILDER1_CAMPAIGN_PROGRESS campaignId=cmp-route generatedCount=1 targetAdCount=3 
complete=False
INFO:engine.builder1_campaign_store:BUILDER1_AD_GENERATED campaignId=cmp-route adIndex=1 generatedCount=1 
complete=False planRevision=1
INFO:engine.builder1_campaign_store:BUILDER1_PHYSICAL_REPAIR_REQUIRED campaignId=cmp-route failedAdIndex=2 
preservedThroughStage=conceptual_stage generatedCount=1 planRevision=1 
violations=['product_used_as_physical_generator']
ok
test_repaired_plan_increments_revision 
(test_builder1_retry_routing.TestReservationRouting.test_repaired_plan_increments_revision) ... 
INFO:engine.builder1_campaign_store:BUILDER1_CAMPAIGN_CREATED campaignId=cmp-route targetAdCount=3 backend=memory 
planRevision=1
INFO:engine.builder1_campaign_store:BUILDER1_CAMPAIGN_SESSION_CREATED campaignId=cmp-route targetAdCount=3
INFO:engine.builder1_campaign_store:BUILDER1_NEXT_AD_RESERVED campaignId=cmp-route adIndex=1 targetAdCount=3 
generatedCount=0 jobId=job-1 planRevision=1
INFO:engine.builder1_campaign_store:BUILDER1_CAMPAIGN_PROGRESS campaignId=cmp-route generatedCount=1 targetAdCount=3 
complete=False
INFO:engine.builder1_campaign_store:BUILDER1_AD_GENERATED campaignId=cmp-route adIndex=1 generatedCount=1 
complete=False planRevision=1
INFO:engine.builder1_campaign_store:BUILDER1_PHYSICAL_REPAIR_REQUIRED campaignId=cmp-route failedAdIndex=2 
preservedThroughStage=conceptual_stage generatedCount=1 planRevision=1 violations=['x']
INFO:engine.builder1_campaign_store:BUILDER1_CAMPAIGN_PLAN_REPAIRED campaignId=cmp-route planRevision=2 
failedAdIndex=2 generatedCount=1
ok
test_image_retry_required_persists_retry_mode 
(test_builder1_retry_routing.TestRetryModeStorage.test_image_retry_required_persists_retry_mode) ... 
INFO:engine.builder1_campaign_store:BUILDER1_CAMPAIGN_CREATED campaignId=cmp-image targetAdCount=3 backend=memory 
planRevision=1
INFO:engine.builder1_campaign_store:BUILDER1_CAMPAIGN_SESSION_CREATED campaignId=cmp-image targetAdCount=3
INFO:engine.builder1_campaign_store:BUILDER1_IMAGE_RETRY_REQUIRED campaignId=cmp-image failedAdIndex=2 
generatedCount=0 targetAdCount=3 planRevision=1 violations=['invented_product_logo']
ok
test_physical_repair_required_persists_retry_mode 
(test_builder1_retry_routing.TestRetryModeStorage.test_physical_repair_required_persists_retry_mode) ... 
INFO:engine.builder1_campaign_store:BUILDER1_CAMPAIGN_CREATED campaignId=cmp-repair targetAdCount=3 backend=memory 
planRevision=1
INFO:engine.builder1_campaign_store:BUILDER1_CAMPAIGN_SESSION_CREATED campaignId=cmp-repair targetAdCount=3
INFO:engine.builder1_campaign_store:BUILDER1_PHYSICAL_REPAIR_REQUIRED campaignId=cmp-repair failedAdIndex=2 
preservedThroughStage=conceptual_stage generatedCount=0 planRevision=1 
violations=['product_used_as_physical_generator']
ok
test_retry_mode_survives_json_roundtrip 
(test_builder1_retry_routing.TestRetryModeStorage.test_retry_mode_survives_json_roundtrip) ... 
INFO:engine.builder1_campaign_store:BUILDER1_CAMPAIGN_CREATED campaignId=cmp-serde targetAdCount=3 backend=memory 
planRevision=1
INFO:engine.builder1_campaign_store:BUILDER1_CAMPAIGN_SESSION_CREATED campaignId=cmp-serde targetAdCount=3
INFO:engine.builder1_campaign_store:BUILDER1_PHYSICAL_REPAIR_REQUIRED campaignId=cmp-serde failedAdIndex=2 
preservedThroughStage=conceptual_stage generatedCount=0 planRevision=1 violations=['x']
ok
test_incremental_flow (test_builder1_series.TestBuilder1CampaignSession.test_incremental_flow) ... 
INFO:engine.builder1_campaign_store:BUILDER1_CAMPAIGN_CREATED campaignId=c1 targetAdCount=4 backend=memory 
planRevision=1
INFO:engine.builder1_campaign_store:BUILDER1_CAMPAIGN_SESSION_CREATED campaignId=c1 targetAdCount=4
INFO:engine.builder1_campaign_store:BUILDER1_NEXT_AD_RESERVED campaignId=c1 adIndex=1 targetAdCount=4 generatedCount=0 
jobId=None planRevision=1
INFO:engine.builder1_campaign_store:BUILDER1_CAMPAIGN_PROGRESS campaignId=c1 generatedCount=1 targetAdCount=4 
complete=False
INFO:engine.builder1_campaign_store:BUILDER1_AD_GENERATED campaignId=c1 adIndex=1 generatedCount=1 complete=False 
planRevision=1
ok
test_next_ad_no_planner (test_builder1_series.TestBuilder1CampaignSession.test_next_ad_no_planner) ... 
INFO:engine.builder1_campaign_store:BUILDER1_CAMPAIGN_CREATED campaignId=c2 targetAdCount=2 backend=memory 
planRevision=1
INFO:engine.builder1_campaign_store:BUILDER1_CAMPAIGN_SESSION_CREATED campaignId=c2 targetAdCount=2
INFO:engine.builder1_campaign_store:BUILDER1_NEXT_AD_RESERVED campaignId=c2 adIndex=1 targetAdCount=2 generatedCount=0 
jobId=None planRevision=1
INFO:engine.builder1_campaign_store:BUILDER1_CAMPAIGN_PROGRESS campaignId=c2 generatedCount=1 targetAdCount=2 
complete=False
INFO:engine.builder1_campaign_store:BUILDER1_AD_GENERATED campaignId=c2 adIndex=1 generatedCount=1 complete=False 
planRevision=1
ok
test_image_contains_final_copy_flag 
(test_builder1_series.TestBuilder1PublicResponse.test_image_contains_final_copy_flag) ... ok
test_no_internal_scan_in_campaign (test_builder1_series.TestBuilder1PublicResponse.test_no_internal_scan_in_campaign) 
... ok
test_conceptual_scan_required (test_builder1_series.TestBuilder1SeriesParser.test_conceptual_scan_required) ... ok
test_strategy_families_required (test_builder1_series.TestBuilder1SeriesParser.test_strategy_families_required) ... ok
test_unsupported_capability_rejected 
(test_builder1_series.TestBuilder1SeriesParser.test_unsupported_capability_rejected) ... ok
test_vague_conceptual_in_scan_rejected 
(test_builder1_series.TestBuilder1SeriesParser.test_vague_conceptual_in_scan_rejected) ... ok
test_valid_2_ad_plan_parses (test_builder1_series.TestBuilder1SeriesParser.test_valid_2_ad_plan_parses) ... ok
test_one_image_per_call (test_builder1_series.TestBuilder1SingleImage.test_one_image_per_call) ... 
INFO:engine.builder1_image_generator:BUILDER1_SERIES_IMAGE_START adIndex=1 attempt=1
INFO:engine.builder1_image_generator:BUILDER1_SERIES_IMAGE_OK adIndex=1
INFO:engine.builder1_image_compliance:BUILDER1_IMAGE_COMPLIANCE_REVIEW_START campaignId= jobId= adIndex=1
INFO:engine.builder1_image_compliance:BUILDER1_IMAGE_COMPLIANCE_REVIEW_PASS campaignId= jobId= adIndex=1 
confidence=high
ok
test_rate_limit_is_retryable (test_builder1_series.TestBuilder1SingleImage.test_rate_limit_is_retryable) ... 
INFO:engine.builder1_image_generator:BUILDER1_SERIES_IMAGE_START adIndex=1 attempt=1
ok
test_complete_finished_advertisement 
(test_builder1_series.TestBuilder1VisualPrompt.test_complete_finished_advertisement) ... ok
test_conceptual_execution_in_prompt 
(test_builder1_series.TestBuilder1VisualPrompt.test_conceptual_execution_in_prompt) ... ok
test_exact_brand_and_slogan_in_prompt 
(test_builder1_series.TestBuilder1VisualPrompt.test_exact_brand_and_slogan_in_prompt) ... ok
test_full_frame_and_no_mockups (test_builder1_series.TestBuilder1VisualPrompt.test_full_frame_and_no_mockups) ... ok
test_headline_exact_when_present (test_builder1_series.TestBuilder1VisualPrompt.test_headline_exact_when_present) ... 
ok
test_identical_graphic_block (test_builder1_series.TestBuilder1VisualPrompt.test_identical_graphic_block) ... ok
test_no_global_no_text_constraint (test_builder1_series.TestBuilder1VisualPrompt.test_no_global_no_text_constraint) 
... ok
test_null_headline_no_placeholder (test_builder1_series.TestBuilder1VisualPrompt.test_null_headline_no_placeholder) 
... ok
test_prohibits_extra_copy (test_builder1_series.TestBuilder1VisualPrompt.test_prohibits_extra_copy) ... ok
test_zip_still_works (test_builder1_series.TestBuilder1Zip.test_zip_still_works) ... ok
test_conceptual_scan_requires_slogan_fields 
(test_builder1_slogan_methodology.TestConceptualAndPhysical.test_conceptual_scan_requires_slogan_fields) ... ok
test_literal_product_without_justification_fails_judge 
(test_builder1_slogan_methodology.TestConceptualAndPhysical.test_literal_product_without_justification_fails_judge) 
... ok
test_plan_builder1_uses_fixed_slogan_from_slogan_stage 
(test_builder1_slogan_methodology.TestPlannerIntegration.test_plan_builder1_uses_fixed_slogan_from_slogan_stage) ... 
INFO:engine.builder1_planner:BUILDER1_SERIES_PLANNING_START productName=TestBrand format=portrait adCount=2 
seed=927e799b-0e04-413b-9c1b-8fe11e5ec84f lang=en
INFO:engine.builder1_product_visibility:BUILDER1_PRODUCT_VISIBILITY_POLICY campaignId= mode=FORBIDDEN source=default
INFO:engine.builder1_planner:BUILDER1_PRODUCT_NAME_SOURCE source=user
INFO:engine.builder1_planner:BUILDER1_STAGE_START stage=strategy_stage attempt=1
INFO:engine.builder1_strategy_scan:BUILDER1_STRATEGY_SCAN_OK candidates=12
INFO:engine.builder1_planner:BUILDER1_STAGE_PARSE_OK stage=strategy_stage
INFO:engine.builder1_planner:BUILDER1_STAGE_DURATION stage=strategy_stage attempt=1 durationMs=2
INFO:engine.builder1_planner:BUILDER1_STAGE_START stage=slogan_stage attempt=1
INFO:engine.builder1_planner:BUILDER1_STAGE_PARSE_OK stage=slogan_stage
INFO:engine.builder1_planner:BUILDER1_STAGE_DURATION stage=slogan_stage attempt=1 durationMs=0
INFO:engine.builder1_planner:BUILDER1_STAGE_START stage=conceptual_stage attempt=1
INFO:engine.builder1_planner:BUILDER1_STAGE_PARSE_OK stage=conceptual_stage
INFO:engine.builder1_planner:BUILDER1_STAGE_DURATION stage=conceptual_stage attempt=1 durationMs=1
INFO:engine.builder1_product_visibility:BUILDER1_PRODUCT_VISIBILITY_POLICY campaignId= mode=FORBIDDEN source=default
INFO:engine.builder1_planner:BUILDER1_STAGE_START stage=brand_physical attempt=1
INFO:engine.builder1_planner:BUILDER1_STAGE_PARSE_OK stage=brand_physical
INFO:engine.builder1_planner:BUILDER1_STAGE_DURATION stage=brand_physical attempt=1 durationMs=0
INFO:engine.builder1_planner:BUILDER1_STAGE_START stage=graphic_system attempt=1
INFO:engine.builder1_planner:BUILDER1_STAGE_PARSE_OK stage=graphic_system
INFO:engine.builder1_planner:BUILDER1_STAGE_DURATION stage=graphic_system attempt=1 durationMs=0
INFO:engine.builder1_planner:BUILDER1_STAGE_START stage=series_ads attempt=1
INFO:engine.builder1_planner:BUILDER1_STAGE_PARSE_OK stage=series_ads
INFO:engine.builder1_planner:BUILDER1_STAGE_DURATION stage=series_ads attempt=1 durationMs=1
INFO:engine.builder1_marketing_text_repair:BUILDER1_MARKETING_TEXT_CHECK adIndex=1 wordCount=50
INFO:engine.builder1_marketing_text_repair:BUILDER1_MARKETING_LANGUAGE_CHECK adIndex=1 targetLanguage=en 
dominantLanguage=en valid=True hebrewChars=0 latinChars=50
INFO:engine.builder1_marketing_text_repair:BUILDER1_MARKETING_TEXT_CHECK adIndex=2 wordCount=50
INFO:engine.builder1_marketing_text_repair:BUILDER1_MARKETING_LANGUAGE_CHECK adIndex=2 targetLanguage=en 
dominantLanguage=en valid=True hebrewChars=0 latinChars=50
INFO:engine.builder1_planning_pipeline:BUILDER1_INTEGRITY_OK
INFO:engine.builder1_planning_metrics:BUILDER1_PIPELINE_DURATION durationMs=12
INFO:engine.builder1_planner:BUILDER1_SERIES_PLANNING_OK adCount=2
INFO:engine.builder1_planning_metrics:BUILDER1_PLANNING_CALL_SUMMARY campaignId= jobId= productNameCallUsed=false 
productNameStageCalls=0 strategyStageCalls=1 sloganStageCalls=1 conceptualStageCalls=1 physicalStageCalls=1 
graphicStageCalls=1 seriesStageCalls=1 marketingTextRepairCalls=0 stageRepairCalls=0 stageRetryCalls=0 
stageModelFallbackCalls=0 normalExpectedCalls=6 actualPlanningCalls=6 totalPlanningModelCalls=6 promptTokens= 
outputTokens= totalTokens= totalPlanningDurationMs=12
ok
test_brand_physical_parser_rejects_slogan_creation 
(test_builder1_slogan_methodology.TestPlanningOrder.test_brand_physical_parser_rejects_slogan_creation) ... 
ERROR:engine.builder1_final_stages:BUILDER1_STAGE_FAILED stage=brand_physical 
reasons=['brand_physical_must_not_create_slogan'] top_level_keys=['brandSlogan', 'campaignRationale', 
'clearerThanConventionalProductShot', 'mediumParticipates', 'mediumRole', 'physicalCandidates', 'physicalEvaluations', 
'physicalGenerator', 'physicalGeneratorCampaignRole', 'physicalGeneratorIsPackaging', 'physicalGeneratorIsProduct', 
'physicalGeneratorNaturalPurpose', 'productEvidenceReason', 'productEvidenceRequired', 'productNameResolved', 
'selectedPhysicalCandidateId', 'survivesProductRemoval', 'transferredObject', 'transferredObjectAction', 
'whyClearerThanShowingProduct', 'worksWithoutProductVisible'] field_types={'physicalCandidates': 'list', 
'physicalEvaluations': 'list', 'selectedPhysicalCandidateId': 'str', 'productNameResolved': 'str', 
'physicalGenerator': 'str', 'physicalGeneratorNaturalPurpose': 'str', 'physicalGeneratorCampaignRole': 'str', 
'physicalGeneratorIsProduct': 'bool', 'physicalGeneratorIsPackaging': 'bool', 'worksWithoutProductVisible': 'bool', 
'transferredObject': 'str', 'transferredObjectAction': 'str', 'whyClearerThanShowingProduct': 'str', 
'clearerThanConventionalProductShot': 'bool', 'survivesProductRemoval': 'bool', 'productEvidenceRequired': 'bool', 
'productEvidenceReason': 'str', 'mediumParticipates': 'bool', 'mediumRole': 'str', 'campaignRationale': 'str', 
'brandSlogan': 'str'}
ok
test_conceptual_stage_prompt_receives_selected_slogan 
(test_builder1_slogan_methodology.TestPlanningOrder.test_conceptual_stage_prompt_receives_selected_slogan) ... ok
test_planner_source_order_has_slogan_before_conceptual 
(test_builder1_slogan_methodology.TestPlanningOrder.test_planner_source_order_has_slogan_before_conceptual) ... ok
test_brand_physical_system_forbids_slogan_creation 
(test_builder1_slogan_methodology.TestRegressionAndBoundaries.test_brand_physical_system_forbids_slogan_creation) ... 
ok
test_builder2_unchanged (test_builder1_slogan_methodology.TestRegressionAndBoundaries.test_builder2_unchanged) ... ok
test_integrity_validation_exists_without_judge 
(test_builder1_slogan_methodology.TestRegressionAndBoundaries.test_integrity_validation_exists_without_judge) ... ok
test_generic_slogan_routes_to_slogan_scan 
(test_builder1_slogan_methodology.TestRepairRouting.test_generic_slogan_routes_to_slogan_scan) ... ok
test_transferable_campaign_routes_to_strategy_scan 
(test_builder1_slogan_methodology.TestRepairRouting.test_transferable_campaign_routes_to_strategy_scan) ... ok
test_weak_concept_routes_to_conceptual_scan 
(test_builder1_slogan_methodology.TestRepairRouting.test_weak_concept_routes_to_conceptual_scan) ... ok
test_weak_physical_routes_to_brand_physical 
(test_builder1_slogan_methodology.TestRepairRouting.test_weak_physical_routes_to_brand_physical) ... ok
test_advantage_derived_slogan_passes_gate 
(test_builder1_slogan_methodology.TestSloganQuality.test_advantage_derived_slogan_passes_gate) ... ok
test_empty_implied_action_rejected 
(test_builder1_slogan_methodology.TestSloganQuality.test_empty_implied_action_rejected) ... ok
test_generic_slogan_rejected_in_scan 
(test_builder1_slogan_methodology.TestSloganQuality.test_generic_slogan_rejected_in_scan) ... ok
test_high_transfer_risk_rejected_at_gate 
(test_builder1_slogan_methodology.TestSloganQuality.test_high_transfer_risk_rejected_at_gate) ... ok
test_builder2_files_unrelated (test_builder1_slogan_quality_flow.TestBuilder2Unchanged.test_builder2_files_unrelated) 
... ok
test_all_candidates_validated_before_selection 
(test_builder1_slogan_quality_flow.TestCandidateValidation.test_all_candidates_validated_before_selection) ... ok
test_descriptive_category_label_rejected 
(test_builder1_slogan_quality_flow.TestCandidateValidation.test_descriptive_category_label_rejected) ... ok
test_empty_implied_action_rejected 
(test_builder1_slogan_quality_flow.TestCandidateValidation.test_empty_implied_action_rejected) ... ok
test_future_capability_slogan_rejected 
(test_builder1_slogan_quality_flow.TestCandidateValidation.test_future_capability_slogan_rejected) ... ok
test_generic_slogan_rejected (test_builder1_slogan_quality_flow.TestCandidateValidation.test_generic_slogan_rejected) 
... ok
test_high_transfer_risk_rejected 
(test_builder1_slogan_quality_flow.TestCandidateValidation.test_high_transfer_risk_rejected) ... ok
test_noun_to_action_transformation_can_pass_deterministic 
(test_builder1_slogan_quality_flow.TestCandidateValidation.test_noun_to_action_transformation_can_pass_deterministic) 
... ok
test_old_overlap_test_fixture_still_passes_without_overlap_requirement (test_builder1_slogan_quality_flow.TestCandidate
Validation.test_old_overlap_test_fixture_still_passes_without_overlap_requirement) ... ok
test_synonym_slogan_not_rejected_for_overlap 
(test_builder1_slogan_quality_flow.TestCandidateValidation.test_synonym_slogan_not_rejected_for_overlap) ... ok
test_production_style_slogan_passes_without_word_overlap 
(test_builder1_slogan_quality_flow.TestEligibleSelection.test_production_style_slogan_passes_without_word_overlap) ... 
ok
test_selector_cannot_choose_outside_eligible_ids 
(test_builder1_slogan_quality_flow.TestEligibleSelection.test_selector_cannot_choose_outside_eligible_ids) ... ok
test_duplicate_replacement_id_rejected 
(test_builder1_slogan_quality_flow.TestFocusedRepair.test_duplicate_replacement_id_rejected) ... ok
test_five_valid_candidates_unchanged_after_one_repair 
(test_builder1_slogan_quality_flow.TestFocusedRepair.test_five_valid_candidates_unchanged_after_one_repair) ... ok
test_merge_preserves_valid_candidates 
(test_builder1_slogan_quality_flow.TestFocusedRepair.test_merge_preserves_valid_candidates) ... ok
test_replacement_must_cover_all_invalid_ids 
(test_builder1_slogan_quality_flow.TestFocusedRepair.test_replacement_must_cover_all_invalid_ids) ... ok
test_unknown_replacement_id_rejected 
(test_builder1_slogan_quality_flow.TestFocusedRepair.test_unknown_replacement_id_rejected) ... ok
test_image_compliance_module_unchanged_by_slogan_quality (test_builder1_slogan_quality_flow.TestImageComplianceUnchange
d.test_image_compliance_module_unchanged_by_slogan_quality) ... ok
test_conceptual_scan_receives_final_selected_slogan 
(test_builder1_slogan_quality_flow.TestQualityPipelineIntegration.test_conceptual_scan_receives_final_selected_slogan) 
... INFO:engine.builder1_planner:BUILDER1_SERIES_PLANNING_START productName=CarryShell format=portrait adCount=4 
seed=9368d6f5-b572-4077-8ebe-de8c9f488f90 lang=en
INFO:engine.builder1_product_visibility:BUILDER1_PRODUCT_VISIBILITY_POLICY campaignId= mode=FORBIDDEN source=default
INFO:engine.builder1_planner:BUILDER1_PRODUCT_NAME_SOURCE source=user
INFO:engine.builder1_planner:BUILDER1_STAGE_START stage=strategy_stage attempt=1
INFO:engine.builder1_strategy_scan:BUILDER1_STRATEGY_SCAN_OK candidates=12
INFO:engine.builder1_planner:BUILDER1_STAGE_PARSE_OK stage=strategy_stage
INFO:engine.builder1_planner:BUILDER1_STAGE_DURATION stage=strategy_stage attempt=1 durationMs=2
INFO:engine.builder1_planner:BUILDER1_STAGE_START stage=slogan_stage attempt=1
INFO:engine.builder1_planner:BUILDER1_STAGE_PARSE_OK stage=slogan_stage
INFO:engine.builder1_planner:BUILDER1_STAGE_DURATION stage=slogan_stage attempt=1 durationMs=0
INFO:engine.builder1_planner:BUILDER1_STAGE_START stage=conceptual_stage attempt=1
INFO:engine.builder1_planner:BUILDER1_STAGE_PARSE_OK stage=conceptual_stage
INFO:engine.builder1_planner:BUILDER1_STAGE_DURATION stage=conceptual_stage attempt=1 durationMs=1
INFO:engine.builder1_product_visibility:BUILDER1_PRODUCT_VISIBILITY_POLICY campaignId= mode=FORBIDDEN source=default
INFO:engine.builder1_planner:BUILDER1_STAGE_START stage=brand_physical attempt=1
INFO:engine.builder1_planner:BUILDER1_STAGE_PARSE_OK stage=brand_physical
INFO:engine.builder1_planner:BUILDER1_STAGE_DURATION stage=brand_physical attempt=1 durationMs=0
INFO:engine.builder1_planner:BUILDER1_STAGE_START stage=graphic_system attempt=1
INFO:engine.builder1_planner:BUILDER1_STAGE_PARSE_OK stage=graphic_system
INFO:engine.builder1_planner:BUILDER1_STAGE_DURATION stage=graphic_system attempt=1 durationMs=0
INFO:engine.builder1_planner:BUILDER1_STAGE_START stage=series_ads attempt=1
INFO:engine.builder1_planner:BUILDER1_STAGE_PARSE_OK stage=series_ads
INFO:engine.builder1_planner:BUILDER1_STAGE_DURATION stage=series_ads attempt=1 durationMs=1
INFO:engine.builder1_marketing_text_repair:BUILDER1_MARKETING_TEXT_CHECK adIndex=1 wordCount=50
INFO:engine.builder1_marketing_text_repair:BUILDER1_MARKETING_LANGUAGE_CHECK adIndex=1 targetLanguage=en 
dominantLanguage=en valid=True hebrewChars=0 latinChars=50
INFO:engine.builder1_marketing_text_repair:BUILDER1_MARKETING_TEXT_CHECK adIndex=2 wordCount=50
INFO:engine.builder1_marketing_text_repair:BUILDER1_MARKETING_LANGUAGE_CHECK adIndex=2 targetLanguage=en 
dominantLanguage=en valid=True hebrewChars=0 latinChars=50
INFO:engine.builder1_marketing_text_repair:BUILDER1_MARKETING_TEXT_CHECK adIndex=3 wordCount=50
INFO:engine.builder1_marketing_text_repair:BUILDER1_MARKETING_LANGUAGE_CHECK adIndex=3 targetLanguage=en 
dominantLanguage=en valid=True hebrewChars=0 latinChars=50
INFO:engine.builder1_marketing_text_repair:BUILDER1_MARKETING_TEXT_CHECK adIndex=4 wordCount=50
INFO:engine.builder1_marketing_text_repair:BUILDER1_MARKETING_LANGUAGE_CHECK adIndex=4 targetLanguage=en 
dominantLanguage=en valid=True hebrewChars=0 latinChars=50
INFO:engine.builder1_planning_pipeline:BUILDER1_INTEGRITY_OK
INFO:engine.builder1_planning_metrics:BUILDER1_PIPELINE_DURATION durationMs=16
INFO:engine.builder1_planner:BUILDER1_SERIES_PLANNING_OK adCount=4
INFO:engine.builder1_planning_metrics:BUILDER1_PLANNING_CALL_SUMMARY campaignId= jobId= productNameCallUsed=false 
productNameStageCalls=0 strategyStageCalls=1 sloganStageCalls=1 conceptualStageCalls=1 physicalStageCalls=1 
graphicStageCalls=1 seriesStageCalls=1 marketingTextRepairCalls=0 stageRepairCalls=0 stageRetryCalls=0 
stageModelFallbackCalls=0 normalExpectedCalls=6 actualPlanningCalls=6 totalPlanningModelCalls=6 promptTokens= 
outputTokens= totalTokens= totalPlanningDurationMs=16
ok
test_generate_again_does_not_rerun_slogan_stages 
(test_builder1_slogan_quality_flow.TestQualityPipelineIntegration.test_generate_again_does_not_rerun_slogan_stages) 
... INFO:engine.builder1_campaign_store:BUILDER1_CAMPAIGN_CREATED campaignId=slogan-next targetAdCount=2 
backend=memory planRevision=1
INFO:engine.builder1_campaign_store:BUILDER1_CAMPAIGN_SESSION_CREATED campaignId=slogan-next targetAdCount=2
INFO:engine.builder1_campaign_store:BUILDER1_NEXT_AD_RESERVED campaignId=slogan-next adIndex=1 targetAdCount=2 
generatedCount=0 jobId=None planRevision=1
INFO:engine.builder1_campaign_store:BUILDER1_CAMPAIGN_PROGRESS campaignId=slogan-next generatedCount=1 targetAdCount=2 
complete=False
INFO:engine.builder1_campaign_store:BUILDER1_AD_GENERATED campaignId=slogan-next adIndex=1 generatedCount=1 
complete=False planRevision=1
ok
test_no_eligible_candidates_signals_bounded_full_rescan (test_builder1_slogan_quality_flow.TestQualityPipelineIntegrati
on.test_no_eligible_candidates_signals_bounded_full_rescan) ... 
INFO:engine.builder1_slogan_quality:BUILDER1_SLOGAN_CANDIDATE_VALIDATION total=6 eligible=0 invalid=6
INFO:engine.builder1_slogan_quality:BUILDER1_SLOGAN_CANDIDATE_REJECTED candidateId=L01 reasonCode=slogan_generic
INFO:engine.builder1_slogan_quality:BUILDER1_SLOGAN_CANDIDATE_REJECTED candidateId=L02 reasonCode=slogan_generic
INFO:engine.builder1_slogan_quality:BUILDER1_SLOGAN_CANDIDATE_REJECTED candidateId=L03 reasonCode=slogan_generic
INFO:engine.builder1_slogan_quality:BUILDER1_SLOGAN_CANDIDATE_REJECTED candidateId=L04 reasonCode=slogan_generic
INFO:engine.builder1_slogan_quality:BUILDER1_SLOGAN_CANDIDATE_REJECTED candidateId=L05 reasonCode=slogan_generic
INFO:engine.builder1_slogan_quality:BUILDER1_SLOGAN_CANDIDATE_REJECTED candidateId=L06 reasonCode=slogan_generic
INFO:engine.builder1_slogan_quality:BUILDER1_SLOGAN_CANDIDATE_REPAIR_START candidateIds=L01,L02,L03,L04,L05,L06
WARNING:engine.builder1_slogan_quality:BUILDER1_SLOGAN_CANDIDATE_REPAIR_FAILED
INFO:engine.builder1_slogan_quality:BUILDER1_SLOGAN_FULL_RESCAN reason=no_eligible_candidates
ok
test_one_invalid_candidate_triggers_focused_repair 
(test_builder1_slogan_quality_flow.TestQualityPipelineIntegration.test_one_invalid_candidate_triggers_focused_repair) 
... INFO:engine.builder1_slogan_quality:BUILDER1_SLOGAN_CANDIDATE_VALIDATION total=6 eligible=5 invalid=1
INFO:engine.builder1_slogan_quality:BUILDER1_SLOGAN_CANDIDATE_REJECTED candidateId=L03 reasonCode=slogan_generic
INFO:engine.builder1_slogan_quality:BUILDER1_SLOGAN_CANDIDATE_REPAIR_START candidateIds=L03
INFO:engine.builder1_slogan_quality:BUILDER1_SLOGAN_CANDIDATE_REPAIR_OK repaired=1
INFO:engine.builder1_slogan_quality:BUILDER1_SLOGAN_CANDIDATE_VALIDATION total=6 eligible=6 invalid=0
ok
test_plan_builder1_preserves_product_name_and_ad_count (test_builder1_slogan_quality_flow.TestQualityPipelineIntegratio
n.test_plan_builder1_preserves_product_name_and_ad_count) ... 
INFO:engine.builder1_planner:BUILDER1_SERIES_PLANNING_START productName=CarryShell format=portrait adCount=4 
seed=d59f8952-4c04-4a0e-aa23-c1c666c1ad66 lang=en
INFO:engine.builder1_product_visibility:BUILDER1_PRODUCT_VISIBILITY_POLICY campaignId= mode=FORBIDDEN source=default
INFO:engine.builder1_planner:BUILDER1_PRODUCT_NAME_SOURCE source=user
INFO:engine.builder1_planner:BUILDER1_STAGE_START stage=strategy_stage attempt=1
INFO:engine.builder1_strategy_scan:BUILDER1_STRATEGY_SCAN_OK candidates=12
INFO:engine.builder1_planner:BUILDER1_STAGE_PARSE_OK stage=strategy_stage
INFO:engine.builder1_planner:BUILDER1_STAGE_DURATION stage=strategy_stage attempt=1 durationMs=7
INFO:engine.builder1_planner:BUILDER1_STAGE_START stage=slogan_stage attempt=1
INFO:engine.builder1_planner:BUILDER1_STAGE_PARSE_OK stage=slogan_stage
INFO:engine.builder1_planner:BUILDER1_STAGE_DURATION stage=slogan_stage attempt=1 durationMs=0
INFO:engine.builder1_planner:BUILDER1_STAGE_START stage=conceptual_stage attempt=1
INFO:engine.builder1_planner:BUILDER1_STAGE_PARSE_OK stage=conceptual_stage
INFO:engine.builder1_planner:BUILDER1_STAGE_DURATION stage=conceptual_stage attempt=1 durationMs=1
INFO:engine.builder1_product_visibility:BUILDER1_PRODUCT_VISIBILITY_POLICY campaignId= mode=FORBIDDEN source=default
INFO:engine.builder1_planner:BUILDER1_STAGE_START stage=brand_physical attempt=1
INFO:engine.builder1_planner:BUILDER1_STAGE_PARSE_OK stage=brand_physical
INFO:engine.builder1_planner:BUILDER1_STAGE_DURATION stage=brand_physical attempt=1 durationMs=0
INFO:engine.builder1_planner:BUILDER1_STAGE_START stage=graphic_system attempt=1
INFO:engine.builder1_planner:BUILDER1_STAGE_PARSE_OK stage=graphic_system
INFO:engine.builder1_planner:BUILDER1_STAGE_DURATION stage=graphic_system attempt=1 durationMs=0
INFO:engine.builder1_planner:BUILDER1_STAGE_START stage=series_ads attempt=1
INFO:engine.builder1_planner:BUILDER1_STAGE_PARSE_OK stage=series_ads
INFO:engine.builder1_planner:BUILDER1_STAGE_DURATION stage=series_ads attempt=1 durationMs=1
INFO:engine.builder1_marketing_text_repair:BUILDER1_MARKETING_TEXT_CHECK adIndex=1 wordCount=50
INFO:engine.builder1_marketing_text_repair:BUILDER1_MARKETING_LANGUAGE_CHECK adIndex=1 targetLanguage=en 
dominantLanguage=en valid=True hebrewChars=0 latinChars=50
INFO:engine.builder1_marketing_text_repair:BUILDER1_MARKETING_TEXT_CHECK adIndex=2 wordCount=50
INFO:engine.builder1_marketing_text_repair:BUILDER1_MARKETING_LANGUAGE_CHECK adIndex=2 targetLanguage=en 
dominantLanguage=en valid=True hebrewChars=0 latinChars=50
INFO:engine.builder1_marketing_text_repair:BUILDER1_MARKETING_TEXT_CHECK adIndex=3 wordCount=50
INFO:engine.builder1_marketing_text_repair:BUILDER1_MARKETING_LANGUAGE_CHECK adIndex=3 targetLanguage=en 
dominantLanguage=en valid=True hebrewChars=0 latinChars=50
INFO:engine.builder1_marketing_text_repair:BUILDER1_MARKETING_TEXT_CHECK adIndex=4 wordCount=50
INFO:engine.builder1_marketing_text_repair:BUILDER1_MARKETING_LANGUAGE_CHECK adIndex=4 targetLanguage=en 
dominantLanguage=en valid=True hebrewChars=0 latinChars=50
INFO:engine.builder1_planning_pipeline:BUILDER1_INTEGRITY_OK
INFO:engine.builder1_planning_metrics:BUILDER1_PIPELINE_DURATION durationMs=20
INFO:engine.builder1_planner:BUILDER1_SERIES_PLANNING_OK adCount=4
INFO:engine.builder1_planning_metrics:BUILDER1_PLANNING_CALL_SUMMARY campaignId= jobId= productNameCallUsed=false 
productNameStageCalls=0 strategyStageCalls=1 sloganStageCalls=1 conceptualStageCalls=1 physicalStageCalls=1 
graphicStageCalls=1 seriesStageCalls=1 marketingTextRepairCalls=0 stageRepairCalls=0 stageRetryCalls=0 
stageModelFallbackCalls=0 normalExpectedCalls=6 actualPlanningCalls=6 totalPlanningModelCalls=6 promptTokens= 
outputTokens= totalTokens= totalPlanningDurationMs=20
ok
test_second_scan_without_eligible_candidates_fails_honestly (test_builder1_slogan_quality_flow.TestQualityPipelineInteg
ration.test_second_scan_without_eligible_candidates_fails_honestly) ... 
INFO:engine.builder1_slogan_quality:BUILDER1_SLOGAN_CANDIDATE_VALIDATION total=6 eligible=0 invalid=6
INFO:engine.builder1_slogan_quality:BUILDER1_SLOGAN_CANDIDATE_REJECTED candidateId=L01 reasonCode=slogan_generic
INFO:engine.builder1_slogan_quality:BUILDER1_SLOGAN_CANDIDATE_REJECTED candidateId=L02 reasonCode=slogan_generic
INFO:engine.builder1_slogan_quality:BUILDER1_SLOGAN_CANDIDATE_REJECTED candidateId=L03 reasonCode=slogan_generic
INFO:engine.builder1_slogan_quality:BUILDER1_SLOGAN_CANDIDATE_REJECTED candidateId=L04 reasonCode=slogan_generic
INFO:engine.builder1_slogan_quality:BUILDER1_SLOGAN_CANDIDATE_REJECTED candidateId=L05 reasonCode=slogan_generic
INFO:engine.builder1_slogan_quality:BUILDER1_SLOGAN_CANDIDATE_REJECTED candidateId=L06 reasonCode=slogan_generic
INFO:engine.builder1_slogan_quality:BUILDER1_SLOGAN_CANDIDATE_REPAIR_START candidateIds=L01,L02,L03,L04,L05,L06
WARNING:engine.builder1_slogan_quality:BUILDER1_SLOGAN_CANDIDATE_REPAIR_FAILED
ok
test_valid_candidates_proceed_to_eligible_set 
(test_builder1_slogan_quality_flow.TestQualityPipelineIntegration.test_valid_candidates_proceed_to_eligible_set) ... 
INFO:engine.builder1_slogan_quality:BUILDER1_SLOGAN_CANDIDATE_VALIDATION total=6 eligible=6 invalid=0
ok
test_pass_true_with_violations_rejected 
(test_builder1_slogan_quality_flow.TestQualityReviewParser.test_pass_true_with_violations_rejected) ... ok
test_quality_review_requires_all_ids 
(test_builder1_slogan_quality_flow.TestQualityReviewParser.test_quality_review_requires_all_ids) ... ok
test_bounded_retry_prevents_infinite_slogan_loop 
(test_builder1_slogan_quality_flow.TestReselectionAndRetryLimits.test_bounded_retry_prevents_infinite_slogan_loop) ... 
INFO:engine.builder1_slogan_quality:BUILDER1_SLOGAN_SELECTION_ELIGIBLE candidateIds=L01,L02,L03,L04,L05,L06
INFO:engine.builder1_slogan_quality:BUILDER1_SLOGAN_RESELECTION rejectedCandidateId=L01 reasons=['slogan_generic']
INFO:engine.builder1_slogan_quality:BUILDER1_SLOGAN_SELECTION_ELIGIBLE candidateIds=L02,L03,L04,L05,L06
INFO:engine.builder1_slogan_quality:BUILDER1_SLOGAN_RESELECTION rejectedCandidateId=L02 reasons=['slogan_generic']
ok
test_gate_failure_triggers_reselection_without_rescan (test_builder1_slogan_quality_flow.TestReselectionAndRetryLimits.
test_gate_failure_triggers_reselection_without_rescan) ... 
INFO:engine.builder1_slogan_quality:BUILDER1_SLOGAN_SELECTION_ELIGIBLE candidateIds=L01,L02,L03,L04,L05,L06
INFO:engine.builder1_slogan_quality:BUILDER1_SLOGAN_RESELECTION rejectedCandidateId=L01 reasons=['slogan_generic']
INFO:engine.builder1_slogan_quality:BUILDER1_SLOGAN_SELECTION_ELIGIBLE candidateIds=L02,L03,L04,L05,L06
ok
test_reselection_preserves_candidate_pool 
(test_builder1_slogan_quality_flow.TestReselectionAndRetryLimits.test_reselection_preserves_candidate_pool) ... 
INFO:engine.builder1_slogan_quality:BUILDER1_SLOGAN_SELECTION_ELIGIBLE candidateIds=L01,L02,L03,L04,L05,L06
INFO:engine.builder1_slogan_quality:BUILDER1_SLOGAN_RESELECTION rejectedCandidateId=L01 reasons=['slogan_generic']
INFO:engine.builder1_slogan_quality:BUILDER1_SLOGAN_SELECTION_ELIGIBLE candidateIds=L02,L03,L04,L05,L06
ok
test_no_builder2_final_stage_modules 
(test_builder1_staged_planning.TestBuilder2Unchanged.test_no_builder2_final_stage_modules) ... ok
test_explicit_ad_count_four (test_builder1_staged_planning.TestDeterministicAssembly.test_explicit_ad_count_four) ... 
ok
test_no_internal_scans_in_public_plan 
(test_builder1_staged_planning.TestDeterministicAssembly.test_no_internal_scans_in_public_plan) ... ok
test_5a_medium_participates_string_false_normalized 
(test_builder1_staged_planning.TestFinalSubstageParsers.test_5a_medium_participates_string_false_normalized) ... ok
test_5a_missing_campaign_role_rejected 
(test_builder1_staged_planning.TestFinalSubstageParsers.test_5a_missing_campaign_role_rejected) ... 
ERROR:engine.builder1_final_stages:BUILDER1_STAGE_FAILED stage=brand_physical 
reasons=['missing_physicalGeneratorCampaignRole'] top_level_keys=['campaignRationale', 
'clearerThanConventionalProductShot', 'mediumParticipates', 'mediumRole', 'physicalCandidates', 'physicalEvaluations', 
'physicalGenerator', 'physicalGeneratorIsPackaging', 'physicalGeneratorIsProduct', 'physicalGeneratorNaturalPurpose', 
'productEvidenceReason', 'productEvidenceRequired', 'productNameResolved', 'selectedPhysicalCandidateId', 
'survivesProductRemoval', 'transferredObject', 'transferredObjectAction', 'whyClearerThanShowingProduct', 
'worksWithoutProductVisible'] field_types={'physicalCandidates': 'list', 'physicalEvaluations': 'list', 
'selectedPhysicalCandidateId': 'str', 'productNameResolved': 'str', 'physicalGenerator': 'str', 
'physicalGeneratorNaturalPurpose': 'str', 'physicalGeneratorIsProduct': 'bool', 'physicalGeneratorIsPackaging': 
'bool', 'worksWithoutProductVisible': 'bool', 'transferredObject': 'str', 'transferredObjectAction': 'str', 
'whyClearerThanShowingProduct': 'str', 'clearerThanConventionalProductShot': 'bool', 'survivesProductRemoval': 'bool', 
'productEvidenceRequired': 'bool', 'productEvidenceReason': 'str', 'mediumParticipates': 'bool', 'mediumRole': 'str', 
'campaignRationale': 'str'}
ok
test_5a_missing_natural_purpose_rejected 
(test_builder1_staged_planning.TestFinalSubstageParsers.test_5a_missing_natural_purpose_rejected) ... 
ERROR:engine.builder1_final_stages:BUILDER1_STAGE_FAILED stage=brand_physical 
reasons=['missing_physicalGeneratorNaturalPurpose'] top_level_keys=['campaignRationale', 
'clearerThanConventionalProductShot', 'mediumParticipates', 'mediumRole', 'physicalCandidates', 'physicalEvaluations', 
'physicalGenerator', 'physicalGeneratorCampaignRole', 'physicalGeneratorIsPackaging', 'physicalGeneratorIsProduct', 
'productEvidenceReason', 'productEvidenceRequired', 'productNameResolved', 'selectedPhysicalCandidateId', 
'survivesProductRemoval', 'transferredObject', 'transferredObjectAction', 'whyClearerThanShowingProduct', 
'worksWithoutProductVisible'] field_types={'physicalCandidates': 'list', 'physicalEvaluations': 'list', 
'selectedPhysicalCandidateId': 'str', 'productNameResolved': 'str', 'physicalGenerator': 'str', 
'physicalGeneratorCampaignRole': 'str', 'physicalGeneratorIsProduct': 'bool', 'physicalGeneratorIsPackaging': 'bool', 
'worksWithoutProductVisible': 'bool', 'transferredObject': 'str', 'transferredObjectAction': 'str', 
'whyClearerThanShowingProduct': 'str', 'clearerThanConventionalProductShot': 'bool', 'survivesProductRemoval': 'bool', 
'productEvidenceRequired': 'bool', 'productEvidenceReason': 'str', 'mediumParticipates': 'bool', 'mediumRole': 'str', 
'campaignRationale': 'str'}
ok
test_5b_missing_palette_color_rejected 
(test_builder1_staged_planning.TestFinalSubstageParsers.test_5b_missing_palette_color_rejected) ... 
ERROR:engine.builder1_final_stages:BUILDER1_STAGE_FAILED stage=graphic_system 
reasons=['graphic_generator_incomplete_palette'] top_level_keys=['backgroundTreatment', 'borderTreatment', 
'brandBlockPlacement', 'brandScale', 'copySafeArea', 'framingRule', 'headlineAlignment', 'headlineMaxWidthPercent', 
'headlinePlacement', 'headlineScale', 'imageStyle', 'layoutTemplate', 'palette', 'recurringGraphicDevice', 
'recurringGraphicDeviceRule', 'shapeLanguage', 'sloganPlacement', 'sloganPlacementReason', 'sloganScale', 
'spacingRule', 'typographyStyle'] field_types={'palette': 'dict', 'layoutTemplate': 'str', 'headlinePlacement': 'str', 
'headlineAlignment': 'str', 'headlineMaxWidthPercent': 'int', 'brandBlockPlacement': 'str', 'sloganPlacement': 'str', 
'copySafeArea': 'dict', 'typographyStyle': 'str', 'headlineScale': 'str', 'brandScale': 'str', 'sloganScale': 'str', 
'imageStyle': 'str', 'backgroundTreatment': 'str', 'borderTreatment': 'str', 'recurringGraphicDevice': 'str', 
'recurringGraphicDeviceRule': 'str', 'shapeLanguage': 'str', 'framingRule': 'str', 'spacingRule': 'str', 
'sloganPlacementReason': 'str'}
ok
test_5b_missing_palette_rejected 
(test_builder1_staged_planning.TestFinalSubstageParsers.test_5b_missing_palette_rejected) ... 
ERROR:engine.builder1_final_stages:BUILDER1_STAGE_FAILED stage=graphic_system 
reasons=['graphic_generator_missing_palette'] top_level_keys=['backgroundTreatment', 'borderTreatment', 
'brandBlockPlacement', 'brandScale', 'copySafeArea', 'framingRule', 'headlineAlignment', 'headlineMaxWidthPercent', 
'headlinePlacement', 'headlineScale', 'imageStyle', 'layoutTemplate', 'recurringGraphicDevice', 
'recurringGraphicDeviceRule', 'shapeLanguage', 'sloganPlacement', 'sloganPlacementReason', 'sloganScale', 
'spacingRule', 'typographyStyle'] field_types={'layoutTemplate': 'str', 'headlinePlacement': 'str', 
'headlineAlignment': 'str', 'headlineMaxWidthPercent': 'int', 'brandBlockPlacement': 'str', 'sloganPlacement': 'str', 
'copySafeArea': 'dict', 'typographyStyle': 'str', 'headlineScale': 'str', 'brandScale': 'str', 'sloganScale': 'str', 
'imageStyle': 'str', 'backgroundTreatment': 'str', 'borderTreatment': 'str', 'recurringGraphicDevice': 'str', 
'recurringGraphicDeviceRule': 'str', 'shapeLanguage': 'str', 'framingRule': 'str', 'spacingRule': 'str', 
'sloganPlacementReason': 'str'}
ok
test_5b_snake_case_keys_accepted 
(test_builder1_staged_planning.TestFinalSubstageParsers.test_5b_snake_case_keys_accepted) ... ok
test_5c_incomplete_series_rejected 
(test_builder1_staged_planning.TestFinalSubstageParsers.test_5c_incomplete_series_rejected) ... 
ERROR:engine.builder1_final_stages:BUILDER1_STAGE_FAILED stage=series_ads reasons=['series_generator_incomplete'] 
top_level_keys=['ads', 'seriesGenerator'] field_types={'seriesGenerator': 'dict', 'ads': 'list'}
ok
test_5c_omitted_indexes_injected 
(test_builder1_staged_planning.TestFinalSubstageParsers.test_5c_omitted_indexes_injected) ... 
INFO:engine.builder1_final_stages:BUILDER1_STAGE_NORMALIZE stage=series_ads field=index action=inject position=1
INFO:engine.builder1_final_stages:BUILDER1_STAGE_NORMALIZE stage=series_ads field=index action=inject position=2
ok
test_5c_series_generator_string_rejected 
(test_builder1_staged_planning.TestFinalSubstageParsers.test_5c_series_generator_string_rejected) ... 
ERROR:engine.builder1_final_stages:BUILDER1_STAGE_FAILED stage=series_ads reasons=['series_generator_not_object'] 
top_level_keys=['ads', 'seriesGenerator'] field_types={'seriesGenerator': 'str', 'ads': 'list'}
ok
test_5c_string_indexes_coerced (test_builder1_staged_planning.TestFinalSubstageParsers.test_5c_string_indexes_coerced) 
... ok
test_5c_too_few_ads_rejected (test_builder1_staged_planning.TestFinalSubstageParsers.test_5c_too_few_ads_rejected) ... 
ERROR:engine.builder1_final_stages:BUILDER1_STAGE_FAILED stage=series_ads reasons=['ads_length_mismatch'] 
top_level_keys=['ads', 'seriesGenerator'] field_types={'seriesGenerator': 'dict', 'ads': 'list'}
ok
test_5c_wrong_indexes_normalized_to_position 
(test_builder1_staged_planning.TestFinalSubstageParsers.test_5c_wrong_indexes_normalized_to_position) ... 
INFO:engine.builder1_final_stages:BUILDER1_STAGE_NORMALIZE stage=series_ads field=index action=position_override 
model_index=11 authoritative_index=1
INFO:engine.builder1_final_stages:BUILDER1_STAGE_NORMALIZE stage=series_ads field=index action=position_override 
model_index=12 authoritative_index=2
ok
test_strict_schema_disabled_when_text_param_missing 
(test_builder1_staged_planning.TestPlanningModelStrictSchema.test_strict_schema_disabled_when_text_param_missing) ... 
INFO:engine.builder1_planning_model:BUILDER1_STRICT_SCHEMA available=False
ok
test_strict_schema_enabled_when_text_param_supported 
(test_builder1_staged_planning.TestPlanningModelStrictSchema.test_strict_schema_enabled_when_text_param_supported) ... 
INFO:engine.builder1_planning_model:BUILDER1_STRICT_SCHEMA available=True
ok
test_5b_failure_does_not_rerun_early_stages 
(test_builder1_staged_planning.TestProductionShapedPlanner.test_5b_failure_does_not_rerun_early_stages) ... 
INFO:engine.builder1_planner:BUILDER1_SERIES_PLANNING_START productName= format=portrait adCount=2 
seed=013fd9b6-c33a-4c61-9b7d-a0100eef3461 lang=en
INFO:engine.builder1_product_visibility:BUILDER1_PRODUCT_VISIBILITY_POLICY campaignId= mode=FORBIDDEN source=default
INFO:engine.builder1_planner:BUILDER1_PRODUCT_NAME_GENERATION_START
INFO:engine.builder1_planner:BUILDER1_STAGE_START stage=product_name_resolution attempt=1
INFO:engine.builder1_planner:BUILDER1_STAGE_PARSE_OK stage=product_name_resolution
INFO:engine.builder1_planner:BUILDER1_STAGE_DURATION stage=product_name_resolution attempt=1 durationMs=0
INFO:engine.builder1_planner:BUILDER1_PRODUCT_NAME_GENERATION_OK nameLength=9 lang=en
INFO:engine.builder1_planner:BUILDER1_PRODUCT_NAME_SOURCE source=generated
INFO:engine.builder1_planner:BUILDER1_STAGE_START stage=strategy_stage attempt=1
INFO:engine.builder1_strategy_scan:BUILDER1_STRATEGY_SCAN_OK candidates=12
INFO:engine.builder1_planner:BUILDER1_STAGE_PARSE_OK stage=strategy_stage
INFO:engine.builder1_planner:BUILDER1_STAGE_DURATION stage=strategy_stage attempt=1 durationMs=2
INFO:engine.builder1_planner:BUILDER1_STAGE_START stage=slogan_stage attempt=1
INFO:engine.builder1_planner:BUILDER1_STAGE_PARSE_OK stage=slogan_stage
INFO:engine.builder1_planner:BUILDER1_STAGE_DURATION stage=slogan_stage attempt=1 durationMs=0
INFO:engine.builder1_planner:BUILDER1_STAGE_START stage=conceptual_stage attempt=1
INFO:engine.builder1_planner:BUILDER1_STAGE_PARSE_OK stage=conceptual_stage
INFO:engine.builder1_planner:BUILDER1_STAGE_DURATION stage=conceptual_stage attempt=1 durationMs=1
INFO:engine.builder1_product_visibility:BUILDER1_PRODUCT_VISIBILITY_POLICY campaignId= mode=FORBIDDEN source=default
INFO:engine.builder1_planner:BUILDER1_STAGE_START stage=brand_physical attempt=1
INFO:engine.builder1_planner:BUILDER1_STAGE_PARSE_OK stage=brand_physical
INFO:engine.builder1_planner:BUILDER1_STAGE_DURATION stage=brand_physical attempt=1 durationMs=0
INFO:engine.builder1_planner:BUILDER1_STAGE_START stage=graphic_system attempt=1
ERROR:engine.builder1_final_stages:BUILDER1_STAGE_FAILED stage=graphic_system 
reasons=['graphic_generator_missing_palette'] top_level_keys=['backgroundTreatment', 'borderTreatment', 
'brandBlockPlacement', 'brandScale', 'copySafeArea', 'framingRule', 'headlineAlignment', 'headlineMaxWidthPercent', 
'headlinePlacement', 'headlineScale', 'imageStyle', 'layoutTemplate', 'recurringGraphicDevice', 
'recurringGraphicDeviceRule', 'shapeLanguage', 'sloganPlacement', 'sloganPlacementReason', 'sloganScale', 
'spacingRule', 'typographyStyle'] field_types={'layoutTemplate': 'str', 'headlinePlacement': 'str', 
'headlineAlignment': 'str', 'headlineMaxWidthPercent': 'int', 'brandBlockPlacement': 'str', 'sloganPlacement': 'str', 
'copySafeArea': 'dict', 'typographyStyle': 'str', 'headlineScale': 'str', 'brandScale': 'str', 'sloganScale': 'str', 
'imageStyle': 'str', 'backgroundTreatment': 'str', 'borderTreatment': 'str', 'recurringGraphicDevice': 'str', 
'recurringGraphicDeviceRule': 'str', 'shapeLanguage': 'str', 'framingRule': 'str', 'spacingRule': 'str', 
'sloganPlacementReason': 'str'}
ERROR:engine.builder1_planner:BUILDER1_STAGE_FAILED stage=graphic_system reasons=['graphic_generator_missing_palette']
INFO:engine.builder1_planner:BUILDER1_STAGE_REPAIR stage=graphic_system
INFO:engine.builder1_planner:BUILDER1_STAGE_PARSE_OK stage=graphic_system after_repair
INFO:engine.builder1_planner:BUILDER1_STAGE_DURATION stage=graphic_system attempt=1 durationMs=0
INFO:engine.builder1_planner:BUILDER1_STAGE_START stage=series_ads attempt=1
INFO:engine.builder1_planner:BUILDER1_STAGE_PARSE_OK stage=series_ads
INFO:engine.builder1_planner:BUILDER1_STAGE_DURATION stage=series_ads attempt=1 durationMs=0
INFO:engine.builder1_marketing_text_repair:BUILDER1_MARKETING_TEXT_CHECK adIndex=1 wordCount=50
INFO:engine.builder1_marketing_text_repair:BUILDER1_MARKETING_LANGUAGE_CHECK adIndex=1 targetLanguage=en 
dominantLanguage=en valid=True hebrewChars=0 latinChars=50
INFO:engine.builder1_marketing_text_repair:BUILDER1_MARKETING_TEXT_CHECK adIndex=2 wordCount=50
INFO:engine.builder1_marketing_text_repair:BUILDER1_MARKETING_LANGUAGE_CHECK adIndex=2 targetLanguage=en 
dominantLanguage=en valid=True hebrewChars=0 latinChars=50
INFO:engine.builder1_planning_pipeline:BUILDER1_INTEGRITY_OK
INFO:engine.builder1_planning_metrics:BUILDER1_PIPELINE_DURATION durationMs=11
INFO:engine.builder1_planner:BUILDER1_SERIES_PLANNING_OK adCount=2
WARNING:engine.builder1_planning_metrics:BUILDER1_PLANNING_CALL_COUNT_HIGH campaignId= jobId= total=8 expected=7 
marketingTextRepairs=0 stageRepairs=1 stageRetries=0 stageModelFallbacks=0
INFO:engine.builder1_planning_metrics:BUILDER1_PLANNING_CALL_SUMMARY campaignId= jobId= productNameCallUsed=true 
productNameStageCalls=1 strategyStageCalls=1 sloganStageCalls=1 conceptualStageCalls=1 physicalStageCalls=1 
graphicStageCalls=2 seriesStageCalls=1 marketingTextRepairCalls=0 stageRepairCalls=1 stageRetryCalls=0 
stageModelFallbackCalls=0 normalExpectedCalls=7 actualPlanningCalls=8 totalPlanningModelCalls=8 promptTokens= 
outputTokens= totalTokens= totalPlanningDurationMs=11
ok
test_5c_failure_does_not_rerun_5a_or_5b 
(test_builder1_staged_planning.TestProductionShapedPlanner.test_5c_failure_does_not_rerun_5a_or_5b) ... 
INFO:engine.builder1_planner:BUILDER1_SERIES_PLANNING_START productName= format=portrait adCount=2 
seed=a4ee1d82-4c0e-4aac-ada5-cd7ec46768d0 lang=en
INFO:engine.builder1_product_visibility:BUILDER1_PRODUCT_VISIBILITY_POLICY campaignId= mode=FORBIDDEN source=default
INFO:engine.builder1_planner:BUILDER1_PRODUCT_NAME_GENERATION_START
INFO:engine.builder1_planner:BUILDER1_STAGE_START stage=product_name_resolution attempt=1
INFO:engine.builder1_planner:BUILDER1_STAGE_PARSE_OK stage=product_name_resolution
INFO:engine.builder1_planner:BUILDER1_STAGE_DURATION stage=product_name_resolution attempt=1 durationMs=0
INFO:engine.builder1_planner:BUILDER1_PRODUCT_NAME_GENERATION_OK nameLength=9 lang=en
INFO:engine.builder1_planner:BUILDER1_PRODUCT_NAME_SOURCE source=generated
INFO:engine.builder1_planner:BUILDER1_STAGE_START stage=strategy_stage attempt=1
INFO:engine.builder1_strategy_scan:BUILDER1_STRATEGY_SCAN_OK candidates=12
INFO:engine.builder1_planner:BUILDER1_STAGE_PARSE_OK stage=strategy_stage
INFO:engine.builder1_planner:BUILDER1_STAGE_DURATION stage=strategy_stage attempt=1 durationMs=2
INFO:engine.builder1_planner:BUILDER1_STAGE_START stage=slogan_stage attempt=1
INFO:engine.builder1_planner:BUILDER1_STAGE_PARSE_OK stage=slogan_stage
INFO:engine.builder1_planner:BUILDER1_STAGE_DURATION stage=slogan_stage attempt=1 durationMs=0
INFO:engine.builder1_planner:BUILDER1_STAGE_START stage=conceptual_stage attempt=1
INFO:engine.builder1_planner:BUILDER1_STAGE_PARSE_OK stage=conceptual_stage
INFO:engine.builder1_planner:BUILDER1_STAGE_DURATION stage=conceptual_stage attempt=1 durationMs=1
INFO:engine.builder1_product_visibility:BUILDER1_PRODUCT_VISIBILITY_POLICY campaignId= mode=FORBIDDEN source=default
INFO:engine.builder1_planner:BUILDER1_STAGE_START stage=brand_physical attempt=1
INFO:engine.builder1_planner:BUILDER1_STAGE_PARSE_OK stage=brand_physical
INFO:engine.builder1_planner:BUILDER1_STAGE_DURATION stage=brand_physical attempt=1 durationMs=0
INFO:engine.builder1_planner:BUILDER1_STAGE_START stage=graphic_system attempt=1
INFO:engine.builder1_planner:BUILDER1_STAGE_PARSE_OK stage=graphic_system
INFO:engine.builder1_planner:BUILDER1_STAGE_DURATION stage=graphic_system attempt=1 durationMs=0
INFO:engine.builder1_planner:BUILDER1_STAGE_START stage=series_ads attempt=1
ERROR:engine.builder1_final_stages:BUILDER1_STAGE_FAILED stage=series_ads reasons=['series_generator_not_object'] 
top_level_keys=['ads', 'seriesGenerator'] field_types={'seriesGenerator': 'str', 'ads': 'list'}
ERROR:engine.builder1_planner:BUILDER1_STAGE_FAILED stage=series_ads reasons=['series_generator_not_object']
INFO:engine.builder1_planner:BUILDER1_STAGE_REPAIR stage=series_ads
INFO:engine.builder1_planner:BUILDER1_STAGE_PARSE_OK stage=series_ads after_repair
INFO:engine.builder1_planner:BUILDER1_STAGE_DURATION stage=series_ads attempt=1 durationMs=1
INFO:engine.builder1_marketing_text_repair:BUILDER1_MARKETING_TEXT_CHECK adIndex=1 wordCount=50
INFO:engine.builder1_marketing_text_repair:BUILDER1_MARKETING_LANGUAGE_CHECK adIndex=1 targetLanguage=en 
dominantLanguage=en valid=True hebrewChars=0 latinChars=50
INFO:engine.builder1_marketing_text_repair:BUILDER1_MARKETING_TEXT_CHECK adIndex=2 wordCount=50
INFO:engine.builder1_marketing_text_repair:BUILDER1_MARKETING_LANGUAGE_CHECK adIndex=2 targetLanguage=en 
dominantLanguage=en valid=True hebrewChars=0 latinChars=50
INFO:engine.builder1_planning_pipeline:BUILDER1_INTEGRITY_OK
INFO:engine.builder1_planning_metrics:BUILDER1_PIPELINE_DURATION durationMs=12
INFO:engine.builder1_planner:BUILDER1_SERIES_PLANNING_OK adCount=2
WARNING:engine.builder1_planning_metrics:BUILDER1_PLANNING_CALL_COUNT_HIGH campaignId= jobId= total=8 expected=7 
marketingTextRepairs=0 stageRepairs=1 stageRetries=0 stageModelFallbacks=0
INFO:engine.builder1_planning_metrics:BUILDER1_PLANNING_CALL_SUMMARY campaignId= jobId= productNameCallUsed=true 
productNameStageCalls=1 strategyStageCalls=1 sloganStageCalls=1 conceptualStageCalls=1 physicalStageCalls=1 
graphicStageCalls=1 seriesStageCalls=2 marketingTextRepairCalls=0 stageRepairCalls=1 stageRetryCalls=0 
stageModelFallbackCalls=0 normalExpectedCalls=7 actualPlanningCalls=8 totalPlanningModelCalls=8 promptTokens= 
outputTokens= totalTokens= totalPlanningDurationMs=12
ok
test_ad_count_four_end_to_end 
(test_builder1_staged_planning.TestProductionShapedPlanner.test_ad_count_four_end_to_end) ... 
INFO:engine.builder1_planner:BUILDER1_SERIES_PLANNING_START productName= format=portrait adCount=4 
seed=4ef58692-1423-4f82-b55e-357a0bf0419c lang=en
INFO:engine.builder1_product_visibility:BUILDER1_PRODUCT_VISIBILITY_POLICY campaignId= mode=FORBIDDEN source=default
INFO:engine.builder1_planner:BUILDER1_PRODUCT_NAME_GENERATION_START
INFO:engine.builder1_planner:BUILDER1_STAGE_START stage=product_name_resolution attempt=1
INFO:engine.builder1_planner:BUILDER1_STAGE_PARSE_OK stage=product_name_resolution
INFO:engine.builder1_planner:BUILDER1_STAGE_DURATION stage=product_name_resolution attempt=1 durationMs=0
INFO:engine.builder1_planner:BUILDER1_PRODUCT_NAME_GENERATION_OK nameLength=9 lang=en
INFO:engine.builder1_planner:BUILDER1_PRODUCT_NAME_SOURCE source=generated
INFO:engine.builder1_planner:BUILDER1_STAGE_START stage=strategy_stage attempt=1
INFO:engine.builder1_strategy_scan:BUILDER1_STRATEGY_SCAN_OK candidates=12
INFO:engine.builder1_planner:BUILDER1_STAGE_PARSE_OK stage=strategy_stage
INFO:engine.builder1_planner:BUILDER1_STAGE_DURATION stage=strategy_stage attempt=1 durationMs=2
INFO:engine.builder1_planner:BUILDER1_STAGE_START stage=slogan_stage attempt=1
INFO:engine.builder1_planner:BUILDER1_STAGE_PARSE_OK stage=slogan_stage
INFO:engine.builder1_planner:BUILDER1_STAGE_DURATION stage=slogan_stage attempt=1 durationMs=0
INFO:engine.builder1_planner:BUILDER1_STAGE_START stage=conceptual_stage attempt=1
INFO:engine.builder1_planner:BUILDER1_STAGE_PARSE_OK stage=conceptual_stage
INFO:engine.builder1_planner:BUILDER1_STAGE_DURATION stage=conceptual_stage attempt=1 durationMs=1
INFO:engine.builder1_product_visibility:BUILDER1_PRODUCT_VISIBILITY_POLICY campaignId= mode=FORBIDDEN source=default
INFO:engine.builder1_planner:BUILDER1_STAGE_START stage=brand_physical attempt=1
INFO:engine.builder1_planner:BUILDER1_STAGE_PARSE_OK stage=brand_physical
INFO:engine.builder1_planner:BUILDER1_STAGE_DURATION stage=brand_physical attempt=1 durationMs=0
INFO:engine.builder1_planner:BUILDER1_STAGE_START stage=graphic_system attempt=1
INFO:engine.builder1_planner:BUILDER1_STAGE_PARSE_OK stage=graphic_system
INFO:engine.builder1_planner:BUILDER1_STAGE_DURATION stage=graphic_system attempt=1 durationMs=0
INFO:engine.builder1_planner:BUILDER1_STAGE_START stage=series_ads attempt=1
INFO:engine.builder1_planner:BUILDER1_STAGE_PARSE_OK stage=series_ads
INFO:engine.builder1_planner:BUILDER1_STAGE_DURATION stage=series_ads attempt=1 durationMs=2
INFO:engine.builder1_marketing_text_repair:BUILDER1_MARKETING_TEXT_CHECK adIndex=1 wordCount=50
INFO:engine.builder1_marketing_text_repair:BUILDER1_MARKETING_LANGUAGE_CHECK adIndex=1 targetLanguage=en 
dominantLanguage=en valid=True hebrewChars=0 latinChars=50
INFO:engine.builder1_marketing_text_repair:BUILDER1_MARKETING_TEXT_CHECK adIndex=2 wordCount=50
INFO:engine.builder1_marketing_text_repair:BUILDER1_MARKETING_LANGUAGE_CHECK adIndex=2 targetLanguage=en 
dominantLanguage=en valid=True hebrewChars=0 latinChars=50
INFO:engine.builder1_marketing_text_repair:BUILDER1_MARKETING_TEXT_CHECK adIndex=3 wordCount=50
INFO:engine.builder1_marketing_text_repair:BUILDER1_MARKETING_LANGUAGE_CHECK adIndex=3 targetLanguage=en 
dominantLanguage=en valid=True hebrewChars=0 latinChars=50
INFO:engine.builder1_marketing_text_repair:BUILDER1_MARKETING_TEXT_CHECK adIndex=4 wordCount=50
INFO:engine.builder1_marketing_text_repair:BUILDER1_MARKETING_LANGUAGE_CHECK adIndex=4 targetLanguage=en 
dominantLanguage=en valid=True hebrewChars=0 latinChars=50
INFO:engine.builder1_planning_pipeline:BUILDER1_INTEGRITY_OK
INFO:engine.builder1_planning_metrics:BUILDER1_PIPELINE_DURATION durationMs=17
INFO:engine.builder1_planner:BUILDER1_SERIES_PLANNING_OK adCount=4
INFO:engine.builder1_planning_metrics:BUILDER1_PLANNING_CALL_SUMMARY campaignId= jobId= productNameCallUsed=true 
productNameStageCalls=1 strategyStageCalls=1 sloganStageCalls=1 conceptualStageCalls=1 physicalStageCalls=1 
graphicStageCalls=1 seriesStageCalls=1 marketingTextRepairCalls=0 stageRepairCalls=0 stageRetryCalls=0 
stageModelFallbackCalls=0 normalExpectedCalls=7 actualPlanningCalls=7 totalPlanningModelCalls=7 promptTokens= 
outputTokens= totalTokens= totalPlanningDurationMs=17
ok
test_focused_repair_success_reaches_assembly 
(test_builder1_staged_planning.TestProductionShapedPlanner.test_focused_repair_success_reaches_assembly) ... 
INFO:engine.builder1_planner:BUILDER1_SERIES_PLANNING_START productName= format=portrait adCount=2 
seed=4a42f12a-e1f2-47ed-85aa-2ee02e0a46fe lang=en
INFO:engine.builder1_product_visibility:BUILDER1_PRODUCT_VISIBILITY_POLICY campaignId= mode=FORBIDDEN source=default
INFO:engine.builder1_planner:BUILDER1_PRODUCT_NAME_GENERATION_START
INFO:engine.builder1_planner:BUILDER1_STAGE_START stage=product_name_resolution attempt=1
INFO:engine.builder1_planner:BUILDER1_STAGE_PARSE_OK stage=product_name_resolution
INFO:engine.builder1_planner:BUILDER1_STAGE_DURATION stage=product_name_resolution attempt=1 durationMs=0
INFO:engine.builder1_planner:BUILDER1_PRODUCT_NAME_GENERATION_OK nameLength=9 lang=en
INFO:engine.builder1_planner:BUILDER1_PRODUCT_NAME_SOURCE source=generated
INFO:engine.builder1_planner:BUILDER1_STAGE_START stage=strategy_stage attempt=1
INFO:engine.builder1_strategy_scan:BUILDER1_STRATEGY_SCAN_OK candidates=12
INFO:engine.builder1_planner:BUILDER1_STAGE_PARSE_OK stage=strategy_stage
INFO:engine.builder1_planner:BUILDER1_STAGE_DURATION stage=strategy_stage attempt=1 durationMs=2
INFO:engine.builder1_planner:BUILDER1_STAGE_START stage=slogan_stage attempt=1
INFO:engine.builder1_planner:BUILDER1_STAGE_PARSE_OK stage=slogan_stage
INFO:engine.builder1_planner:BUILDER1_STAGE_DURATION stage=slogan_stage attempt=1 durationMs=0
INFO:engine.builder1_planner:BUILDER1_STAGE_START stage=conceptual_stage attempt=1
INFO:engine.builder1_planner:BUILDER1_STAGE_PARSE_OK stage=conceptual_stage
INFO:engine.builder1_planner:BUILDER1_STAGE_DURATION stage=conceptual_stage attempt=1 durationMs=1
INFO:engine.builder1_product_visibility:BUILDER1_PRODUCT_VISIBILITY_POLICY campaignId= mode=FORBIDDEN source=default
INFO:engine.builder1_planner:BUILDER1_STAGE_START stage=brand_physical attempt=1
ERROR:engine.builder1_final_stages:BUILDER1_STAGE_FAILED stage=brand_physical 
reasons=['missing_physicalGeneratorCampaignRole'] top_level_keys=['campaignRationale', 
'clearerThanConventionalProductShot', 'mediumParticipates', 'mediumRole', 'physicalCandidates', 'physicalEvaluations', 
'physicalGenerator', 'physicalGeneratorIsPackaging', 'physicalGeneratorIsProduct', 'physicalGeneratorNaturalPurpose', 
'productEvidenceReason', 'productEvidenceRequired', 'productNameResolved', 'selectedPhysicalCandidateId', 
'survivesProductRemoval', 'transferredObject', 'transferredObjectAction', 'whyClearerThanShowingProduct', 
'worksWithoutProductVisible'] field_types={'physicalCandidates': 'list', 'physicalEvaluations': 'list', 
'selectedPhysicalCandidateId': 'str', 'productNameResolved': 'str', 'physicalGenerator': 'str', 
'physicalGeneratorNaturalPurpose': 'str', 'physicalGeneratorIsProduct': 'bool', 'physicalGeneratorIsPackaging': 
'bool', 'worksWithoutProductVisible': 'bool', 'transferredObject': 'str', 'transferredObjectAction': 'str', 
'whyClearerThanShowingProduct': 'str', 'clearerThanConventionalProductShot': 'bool', 'survivesProductRemoval': 'bool', 
'productEvidenceRequired': 'bool', 'productEvidenceReason': 'str', 'mediumParticipates': 'bool', 'mediumRole': 'str', 
'campaignRationale': 'str'}
ERROR:engine.builder1_planner:BUILDER1_STAGE_FAILED stage=brand_physical 
reasons=['missing_physicalGeneratorCampaignRole']
INFO:engine.builder1_planner:BUILDER1_STAGE_REPAIR stage=brand_physical
INFO:engine.builder1_planner:BUILDER1_STAGE_PARSE_OK stage=brand_physical after_repair
INFO:engine.builder1_planner:BUILDER1_STAGE_DURATION stage=brand_physical attempt=1 durationMs=9
INFO:engine.builder1_planner:BUILDER1_STAGE_START stage=graphic_system attempt=1
INFO:engine.builder1_planner:BUILDER1_STAGE_PARSE_OK stage=graphic_system
INFO:engine.builder1_planner:BUILDER1_STAGE_DURATION stage=graphic_system attempt=1 durationMs=0
INFO:engine.builder1_planner:BUILDER1_STAGE_START stage=series_ads attempt=1
INFO:engine.builder1_planner:BUILDER1_STAGE_PARSE_OK stage=series_ads
INFO:engine.builder1_planner:BUILDER1_STAGE_DURATION stage=series_ads attempt=1 durationMs=0
INFO:engine.builder1_marketing_text_repair:BUILDER1_MARKETING_TEXT_CHECK adIndex=1 wordCount=50
INFO:engine.builder1_marketing_text_repair:BUILDER1_MARKETING_LANGUAGE_CHECK adIndex=1 targetLanguage=en 
dominantLanguage=en valid=True hebrewChars=0 latinChars=50
INFO:engine.builder1_marketing_text_repair:BUILDER1_MARKETING_TEXT_CHECK adIndex=2 wordCount=50
INFO:engine.builder1_marketing_text_repair:BUILDER1_MARKETING_LANGUAGE_CHECK adIndex=2 targetLanguage=en 
dominantLanguage=en valid=True hebrewChars=0 latinChars=50
INFO:engine.builder1_planning_pipeline:BUILDER1_INTEGRITY_OK
INFO:engine.builder1_planning_metrics:BUILDER1_PIPELINE_DURATION durationMs=22
INFO:engine.builder1_planner:BUILDER1_SERIES_PLANNING_OK adCount=2
WARNING:engine.builder1_planning_metrics:BUILDER1_PLANNING_CALL_COUNT_HIGH campaignId= jobId= total=8 expected=7 
marketingTextRepairs=0 stageRepairs=1 stageRetries=0 stageModelFallbacks=0
INFO:engine.builder1_planning_metrics:BUILDER1_PLANNING_CALL_SUMMARY campaignId= jobId= productNameCallUsed=true 
productNameStageCalls=1 strategyStageCalls=1 sloganStageCalls=1 conceptualStageCalls=1 physicalStageCalls=2 
graphicStageCalls=1 seriesStageCalls=1 marketingTextRepairCalls=0 stageRepairCalls=1 stageRetryCalls=0 
stageModelFallbackCalls=0 normalExpectedCalls=7 actualPlanningCalls=8 totalPlanningModelCalls=8 promptTokens= 
outputTokens= totalTokens= totalPlanningDurationMs=22
ok
test_next_ad_does_not_run_planning 
(test_builder1_staged_planning.TestProductionShapedPlanner.test_next_ad_does_not_run_planning) ... 
INFO:engine.builder1_campaign_store:BUILDER1_CAMPAIGN_CREATED campaignId=staged-next targetAdCount=2 backend=memory 
planRevision=1
INFO:engine.builder1_campaign_store:BUILDER1_CAMPAIGN_SESSION_CREATED campaignId=staged-next targetAdCount=2
INFO:engine.builder1_campaign_store:BUILDER1_NEXT_AD_RESERVED campaignId=staged-next adIndex=1 targetAdCount=2 
generatedCount=0 jobId=None planRevision=1
INFO:engine.builder1_campaign_store:BUILDER1_CAMPAIGN_PROGRESS campaignId=staged-next generatedCount=1 targetAdCount=2 
complete=False
INFO:engine.builder1_campaign_store:BUILDER1_AD_GENERATED campaignId=staged-next adIndex=1 generatedCount=1 
complete=False planRevision=1
ok
test_repeated_malformed_returns_substage_failure 
(test_builder1_staged_planning.TestProductionShapedPlanner.test_repeated_malformed_returns_substage_failure) ... 
INFO:engine.builder1_planner:BUILDER1_SERIES_PLANNING_START productName= format=portrait adCount=2 
seed=c0ee553d-6dc8-4c59-981a-103e0b8efd3b lang=en
INFO:engine.builder1_product_visibility:BUILDER1_PRODUCT_VISIBILITY_POLICY campaignId= mode=FORBIDDEN source=default
INFO:engine.builder1_planner:BUILDER1_PRODUCT_NAME_GENERATION_START
INFO:engine.builder1_planner:BUILDER1_STAGE_START stage=product_name_resolution attempt=1
INFO:engine.builder1_planner:BUILDER1_STAGE_PARSE_OK stage=product_name_resolution
INFO:engine.builder1_planner:BUILDER1_STAGE_DURATION stage=product_name_resolution attempt=1 durationMs=0
INFO:engine.builder1_planner:BUILDER1_PRODUCT_NAME_GENERATION_OK nameLength=9 lang=en
INFO:engine.builder1_planner:BUILDER1_PRODUCT_NAME_SOURCE source=generated
INFO:engine.builder1_planner:BUILDER1_STAGE_START stage=strategy_stage attempt=1
INFO:engine.builder1_strategy_scan:BUILDER1_STRATEGY_SCAN_OK candidates=12
INFO:engine.builder1_planner:BUILDER1_STAGE_PARSE_OK stage=strategy_stage
INFO:engine.builder1_planner:BUILDER1_STAGE_DURATION stage=strategy_stage attempt=1 durationMs=2
INFO:engine.builder1_planner:BUILDER1_STAGE_START stage=slogan_stage attempt=1
INFO:engine.builder1_planner:BUILDER1_STAGE_PARSE_OK stage=slogan_stage
INFO:engine.builder1_planner:BUILDER1_STAGE_DURATION stage=slogan_stage attempt=1 durationMs=0
INFO:engine.builder1_planner:BUILDER1_STAGE_START stage=conceptual_stage attempt=1
INFO:engine.builder1_planner:BUILDER1_STAGE_PARSE_OK stage=conceptual_stage
INFO:engine.builder1_planner:BUILDER1_STAGE_DURATION stage=conceptual_stage attempt=1 durationMs=1
INFO:engine.builder1_product_visibility:BUILDER1_PRODUCT_VISIBILITY_POLICY campaignId= mode=FORBIDDEN source=default
INFO:engine.builder1_planner:BUILDER1_STAGE_START stage=brand_physical attempt=1
INFO:engine.builder1_planner:BUILDER1_STAGE_PARSE_OK stage=brand_physical
INFO:engine.builder1_planner:BUILDER1_STAGE_DURATION stage=brand_physical attempt=1 durationMs=0
INFO:engine.builder1_planner:BUILDER1_STAGE_START stage=graphic_system attempt=1
ERROR:engine.builder1_final_stages:BUILDER1_STAGE_FAILED stage=graphic_system 
reasons=['graphic_generator_missing_palette'] top_level_keys=['backgroundTreatment', 'borderTreatment', 
'brandBlockPlacement', 'brandScale', 'copySafeArea', 'framingRule', 'headlineAlignment', 'headlineMaxWidthPercent', 
'headlinePlacement', 'headlineScale', 'imageStyle', 'layoutTemplate', 'recurringGraphicDevice', 
'recurringGraphicDeviceRule', 'shapeLanguage', 'sloganPlacement', 'sloganPlacementReason', 'sloganScale', 
'spacingRule', 'typographyStyle'] field_types={'layoutTemplate': 'str', 'headlinePlacement': 'str', 
'headlineAlignment': 'str', 'headlineMaxWidthPercent': 'int', 'brandBlockPlacement': 'str', 'sloganPlacement': 'str', 
'copySafeArea': 'dict', 'typographyStyle': 'str', 'headlineScale': 'str', 'brandScale': 'str', 'sloganScale': 'str', 
'imageStyle': 'str', 'backgroundTreatment': 'str', 'borderTreatment': 'str', 'recurringGraphicDevice': 'str', 
'recurringGraphicDeviceRule': 'str', 'shapeLanguage': 'str', 'framingRule': 'str', 'spacingRule': 'str', 
'sloganPlacementReason': 'str'}
ERROR:engine.builder1_planner:BUILDER1_STAGE_FAILED stage=graphic_system reasons=['graphic_generator_missing_palette']
INFO:engine.builder1_planner:BUILDER1_STAGE_REPAIR stage=graphic_system
ERROR:engine.builder1_final_stages:BUILDER1_STAGE_FAILED stage=graphic_system 
reasons=['graphic_generator_missing_palette'] top_level_keys=['backgroundTreatment', 'borderTreatment', 
'brandBlockPlacement', 'brandScale', 'copySafeArea', 'framingRule', 'headlineAlignment', 'headlineMaxWidthPercent', 
'headlinePlacement', 'headlineScale', 'imageStyle', 'layoutTemplate', 'recurringGraphicDevice', 
'recurringGraphicDeviceRule', 'shapeLanguage', 'sloganPlacement', 'sloganPlacementReason', 'sloganScale', 
'spacingRule', 'typographyStyle'] field_types={'layoutTemplate': 'str', 'headlinePlacement': 'str', 
'headlineAlignment': 'str', 'headlineMaxWidthPercent': 'int', 'brandBlockPlacement': 'str', 'sloganPlacement': 'str', 
'copySafeArea': 'dict', 'typographyStyle': 'str', 'headlineScale': 'str', 'brandScale': 'str', 'sloganScale': 'str', 
'imageStyle': 'str', 'backgroundTreatment': 'str', 'borderTreatment': 'str', 'recurringGraphicDevice': 'str', 
'recurringGraphicDeviceRule': 'str', 'shapeLanguage': 'str', 'framingRule': 'str', 'spacingRule': 'str', 
'sloganPlacementReason': 'str'}
ERROR:engine.builder1_planner:BUILDER1_STAGE_FAILED stage=graphic_system repair 
reasons=['graphic_generator_missing_palette']
INFO:engine.builder1_planner:BUILDER1_STAGE_RETRY stage=graphic_system
INFO:engine.builder1_planner:BUILDER1_STAGE_DURATION stage=graphic_system attempt=1 durationMs=5
INFO:engine.builder1_planner:BUILDER1_STAGE_START stage=graphic_system attempt=2
ERROR:engine.builder1_final_stages:BUILDER1_STAGE_FAILED stage=graphic_system 
reasons=['graphic_generator_missing_palette'] top_level_keys=['backgroundTreatment', 'borderTreatment', 
'brandBlockPlacement', 'brandScale', 'copySafeArea', 'framingRule', 'headlineAlignment', 'headlineMaxWidthPercent', 
'headlinePlacement', 'headlineScale', 'imageStyle', 'layoutTemplate', 'recurringGraphicDevice', 
'recurringGraphicDeviceRule', 'shapeLanguage', 'sloganPlacement', 'sloganPlacementReason', 'sloganScale', 
'spacingRule', 'typographyStyle'] field_types={'layoutTemplate': 'str', 'headlinePlacement': 'str', 
'headlineAlignment': 'str', 'headlineMaxWidthPercent': 'int', 'brandBlockPlacement': 'str', 'sloganPlacement': 'str', 
'copySafeArea': 'dict', 'typographyStyle': 'str', 'headlineScale': 'str', 'brandScale': 'str', 'sloganScale': 'str', 
'imageStyle': 'str', 'backgroundTreatment': 'str', 'borderTreatment': 'str', 'recurringGraphicDevice': 'str', 
'recurringGraphicDeviceRule': 'str', 'shapeLanguage': 'str', 'framingRule': 'str', 'spacingRule': 'str', 
'sloganPlacementReason': 'str'}
ERROR:engine.builder1_planner:BUILDER1_STAGE_FAILED stage=graphic_system reasons=['graphic_generator_missing_palette']
INFO:engine.builder1_planner:BUILDER1_STAGE_RETRY stage=graphic_system
INFO:engine.builder1_planner:BUILDER1_STAGE_DURATION stage=graphic_system attempt=2 durationMs=0
INFO:engine.builder1_planning_metrics:BUILDER1_PIPELINE_DURATION durationMs=11
WARNING:engine.builder1_planning_metrics:BUILDER1_PLANNING_CALL_COUNT_HIGH campaignId= jobId= total=8 expected=7 
marketingTextRepairs=0 stageRepairs=1 stageRetries=1 stageModelFallbacks=0
INFO:engine.builder1_planning_metrics:BUILDER1_PLANNING_CALL_SUMMARY campaignId= jobId= productNameCallUsed=true 
productNameStageCalls=1 strategyStageCalls=1 sloganStageCalls=1 conceptualStageCalls=1 physicalStageCalls=1 
graphicStageCalls=3 seriesStageCalls=0 marketingTextRepairCalls=0 stageRepairCalls=1 stageRetryCalls=1 
stageModelFallbackCalls=0 normalExpectedCalls=7 actualPlanningCalls=8 totalPlanningModelCalls=8 promptTokens= 
outputTokens= totalTokens= totalPlanningDurationMs=11
ok
test_successful_assembly_reaches_image_generation 
(test_builder1_staged_planning.TestProductionShapedPlanner.test_successful_assembly_reaches_image_generation) ... 
INFO:engine.builder1_planner:BUILDER1_SERIES_PLANNING_START productName= format=portrait adCount=2 
seed=974d94f7-110f-49f8-a190-c5b13e6230a7 lang=en
INFO:engine.builder1_product_visibility:BUILDER1_PRODUCT_VISIBILITY_POLICY campaignId= mode=FORBIDDEN source=default
INFO:engine.builder1_planner:BUILDER1_PRODUCT_NAME_GENERATION_START
INFO:engine.builder1_planner:BUILDER1_STAGE_START stage=product_name_resolution attempt=1
INFO:engine.builder1_planner:BUILDER1_STAGE_PARSE_OK stage=product_name_resolution
INFO:engine.builder1_planner:BUILDER1_STAGE_DURATION stage=product_name_resolution attempt=1 durationMs=0
INFO:engine.builder1_planner:BUILDER1_PRODUCT_NAME_GENERATION_OK nameLength=9 lang=en
INFO:engine.builder1_planner:BUILDER1_PRODUCT_NAME_SOURCE source=generated
INFO:engine.builder1_planner:BUILDER1_STAGE_START stage=strategy_stage attempt=1
INFO:engine.builder1_strategy_scan:BUILDER1_STRATEGY_SCAN_OK candidates=12
INFO:engine.builder1_planner:BUILDER1_STAGE_PARSE_OK stage=strategy_stage
INFO:engine.builder1_planner:BUILDER1_STAGE_DURATION stage=strategy_stage attempt=1 durationMs=2
INFO:engine.builder1_planner:BUILDER1_STAGE_START stage=slogan_stage attempt=1
INFO:engine.builder1_planner:BUILDER1_STAGE_PARSE_OK stage=slogan_stage
INFO:engine.builder1_planner:BUILDER1_STAGE_DURATION stage=slogan_stage attempt=1 durationMs=0
INFO:engine.builder1_planner:BUILDER1_STAGE_START stage=conceptual_stage attempt=1
INFO:engine.builder1_planner:BUILDER1_STAGE_PARSE_OK stage=conceptual_stage
INFO:engine.builder1_planner:BUILDER1_STAGE_DURATION stage=conceptual_stage attempt=1 durationMs=1
INFO:engine.builder1_product_visibility:BUILDER1_PRODUCT_VISIBILITY_POLICY campaignId= mode=FORBIDDEN source=default
INFO:engine.builder1_planner:BUILDER1_STAGE_START stage=brand_physical attempt=1
INFO:engine.builder1_planner:BUILDER1_STAGE_PARSE_OK stage=brand_physical
INFO:engine.builder1_planner:BUILDER1_STAGE_DURATION stage=brand_physical attempt=1 durationMs=0
INFO:engine.builder1_planner:BUILDER1_STAGE_START stage=graphic_system attempt=1
INFO:engine.builder1_planner:BUILDER1_STAGE_PARSE_OK stage=graphic_system
INFO:engine.builder1_planner:BUILDER1_STAGE_DURATION stage=graphic_system attempt=1 durationMs=0
INFO:engine.builder1_planner:BUILDER1_STAGE_START stage=series_ads attempt=1
INFO:engine.builder1_planner:BUILDER1_STAGE_PARSE_OK stage=series_ads
INFO:engine.builder1_planner:BUILDER1_STAGE_DURATION stage=series_ads attempt=1 durationMs=0
INFO:engine.builder1_marketing_text_repair:BUILDER1_MARKETING_TEXT_CHECK adIndex=1 wordCount=50
INFO:engine.builder1_marketing_text_repair:BUILDER1_MARKETING_LANGUAGE_CHECK adIndex=1 targetLanguage=en 
dominantLanguage=en valid=True hebrewChars=0 latinChars=50
INFO:engine.builder1_marketing_text_repair:BUILDER1_MARKETING_TEXT_CHECK adIndex=2 wordCount=50
INFO:engine.builder1_marketing_text_repair:BUILDER1_MARKETING_LANGUAGE_CHECK adIndex=2 targetLanguage=en 
dominantLanguage=en valid=True hebrewChars=0 latinChars=50
INFO:engine.builder1_planning_pipeline:BUILDER1_INTEGRITY_OK
INFO:engine.builder1_planning_metrics:BUILDER1_PIPELINE_DURATION durationMs=31
INFO:engine.builder1_planner:BUILDER1_SERIES_PLANNING_OK adCount=2
INFO:engine.builder1_planning_metrics:BUILDER1_PLANNING_CALL_SUMMARY campaignId= jobId= productNameCallUsed=true 
productNameStageCalls=1 strategyStageCalls=1 sloganStageCalls=1 conceptualStageCalls=1 physicalStageCalls=1 
graphicStageCalls=1 seriesStageCalls=1 marketingTextRepairCalls=0 stageRepairCalls=0 stageRetryCalls=0 
stageModelFallbackCalls=0 normalExpectedCalls=7 actualPlanningCalls=7 totalPlanningModelCalls=7 promptTokens= 
outputTokens= totalTokens= totalPlanningDurationMs=31
INFO:engine.builder1_image_generator:BUILDER1_SERIES_IMAGE_START adIndex=1 attempt=1
INFO:engine.builder1_image_generator:BUILDER1_SERIES_IMAGE_OK adIndex=1
INFO:engine.builder1_image_compliance:BUILDER1_IMAGE_COMPLIANCE_REVIEW_START campaignId= jobId= adIndex=1
INFO:engine.builder1_image_compliance:BUILDER1_IMAGE_COMPLIANCE_REVIEW_PASS campaignId= jobId= adIndex=1 
confidence=high
ok
test_strategy_scan_accepts_twelve_objects 
(test_builder1_staged_planning.TestStagedParsers.test_strategy_scan_accepts_twelve_objects) ... ok
test_builder2_has_no_strategy_judge_imports 
(test_builder1_strategy_judge.TestBuilder2Unchanged.test_builder2_has_no_strategy_judge_imports) ... ok
test_valid_campaign_reaches_image_generation 
(test_builder1_strategy_judge.TestPlannerJudgeIntegration.test_valid_campaign_reaches_image_generation) ... 
INFO:engine.builder1_planner:BUILDER1_SERIES_PLANNING_START productName= format=portrait adCount=2 
seed=bd2a8106-3e15-4bd9-a092-7c4e55c1864c lang=en
INFO:engine.builder1_product_visibility:BUILDER1_PRODUCT_VISIBILITY_POLICY campaignId= mode=FORBIDDEN source=default
INFO:engine.builder1_planner:BUILDER1_PRODUCT_NAME_GENERATION_START
INFO:engine.builder1_planner:BUILDER1_STAGE_START stage=product_name_resolution attempt=1
INFO:engine.builder1_planner:BUILDER1_STAGE_PARSE_OK stage=product_name_resolution
INFO:engine.builder1_planner:BUILDER1_STAGE_DURATION stage=product_name_resolution attempt=1 durationMs=0
INFO:engine.builder1_planner:BUILDER1_PRODUCT_NAME_GENERATION_OK nameLength=9 lang=en
INFO:engine.builder1_planner:BUILDER1_PRODUCT_NAME_SOURCE source=generated
INFO:engine.builder1_planner:BUILDER1_STAGE_START stage=strategy_stage attempt=1
INFO:engine.builder1_strategy_scan:BUILDER1_STRATEGY_SCAN_OK candidates=12
INFO:engine.builder1_planner:BUILDER1_STAGE_PARSE_OK stage=strategy_stage
INFO:engine.builder1_planner:BUILDER1_STAGE_DURATION stage=strategy_stage attempt=1 durationMs=2
INFO:engine.builder1_planner:BUILDER1_STAGE_START stage=slogan_stage attempt=1
INFO:engine.builder1_planner:BUILDER1_STAGE_PARSE_OK stage=slogan_stage
INFO:engine.builder1_planner:BUILDER1_STAGE_DURATION stage=slogan_stage attempt=1 durationMs=0
INFO:engine.builder1_planner:BUILDER1_STAGE_START stage=conceptual_stage attempt=1
INFO:engine.builder1_planner:BUILDER1_STAGE_PARSE_OK stage=conceptual_stage
INFO:engine.builder1_planner:BUILDER1_STAGE_DURATION stage=conceptual_stage attempt=1 durationMs=1
INFO:engine.builder1_product_visibility:BUILDER1_PRODUCT_VISIBILITY_POLICY campaignId= mode=FORBIDDEN source=default
INFO:engine.builder1_planner:BUILDER1_STAGE_START stage=brand_physical attempt=1
INFO:engine.builder1_planner:BUILDER1_STAGE_PARSE_OK stage=brand_physical
INFO:engine.builder1_planner:BUILDER1_STAGE_DURATION stage=brand_physical attempt=1 durationMs=0
INFO:engine.builder1_planner:BUILDER1_STAGE_START stage=graphic_system attempt=1
INFO:engine.builder1_planner:BUILDER1_STAGE_PARSE_OK stage=graphic_system
INFO:engine.builder1_planner:BUILDER1_STAGE_DURATION stage=graphic_system attempt=1 durationMs=0
INFO:engine.builder1_planner:BUILDER1_STAGE_START stage=series_ads attempt=1
INFO:engine.builder1_planner:BUILDER1_STAGE_PARSE_OK stage=series_ads
INFO:engine.builder1_planner:BUILDER1_STAGE_DURATION stage=series_ads attempt=1 durationMs=1
INFO:engine.builder1_marketing_text_repair:BUILDER1_MARKETING_TEXT_CHECK adIndex=1 wordCount=50
INFO:engine.builder1_marketing_text_repair:BUILDER1_MARKETING_LANGUAGE_CHECK adIndex=1 targetLanguage=en 
dominantLanguage=en valid=True hebrewChars=0 latinChars=50
INFO:engine.builder1_marketing_text_repair:BUILDER1_MARKETING_TEXT_CHECK adIndex=2 wordCount=50
INFO:engine.builder1_marketing_text_repair:BUILDER1_MARKETING_LANGUAGE_CHECK adIndex=2 targetLanguage=en 
dominantLanguage=en valid=True hebrewChars=0 latinChars=50
INFO:engine.builder1_planning_pipeline:BUILDER1_INTEGRITY_OK
INFO:engine.builder1_planning_metrics:BUILDER1_PIPELINE_DURATION durationMs=12
INFO:engine.builder1_planner:BUILDER1_SERIES_PLANNING_OK adCount=2
INFO:engine.builder1_planning_metrics:BUILDER1_PLANNING_CALL_SUMMARY campaignId= jobId= productNameCallUsed=true 
productNameStageCalls=1 strategyStageCalls=1 sloganStageCalls=1 conceptualStageCalls=1 physicalStageCalls=1 
graphicStageCalls=1 seriesStageCalls=1 marketingTextRepairCalls=0 stageRepairCalls=0 stageRetryCalls=0 
stageModelFallbackCalls=0 normalExpectedCalls=7 actualPlanningCalls=7 totalPlanningModelCalls=7 promptTokens= 
outputTokens= totalTokens= totalPlanningDurationMs=12
INFO:engine.builder1_image_generator:BUILDER1_SERIES_IMAGE_START adIndex=1 attempt=1
INFO:engine.builder1_image_generator:BUILDER1_SERIES_IMAGE_OK adIndex=1
INFO:engine.builder1_image_compliance:BUILDER1_IMAGE_COMPLIANCE_REVIEW_START campaignId= jobId= adIndex=1
INFO:engine.builder1_image_compliance:BUILDER1_IMAGE_COMPLIANCE_REVIEW_PASS campaignId= jobId= adIndex=1 
confidence=high
ok
test_valid_fifty_words_do_not_rerun_series_ads_on_stale_judge_code (test_builder1_strategy_judge.TestPlannerJudgeIntegr
ation.test_valid_fifty_words_do_not_rerun_series_ads_on_stale_judge_code) ... 
INFO:engine.builder1_planner:BUILDER1_SERIES_PLANNING_START productName= format=portrait adCount=4 
seed=0963f8f5-c87b-42d5-b8ae-2662d3d5dc78 lang=en
INFO:engine.builder1_product_visibility:BUILDER1_PRODUCT_VISIBILITY_POLICY campaignId= mode=FORBIDDEN source=default
INFO:engine.builder1_planner:BUILDER1_PRODUCT_NAME_GENERATION_START
INFO:engine.builder1_planner:BUILDER1_STAGE_START stage=product_name_resolution attempt=1
INFO:engine.builder1_planner:BUILDER1_STAGE_PARSE_OK stage=product_name_resolution
INFO:engine.builder1_planner:BUILDER1_STAGE_DURATION stage=product_name_resolution attempt=1 durationMs=0
INFO:engine.builder1_planner:BUILDER1_PRODUCT_NAME_GENERATION_OK nameLength=9 lang=en
INFO:engine.builder1_planner:BUILDER1_PRODUCT_NAME_SOURCE source=generated
INFO:engine.builder1_planner:BUILDER1_STAGE_START stage=strategy_stage attempt=1
INFO:engine.builder1_strategy_scan:BUILDER1_STRATEGY_SCAN_OK candidates=12
INFO:engine.builder1_planner:BUILDER1_STAGE_PARSE_OK stage=strategy_stage
INFO:engine.builder1_planner:BUILDER1_STAGE_DURATION stage=strategy_stage attempt=1 durationMs=2
INFO:engine.builder1_planner:BUILDER1_STAGE_START stage=slogan_stage attempt=1
INFO:engine.builder1_planner:BUILDER1_STAGE_PARSE_OK stage=slogan_stage
INFO:engine.builder1_planner:BUILDER1_STAGE_DURATION stage=slogan_stage attempt=1 durationMs=0
INFO:engine.builder1_planner:BUILDER1_STAGE_START stage=conceptual_stage attempt=1
INFO:engine.builder1_planner:BUILDER1_STAGE_PARSE_OK stage=conceptual_stage
INFO:engine.builder1_planner:BUILDER1_STAGE_DURATION stage=conceptual_stage attempt=1 durationMs=1
INFO:engine.builder1_product_visibility:BUILDER1_PRODUCT_VISIBILITY_POLICY campaignId= mode=FORBIDDEN source=default
INFO:engine.builder1_planner:BUILDER1_STAGE_START stage=brand_physical attempt=1
INFO:engine.builder1_planner:BUILDER1_STAGE_PARSE_OK stage=brand_physical
INFO:engine.builder1_planner:BUILDER1_STAGE_DURATION stage=brand_physical attempt=1 durationMs=0
INFO:engine.builder1_planner:BUILDER1_STAGE_START stage=graphic_system attempt=1
INFO:engine.builder1_planner:BUILDER1_STAGE_PARSE_OK stage=graphic_system
INFO:engine.builder1_planner:BUILDER1_STAGE_DURATION stage=graphic_system attempt=1 durationMs=0
INFO:engine.builder1_planner:BUILDER1_STAGE_START stage=series_ads attempt=1
INFO:engine.builder1_planner:BUILDER1_STAGE_PARSE_OK stage=series_ads
INFO:engine.builder1_planner:BUILDER1_STAGE_DURATION stage=series_ads attempt=1 durationMs=1
INFO:engine.builder1_marketing_text_repair:BUILDER1_MARKETING_TEXT_CHECK adIndex=1 wordCount=50
INFO:engine.builder1_marketing_text_repair:BUILDER1_MARKETING_LANGUAGE_CHECK adIndex=1 targetLanguage=en 
dominantLanguage=en valid=True hebrewChars=0 latinChars=50
INFO:engine.builder1_marketing_text_repair:BUILDER1_MARKETING_TEXT_CHECK adIndex=2 wordCount=50
INFO:engine.builder1_marketing_text_repair:BUILDER1_MARKETING_LANGUAGE_CHECK adIndex=2 targetLanguage=en 
dominantLanguage=en valid=True hebrewChars=0 latinChars=50
INFO:engine.builder1_marketing_text_repair:BUILDER1_MARKETING_TEXT_CHECK adIndex=3 wordCount=50
INFO:engine.builder1_marketing_text_repair:BUILDER1_MARKETING_LANGUAGE_CHECK adIndex=3 targetLanguage=en 
dominantLanguage=en valid=True hebrewChars=0 latinChars=50
INFO:engine.builder1_marketing_text_repair:BUILDER1_MARKETING_TEXT_CHECK adIndex=4 wordCount=50
INFO:engine.builder1_marketing_text_repair:BUILDER1_MARKETING_LANGUAGE_CHECK adIndex=4 targetLanguage=en 
dominantLanguage=en valid=True hebrewChars=0 latinChars=50
INFO:engine.builder1_planning_pipeline:BUILDER1_INTEGRITY_OK
INFO:engine.builder1_planning_metrics:BUILDER1_PIPELINE_DURATION durationMs=15
INFO:engine.builder1_planner:BUILDER1_SERIES_PLANNING_OK adCount=4
INFO:engine.builder1_planning_metrics:BUILDER1_PLANNING_CALL_SUMMARY campaignId= jobId= productNameCallUsed=true 
productNameStageCalls=1 strategyStageCalls=1 sloganStageCalls=1 conceptualStageCalls=1 physicalStageCalls=1 
graphicStageCalls=1 seriesStageCalls=1 marketingTextRepairCalls=0 stageRepairCalls=0 stageRetryCalls=0 
stageModelFallbackCalls=0 normalExpectedCalls=7 actualPlanningCalls=7 totalPlanningModelCalls=7 promptTokens= 
outputTokens= totalTokens= totalPlanningDurationMs=15
ok
test_english_fifty_words_passes_deterministic 
(test_builder1_strategy_judge.TestStrategyJudgeMarketingCopy.test_english_fifty_words_passes_deterministic) ... ok
test_fifty_one_words_fail_deterministic 
(test_builder1_strategy_judge.TestStrategyJudgeMarketingCopy.test_fifty_one_words_fail_deterministic) ... ok
test_forty_nine_words_fail_deterministic 
(test_builder1_strategy_judge.TestStrategyJudgeMarketingCopy.test_forty_nine_words_fail_deterministic) ... ok
test_four_ads_with_fifty_words_pass_judge 
(test_builder1_strategy_judge.TestStrategyJudgeMarketingCopy.test_four_ads_with_fifty_words_pass_judge) ... 
INFO:engine.builder1_strategy_judge:BUILDER1_STRATEGY_JUDGE_PASS
ok
test_headline_brevity_still_active 
(test_builder1_strategy_judge.TestStrategyJudgeMarketingCopy.test_headline_brevity_still_active) ... ok
test_hebrew_fifty_words_passes_deterministic 
(test_builder1_strategy_judge.TestStrategyJudgeMarketingCopy.test_hebrew_fifty_words_passes_deterministic) ... ok
test_image_brevity_rule_not_in_marketing_text_requirement (test_builder1_strategy_judge.TestStrategyJudgeMarketingCopy.
test_image_brevity_rule_not_in_marketing_text_requirement) ... ok
test_judge_accepts_fifty_words_despite_stale_too_long_code (test_builder1_strategy_judge.TestStrategyJudgeMarketingCopy
.test_judge_accepts_fifty_words_despite_stale_too_long_code) ... 
INFO:engine.builder1_strategy_judge:BUILDER1_STRATEGY_JUDGE_PASS
ok
test_judge_does_not_emit_too_long_for_valid_fifty_words 
(test_builder1_strategy_judge.TestStrategyJudgeMarketingCopy.test_judge_does_not_emit_too_long_for_valid_fifty_words) 
... ok
test_slogan_brevity_still_active 
(test_builder1_strategy_judge.TestStrategyJudgeMarketingCopy.test_slogan_brevity_still_active) ... ok
test_unsupported_claim_still_fails 
(test_builder1_strategy_judge.TestStrategyJudgeMarketingCopy.test_unsupported_claim_still_fails) ... 
ERROR:engine.builder1_strategy_judge:BUILDER1_STRATEGY_JUDGE_FAIL codes=['marketing_copy_unsupported_claim'] 
unsupported=True
ok
test_no_builder2_strategy_scan_module 
(test_builder1_strategy_scan_repair.TestBuilder2Unchanged.test_no_builder2_strategy_scan_module) ... ok
test_normalize_does_not_require_product_name (test_builder1_strategy_scan_repair.TestInputNormalizerAllowsEmptyNameForI
nternalCalls.test_normalize_does_not_require_product_name) ... ok
test_incremental_generation_does_not_rerun_planning (test_builder1_strategy_scan_repair.TestPlannerStrategyScanRepairIn
tegration.test_incremental_generation_does_not_rerun_planning) ... 
INFO:engine.builder1_campaign_store:BUILDER1_CAMPAIGN_CREATED campaignId=strategy-scan-next targetAdCount=2 
backend=memory planRevision=1
INFO:engine.builder1_campaign_store:BUILDER1_CAMPAIGN_SESSION_CREATED campaignId=strategy-scan-next targetAdCount=2
INFO:engine.builder1_campaign_store:BUILDER1_NEXT_AD_RESERVED campaignId=strategy-scan-next adIndex=1 targetAdCount=2 
generatedCount=0 jobId=None planRevision=1
INFO:engine.builder1_campaign_store:BUILDER1_CAMPAIGN_PROGRESS campaignId=strategy-scan-next generatedCount=1 
targetAdCount=2 complete=False
INFO:engine.builder1_campaign_store:BUILDER1_AD_GENERATED campaignId=strategy-scan-next adIndex=1 generatedCount=1 
complete=False planRevision=1
ok
test_repaired_strategy_scan_continues_staged_planning (test_builder1_strategy_scan_repair.TestPlannerStrategyScanRepair
Integration.test_repaired_strategy_scan_continues_staged_planning) ... 
INFO:engine.builder1_planner:BUILDER1_SERIES_PLANNING_START productName=TestBrand format=portrait adCount=2 
seed=5eeda369-0dc6-429a-b3c9-308b9c4aba7a lang=en
INFO:engine.builder1_product_visibility:BUILDER1_PRODUCT_VISIBILITY_POLICY campaignId= mode=FORBIDDEN source=default
INFO:engine.builder1_planner:BUILDER1_PRODUCT_NAME_SOURCE source=user
INFO:engine.builder1_planner:BUILDER1_STAGE_START stage=strategy_stage attempt=1
INFO:engine.builder1_strategy_scan:BUILDER1_STRATEGY_SCAN_OK candidates=12
INFO:engine.builder1_planner:BUILDER1_STAGE_PARSE_OK stage=strategy_stage
INFO:engine.builder1_planner:BUILDER1_STAGE_DURATION stage=strategy_stage attempt=1 durationMs=2
INFO:engine.builder1_planner:BUILDER1_STAGE_START stage=slogan_stage attempt=1
INFO:engine.builder1_planner:BUILDER1_STAGE_PARSE_OK stage=slogan_stage
INFO:engine.builder1_planner:BUILDER1_STAGE_DURATION stage=slogan_stage attempt=1 durationMs=0
INFO:engine.builder1_planner:BUILDER1_STAGE_START stage=conceptual_stage attempt=1
INFO:engine.builder1_planner:BUILDER1_STAGE_PARSE_OK stage=conceptual_stage
INFO:engine.builder1_planner:BUILDER1_STAGE_DURATION stage=conceptual_stage attempt=1 durationMs=1
INFO:engine.builder1_product_visibility:BUILDER1_PRODUCT_VISIBILITY_POLICY campaignId= mode=FORBIDDEN source=default
INFO:engine.builder1_planner:BUILDER1_STAGE_START stage=brand_physical attempt=1
INFO:engine.builder1_planner:BUILDER1_STAGE_PARSE_OK stage=brand_physical
INFO:engine.builder1_planner:BUILDER1_STAGE_DURATION stage=brand_physical attempt=1 durationMs=0
INFO:engine.builder1_planner:BUILDER1_STAGE_START stage=graphic_system attempt=1
INFO:engine.builder1_planner:BUILDER1_STAGE_PARSE_OK stage=graphic_system
INFO:engine.builder1_planner:BUILDER1_STAGE_DURATION stage=graphic_system attempt=1 durationMs=0
INFO:engine.builder1_planner:BUILDER1_STAGE_START stage=series_ads attempt=1
INFO:engine.builder1_planner:BUILDER1_STAGE_PARSE_OK stage=series_ads
INFO:engine.builder1_planner:BUILDER1_STAGE_DURATION stage=series_ads attempt=1 durationMs=1
INFO:engine.builder1_marketing_text_repair:BUILDER1_MARKETING_TEXT_CHECK adIndex=1 wordCount=50
INFO:engine.builder1_marketing_text_repair:BUILDER1_MARKETING_LANGUAGE_CHECK adIndex=1 targetLanguage=en 
dominantLanguage=en valid=True hebrewChars=0 latinChars=50
INFO:engine.builder1_marketing_text_repair:BUILDER1_MARKETING_TEXT_CHECK adIndex=2 wordCount=50
INFO:engine.builder1_marketing_text_repair:BUILDER1_MARKETING_LANGUAGE_CHECK adIndex=2 targetLanguage=en 
dominantLanguage=en valid=True hebrewChars=0 latinChars=50
INFO:engine.builder1_planning_pipeline:BUILDER1_INTEGRITY_OK
INFO:engine.builder1_planning_metrics:BUILDER1_PIPELINE_DURATION durationMs=12
INFO:engine.builder1_planner:BUILDER1_SERIES_PLANNING_OK adCount=2
INFO:engine.builder1_planning_metrics:BUILDER1_PLANNING_CALL_SUMMARY campaignId= jobId= productNameCallUsed=false 
productNameStageCalls=0 strategyStageCalls=1 sloganStageCalls=1 conceptualStageCalls=1 physicalStageCalls=1 
graphicStageCalls=1 seriesStageCalls=1 marketingTextRepairCalls=0 stageRepairCalls=0 stageRetryCalls=0 
stageModelFallbackCalls=0 normalExpectedCalls=6 actualPlanningCalls=6 totalPlanningModelCalls=6 promptTokens= 
outputTokens= totalTokens= totalPlanningDurationMs=12
ok
test_brief_grounded_candidate_passes 
(test_builder1_strategy_scan_repair.TestStrategyCandidateValidation.test_brief_grounded_candidate_passes) ... ok
test_category_inference_without_empirical_claim_passes (test_builder1_strategy_scan_repair.TestStrategyCandidateValidat
ion.test_category_inference_without_empirical_claim_passes) ... ok
test_complex_required_ineligible 
(test_builder1_strategy_scan_repair.TestStrategyCandidateValidation.test_complex_required_ineligible) ... ok
test_empty_string_action_normalizes_to_null 
(test_builder1_strategy_scan_repair.TestStrategyCandidateValidation.test_empty_string_action_normalizes_to_null) ... ok
test_fabricated_statistics_rejected_with_candidate_id (test_builder1_strategy_scan_repair.TestStrategyCandidateValidati
on.test_fabricated_statistics_rejected_with_candidate_id) ... 
ERROR:engine.builder1_strategy_scan:BUILDER1_STRATEGY_CANDIDATE_INVALID candidateId=S04 field=briefSupport 
code=unsupported_grounding_claim
ok
test_material_implementation_ineligible 
(test_builder1_strategy_scan_repair.TestStrategyCandidateValidation.test_material_implementation_ineligible) ... ok
test_none_action_with_none_client_action_passes 
(test_builder1_strategy_scan_repair.TestStrategyCandidateValidation.test_none_action_with_none_client_action_passes) 
... ok
test_none_level_with_real_action_invalid 
(test_builder1_strategy_scan_repair.TestStrategyCandidateValidation.test_none_level_with_real_action_invalid) ... 
ERROR:engine.builder1_strategy_scan:BUILDER1_STRATEGY_CANDIDATE_INVALID candidateId=S01 field=simpleStrategicAction 
code=invalid_simple_strategic_action
ok
test_simple_optional_with_null_action_invalid 
(test_builder1_strategy_scan_repair.TestStrategyCandidateValidation.test_simple_optional_with_null_action_invalid) ... 
ERROR:engine.builder1_strategy_scan:BUILDER1_STRATEGY_CANDIDATE_INVALID candidateId=S01 field=simpleStrategicAction 
code=invalid_simple_strategic_action
ok
test_simple_optional_with_valid_action_passes 
(test_builder1_strategy_scan_repair.TestStrategyCandidateValidation.test_simple_optional_with_valid_action_passes) ... 
ok
test_one_invalid_candidate_triggers_focused_replacement (test_builder1_strategy_scan_repair.TestStrategyScanCandidateRe
pair.test_one_invalid_candidate_triggers_focused_replacement) ... 
ERROR:engine.builder1_strategy_scan:BUILDER1_STRATEGY_CANDIDATE_INVALID candidateId=S01 field=simpleStrategicAction 
code=invalid_simple_strategic_action
ERROR:engine.builder1_strategy_scan:BUILDER1_STRATEGY_CANDIDATE_INVALID candidateId=S08 field=briefSupport 
code=unsupported_grounding_claim
INFO:engine.builder1_strategy_scan:BUILDER1_STRATEGY_SCAN_REPAIR invalidCount=2 attempt=1 ids=S01,S08
INFO:engine.builder1_strategy_scan:BUILDER1_STRATEGY_SCAN_OK candidates=12
ok
test_repaired_scan_reaches_strategy_selection 
(test_builder1_strategy_scan_repair.TestStrategyScanCandidateRepair.test_repaired_scan_reaches_strategy_selection) ... 
ERROR:engine.builder1_strategy_scan:BUILDER1_STRATEGY_CANDIDATE_INVALID candidateId=S01 field=simpleStrategicAction 
code=invalid_simple_strategic_action
INFO:engine.builder1_strategy_scan:BUILDER1_STRATEGY_SCAN_REPAIR invalidCount=1 attempt=1 ids=S01
INFO:engine.builder1_strategy_scan:BUILDER1_STRATEGY_SCAN_OK candidates=12
ok
test_replacement_ids_must_match_invalid_ids 
(test_builder1_strategy_scan_repair.TestStrategyScanCandidateRepair.test_replacement_ids_must_match_invalid_ids) ... ok
test_valid_candidates_preserved_byte_for_byte 
(test_builder1_strategy_scan_repair.TestStrategyScanCandidateRepair.test_valid_candidates_preserved_byte_for_byte) ... 
ERROR:engine.builder1_strategy_scan:BUILDER1_STRATEGY_CANDIDATE_INVALID candidateId=S01 field=simpleStrategicAction 
code=invalid_simple_strategic_action
ok
test_builder2_has_no_strict_schema_module 
(test_builder1_strict_schema.TestBuilder2Unchanged.test_builder2_has_no_strict_schema_module) ... ok
test_call_planning_model_maps_api_invalid_schema 
(test_builder1_strict_schema.TestInvalidJsonSchemaRetry.test_call_planning_model_maps_api_invalid_schema) ... 
WARNING:engine.builder1_planning_profile:BUILDER1_REASONING_EFFORT_UNSUPPORTED stage=series_ads model=gpt-test 
effort=low action=omit
INFO:engine.builder1_planning_model:BUILDER1_STRICT_SCHEMA stage=series_ads enabled=true
ERROR:engine.builder1_planning_model:BUILDER1_STRICT_SCHEMA_INVALID stage=series_ads err=Invalid schema for 
response_format 'builder1_series_ads'
ok
test_invalid_json_schema_does_not_retry 
(test_builder1_strict_schema.TestInvalidJsonSchemaRetry.test_invalid_json_schema_does_not_retry) ... 
INFO:engine.builder1_planner:BUILDER1_STAGE_START stage=series_ads attempt=1
ERROR:engine.builder1_planner:BUILDER1_STRICT_SCHEMA_INVALID stage=series_ads 
paths=['properties.ads.items:missing_additionalProperties_false']
INFO:engine.builder1_planner:BUILDER1_STAGE_DURATION stage=series_ads attempt=1 durationMs=0
ok
test_is_invalid_json_schema_api_error 
(test_builder1_strict_schema.TestInvalidJsonSchemaRetry.test_is_invalid_json_schema_api_error) ... ok
test_ads_items_additional_properties_false 
(test_builder1_strict_schema.TestSeriesAdsSchemaObjects.test_ads_items_additional_properties_false) ... ok
test_every_series_ads_object_has_additional_properties_false 
(test_builder1_strict_schema.TestSeriesAdsSchemaObjects.test_every_series_ads_object_has_additional_properties_false) 
... ok
test_graphic_system_palette_additional_properties_false 
(test_builder1_strict_schema.TestSeriesAdsSchemaObjects.test_graphic_system_palette_additional_properties_false) ... ok
test_series_generator_additional_properties_false 
(test_builder1_strict_schema.TestSeriesAdsSchemaObjects.test_series_generator_additional_properties_false) ... ok
test_ad_count_four_produces_four_planned_ads 
(test_builder1_strict_schema.TestStrictSchemaIntegration.test_ad_count_four_produces_four_planned_ads) ... 
INFO:engine.builder1_planner:BUILDER1_SERIES_PLANNING_START productName= format=portrait adCount=4 
seed=b58ca895-d23f-4d59-a99d-a4555777e730 lang=en
INFO:engine.builder1_product_visibility:BUILDER1_PRODUCT_VISIBILITY_POLICY campaignId= mode=FORBIDDEN source=default
INFO:engine.builder1_planner:BUILDER1_PRODUCT_NAME_GENERATION_START
INFO:engine.builder1_planner:BUILDER1_STAGE_START stage=product_name_resolution attempt=1
INFO:engine.builder1_planner:BUILDER1_STAGE_PARSE_OK stage=product_name_resolution
INFO:engine.builder1_planner:BUILDER1_STAGE_DURATION stage=product_name_resolution attempt=1 durationMs=0
INFO:engine.builder1_planner:BUILDER1_PRODUCT_NAME_GENERATION_OK nameLength=9 lang=en
INFO:engine.builder1_planner:BUILDER1_PRODUCT_NAME_SOURCE source=generated
INFO:engine.builder1_planner:BUILDER1_STAGE_START stage=strategy_stage attempt=1
INFO:engine.builder1_strategy_scan:BUILDER1_STRATEGY_SCAN_OK candidates=12
INFO:engine.builder1_planner:BUILDER1_STAGE_PARSE_OK stage=strategy_stage
INFO:engine.builder1_planner:BUILDER1_STAGE_DURATION stage=strategy_stage attempt=1 durationMs=2
INFO:engine.builder1_planner:BUILDER1_STAGE_START stage=slogan_stage attempt=1
INFO:engine.builder1_planner:BUILDER1_STAGE_PARSE_OK stage=slogan_stage
INFO:engine.builder1_planner:BUILDER1_STAGE_DURATION stage=slogan_stage attempt=1 durationMs=0
INFO:engine.builder1_planner:BUILDER1_STAGE_START stage=conceptual_stage attempt=1
INFO:engine.builder1_planner:BUILDER1_STAGE_PARSE_OK stage=conceptual_stage
INFO:engine.builder1_planner:BUILDER1_STAGE_DURATION stage=conceptual_stage attempt=1 durationMs=1
INFO:engine.builder1_product_visibility:BUILDER1_PRODUCT_VISIBILITY_POLICY campaignId= mode=FORBIDDEN source=default
INFO:engine.builder1_planner:BUILDER1_STAGE_START stage=brand_physical attempt=1
INFO:engine.builder1_planner:BUILDER1_STAGE_PARSE_OK stage=brand_physical
INFO:engine.builder1_planner:BUILDER1_STAGE_DURATION stage=brand_physical attempt=1 durationMs=0
INFO:engine.builder1_planner:BUILDER1_STAGE_START stage=graphic_system attempt=1
INFO:engine.builder1_planner:BUILDER1_STAGE_PARSE_OK stage=graphic_system
INFO:engine.builder1_planner:BUILDER1_STAGE_DURATION stage=graphic_system attempt=1 durationMs=0
INFO:engine.builder1_planner:BUILDER1_STAGE_START stage=series_ads attempt=1
INFO:engine.builder1_planner:BUILDER1_STAGE_PARSE_OK stage=series_ads
INFO:engine.builder1_planner:BUILDER1_STAGE_DURATION stage=series_ads attempt=1 durationMs=1
INFO:engine.builder1_marketing_text_repair:BUILDER1_MARKETING_TEXT_CHECK adIndex=1 wordCount=50
INFO:engine.builder1_marketing_text_repair:BUILDER1_MARKETING_LANGUAGE_CHECK adIndex=1 targetLanguage=en 
dominantLanguage=en valid=True hebrewChars=0 latinChars=50
INFO:engine.builder1_marketing_text_repair:BUILDER1_MARKETING_TEXT_CHECK adIndex=2 wordCount=50
INFO:engine.builder1_marketing_text_repair:BUILDER1_MARKETING_LANGUAGE_CHECK adIndex=2 targetLanguage=en 
dominantLanguage=en valid=True hebrewChars=0 latinChars=50
INFO:engine.builder1_marketing_text_repair:BUILDER1_MARKETING_TEXT_CHECK adIndex=3 wordCount=50
INFO:engine.builder1_marketing_text_repair:BUILDER1_MARKETING_LANGUAGE_CHECK adIndex=3 targetLanguage=en 
dominantLanguage=en valid=True hebrewChars=0 latinChars=50
INFO:engine.builder1_marketing_text_repair:BUILDER1_MARKETING_TEXT_CHECK adIndex=4 wordCount=50
INFO:engine.builder1_marketing_text_repair:BUILDER1_MARKETING_LANGUAGE_CHECK adIndex=4 targetLanguage=en 
dominantLanguage=en valid=True hebrewChars=0 latinChars=50
INFO:engine.builder1_planning_pipeline:BUILDER1_INTEGRITY_OK
INFO:engine.builder1_planning_metrics:BUILDER1_PIPELINE_DURATION durationMs=16
INFO:engine.builder1_planner:BUILDER1_SERIES_PLANNING_OK adCount=4
INFO:engine.builder1_planning_metrics:BUILDER1_PLANNING_CALL_SUMMARY campaignId= jobId= productNameCallUsed=true 
productNameStageCalls=1 strategyStageCalls=1 sloganStageCalls=1 conceptualStageCalls=1 physicalStageCalls=1 
graphicStageCalls=1 seriesStageCalls=1 marketingTextRepairCalls=0 stageRepairCalls=0 stageRetryCalls=0 
stageModelFallbackCalls=0 normalExpectedCalls=7 actualPlanningCalls=7 totalPlanningModelCalls=7 promptTokens= 
outputTokens= totalTokens= totalPlanningDurationMs=16
ok
test_build_text_format_for_series_ads_is_strict 
(test_builder1_strict_schema.TestStrictSchemaIntegration.test_build_text_format_for_series_ads_is_strict) ... ok
test_exactly_fifty_marketing_words_remain_valid 
(test_builder1_strict_schema.TestStrictSchemaIntegration.test_exactly_fifty_marketing_words_remain_valid) ... ok
test_successful_plan_reaches_image_generation 
(test_builder1_strict_schema.TestStrictSchemaIntegration.test_successful_plan_reaches_image_generation) ... 
INFO:engine.builder1_planner:BUILDER1_SERIES_PLANNING_START productName= format=portrait adCount=2 
seed=d51fbc4f-9a97-4a1a-a342-db43ddb16aa3 lang=en
INFO:engine.builder1_product_visibility:BUILDER1_PRODUCT_VISIBILITY_POLICY campaignId= mode=FORBIDDEN source=default
INFO:engine.builder1_planner:BUILDER1_PRODUCT_NAME_GENERATION_START
INFO:engine.builder1_planner:BUILDER1_STAGE_START stage=product_name_resolution attempt=1
INFO:engine.builder1_planner:BUILDER1_STAGE_PARSE_OK stage=product_name_resolution
INFO:engine.builder1_planner:BUILDER1_STAGE_DURATION stage=product_name_resolution attempt=1 durationMs=0
INFO:engine.builder1_planner:BUILDER1_PRODUCT_NAME_GENERATION_OK nameLength=9 lang=en
INFO:engine.builder1_planner:BUILDER1_PRODUCT_NAME_SOURCE source=generated
INFO:engine.builder1_planner:BUILDER1_STAGE_START stage=strategy_stage attempt=1
INFO:engine.builder1_strategy_scan:BUILDER1_STRATEGY_SCAN_OK candidates=12
INFO:engine.builder1_planner:BUILDER1_STAGE_PARSE_OK stage=strategy_stage
INFO:engine.builder1_planner:BUILDER1_STAGE_DURATION stage=strategy_stage attempt=1 durationMs=2
INFO:engine.builder1_planner:BUILDER1_STAGE_START stage=slogan_stage attempt=1
INFO:engine.builder1_planner:BUILDER1_STAGE_PARSE_OK stage=slogan_stage
INFO:engine.builder1_planner:BUILDER1_STAGE_DURATION stage=slogan_stage attempt=1 durationMs=0
INFO:engine.builder1_planner:BUILDER1_STAGE_START stage=conceptual_stage attempt=1
INFO:engine.builder1_planner:BUILDER1_STAGE_PARSE_OK stage=conceptual_stage
INFO:engine.builder1_planner:BUILDER1_STAGE_DURATION stage=conceptual_stage attempt=1 durationMs=1
INFO:engine.builder1_product_visibility:BUILDER1_PRODUCT_VISIBILITY_POLICY campaignId= mode=FORBIDDEN source=default
INFO:engine.builder1_planner:BUILDER1_STAGE_START stage=brand_physical attempt=1
INFO:engine.builder1_planner:BUILDER1_STAGE_PARSE_OK stage=brand_physical
INFO:engine.builder1_planner:BUILDER1_STAGE_DURATION stage=brand_physical attempt=1 durationMs=0
INFO:engine.builder1_planner:BUILDER1_STAGE_START stage=graphic_system attempt=1
INFO:engine.builder1_planner:BUILDER1_STAGE_PARSE_OK stage=graphic_system
INFO:engine.builder1_planner:BUILDER1_STAGE_DURATION stage=graphic_system attempt=1 durationMs=0
INFO:engine.builder1_planner:BUILDER1_STAGE_START stage=series_ads attempt=1
INFO:engine.builder1_planner:BUILDER1_STAGE_PARSE_OK stage=series_ads
INFO:engine.builder1_planner:BUILDER1_STAGE_DURATION stage=series_ads attempt=1 durationMs=0
INFO:engine.builder1_marketing_text_repair:BUILDER1_MARKETING_TEXT_CHECK adIndex=1 wordCount=50
INFO:engine.builder1_marketing_text_repair:BUILDER1_MARKETING_LANGUAGE_CHECK adIndex=1 targetLanguage=en 
dominantLanguage=en valid=True hebrewChars=0 latinChars=50
INFO:engine.builder1_marketing_text_repair:BUILDER1_MARKETING_TEXT_CHECK adIndex=2 wordCount=50
INFO:engine.builder1_marketing_text_repair:BUILDER1_MARKETING_LANGUAGE_CHECK adIndex=2 targetLanguage=en 
dominantLanguage=en valid=True hebrewChars=0 latinChars=50
INFO:engine.builder1_planning_pipeline:BUILDER1_INTEGRITY_OK
INFO:engine.builder1_planning_metrics:BUILDER1_PIPELINE_DURATION durationMs=12
INFO:engine.builder1_planner:BUILDER1_SERIES_PLANNING_OK adCount=2
INFO:engine.builder1_planning_metrics:BUILDER1_PLANNING_CALL_SUMMARY campaignId= jobId= productNameCallUsed=true 
productNameStageCalls=1 strategyStageCalls=1 sloganStageCalls=1 conceptualStageCalls=1 physicalStageCalls=1 
graphicStageCalls=1 seriesStageCalls=1 marketingTextRepairCalls=0 stageRepairCalls=0 stageRetryCalls=0 
stageModelFallbackCalls=0 normalExpectedCalls=7 actualPlanningCalls=7 totalPlanningModelCalls=7 promptTokens= 
outputTokens= totalTokens= totalPlanningDurationMs=12
INFO:engine.builder1_image_generator:BUILDER1_SERIES_IMAGE_START adIndex=1 attempt=1
INFO:engine.builder1_image_generator:BUILDER1_SERIES_IMAGE_OK adIndex=1
INFO:engine.builder1_image_compliance:BUILDER1_IMAGE_COMPLIANCE_REVIEW_START campaignId= jobId= adIndex=1
INFO:engine.builder1_image_compliance:BUILDER1_IMAGE_COMPLIANCE_REVIEW_PASS campaignId= jobId= adIndex=1 
confidence=high
ok
test_successful_series_ads_reaches_integrity_validation 
(test_builder1_strict_schema.TestStrictSchemaIntegration.test_successful_series_ads_reaches_integrity_validation) ... 
INFO:engine.builder1_planner:BUILDER1_SERIES_PLANNING_START productName= format=portrait adCount=2 
seed=2271d71d-5444-4c59-8f13-84f39459a754 lang=en
INFO:engine.builder1_product_visibility:BUILDER1_PRODUCT_VISIBILITY_POLICY campaignId= mode=FORBIDDEN source=default
INFO:engine.builder1_planner:BUILDER1_PRODUCT_NAME_GENERATION_START
INFO:engine.builder1_planner:BUILDER1_STAGE_START stage=product_name_resolution attempt=1
INFO:engine.builder1_planner:BUILDER1_STAGE_PARSE_OK stage=product_name_resolution
INFO:engine.builder1_planner:BUILDER1_STAGE_DURATION stage=product_name_resolution attempt=1 durationMs=0
INFO:engine.builder1_planner:BUILDER1_PRODUCT_NAME_GENERATION_OK nameLength=9 lang=en
INFO:engine.builder1_planner:BUILDER1_PRODUCT_NAME_SOURCE source=generated
INFO:engine.builder1_planner:BUILDER1_STAGE_START stage=strategy_stage attempt=1
INFO:engine.builder1_strategy_scan:BUILDER1_STRATEGY_SCAN_OK candidates=12
INFO:engine.builder1_planner:BUILDER1_STAGE_PARSE_OK stage=strategy_stage
INFO:engine.builder1_planner:BUILDER1_STAGE_DURATION stage=strategy_stage attempt=1 durationMs=2
INFO:engine.builder1_planner:BUILDER1_STAGE_START stage=slogan_stage attempt=1
INFO:engine.builder1_planner:BUILDER1_STAGE_PARSE_OK stage=slogan_stage
INFO:engine.builder1_planner:BUILDER1_STAGE_DURATION stage=slogan_stage attempt=1 durationMs=0
INFO:engine.builder1_planner:BUILDER1_STAGE_START stage=conceptual_stage attempt=1
INFO:engine.builder1_planner:BUILDER1_STAGE_PARSE_OK stage=conceptual_stage
INFO:engine.builder1_planner:BUILDER1_STAGE_DURATION stage=conceptual_stage attempt=1 durationMs=1
INFO:engine.builder1_product_visibility:BUILDER1_PRODUCT_VISIBILITY_POLICY campaignId= mode=FORBIDDEN source=default
INFO:engine.builder1_planner:BUILDER1_STAGE_START stage=brand_physical attempt=1
INFO:engine.builder1_planner:BUILDER1_STAGE_PARSE_OK stage=brand_physical
INFO:engine.builder1_planner:BUILDER1_STAGE_DURATION stage=brand_physical attempt=1 durationMs=0
INFO:engine.builder1_planner:BUILDER1_STAGE_START stage=graphic_system attempt=1
INFO:engine.builder1_planner:BUILDER1_STAGE_PARSE_OK stage=graphic_system
INFO:engine.builder1_planner:BUILDER1_STAGE_DURATION stage=graphic_system attempt=1 durationMs=0
INFO:engine.builder1_planner:BUILDER1_STAGE_START stage=series_ads attempt=1
INFO:engine.builder1_planner:BUILDER1_STAGE_PARSE_OK stage=series_ads
INFO:engine.builder1_planner:BUILDER1_STAGE_DURATION stage=series_ads attempt=1 durationMs=0
INFO:engine.builder1_marketing_text_repair:BUILDER1_MARKETING_TEXT_CHECK adIndex=1 wordCount=50
INFO:engine.builder1_marketing_text_repair:BUILDER1_MARKETING_LANGUAGE_CHECK adIndex=1 targetLanguage=en 
dominantLanguage=en valid=True hebrewChars=0 latinChars=50
INFO:engine.builder1_marketing_text_repair:BUILDER1_MARKETING_TEXT_CHECK adIndex=2 wordCount=50
INFO:engine.builder1_marketing_text_repair:BUILDER1_MARKETING_LANGUAGE_CHECK adIndex=2 targetLanguage=en 
dominantLanguage=en valid=True hebrewChars=0 latinChars=50
INFO:engine.builder1_planning_pipeline:BUILDER1_INTEGRITY_OK
INFO:engine.builder1_planning_metrics:BUILDER1_PIPELINE_DURATION durationMs=11
INFO:engine.builder1_planner:BUILDER1_SERIES_PLANNING_OK adCount=2
INFO:engine.builder1_planning_metrics:BUILDER1_PLANNING_CALL_SUMMARY campaignId= jobId= productNameCallUsed=true 
productNameStageCalls=1 strategyStageCalls=1 sloganStageCalls=1 conceptualStageCalls=1 physicalStageCalls=1 
graphicStageCalls=1 seriesStageCalls=1 marketingTextRepairCalls=0 stageRepairCalls=0 stageRetryCalls=0 
stageModelFallbackCalls=0 normalExpectedCalls=7 actualPlanningCalls=7 totalPlanningModelCalls=7 promptTokens= 
outputTokens= totalTokens= totalPlanningDurationMs=11
ok
test_valid_strict_series_ads_response_parses 
(test_builder1_strict_schema.TestStrictSchemaIntegration.test_valid_strict_series_ads_response_parses) ... ok
test_normalizer_fixes_deeply_nested_objects 
(test_builder1_strict_schema.TestStrictSchemaNormalizer.test_normalizer_fixes_deeply_nested_objects) ... ok
test_normalizer_preserves_enums_and_nullable_fields 
(test_builder1_strict_schema.TestStrictSchemaNormalizer.test_normalizer_preserves_enums_and_nullable_fields) ... ok
test_normalizer_recurses_through_arrays 
(test_builder1_strict_schema.TestStrictSchemaNormalizer.test_normalizer_recurses_through_arrays) ... ok
test_invalid_schema_rejected_before_api_call 
(test_builder1_strict_schema.TestStrictSchemaPrecheck.test_invalid_schema_rejected_before_api_call) ... 
ERROR:engine.builder1_planning_model:BUILDER1_STRICT_SCHEMA_INVALID stage=series_ads 
paths=['$.required.unexpectedField:not_in_properties']
ok
test_precheck_reports_exact_missing_object_path 
(test_builder1_strict_schema.TestStrictSchemaPrecheck.test_precheck_reports_exact_missing_object_path) ... ok

======================================================================
ERROR: test_canonical_without_legacy_pass_parses_in_single_client_call (test_builder1_image_compliance_responses_envelo
pe.TestResponsesApiEnvelopeCompliance.test_canonical_without_legacy_pass_parses_in_single_client_call)
----------------------------------------------------------------------
Traceback (most recent call last):
  File "D:\α±2\ACE\ACE-Backend\engine\builder1_image_compliance.py", line 527, in _openai_compliance_responses_call
    response = client.responses.create(**kwargs)
               ^^^^^^^^^^^^^^^^^^^^^^^^^^^^^^^^^
  File "D:\α±2\ACE\ACE-Backend\.venv312\Lib\site-packages\openai\resources\responses\responses.py", line 898, in create
    return self._post(
           ^^^^^^^^^^^
  File "D:\α±2\ACE\ACE-Backend\.venv312\Lib\site-packages\openai\_base_client.py", line 1297, in post
    return cast(ResponseT, self.request(cast_to, opts, stream=stream, stream_cls=stream_cls))
                           ^^^^^^^^^^^^^^^^^^^^^^^^^^^^^^^^^^^^^^^^^^^^^^^^^^^^^^^^^^^^^^^^^
  File "D:\α±2\ACE\ACE-Backend\.venv312\Lib\site-packages\openai\_base_client.py", line 1070, in request
    raise self._make_status_error_from_response(err.response) from None
openai.AuthenticationError: Error code: 401 - {'error': {'message': 'Incorrect API key provided: test-key. You can 
find your API key at https://platform.openai.com/account/api-keys.', 'type': 'invalid_request_error', 'param': None, 
'code': 'invalid_api_key'}}

The above exception was the direct cause of the following exception:

Traceback (most recent call last):
  File "D:\α±2\ACE\ACE-Backend\engine\builder1_image_compliance.py", line 748, in review_builder1_ad_image_compliance
    raw = _openai_compliance_review_call(
          ^^^^^^^^^^^^^^^^^^^^^^^^^^^^^^^
  File "D:\α±2\ACE\ACE-Backend\engine\builder1_image_compliance.py", line 566, in _openai_compliance_review_call
    return _openai_compliance_responses_call(
           ^^^^^^^^^^^^^^^^^^^^^^^^^^^^^^^^^^
  File "D:\α±2\ACE\ACE-Backend\engine\builder1_image_compliance.py", line 551, in _openai_compliance_responses_call
    raise ImageComplianceUnavailableError("review_service_error", ad_index=-1) from exc
engine.builder1_image_compliance.ImageComplianceUnavailableError: image_compliance_unavailable:review_service_error

The above exception was the direct cause of the following exception:

Traceback (most recent call last):
  File "C:\Users\user\AppData\Local\Programs\Python\Python312\Lib\unittest\mock.py", line 1861, in _inner
    return f(*args, **kw)
           ^^^^^^^^^^^^^^
  File "D:\α±2\ACE\ACE-Backend\tests\test_builder1_image_compliance_responses_envelope.py", line 252, in 
test_canonical_without_legacy_pass_parses_in_single_client_call
    result, mock_client = _run_through_openai_client(envelope)
                          ^^^^^^^^^^^^^^^^^^^^^^^^^^^^^^^^^^^^
  File "D:\α±2\ACE\ACE-Backend\tests\test_builder1_image_compliance_responses_envelope.py", line 77, in 
_run_through_openai_client
    return review_builder1_ad_image_compliance(
           ^^^^^^^^^^^^^^^^^^^^^^^^^^^^^^^^^^^^
  File "D:\α±2\ACE\ACE-Backend\engine\builder1_image_compliance.py", line 794, in review_builder1_ad_image_compliance
    raise ImageComplianceUnavailableError(
engine.builder1_image_compliance.ImageComplianceUnavailableError: image_compliance_unavailable:review_service_error

======================================================================
ERROR: test_fenced_json_in_content_item_succeeds (test_builder1_image_compliance_responses_envelope.TestResponsesApiEnv
elopeCompliance.test_fenced_json_in_content_item_succeeds)
----------------------------------------------------------------------
Traceback (most recent call last):
  File "D:\α±2\ACE\ACE-Backend\engine\builder1_image_compliance.py", line 527, in _openai_compliance_responses_call
    response = client.responses.create(**kwargs)
               ^^^^^^^^^^^^^^^^^^^^^^^^^^^^^^^^^
  File "D:\α±2\ACE\ACE-Backend\.venv312\Lib\site-packages\openai\resources\responses\responses.py", line 898, in create
    return self._post(
           ^^^^^^^^^^^
  File "D:\α±2\ACE\ACE-Backend\.venv312\Lib\site-packages\openai\_base_client.py", line 1297, in post
    return cast(ResponseT, self.request(cast_to, opts, stream=stream, stream_cls=stream_cls))
                           ^^^^^^^^^^^^^^^^^^^^^^^^^^^^^^^^^^^^^^^^^^^^^^^^^^^^^^^^^^^^^^^^^
  File "D:\α±2\ACE\ACE-Backend\.venv312\Lib\site-packages\openai\_base_client.py", line 1070, in request
    raise self._make_status_error_from_response(err.response) from None
openai.AuthenticationError: Error code: 401 - {'error': {'message': 'Incorrect API key provided: test-key. You can 
find your API key at https://platform.openai.com/account/api-keys.', 'type': 'invalid_request_error', 'param': None, 
'code': 'invalid_api_key'}}

The above exception was the direct cause of the following exception:

Traceback (most recent call last):
  File "D:\α±2\ACE\ACE-Backend\engine\builder1_image_compliance.py", line 748, in review_builder1_ad_image_compliance
    raw = _openai_compliance_review_call(
          ^^^^^^^^^^^^^^^^^^^^^^^^^^^^^^^
  File "D:\α±2\ACE\ACE-Backend\engine\builder1_image_compliance.py", line 566, in _openai_compliance_review_call
    return _openai_compliance_responses_call(
           ^^^^^^^^^^^^^^^^^^^^^^^^^^^^^^^^^^
  File "D:\α±2\ACE\ACE-Backend\engine\builder1_image_compliance.py", line 551, in _openai_compliance_responses_call
    raise ImageComplianceUnavailableError("review_service_error", ad_index=-1) from exc
engine.builder1_image_compliance.ImageComplianceUnavailableError: image_compliance_unavailable:review_service_error

The above exception was the direct cause of the following exception:

Traceback (most recent call last):
  File "C:\Users\user\AppData\Local\Programs\Python\Python312\Lib\unittest\mock.py", line 1861, in _inner
    return f(*args, **kw)
           ^^^^^^^^^^^^^^
  File "D:\α±2\ACE\ACE-Backend\tests\test_builder1_image_compliance_responses_envelope.py", line 177, in 
test_fenced_json_in_content_item_succeeds
    result, _mock_client = _run_through_openai_client(
                           ^^^^^^^^^^^^^^^^^^^^^^^^^^^
  File "D:\α±2\ACE\ACE-Backend\tests\test_builder1_image_compliance_responses_envelope.py", line 77, in 
_run_through_openai_client
    return review_builder1_ad_image_compliance(
           ^^^^^^^^^^^^^^^^^^^^^^^^^^^^^^^^^^^^
  File "D:\α±2\ACE\ACE-Backend\engine\builder1_image_compliance.py", line 794, in review_builder1_ad_image_compliance
    raise ImageComplianceUnavailableError(
engine.builder1_image_compliance.ImageComplianceUnavailableError: image_compliance_unavailable:review_service_error

======================================================================
ERROR: test_image_compliance_parses_real_responses_api_envelope (test_builder1_image_compliance_responses_envelope.Test
ResponsesApiEnvelopeCompliance.test_image_compliance_parses_real_responses_api_envelope)
----------------------------------------------------------------------
Traceback (most recent call last):
  File "D:\α±2\ACE\ACE-Backend\engine\builder1_image_compliance.py", line 527, in _openai_compliance_responses_call
    response = client.responses.create(**kwargs)
               ^^^^^^^^^^^^^^^^^^^^^^^^^^^^^^^^^
  File "D:\α±2\ACE\ACE-Backend\.venv312\Lib\site-packages\openai\resources\responses\responses.py", line 898, in create
    return self._post(
           ^^^^^^^^^^^
  File "D:\α±2\ACE\ACE-Backend\.venv312\Lib\site-packages\openai\_base_client.py", line 1297, in post
    return cast(ResponseT, self.request(cast_to, opts, stream=stream, stream_cls=stream_cls))
                           ^^^^^^^^^^^^^^^^^^^^^^^^^^^^^^^^^^^^^^^^^^^^^^^^^^^^^^^^^^^^^^^^^
  File "D:\α±2\ACE\ACE-Backend\.venv312\Lib\site-packages\openai\_base_client.py", line 1070, in request
    raise self._make_status_error_from_response(err.response) from None
openai.AuthenticationError: Error code: 401 - {'error': {'message': 'Incorrect API key provided: test-key. You can 
find your API key at https://platform.openai.com/account/api-keys.', 'type': 'invalid_request_error', 'param': None, 
'code': 'invalid_api_key'}}

The above exception was the direct cause of the following exception:

Traceback (most recent call last):
  File "D:\α±2\ACE\ACE-Backend\engine\builder1_image_compliance.py", line 748, in review_builder1_ad_image_compliance
    raw = _openai_compliance_review_call(
          ^^^^^^^^^^^^^^^^^^^^^^^^^^^^^^^
  File "D:\α±2\ACE\ACE-Backend\engine\builder1_image_compliance.py", line 566, in _openai_compliance_review_call
    return _openai_compliance_responses_call(
           ^^^^^^^^^^^^^^^^^^^^^^^^^^^^^^^^^^
  File "D:\α±2\ACE\ACE-Backend\engine\builder1_image_compliance.py", line 551, in _openai_compliance_responses_call
    raise ImageComplianceUnavailableError("review_service_error", ad_index=-1) from exc
engine.builder1_image_compliance.ImageComplianceUnavailableError: image_compliance_unavailable:review_service_error

The above exception was the direct cause of the following exception:

Traceback (most recent call last):
  File "C:\Users\user\AppData\Local\Programs\Python\Python312\Lib\unittest\mock.py", line 1861, in _inner
    return f(*args, **kw)
           ^^^^^^^^^^^^^^
  File "D:\α±2\ACE\ACE-Backend\tests\test_builder1_image_compliance_responses_envelope.py", line 104, in 
test_image_compliance_parses_real_responses_api_envelope
    result, mock_client = _run_through_openai_client(envelope)
                          ^^^^^^^^^^^^^^^^^^^^^^^^^^^^^^^^^^^^
  File "D:\α±2\ACE\ACE-Backend\tests\test_builder1_image_compliance_responses_envelope.py", line 77, in 
_run_through_openai_client
    return review_builder1_ad_image_compliance(
           ^^^^^^^^^^^^^^^^^^^^^^^^^^^^^^^^^^^^
  File "D:\α±2\ACE\ACE-Backend\engine\builder1_image_compliance.py", line 794, in review_builder1_ad_image_compliance
    raise ImageComplianceUnavailableError(
engine.builder1_image_compliance.ImageComplianceUnavailableError: image_compliance_unavailable:review_service_error

======================================================================
ERROR: test_invalid_inner_json_triggers_contract_repair_preserving_image (test_builder1_image_compliance_responses_enve
lope.TestResponsesApiEnvelopeCompliance.test_invalid_inner_json_triggers_contract_repair_preserving_image)
----------------------------------------------------------------------
Traceback (most recent call last):
  File "D:\α±2\ACE\ACE-Backend\engine\builder1_image_compliance.py", line 527, in _openai_compliance_responses_call
    response = client.responses.create(**kwargs)
               ^^^^^^^^^^^^^^^^^^^^^^^^^^^^^^^^^
  File "D:\α±2\ACE\ACE-Backend\.venv312\Lib\site-packages\openai\resources\responses\responses.py", line 898, in create
    return self._post(
           ^^^^^^^^^^^
  File "D:\α±2\ACE\ACE-Backend\.venv312\Lib\site-packages\openai\_base_client.py", line 1297, in post
    return cast(ResponseT, self.request(cast_to, opts, stream=stream, stream_cls=stream_cls))
                           ^^^^^^^^^^^^^^^^^^^^^^^^^^^^^^^^^^^^^^^^^^^^^^^^^^^^^^^^^^^^^^^^^
  File "D:\α±2\ACE\ACE-Backend\.venv312\Lib\site-packages\openai\_base_client.py", line 1070, in request
    raise self._make_status_error_from_response(err.response) from None
openai.AuthenticationError: Error code: 401 - {'error': {'message': 'Incorrect API key provided: test-key. You can 
find your API key at https://platform.openai.com/account/api-keys.', 'type': 'invalid_request_error', 'param': None, 
'code': 'invalid_api_key'}}

The above exception was the direct cause of the following exception:

Traceback (most recent call last):
  File "D:\α±2\ACE\ACE-Backend\engine\builder1_image_compliance.py", line 748, in review_builder1_ad_image_compliance
    raw = _openai_compliance_review_call(
          ^^^^^^^^^^^^^^^^^^^^^^^^^^^^^^^
  File "D:\α±2\ACE\ACE-Backend\engine\builder1_image_compliance.py", line 566, in _openai_compliance_review_call
    return _openai_compliance_responses_call(
           ^^^^^^^^^^^^^^^^^^^^^^^^^^^^^^^^^^
  File "D:\α±2\ACE\ACE-Backend\engine\builder1_image_compliance.py", line 551, in _openai_compliance_responses_call
    raise ImageComplianceUnavailableError("review_service_error", ad_index=-1) from exc
engine.builder1_image_compliance.ImageComplianceUnavailableError: image_compliance_unavailable:review_service_error

The above exception was the direct cause of the following exception:

Traceback (most recent call last):
  File "C:\Users\user\AppData\Local\Programs\Python\Python312\Lib\unittest\mock.py", line 1861, in _inner
    return f(*args, **kw)
           ^^^^^^^^^^^^^^
  File "D:\α±2\ACE\ACE-Backend\tests\test_builder1_image_compliance_responses_envelope.py", line 198, in 
test_invalid_inner_json_triggers_contract_repair_preserving_image
    result, mock_client = _run_through_openai_client(
                          ^^^^^^^^^^^^^^^^^^^^^^^^^^^
  File "D:\α±2\ACE\ACE-Backend\tests\test_builder1_image_compliance_responses_envelope.py", line 77, in 
_run_through_openai_client
    return review_builder1_ad_image_compliance(
           ^^^^^^^^^^^^^^^^^^^^^^^^^^^^^^^^^^^^
  File "D:\α±2\ACE\ACE-Backend\engine\builder1_image_compliance.py", line 794, in review_builder1_ad_image_compliance
    raise ImageComplianceUnavailableError(
engine.builder1_image_compliance.ImageComplianceUnavailableError: image_compliance_unavailable:review_service_error

======================================================================
ERROR: test_legacy_response_normalized_only_via_adapter (test_builder1_image_compliance_responses_envelope.TestResponse
sApiEnvelopeCompliance.test_legacy_response_normalized_only_via_adapter)
----------------------------------------------------------------------
Traceback (most recent call last):
  File "D:\α±2\ACE\ACE-Backend\engine\builder1_image_compliance.py", line 527, in _openai_compliance_responses_call
    response = client.responses.create(**kwargs)
               ^^^^^^^^^^^^^^^^^^^^^^^^^^^^^^^^^
  File "D:\α±2\ACE\ACE-Backend\.venv312\Lib\site-packages\openai\resources\responses\responses.py", line 898, in create
    return self._post(
           ^^^^^^^^^^^
  File "D:\α±2\ACE\ACE-Backend\.venv312\Lib\site-packages\openai\_base_client.py", line 1297, in post
    return cast(ResponseT, self.request(cast_to, opts, stream=stream, stream_cls=stream_cls))
                           ^^^^^^^^^^^^^^^^^^^^^^^^^^^^^^^^^^^^^^^^^^^^^^^^^^^^^^^^^^^^^^^^^
  File "D:\α±2\ACE\ACE-Backend\.venv312\Lib\site-packages\openai\_base_client.py", line 1070, in request
    raise self._make_status_error_from_response(err.response) from None
openai.AuthenticationError: Error code: 401 - {'error': {'message': 'Incorrect API key provided: test-key. You can 
find your API key at https://platform.openai.com/account/api-keys.', 'type': 'invalid_request_error', 'param': None, 
'code': 'invalid_api_key'}}

The above exception was the direct cause of the following exception:

Traceback (most recent call last):
  File "D:\α±2\ACE\ACE-Backend\engine\builder1_image_compliance.py", line 748, in review_builder1_ad_image_compliance
    raw = _openai_compliance_review_call(
          ^^^^^^^^^^^^^^^^^^^^^^^^^^^^^^^
  File "D:\α±2\ACE\ACE-Backend\engine\builder1_image_compliance.py", line 566, in _openai_compliance_review_call
    return _openai_compliance_responses_call(
           ^^^^^^^^^^^^^^^^^^^^^^^^^^^^^^^^^^
  File "D:\α±2\ACE\ACE-Backend\engine\builder1_image_compliance.py", line 551, in _openai_compliance_responses_call
    raise ImageComplianceUnavailableError("review_service_error", ad_index=-1) from exc
engine.builder1_image_compliance.ImageComplianceUnavailableError: image_compliance_unavailable:review_service_error

The above exception was the direct cause of the following exception:

Traceback (most recent call last):
  File "C:\Users\user\AppData\Local\Programs\Python\Python312\Lib\unittest\mock.py", line 1861, in _inner
    return f(*args, **kw)
           ^^^^^^^^^^^^^^
  File "D:\α±2\ACE\ACE-Backend\tests\test_builder1_image_compliance_responses_envelope.py", line 185, in 
test_legacy_response_normalized_only_via_adapter
    result, _mock_client = _run_through_openai_client(
                           ^^^^^^^^^^^^^^^^^^^^^^^^^^^
  File "D:\α±2\ACE\ACE-Backend\tests\test_builder1_image_compliance_responses_envelope.py", line 77, in 
_run_through_openai_client
    return review_builder1_ad_image_compliance(
           ^^^^^^^^^^^^^^^^^^^^^^^^^^^^^^^^^^^^
  File "D:\α±2\ACE\ACE-Backend\engine\builder1_image_compliance.py", line 794, in review_builder1_ad_image_compliance
    raise ImageComplianceUnavailableError(
engine.builder1_image_compliance.ImageComplianceUnavailableError: image_compliance_unavailable:review_service_error

======================================================================
ERROR: test_nested_content_succeeds_when_output_text_empty (test_builder1_image_compliance_responses_envelope.TestRespo
nsesApiEnvelopeCompliance.test_nested_content_succeeds_when_output_text_empty)
----------------------------------------------------------------------
Traceback (most recent call last):
  File "D:\α±2\ACE\ACE-Backend\engine\builder1_image_compliance.py", line 527, in _openai_compliance_responses_call
    response = client.responses.create(**kwargs)
               ^^^^^^^^^^^^^^^^^^^^^^^^^^^^^^^^^
  File "D:\α±2\ACE\ACE-Backend\.venv312\Lib\site-packages\openai\resources\responses\responses.py", line 898, in create
    return self._post(
           ^^^^^^^^^^^
  File "D:\α±2\ACE\ACE-Backend\.venv312\Lib\site-packages\openai\_base_client.py", line 1297, in post
    return cast(ResponseT, self.request(cast_to, opts, stream=stream, stream_cls=stream_cls))
                           ^^^^^^^^^^^^^^^^^^^^^^^^^^^^^^^^^^^^^^^^^^^^^^^^^^^^^^^^^^^^^^^^^
  File "D:\α±2\ACE\ACE-Backend\.venv312\Lib\site-packages\openai\_base_client.py", line 1070, in request
    raise self._make_status_error_from_response(err.response) from None
openai.AuthenticationError: Error code: 401 - {'error': {'message': 'Incorrect API key provided: test-key. You can 
find your API key at https://platform.openai.com/account/api-keys.', 'type': 'invalid_request_error', 'param': None, 
'code': 'invalid_api_key'}}

The above exception was the direct cause of the following exception:

Traceback (most recent call last):
  File "D:\α±2\ACE\ACE-Backend\engine\builder1_image_compliance.py", line 748, in review_builder1_ad_image_compliance
    raw = _openai_compliance_review_call(
          ^^^^^^^^^^^^^^^^^^^^^^^^^^^^^^^
  File "D:\α±2\ACE\ACE-Backend\engine\builder1_image_compliance.py", line 566, in _openai_compliance_review_call
    return _openai_compliance_responses_call(
           ^^^^^^^^^^^^^^^^^^^^^^^^^^^^^^^^^^
  File "D:\α±2\ACE\ACE-Backend\engine\builder1_image_compliance.py", line 551, in _openai_compliance_responses_call
    raise ImageComplianceUnavailableError("review_service_error", ad_index=-1) from exc
engine.builder1_image_compliance.ImageComplianceUnavailableError: image_compliance_unavailable:review_service_error

The above exception was the direct cause of the following exception:

Traceback (most recent call last):
  File "C:\Users\user\AppData\Local\Programs\Python\Python312\Lib\unittest\mock.py", line 1861, in _inner
    return f(*args, **kw)
           ^^^^^^^^^^^^^^
  File "D:\α±2\ACE\ACE-Backend\tests\test_builder1_image_compliance_responses_envelope.py", line 124, in 
test_nested_content_succeeds_when_output_text_empty
    result, _mock_client = _run_through_openai_client(envelope)
                           ^^^^^^^^^^^^^^^^^^^^^^^^^^^^^^^^^^^^
  File "D:\α±2\ACE\ACE-Backend\tests\test_builder1_image_compliance_responses_envelope.py", line 77, in 
_run_through_openai_client
    return review_builder1_ad_image_compliance(
           ^^^^^^^^^^^^^^^^^^^^^^^^^^^^^^^^^^^^
  File "D:\α±2\ACE\ACE-Backend\engine\builder1_image_compliance.py", line 794, in review_builder1_ad_image_compliance
    raise ImageComplianceUnavailableError(
engine.builder1_image_compliance.ImageComplianceUnavailableError: image_compliance_unavailable:review_service_error

======================================================================
ERROR: test_no_direct_parser_bypass_in_production_shaped_tests (test_builder1_image_compliance_responses_envelope.TestR
esponsesApiEnvelopeCompliance.test_no_direct_parser_bypass_in_production_shaped_tests)
----------------------------------------------------------------------
Traceback (most recent call last):
  File "D:\α±2\ACE\ACE-Backend\engine\builder1_image_compliance.py", line 527, in _openai_compliance_responses_call
    response = client.responses.create(**kwargs)
               ^^^^^^^^^^^^^^^^^^^^^^^^^^^^^^^^^
  File "D:\α±2\ACE\ACE-Backend\.venv312\Lib\site-packages\openai\resources\responses\responses.py", line 898, in create
    return self._post(
           ^^^^^^^^^^^
  File "D:\α±2\ACE\ACE-Backend\.venv312\Lib\site-packages\openai\_base_client.py", line 1297, in post
    return cast(ResponseT, self.request(cast_to, opts, stream=stream, stream_cls=stream_cls))
                           ^^^^^^^^^^^^^^^^^^^^^^^^^^^^^^^^^^^^^^^^^^^^^^^^^^^^^^^^^^^^^^^^^
  File "D:\α±2\ACE\ACE-Backend\.venv312\Lib\site-packages\openai\_base_client.py", line 1070, in request
    raise self._make_status_error_from_response(err.response) from None
openai.AuthenticationError: Error code: 401 - {'error': {'message': 'Incorrect API key provided: test-key. You can 
find your API key at https://platform.openai.com/account/api-keys.', 'type': 'invalid_request_error', 'param': None, 
'code': 'invalid_api_key'}}

The above exception was the direct cause of the following exception:

Traceback (most recent call last):
  File "D:\α±2\ACE\ACE-Backend\engine\builder1_image_compliance.py", line 748, in review_builder1_ad_image_compliance
    raw = _openai_compliance_review_call(
          ^^^^^^^^^^^^^^^^^^^^^^^^^^^^^^^
  File "D:\α±2\ACE\ACE-Backend\engine\builder1_image_compliance.py", line 566, in _openai_compliance_review_call
    return _openai_compliance_responses_call(
           ^^^^^^^^^^^^^^^^^^^^^^^^^^^^^^^^^^
  File "D:\α±2\ACE\ACE-Backend\engine\builder1_image_compliance.py", line 551, in _openai_compliance_responses_call
    raise ImageComplianceUnavailableError("review_service_error", ad_index=-1) from exc
engine.builder1_image_compliance.ImageComplianceUnavailableError: image_compliance_unavailable:review_service_error

The above exception was the direct cause of the following exception:

Traceback (most recent call last):
  File "C:\Users\user\AppData\Local\Programs\Python\Python312\Lib\unittest\mock.py", line 1861, in _inner
    return f(*args, **kw)
           ^^^^^^^^^^^^^^
  File "D:\α±2\ACE\ACE-Backend\tests\test_builder1_image_compliance_responses_envelope.py", line 261, in 
test_no_direct_parser_bypass_in_production_shaped_tests
    _run_through_openai_client(
  File "D:\α±2\ACE\ACE-Backend\tests\test_builder1_image_compliance_responses_envelope.py", line 77, in 
_run_through_openai_client
    return review_builder1_ad_image_compliance(
           ^^^^^^^^^^^^^^^^^^^^^^^^^^^^^^^^^^^^
  File "D:\α±2\ACE\ACE-Backend\engine\builder1_image_compliance.py", line 794, in review_builder1_ad_image_compliance
    raise ImageComplianceUnavailableError(
engine.builder1_image_compliance.ImageComplianceUnavailableError: image_compliance_unavailable:review_service_error

======================================================================
ERROR: test_production_extraction_function_used_end_to_end (test_builder1_image_compliance_responses_envelope.TestRespo
nsesApiEnvelopeCompliance.test_production_extraction_function_used_end_to_end)
----------------------------------------------------------------------
Traceback (most recent call last):
  File "D:\α±2\ACE\ACE-Backend\engine\builder1_image_compliance.py", line 527, in _openai_compliance_responses_call
    response = client.responses.create(**kwargs)
               ^^^^^^^^^^^^^^^^^^^^^^^^^^^^^^^^^
  File "D:\α±2\ACE\ACE-Backend\.venv312\Lib\site-packages\openai\resources\responses\responses.py", line 898, in create
    return self._post(
           ^^^^^^^^^^^
  File "D:\α±2\ACE\ACE-Backend\.venv312\Lib\site-packages\openai\_base_client.py", line 1297, in post
    return cast(ResponseT, self.request(cast_to, opts, stream=stream, stream_cls=stream_cls))
                           ^^^^^^^^^^^^^^^^^^^^^^^^^^^^^^^^^^^^^^^^^^^^^^^^^^^^^^^^^^^^^^^^^
  File "D:\α±2\ACE\ACE-Backend\.venv312\Lib\site-packages\openai\_base_client.py", line 1070, in request
    raise self._make_status_error_from_response(err.response) from None
openai.AuthenticationError: Error code: 401 - {'error': {'message': 'Incorrect API key provided: test-key. You can 
find your API key at https://platform.openai.com/account/api-keys.', 'type': 'invalid_request_error', 'param': None, 
'code': 'invalid_api_key'}}

The above exception was the direct cause of the following exception:

Traceback (most recent call last):
  File "D:\α±2\ACE\ACE-Backend\engine\builder1_image_compliance.py", line 748, in review_builder1_ad_image_compliance
    raw = _openai_compliance_review_call(
          ^^^^^^^^^^^^^^^^^^^^^^^^^^^^^^^
  File "D:\α±2\ACE\ACE-Backend\engine\builder1_image_compliance.py", line 566, in _openai_compliance_review_call
    return _openai_compliance_responses_call(
           ^^^^^^^^^^^^^^^^^^^^^^^^^^^^^^^^^^
  File "D:\α±2\ACE\ACE-Backend\engine\builder1_image_compliance.py", line 551, in _openai_compliance_responses_call
    raise ImageComplianceUnavailableError("review_service_error", ad_index=-1) from exc
engine.builder1_image_compliance.ImageComplianceUnavailableError: image_compliance_unavailable:review_service_error

The above exception was the direct cause of the following exception:

Traceback (most recent call last):
  File "C:\Users\user\AppData\Local\Programs\Python\Python312\Lib\unittest\mock.py", line 1861, in _inner
    return f(*args, **kw)
           ^^^^^^^^^^^^^^
  File "D:\α±2\ACE\ACE-Backend\tests\test_builder1_image_compliance_responses_envelope.py", line 146, in 
test_production_extraction_function_used_end_to_end
    _run_through_openai_client(envelope)
  File "D:\α±2\ACE\ACE-Backend\tests\test_builder1_image_compliance_responses_envelope.py", line 77, in 
_run_through_openai_client
    return review_builder1_ad_image_compliance(
           ^^^^^^^^^^^^^^^^^^^^^^^^^^^^^^^^^^^^
  File "D:\α±2\ACE\ACE-Backend\engine\builder1_image_compliance.py", line 794, in review_builder1_ad_image_compliance
    raise ImageComplianceUnavailableError(
engine.builder1_image_compliance.ImageComplianceUnavailableError: image_compliance_unavailable:review_service_error

======================================================================
ERROR: test_production_malformed_response_fixture_no_longer_fails (test_builder1_image_compliance_responses_envelope.Te
stResponsesApiEnvelopeCompliance.test_production_malformed_response_fixture_no_longer_fails)
----------------------------------------------------------------------
Traceback (most recent call last):
  File "D:\α±2\ACE\ACE-Backend\engine\builder1_image_compliance.py", line 527, in _openai_compliance_responses_call
    response = client.responses.create(**kwargs)
               ^^^^^^^^^^^^^^^^^^^^^^^^^^^^^^^^^
  File "D:\α±2\ACE\ACE-Backend\.venv312\Lib\site-packages\openai\resources\responses\responses.py", line 898, in create
    return self._post(
           ^^^^^^^^^^^
  File "D:\α±2\ACE\ACE-Backend\.venv312\Lib\site-packages\openai\_base_client.py", line 1297, in post
    return cast(ResponseT, self.request(cast_to, opts, stream=stream, stream_cls=stream_cls))
                           ^^^^^^^^^^^^^^^^^^^^^^^^^^^^^^^^^^^^^^^^^^^^^^^^^^^^^^^^^^^^^^^^^
  File "D:\α±2\ACE\ACE-Backend\.venv312\Lib\site-packages\openai\_base_client.py", line 1070, in request
    raise self._make_status_error_from_response(err.response) from None
openai.AuthenticationError: Error code: 401 - {'error': {'message': 'Incorrect API key provided: test-key. You can 
find your API key at https://platform.openai.com/account/api-keys.', 'type': 'invalid_request_error', 'param': None, 
'code': 'invalid_api_key'}}

The above exception was the direct cause of the following exception:

Traceback (most recent call last):
  File "D:\α±2\ACE\ACE-Backend\engine\builder1_image_compliance.py", line 748, in review_builder1_ad_image_compliance
    raw = _openai_compliance_review_call(
          ^^^^^^^^^^^^^^^^^^^^^^^^^^^^^^^
  File "D:\α±2\ACE\ACE-Backend\engine\builder1_image_compliance.py", line 566, in _openai_compliance_review_call
    return _openai_compliance_responses_call(
           ^^^^^^^^^^^^^^^^^^^^^^^^^^^^^^^^^^
  File "D:\α±2\ACE\ACE-Backend\engine\builder1_image_compliance.py", line 551, in _openai_compliance_responses_call
    raise ImageComplianceUnavailableError("review_service_error", ad_index=-1) from exc
engine.builder1_image_compliance.ImageComplianceUnavailableError: image_compliance_unavailable:review_service_error

The above exception was the direct cause of the following exception:

Traceback (most recent call last):
  File "C:\Users\user\AppData\Local\Programs\Python\Python312\Lib\unittest\mock.py", line 1861, in _inner
    return f(*args, **kw)
           ^^^^^^^^^^^^^^
  File "D:\α±2\ACE\ACE-Backend\tests\test_builder1_image_compliance_responses_envelope.py", line 236, in 
test_production_malformed_response_fixture_no_longer_fails
    result, mock_client = _run_through_openai_client(
                          ^^^^^^^^^^^^^^^^^^^^^^^^^^^
  File "D:\α±2\ACE\ACE-Backend\tests\test_builder1_image_compliance_responses_envelope.py", line 77, in 
_run_through_openai_client
    return review_builder1_ad_image_compliance(
           ^^^^^^^^^^^^^^^^^^^^^^^^^^^^^^^^^^^^
  File "D:\α±2\ACE\ACE-Backend\engine\builder1_image_compliance.py", line 794, in review_builder1_ad_image_compliance
    raise ImageComplianceUnavailableError(
engine.builder1_image_compliance.ImageComplianceUnavailableError: image_compliance_unavailable:review_service_error

======================================================================
ERROR: test_sdk_shaped_fixture_response_object_succeeds (test_builder1_image_compliance_responses_envelope.TestResponse
sApiEnvelopeCompliance.test_sdk_shaped_fixture_response_object_succeeds)
----------------------------------------------------------------------
Traceback (most recent call last):
  File "D:\α±2\ACE\ACE-Backend\engine\builder1_image_compliance.py", line 527, in _openai_compliance_responses_call
    response = client.responses.create(**kwargs)
               ^^^^^^^^^^^^^^^^^^^^^^^^^^^^^^^^^
  File "D:\α±2\ACE\ACE-Backend\.venv312\Lib\site-packages\openai\resources\responses\responses.py", line 898, in create
    return self._post(
           ^^^^^^^^^^^
  File "D:\α±2\ACE\ACE-Backend\.venv312\Lib\site-packages\openai\_base_client.py", line 1297, in post
    return cast(ResponseT, self.request(cast_to, opts, stream=stream, stream_cls=stream_cls))
                           ^^^^^^^^^^^^^^^^^^^^^^^^^^^^^^^^^^^^^^^^^^^^^^^^^^^^^^^^^^^^^^^^^
  File "D:\α±2\ACE\ACE-Backend\.venv312\Lib\site-packages\openai\_base_client.py", line 1070, in request
    raise self._make_status_error_from_response(err.response) from None
openai.AuthenticationError: Error code: 401 - {'error': {'message': 'Incorrect API key provided: test-key. You can 
find your API key at https://platform.openai.com/account/api-keys.', 'type': 'invalid_request_error', 'param': None, 
'code': 'invalid_api_key'}}

The above exception was the direct cause of the following exception:

Traceback (most recent call last):
  File "D:\α±2\ACE\ACE-Backend\engine\builder1_image_compliance.py", line 748, in review_builder1_ad_image_compliance
    raw = _openai_compliance_review_call(
          ^^^^^^^^^^^^^^^^^^^^^^^^^^^^^^^
  File "D:\α±2\ACE\ACE-Backend\engine\builder1_image_compliance.py", line 566, in _openai_compliance_review_call
    return _openai_compliance_responses_call(
           ^^^^^^^^^^^^^^^^^^^^^^^^^^^^^^^^^^
  File "D:\α±2\ACE\ACE-Backend\engine\builder1_image_compliance.py", line 551, in _openai_compliance_responses_call
    raise ImageComplianceUnavailableError("review_service_error", ad_index=-1) from exc
engine.builder1_image_compliance.ImageComplianceUnavailableError: image_compliance_unavailable:review_service_error

The above exception was the direct cause of the following exception:

Traceback (most recent call last):
  File "C:\Users\user\AppData\Local\Programs\Python\Python312\Lib\unittest\mock.py", line 1861, in _inner
    return f(*args, **kw)
           ^^^^^^^^^^^^^^
  File "D:\α±2\ACE\ACE-Backend\tests\test_builder1_image_compliance_responses_envelope.py", line 134, in 
test_sdk_shaped_fixture_response_object_succeeds
    result, _mock_client = _run_through_openai_client(envelope)
                           ^^^^^^^^^^^^^^^^^^^^^^^^^^^^^^^^^^^^
  File "D:\α±2\ACE\ACE-Backend\tests\test_builder1_image_compliance_responses_envelope.py", line 77, in 
_run_through_openai_client
    return review_builder1_ad_image_compliance(
           ^^^^^^^^^^^^^^^^^^^^^^^^^^^^^^^^^^^^
  File "D:\α±2\ACE\ACE-Backend\engine\builder1_image_compliance.py", line 794, in review_builder1_ad_image_compliance
    raise ImageComplianceUnavailableError(
engine.builder1_image_compliance.ImageComplianceUnavailableError: image_compliance_unavailable:review_service_error

======================================================================
ERROR: test_strict_schema_response_path_matches_parser_fields (test_builder1_image_compliance_responses_envelope.TestRe
sponsesApiEnvelopeCompliance.test_strict_schema_response_path_matches_parser_fields)
----------------------------------------------------------------------
Traceback (most recent call last):
  File "D:\α±2\ACE\ACE-Backend\engine\builder1_image_compliance.py", line 527, in _openai_compliance_responses_call
    response = client.responses.create(**kwargs)
               ^^^^^^^^^^^^^^^^^^^^^^^^^^^^^^^^^
  File "D:\α±2\ACE\ACE-Backend\.venv312\Lib\site-packages\openai\resources\responses\responses.py", line 898, in create
    return self._post(
           ^^^^^^^^^^^
  File "D:\α±2\ACE\ACE-Backend\.venv312\Lib\site-packages\openai\_base_client.py", line 1297, in post
    return cast(ResponseT, self.request(cast_to, opts, stream=stream, stream_cls=stream_cls))
                           ^^^^^^^^^^^^^^^^^^^^^^^^^^^^^^^^^^^^^^^^^^^^^^^^^^^^^^^^^^^^^^^^^
  File "D:\α±2\ACE\ACE-Backend\.venv312\Lib\site-packages\openai\_base_client.py", line 1070, in request
    raise self._make_status_error_from_response(err.response) from None
openai.AuthenticationError: Error code: 401 - {'error': {'message': 'Incorrect API key provided: test-key. You can 
find your API key at https://platform.openai.com/account/api-keys.', 'type': 'invalid_request_error', 'param': None, 
'code': 'invalid_api_key'}}

The above exception was the direct cause of the following exception:

Traceback (most recent call last):
  File "D:\α±2\ACE\ACE-Backend\engine\builder1_image_compliance.py", line 748, in review_builder1_ad_image_compliance
    raw = _openai_compliance_review_call(
          ^^^^^^^^^^^^^^^^^^^^^^^^^^^^^^^
  File "D:\α±2\ACE\ACE-Backend\engine\builder1_image_compliance.py", line 566, in _openai_compliance_review_call
    return _openai_compliance_responses_call(
           ^^^^^^^^^^^^^^^^^^^^^^^^^^^^^^^^^^
  File "D:\α±2\ACE\ACE-Backend\engine\builder1_image_compliance.py", line 551, in _openai_compliance_responses_call
    raise ImageComplianceUnavailableError("review_service_error", ad_index=-1) from exc
engine.builder1_image_compliance.ImageComplianceUnavailableError: image_compliance_unavailable:review_service_error

The above exception was the direct cause of the following exception:

Traceback (most recent call last):
  File "C:\Users\user\AppData\Local\Programs\Python\Python312\Lib\unittest\mock.py", line 1861, in _inner
    return f(*args, **kw)
           ^^^^^^^^^^^^^^
  File "C:\Users\user\AppData\Local\Programs\Python\Python312\Lib\unittest\mock.py", line 1396, in patched
    return func(*newargs, **newkeywargs)
           ^^^^^^^^^^^^^^^^^^^^^^^^^^^^^
  File "D:\α±2\ACE\ACE-Backend\tests\test_builder1_image_compliance_responses_envelope.py", line 166, in 
test_strict_schema_response_path_matches_parser_fields
    result, mock_client = _run_through_openai_client(envelope)
                          ^^^^^^^^^^^^^^^^^^^^^^^^^^^^^^^^^^^^
  File "D:\α±2\ACE\ACE-Backend\tests\test_builder1_image_compliance_responses_envelope.py", line 77, in 
_run_through_openai_client
    return review_builder1_ad_image_compliance(
           ^^^^^^^^^^^^^^^^^^^^^^^^^^^^^^^^^^^^
  File "D:\α±2\ACE\ACE-Backend\engine\builder1_image_compliance.py", line 794, in review_builder1_ad_image_compliance
    raise ImageComplianceUnavailableError(
engine.builder1_image_compliance.ImageComplianceUnavailableError: image_compliance_unavailable:review_service_error

======================================================================
FAIL: test_second_malformed_result_enters_review_only_unavailable (test_builder1_image_compliance_responses_envelope.Te
stResponsesApiEnvelopeCompliance.test_second_malformed_result_enters_review_only_unavailable)
----------------------------------------------------------------------
Traceback (most recent call last):
  File "C:\Users\user\AppData\Local\Programs\Python\Python312\Lib\unittest\mock.py", line 1861, in _inner
    return f(*args, **kw)
           ^^^^^^^^^^^^^^
  File "D:\α±2\ACE\ACE-Backend\tests\test_builder1_image_compliance_responses_envelope.py", line 222, in 
test_second_malformed_result_enters_review_only_unavailable
    self.assertEqual(ctx.exception.reason_code, "malformed_response")
AssertionError: 'review_service_error' != 'malformed_response'
- review_service_error
+ malformed_response


----------------------------------------------------------------------
Ran 703 tests in 14.361s

FAILED (failures=1, errors=11)
